2025-07-16 00:14:14,642 [INFO] WebApp:189 - Connection lost
2025-07-16 00:14:15,466 [INFO] WebApp:186 - Connection restablished
2025-07-16 00:31:22,140 [INFO] WebApp:189 - Connection lost
2025-07-16 00:31:23,010 [INFO] WebApp:186 - Connection restablished
2025-07-16 00:35:16,021 [INFO] WebApp:189 - Connection lost
2025-07-16 00:35:16,776 [INFO] WebApp:186 - Connection restablished
2025-07-16 00:43:29,405 [INFO] WebApp:189 - Connection lost
2025-07-16 00:43:30,037 [INFO] WebApp:186 - Connection restablished
2025-07-16 00:43:31,827 [INFO] WebApp:189 - Connection lost
2025-07-16 00:43:31,938 [INFO] WebApp:186 - Connection restablished
2025-07-16 00:58:36,639 [INFO] WebApp:189 - Connection lost
2025-07-16 00:58:37,439 [INFO] WebApp:186 - Connection restablished
2025-07-16 01:13:44,243 [INFO] WebApp:189 - Connection lost
2025-07-16 01:13:45,056 [INFO] WebApp:186 - Connection restablished
2025-07-16 01:13:48,112 [INFO] WebApp:189 - Connection lost
2025-07-16 01:13:48,253 [INFO] WebApp:186 - Connection restablished
2025-07-16 01:28:52,620 [INFO] WebApp:189 - Connection lost
2025-07-16 01:28:53,353 [INFO] WebApp:186 - Connection restablished
2025-07-16 01:44:00,330 [INFO] WebApp:189 - Connection lost
2025-07-16 01:44:01,216 [INFO] WebApp:186 - Connection restablished
2025-07-16 01:59:08,414 [INFO] WebApp:189 - Connection lost
2025-07-16 01:59:09,159 [INFO] WebApp:186 - Connection restablished
2025-07-16 02:14:15,656 [INFO] WebApp:189 - Connection lost
2025-07-16 02:14:16,535 [INFO] WebApp:186 - Connection restablished
2025-07-16 02:29:24,368 [INFO] WebApp:189 - Connection lost
2025-07-16 02:29:25,211 [INFO] WebApp:186 - Connection restablished
2025-07-16 02:44:32,031 [INFO] WebApp:189 - Connection lost
2025-07-16 02:44:32,827 [INFO] WebApp:186 - Connection restablished
2025-07-16 02:59:40,321 [INFO] WebApp:189 - Connection lost
2025-07-16 02:59:41,063 [INFO] WebApp:186 - Connection restablished
2025-07-16 03:14:47,487 [INFO] WebApp:189 - Connection lost
2025-07-16 03:14:48,311 [INFO] WebApp:186 - Connection restablished
2025-07-16 03:29:55,355 [INFO] WebApp:189 - Connection lost
2025-07-16 03:29:56,221 [INFO] WebApp:186 - Connection restablished
2025-07-16 03:45:02,953 [INFO] WebApp:189 - Connection lost
2025-07-16 03:45:03,705 [INFO] WebApp:186 - Connection restablished
2025-07-16 04:00:11,768 [INFO] WebApp:189 - Connection lost
2025-07-16 04:00:12,481 [INFO] WebApp:186 - Connection restablished
2025-07-16 04:15:19,535 [INFO] WebApp:189 - Connection lost
2025-07-16 04:15:20,235 [INFO] WebApp:186 - Connection restablished
2025-07-16 04:30:27,735 [INFO] WebApp:189 - Connection lost
2025-07-16 04:30:28,572 [INFO] WebApp:186 - Connection restablished
2025-07-16 04:34:25,224 [INFO] WebApp:189 - Connection lost
2025-07-16 04:34:26,037 [INFO] WebApp:186 - Connection restablished
2025-07-16 04:49:33,831 [INFO] WebApp:189 - Connection lost
2025-07-16 04:49:34,633 [INFO] WebApp:186 - Connection restablished
2025-07-16 05:04:43,480 [INFO] WebApp:189 - Connection lost
2025-07-16 05:04:44,147 [INFO] WebApp:186 - Connection restablished
2025-07-16 05:04:45,417 [INFO] WebApp:189 - Connection lost
2025-07-16 05:04:45,535 [INFO] WebApp:186 - Connection restablished
2025-07-16 05:19:56,717 [INFO] WebApp:189 - Connection lost
2025-07-16 05:19:57,461 [INFO] WebApp:186 - Connection restablished
2025-07-16 05:35:04,366 [INFO] WebApp:189 - Connection lost
2025-07-16 05:35:05,072 [INFO] WebApp:186 - Connection restablished
2025-07-16 05:50:11,635 [INFO] WebApp:189 - Connection lost
2025-07-16 05:50:12,447 [INFO] WebApp:186 - Connection restablished
2025-07-16 06:05:22,350 [INFO] WebApp:189 - Connection lost
2025-07-16 06:05:23,073 [INFO] WebApp:186 - Connection restablished
2025-07-16 06:20:29,517 [INFO] WebApp:189 - Connection lost
2025-07-16 06:20:30,435 [INFO] WebApp:186 - Connection restablished
2025-07-16 06:35:25,265 [INFO] WebApp:189 - Connection lost
2025-07-16 06:35:26,062 [INFO] WebApp:186 - Connection restablished
2025-07-16 06:50:32,524 [INFO] WebApp:189 - Connection lost
2025-07-16 06:50:33,292 [INFO] WebApp:186 - Connection restablished
2025-07-16 07:05:41,399 [INFO] WebApp:189 - Connection lost
2025-07-16 07:05:42,311 [INFO] WebApp:186 - Connection restablished
2025-07-16 07:20:49,086 [INFO] WebApp:189 - Connection lost
2025-07-16 07:20:49,833 [INFO] WebApp:186 - Connection restablished
2025-07-16 07:35:57,244 [INFO] WebApp:189 - Connection lost
2025-07-16 07:35:57,909 [INFO] WebApp:186 - Connection restablished
2025-07-16 07:39:08,779 [INFO] WebApp:189 - Connection lost
2025-07-16 07:39:09,546 [INFO] WebApp:186 - Connection restablished
2025-07-16 07:42:45,632 [INFO] WebApp:189 - Connection lost
2025-07-16 07:42:46,347 [INFO] WebApp:186 - Connection restablished
2025-07-16 07:48:09,428 [INFO] WebApp:189 - Connection lost
2025-07-16 07:48:10,238 [INFO] WebApp:186 - Connection restablished
2025-07-16 07:51:09,957 [INFO] WebApp:189 - Connection lost
2025-07-16 07:51:10,668 [INFO] WebApp:186 - Connection restablished
2025-07-16 07:56:59,040 [INFO] WebApp:189 - Connection lost
2025-07-16 07:56:59,905 [INFO] WebApp:186 - Connection restablished
2025-07-16 08:12:25,592 [INFO] WebApp:189 - Connection lost
2025-07-16 08:12:26,433 [INFO] WebApp:186 - Connection restablished
2025-07-16 08:17:13,839 [INFO] WebApp:189 - Connection lost
2025-07-16 08:17:14,670 [INFO] WebApp:186 - Connection restablished
2025-07-16 08:32:21,936 [INFO] WebApp:189 - Connection lost
2025-07-16 08:32:22,675 [INFO] WebApp:186 - Connection restablished
2025-07-16 08:36:58,033 [INFO] WebApp:189 - Connection lost
2025-07-16 08:36:58,871 [INFO] WebApp:186 - Connection restablished
2025-07-16 08:52:05,302 [INFO] WebApp:189 - Connection lost
2025-07-16 08:52:06,022 [INFO] WebApp:186 - Connection restablished
2025-07-16 09:07:12,804 [INFO] WebApp:189 - Connection lost
2025-07-16 09:07:13,512 [INFO] WebApp:186 - Connection restablished
2025-07-16 09:22:19,852 [INFO] WebApp:189 - Connection lost
2025-07-16 09:22:20,678 [INFO] WebApp:186 - Connection restablished
2025-07-16 09:37:28,036 [INFO] WebApp:189 - Connection lost
2025-07-16 09:37:28,774 [INFO] WebApp:186 - Connection restablished
2025-07-16 09:52:35,233 [INFO] WebApp:189 - Connection lost
2025-07-16 09:52:35,979 [INFO] WebApp:186 - Connection restablished
2025-07-16 10:06:48,826 [INFO] WebApp:189 - Connection lost
2025-07-16 10:06:49,474 [INFO] WebApp:186 - Connection restablished
2025-07-16 10:06:53,255 [INFO] WebApp:189 - Connection lost
2025-07-16 10:06:53,381 [INFO] WebApp:186 - Connection restablished
2025-07-16 10:21:56,129 [INFO] WebApp:189 - Connection lost
2025-07-16 10:21:56,848 [INFO] WebApp:186 - Connection restablished
2025-07-16 10:37:03,571 [INFO] WebApp:189 - Connection lost
2025-07-16 10:37:04,375 [INFO] WebApp:186 - Connection restablished
2025-07-16 10:53:36,418 [INFO] WebApp:189 - Connection lost
2025-07-16 10:53:37,120 [INFO] WebApp:186 - Connection restablished
2025-07-16 11:09:03,796 [INFO] WebApp:189 - Connection lost
2025-07-16 11:09:04,515 [INFO] WebApp:186 - Connection restablished
2025-07-16 11:24:30,304 [INFO] WebApp:189 - Connection lost
2025-07-16 11:24:30,972 [INFO] WebApp:186 - Connection restablished
2025-07-16 11:24:32,459 [INFO] WebApp:189 - Connection lost
2025-07-16 11:24:32,593 [INFO] WebApp:186 - Connection restablished
2025-07-16 11:39:29,929 [INFO] WebApp:189 - Connection lost
2025-07-16 11:39:30,635 [INFO] WebApp:186 - Connection restablished
2025-07-16 11:54:57,138 [INFO] WebApp:189 - Connection lost
2025-07-16 11:54:57,857 [INFO] WebApp:186 - Connection restablished
2025-07-16 12:10:04,659 [INFO] WebApp:189 - Connection lost
2025-07-16 12:10:05,510 [INFO] WebApp:186 - Connection restablished
2025-07-16 12:25:11,951 [INFO] WebApp:189 - Connection lost
2025-07-16 12:25:12,739 [INFO] WebApp:186 - Connection restablished
2025-07-16 12:40:20,185 [INFO] WebApp:189 - Connection lost
2025-07-16 12:40:20,897 [INFO] WebApp:186 - Connection restablished
2025-07-16 12:55:27,558 [INFO] WebApp:189 - Connection lost
2025-07-16 12:55:28,379 [INFO] WebApp:186 - Connection restablished
2025-07-16 12:59:29,021 [INFO] WebApp:189 - Connection lost
2025-07-16 12:59:29,754 [INFO] WebApp:186 - Connection restablished
2025-07-16 13:14:36,384 [INFO] WebApp:189 - Connection lost
2025-07-16 13:14:37,035 [INFO] WebApp:186 - Connection restablished
2025-07-16 13:31:33,881 [INFO] WebApp:189 - Connection lost
2025-07-16 13:31:34,679 [INFO] WebApp:186 - Connection restablished
2025-07-16 13:41:20,733 [INFO] WebApp:189 - Connection lost
2025-07-16 13:41:21,418 [INFO] WebApp:186 - Connection restablished
2025-07-16 13:41:24,940 [INFO] WebApp:189 - Connection lost
2025-07-16 13:41:25,073 [INFO] WebApp:186 - Connection restablished
2025-07-16 13:56:28,110 [INFO] WebApp:189 - Connection lost
2025-07-16 13:56:28,833 [INFO] WebApp:186 - Connection restablished
2025-07-16 14:11:35,404 [INFO] WebApp:189 - Connection lost
2025-07-16 14:11:36,247 [INFO] WebApp:186 - Connection restablished
2025-07-16 14:18:12,702 [INFO] WebApp:189 - Connection lost
2025-07-16 14:18:13,513 [INFO] WebApp:186 - Connection restablished
2025-07-16 14:33:22,976 [INFO] WebApp:189 - Connection lost
2025-07-16 14:33:23,947 [INFO] WebApp:186 - Connection restablished
2025-07-16 14:42:21,747 [INFO] WebApp:189 - Connection lost
2025-07-16 14:42:22,464 [INFO] WebApp:186 - Connection restablished
2025-07-16 14:57:48,168 [INFO] WebApp:189 - Connection lost
2025-07-16 14:57:48,915 [INFO] WebApp:186 - Connection restablished
2025-07-16 15:12:56,931 [INFO] WebApp:189 - Connection lost
2025-07-16 15:12:57,658 [INFO] WebApp:186 - Connection restablished
2025-07-16 15:28:04,322 [INFO] WebApp:189 - Connection lost
2025-07-16 15:28:05,023 [INFO] WebApp:186 - Connection restablished
2025-07-16 15:43:12,562 [INFO] WebApp:189 - Connection lost
2025-07-16 15:43:13,277 [INFO] WebApp:186 - Connection restablished
2025-07-16 15:58:19,927 [INFO] WebApp:189 - Connection lost
2025-07-16 15:58:20,617 [INFO] WebApp:186 - Connection restablished
2025-07-16 16:09:59,646 [INFO] WebApp:189 - Connection lost
2025-07-16 16:10:00,432 [INFO] WebApp:186 - Connection restablished
2025-07-16 16:25:06,822 [INFO] WebApp:189 - Connection lost
2025-07-16 16:25:07,600 [INFO] WebApp:186 - Connection restablished
2025-07-16 16:40:15,141 [INFO] WebApp:189 - Connection lost
2025-07-16 16:40:16,039 [INFO] WebApp:186 - Connection restablished
2025-07-16 16:44:12,569 [INFO] WebApp:189 - Connection lost
2025-07-16 16:44:13,298 [INFO] WebApp:186 - Connection restablished
2025-07-16 16:44:15,424 [INFO] WebApp:189 - Connection lost
2025-07-16 16:44:15,566 [INFO] WebApp:186 - Connection restablished
2025-07-16 16:59:23,878 [INFO] WebApp:189 - Connection lost
2025-07-16 16:59:24,136 [INFO] WebApp:186 - Connection restablished
2025-07-16 16:59:27,821 [INFO] WebApp:189 - Connection lost
2025-07-16 16:59:27,954 [INFO] WebApp:186 - Connection restablished
2025-07-16 17:16:32,133 [INFO] WebApp:189 - Connection lost
2025-07-16 17:16:32,397 [INFO] WebApp:186 - Connection restablished
2025-07-16 17:31:58,670 [INFO] WebApp:189 - Connection lost
2025-07-16 17:31:58,911 [INFO] WebApp:186 - Connection restablished
2025-07-16 17:32:02,610 [INFO] WebApp:189 - Connection lost
2025-07-16 17:32:02,728 [INFO] WebApp:186 - Connection restablished
2025-07-16 17:45:12,722 [INFO] WebApp:189 - Connection lost
2025-07-16 17:45:12,960 [INFO] WebApp:186 - Connection restablished
2025-07-16 18:00:39,260 [INFO] WebApp:189 - Connection lost
2025-07-16 18:00:39,512 [INFO] WebApp:186 - Connection restablished
2025-07-16 18:17:32,917 [INFO] WebApp:189 - Connection lost
2025-07-16 18:17:33,182 [INFO] WebApp:186 - Connection restablished
2025-07-16 18:20:38,056 [INFO] WebApp:189 - Connection lost
2025-07-16 18:20:38,291 [INFO] WebApp:186 - Connection restablished
2025-07-16 18:35:55,124 [INFO] WebApp:189 - Connection lost
2025-07-16 18:35:55,427 [INFO] WebApp:186 - Connection restablished
2025-07-16 18:46:12,495 [INFO] WebApp:189 - Connection lost
2025-07-16 18:46:12,710 [INFO] WebApp:186 - Connection restablished
2025-07-16 18:46:15,237 [INFO] WebApp:189 - Connection lost
2025-07-16 18:46:15,379 [INFO] WebApp:186 - Connection restablished
2025-07-16 18:50:22,733 [INFO] WebApp:189 - Connection lost
2025-07-16 18:50:22,999 [INFO] WebApp:186 - Connection restablished
2025-07-16 19:00:08,134 [INFO] WebApp:189 - Connection lost
2025-07-16 19:00:08,405 [INFO] WebApp:186 - Connection restablished
2025-07-16 19:59:49,694 [WARN] IP:2191 - I2C_Coeff_DF not found: check if there is a RefParameter without a condition.
2025-07-16 19:59:49,697 [WARN] IP:2191 - Analog_Filter not found: check if there is a RefParameter without a condition.
2025-07-16 19:59:51,850 [WARN] IP:2191 - I2C_Coeff_DF not found: check if there is a RefParameter without a condition.
2025-07-16 19:59:51,850 [WARN] IP:2191 - Analog_Filter not found: check if there is a RefParameter without a condition.
2025-07-16 19:59:53,889 [WARN] IP:2191 - I2C_Coeff_DF not found: check if there is a RefParameter without a condition.
2025-07-16 19:59:53,890 [WARN] IP:2191 - Analog_Filter not found: check if there is a RefParameter without a condition.
2025-07-16 20:00:35,172 [INFO] UtilMem:75 - End SaveConfig() Used Memory: 917597032 Bytes (1073741824)
2025-07-16 20:00:35,498 [INFO] BlockDiagram:2766 - set Specific Code input for plugin: TIM1_8
2025-07-16 20:00:35,498 [INFO] BlockDiagram:2766 - set Specific Code input for plugin: TIM1_8
2025-07-16 20:00:35,498 [INFO] BlockDiagram:2766 - set Specific Code input for plugin: TIM1_8
2025-07-16 20:00:35,498 [INFO] BlockDiagram:2766 - set Specific Code input for plugin: TIM1_8
2025-07-16 20:00:35,498 [INFO] BlockDiagram:2766 - set Specific Code input for plugin: SYS
2025-07-16 20:00:35,498 [INFO] BlockDiagram:2766 - set Specific Code input for plugin: ADC
2025-07-16 20:00:35,498 [INFO] BlockDiagram:2766 - set Specific Code input for plugin: RCC
2025-07-16 20:00:35,498 [INFO] BlockDiagram:2766 - set Specific Code input for plugin: I2C
2025-07-16 20:00:35,498 [INFO] BlockDiagram:2766 - set Specific Code input for plugin: I2C
2025-07-16 20:00:35,498 [INFO] BlockDiagram:2766 - set Specific Code input for plugin: RTC
2025-07-16 20:00:35,498 [INFO] BlockDiagram:2766 - set Specific Code input for plugin: USB_OTG_FS
2025-07-16 20:00:35,498 [INFO] BlockDiagram:2766 - set Specific Code input for plugin: NVIC
2025-07-16 20:00:35,498 [INFO] BlockDiagram:2766 - set Specific Code input for plugin: DMA
2025-07-16 20:00:35,498 [INFO] BlockDiagram:2766 - set Specific Code input for plugin: UART
2025-07-16 20:00:35,498 [INFO] BlockDiagram:2766 - set Specific Code input for plugin: GPIO
2025-07-16 20:00:35,500 [INFO] CodeGenerator:807 - code generatio: config db path: /Applications/STM32CubeIDE.app/Contents/Eclipse/plugins/com.st.stm32cube.common.mx_6.12.1.202409122256//db/
2025-07-16 20:00:35,551 [INFO] Argument:325 - Argument : hdmavalue: null
2025-07-16 20:00:35,551 [INFO] Argument:327 - 	 sub Args: 
2025-07-16 20:00:35,551 [INFO] Argument:325 - Argument : Instancevalue: DMA2_Stream0
2025-07-16 20:00:35,551 [INFO] Argument:335 - Argument : Instancevalue: DMA2_Stream0
2025-07-16 20:00:35,551 [INFO] Argument:325 - Argument : Initvalue: null
2025-07-16 20:00:35,551 [INFO] Argument:327 - 	 sub Args: 
2025-07-16 20:00:35,551 [INFO] Argument:325 - Argument : Channelvalue: DMA_CHANNEL_0
2025-07-16 20:00:35,551 [INFO] Argument:335 - Argument : Channelvalue: DMA_CHANNEL_0
2025-07-16 20:00:35,551 [INFO] Argument:325 - Argument : Directionvalue: DMA_PERIPH_TO_MEMORY
2025-07-16 20:00:35,551 [INFO] Argument:335 - Argument : Directionvalue: DMA_PERIPH_TO_MEMORY
2025-07-16 20:00:35,551 [INFO] Argument:325 - Argument : PeriphIncvalue: DMA_PINC_DISABLE
2025-07-16 20:00:35,551 [INFO] Argument:335 - Argument : PeriphIncvalue: DMA_PINC_DISABLE
2025-07-16 20:00:35,551 [INFO] Argument:325 - Argument : MemIncvalue: DMA_MINC_ENABLE
2025-07-16 20:00:35,551 [INFO] Argument:335 - Argument : MemIncvalue: DMA_MINC_ENABLE
2025-07-16 20:00:35,551 [INFO] Argument:325 - Argument : PeriphDataAlignmentvalue: DMA_PDATAALIGN_HALFWORD
2025-07-16 20:00:35,551 [INFO] Argument:335 - Argument : PeriphDataAlignmentvalue: DMA_PDATAALIGN_HALFWORD
2025-07-16 20:00:35,551 [INFO] Argument:325 - Argument : MemDataAlignmentvalue: DMA_MDATAALIGN_HALFWORD
2025-07-16 20:00:35,551 [INFO] Argument:335 - Argument : MemDataAlignmentvalue: DMA_MDATAALIGN_HALFWORD
2025-07-16 20:00:35,551 [INFO] Argument:325 - Argument : Modevalue: DMA_CIRCULAR
2025-07-16 20:00:35,551 [INFO] Argument:335 - Argument : Modevalue: DMA_CIRCULAR
2025-07-16 20:00:35,551 [INFO] Argument:325 - Argument : Priorityvalue: DMA_PRIORITY_LOW
2025-07-16 20:00:35,551 [INFO] Argument:335 - Argument : Priorityvalue: DMA_PRIORITY_LOW
2025-07-16 20:00:35,551 [INFO] Argument:325 - Argument : FIFOModevalue: DMA_FIFOMODE_DISABLE
2025-07-16 20:00:35,551 [INFO] Argument:335 - Argument : FIFOModevalue: DMA_FIFOMODE_DISABLE
2025-07-16 20:00:35,551 [INFO] Argument:325 - Argument : FIFOThresholdvalue: null
2025-07-16 20:00:35,551 [INFO] Argument:335 - Argument : FIFOThresholdvalue: null
2025-07-16 20:00:35,551 [INFO] Argument:325 - Argument : MemBurstvalue: null
2025-07-16 20:00:35,551 [INFO] Argument:335 - Argument : MemBurstvalue: null
2025-07-16 20:00:35,551 [INFO] Argument:325 - Argument : PeriphBurstvalue: null
2025-07-16 20:00:35,551 [INFO] Argument:335 - Argument : PeriphBurstvalue: null
2025-07-16 20:00:35,551 [INFO] Argument:325 - Argument : Lockvalue: null
2025-07-16 20:00:35,551 [INFO] Argument:335 - Argument : Lockvalue: null
2025-07-16 20:00:35,551 [INFO] Argument:325 - Argument : Statevalue: null
2025-07-16 20:00:35,551 [INFO] Argument:335 - Argument : Statevalue: null
2025-07-16 20:00:35,551 [INFO] Argument:325 - Argument : Parentvalue: null
2025-07-16 20:00:35,551 [INFO] Argument:335 - Argument : Parentvalue: null
2025-07-16 20:00:35,551 [INFO] Argument:325 - Argument : XferCpltCallbackvalue: null
2025-07-16 20:00:35,551 [INFO] Argument:335 - Argument : XferCpltCallbackvalue: null
2025-07-16 20:00:35,551 [INFO] Argument:325 - Argument : XferHalfCpltCallbackvalue: null
2025-07-16 20:00:35,551 [INFO] Argument:335 - Argument : XferHalfCpltCallbackvalue: null
2025-07-16 20:00:35,551 [INFO] Argument:325 - Argument : XferM1CpltCallbackvalue: null
2025-07-16 20:00:35,551 [INFO] Argument:335 - Argument : XferM1CpltCallbackvalue: null
2025-07-16 20:00:35,551 [INFO] Argument:325 - Argument : XferErrorCallbackvalue: null
2025-07-16 20:00:35,551 [INFO] Argument:335 - Argument : XferErrorCallbackvalue: null
2025-07-16 20:00:35,551 [INFO] Argument:325 - Argument : ErrorCodevalue: null
2025-07-16 20:00:35,552 [INFO] Argument:335 - Argument : ErrorCodevalue: null
2025-07-16 20:00:35,558 [WARN] IP:2191 - I2C_Coeff_DF not found: check if there is a RefParameter without a condition.
2025-07-16 20:00:35,558 [WARN] IP:2191 - Analog_Filter not found: check if there is a RefParameter without a condition.
2025-07-16 20:00:35,560 [WARN] IP:2191 - I2C_Coeff_DF not found: check if there is a RefParameter without a condition.
2025-07-16 20:00:35,560 [WARN] IP:2191 - Analog_Filter not found: check if there is a RefParameter without a condition.
2025-07-16 20:00:35,712 [INFO] CodeEngine:255 - oldGeneratedFile, /Users/apple/STM32CubeIDE/workspace_1.16.1/STM32F405_EPS/MXTmpFiles/license.tmp_save
2025-07-16 20:00:36,064 [INFO] CodeEngine:279 - Generated code: /Users/apple/STM32CubeIDE/workspace_1.16.1/STM32F405_EPS/MXTmpFiles/license.tmp
2025-07-16 20:00:36,141 [INFO] CodeEngine:255 - oldGeneratedFile, /Users/apple/STM32CubeIDE/workspace_1.16.1/STM32F405_EPS/Core/Src/gpio.c_save
2025-07-16 20:00:36,251 [INFO] CodeEngine:279 - Generated code: /Users/apple/STM32CubeIDE/workspace_1.16.1/STM32F405_EPS/Core/Src/gpio.c
2025-07-16 20:00:36,254 [INFO] CodeEngine:255 - oldGeneratedFile, /Users/apple/STM32CubeIDE/workspace_1.16.1/STM32F405_EPS/Core/Inc/gpio.h_save
2025-07-16 20:00:36,311 [INFO] CodeEngine:279 - Generated code: /Users/apple/STM32CubeIDE/workspace_1.16.1/STM32F405_EPS/Core/Inc/gpio.h
2025-07-16 20:00:36,637 [WARN] IPConfigManager:3005 - Warning: the RefConfig PWREx_EnableUSBVoltageDetector is not available in your config.xml file
2025-07-16 20:00:36,647 [INFO] CodeEngine:255 - oldGeneratedFile, /Users/apple/STM32CubeIDE/workspace_1.16.1/STM32F405_EPS/Core/Src/adc.c_save
2025-07-16 20:00:36,764 [INFO] CodeEngine:279 - Generated code: /Users/apple/STM32CubeIDE/workspace_1.16.1/STM32F405_EPS/Core/Src/adc.c
2025-07-16 20:00:36,766 [INFO] CodeEngine:255 - oldGeneratedFile, /Users/apple/STM32CubeIDE/workspace_1.16.1/STM32F405_EPS/Core/Inc/adc.h_save
2025-07-16 20:00:36,817 [INFO] CodeEngine:279 - Generated code: /Users/apple/STM32CubeIDE/workspace_1.16.1/STM32F405_EPS/Core/Inc/adc.h
2025-07-16 20:00:36,828 [INFO] CodeEngine:255 - oldGeneratedFile, /Users/apple/STM32CubeIDE/workspace_1.16.1/STM32F405_EPS/Core/Src/dma.c_save
2025-07-16 20:00:36,877 [INFO] CodeEngine:279 - Generated code: /Users/apple/STM32CubeIDE/workspace_1.16.1/STM32F405_EPS/Core/Src/dma.c
2025-07-16 20:00:36,879 [INFO] CodeEngine:255 - oldGeneratedFile, /Users/apple/STM32CubeIDE/workspace_1.16.1/STM32F405_EPS/Core/Inc/dma.h_save
2025-07-16 20:00:36,928 [INFO] CodeEngine:279 - Generated code: /Users/apple/STM32CubeIDE/workspace_1.16.1/STM32F405_EPS/Core/Inc/dma.h
2025-07-16 20:00:36,932 [INFO] CodeEngine:255 - oldGeneratedFile, /Users/apple/STM32CubeIDE/workspace_1.16.1/STM32F405_EPS/Core/Src/i2c.c_save
2025-07-16 20:00:37,011 [INFO] CodeEngine:279 - Generated code: /Users/apple/STM32CubeIDE/workspace_1.16.1/STM32F405_EPS/Core/Src/i2c.c
2025-07-16 20:00:37,012 [INFO] CodeEngine:255 - oldGeneratedFile, /Users/apple/STM32CubeIDE/workspace_1.16.1/STM32F405_EPS/Core/Inc/i2c.h_save
2025-07-16 20:00:37,062 [INFO] CodeEngine:279 - Generated code: /Users/apple/STM32CubeIDE/workspace_1.16.1/STM32F405_EPS/Core/Inc/i2c.h
2025-07-16 20:00:37,066 [INFO] CodeEngine:255 - oldGeneratedFile, /Users/apple/STM32CubeIDE/workspace_1.16.1/STM32F405_EPS/Core/Src/rtc.c_save
2025-07-16 20:00:37,140 [INFO] CodeEngine:279 - Generated code: /Users/apple/STM32CubeIDE/workspace_1.16.1/STM32F405_EPS/Core/Src/rtc.c
2025-07-16 20:00:37,142 [INFO] CodeEngine:255 - oldGeneratedFile, /Users/apple/STM32CubeIDE/workspace_1.16.1/STM32F405_EPS/Core/Inc/rtc.h_save
2025-07-16 20:00:37,203 [INFO] CodeEngine:279 - Generated code: /Users/apple/STM32CubeIDE/workspace_1.16.1/STM32F405_EPS/Core/Inc/rtc.h
2025-07-16 20:00:37,209 [INFO] CodeEngine:255 - oldGeneratedFile, /Users/apple/STM32CubeIDE/workspace_1.16.1/STM32F405_EPS/Core/Src/tim.c_save
2025-07-16 20:00:37,285 [INFO] CodeEngine:279 - Generated code: /Users/apple/STM32CubeIDE/workspace_1.16.1/STM32F405_EPS/Core/Src/tim.c
2025-07-16 20:00:37,287 [INFO] CodeEngine:255 - oldGeneratedFile, /Users/apple/STM32CubeIDE/workspace_1.16.1/STM32F405_EPS/Core/Inc/tim.h_save
2025-07-16 20:00:37,336 [INFO] CodeEngine:279 - Generated code: /Users/apple/STM32CubeIDE/workspace_1.16.1/STM32F405_EPS/Core/Inc/tim.h
2025-07-16 20:00:37,339 [INFO] CodeEngine:255 - oldGeneratedFile, /Users/apple/STM32CubeIDE/workspace_1.16.1/STM32F405_EPS/Core/Src/usart.c_save
2025-07-16 20:00:37,409 [INFO] CodeEngine:279 - Generated code: /Users/apple/STM32CubeIDE/workspace_1.16.1/STM32F405_EPS/Core/Src/usart.c
2025-07-16 20:00:37,410 [INFO] CodeEngine:255 - oldGeneratedFile, /Users/apple/STM32CubeIDE/workspace_1.16.1/STM32F405_EPS/Core/Inc/usart.h_save
2025-07-16 20:00:37,458 [INFO] CodeEngine:279 - Generated code: /Users/apple/STM32CubeIDE/workspace_1.16.1/STM32F405_EPS/Core/Inc/usart.h
2025-07-16 20:00:37,461 [INFO] CodeEngine:255 - oldGeneratedFile, /Users/apple/STM32CubeIDE/workspace_1.16.1/STM32F405_EPS/Core/Src/usb_otg.c_save
2025-07-16 20:00:37,528 [INFO] CodeEngine:279 - Generated code: /Users/apple/STM32CubeIDE/workspace_1.16.1/STM32F405_EPS/Core/Src/usb_otg.c
2025-07-16 20:00:37,529 [INFO] CodeEngine:255 - oldGeneratedFile, /Users/apple/STM32CubeIDE/workspace_1.16.1/STM32F405_EPS/Core/Inc/usb_otg.h_save
2025-07-16 20:00:37,577 [INFO] CodeEngine:279 - Generated code: /Users/apple/STM32CubeIDE/workspace_1.16.1/STM32F405_EPS/Core/Inc/usb_otg.h
2025-07-16 20:00:37,583 [INFO] CodeEngine:255 - oldGeneratedFile, /Users/apple/STM32CubeIDE/workspace_1.16.1/STM32F405_EPS/Core/Src/stm32f4xx_it.c_save
2025-07-16 20:00:37,695 [INFO] CodeEngine:279 - Generated code: /Users/apple/STM32CubeIDE/workspace_1.16.1/STM32F405_EPS/Core/Src/stm32f4xx_it.c
2025-07-16 20:00:37,697 [INFO] CodeEngine:255 - oldGeneratedFile, /Users/apple/STM32CubeIDE/workspace_1.16.1/STM32F405_EPS/Core/Inc/stm32f4xx_it.h_save
2025-07-16 20:00:37,746 [INFO] CodeEngine:279 - Generated code: /Users/apple/STM32CubeIDE/workspace_1.16.1/STM32F405_EPS/Core/Inc/stm32f4xx_it.h
2025-07-16 20:00:37,760 [INFO] CodeEngine:255 - oldGeneratedFile, /Users/apple/STM32CubeIDE/workspace_1.16.1/STM32F405_EPS/Core/Src/stm32f4xx_hal_msp.c_save
2025-07-16 20:00:37,840 [INFO] CodeEngine:279 - Generated code: /Users/apple/STM32CubeIDE/workspace_1.16.1/STM32F405_EPS/Core/Src/stm32f4xx_hal_msp.c
2025-07-16 20:00:37,842 [INFO] CodeEngine:255 - oldGeneratedFile, /Users/apple/STM32CubeIDE/workspace_1.16.1/STM32F405_EPS/MXTmpFiles/system.tmp_save
2025-07-16 20:00:37,889 [INFO] CodeEngine:279 - Generated code: /Users/apple/STM32CubeIDE/workspace_1.16.1/STM32F405_EPS/MXTmpFiles/system.tmp
2025-07-16 20:00:37,892 [INFO] CodeEngine:311 - oldGeneratedFile, /Users/apple/STM32CubeIDE/workspace_1.16.1/STM32F405_EPS/Core/Inc/stm32f4xx_hal_conf.h_save
2025-07-16 20:00:37,952 [INFO] CodeEngine:335 - Generated code: /Users/apple/STM32CubeIDE/workspace_1.16.1/STM32F405_EPS/Core/Inc/stm32f4xx_hal_conf.h
2025-07-16 20:00:37,973 [INFO] CodeEngine:255 - oldGeneratedFile, /Users/apple/STM32CubeIDE/workspace_1.16.1/STM32F405_EPS/Core/Inc/main.h_save
2025-07-16 20:00:38,042 [INFO] CodeEngine:279 - Generated code: /Users/apple/STM32CubeIDE/workspace_1.16.1/STM32F405_EPS/Core/Inc/main.h
2025-07-16 20:00:38,045 [INFO] CodeEngine:255 - oldGeneratedFile, /Users/apple/STM32CubeIDE/workspace_1.16.1/STM32F405_EPS/Core/Src/main.c_save
2025-07-16 20:00:38,124 [INFO] CodeEngine:279 - Generated code: /Users/apple/STM32CubeIDE/workspace_1.16.1/STM32F405_EPS/Core/Src/main.c
2025-07-16 20:00:38,442 [INFO] ProjectBuilder:3249 - Time for Copy HAL[2] : 0mS.
2025-07-16 20:00:38,449 [INFO] ProjectBuilder:4828 - Project Generator version: 4.5.0-B34
2025-07-16 20:00:38,545 [INFO] ConfigFileManager:1531 - The Die is : DIE413
2025-07-16 20:00:40,263 [INFO] ProjectBuilder:5097 - Time for Generating toolchain IDE Files: 1812mS.
2025-07-16 20:00:40,270 [INFO] ProjectBuilder:3107 - Time for Copy CMSIS : 0mS.
2025-07-16 20:00:40,275 [INFO] ProjectBuilder:3107 - Time for Copy CMSIS : 0mS.
