2025-06-29 23:19:10,199 [ERROR] LogOutputStream:75 - [STDERR_REDIRECT] 
2025-06-29 23:36:31,944 [INFO] Activator:176 - 


2025-06-29 23:36:31,946 [INFO] Activator:177 - !SESSION log4j initialized
2025-06-29 23:36:36,477 [ERROR] LogOutputStream:75 - [STDERR_REDIRECT] 
2025-06-29 23:36:37,223 [INFO] LogOutputStream:77 - [STDOUT_REDIRECT] 
2025-06-29 23:36:39,062 [INFO] LogOutputStream:77 - [STDOUT_REDIRECT] 
2025-06-29 23:36:41,074 [ERROR] LogOutputStream:75 - [STDERR_REDIRECT] java.net.URISyntaxException: Illegal character in path at index 36: file:/Users/apple/STM32CubeIDE/otros STM32/.metadata/.log4j2.xml
2025-06-29 23:36:41,086 [ERROR] LogOutputStream:75 - [STDERR_REDIRECT] 	at java.base/java.net.URI$Parser.fail(URI.java:2976)
2025-06-29 23:36:41,088 [ERROR] LogOutputStream:75 - [STDERR_REDIRECT] 	at java.base/java.net.URI$Parser.checkChars(URI.java:3147)
2025-06-29 23:36:41,088 [ERROR] LogOutputStream:75 - [STDERR_REDIRECT] 	at java.base/java.net.URI$Parser.parseHierarchical(URI.java:3229)
2025-06-29 23:36:41,088 [ERROR] LogOutputStream:75 - [STDERR_REDIRECT] 	at java.base/java.net.URI$Parser.parse(URI.java:3177)
2025-06-29 23:36:41,088 [ERROR] LogOutputStream:75 - [STDERR_REDIRECT] 	at java.base/java.net.URI.<init>(URI.java:623)
2025-06-29 23:36:41,088 [ERROR] LogOutputStream:75 - [STDERR_REDIRECT] 	at java.base/java.net.URL.toURI(URL.java:1056)
2025-06-29 23:36:41,092 [ERROR] LogOutputStream:75 - [STDERR_REDIRECT] 	at com.st.stm32cube.common.mx.core.CubeMxInstance.getInstance(CubeMxInstance.java:81)
2025-06-29 23:36:41,102 [ERROR] LogOutputStream:75 - [STDERR_REDIRECT] 	at com.st.stm32cube.common.mx.userauth.UserAuthAdapter.<init>(UserAuthAdapter.java:25)
2025-06-29 23:36:41,108 [ERROR] LogOutputStream:75 - [STDERR_REDIRECT] 	at com.st.stm32cube.common.mx.userauth.UserAuthProvider.getUserAuthAdapter(UserAuthProvider.java:16)
2025-06-29 23:36:41,109 [ERROR] LogOutputStream:75 - [STDERR_REDIRECT] 	at com.st.stm32cube.common.ecosystemintegration.ui.core.MCUEcoSystemIntegrationUiHelper.getUserAuth(MCUEcoSystemIntegrationUiHelper.java:100)
2025-06-29 23:36:41,109 [ERROR] LogOutputStream:75 - [STDERR_REDIRECT] 	at com.st.stm32cube.ide.mcu.userauth.UserAuthStartup.earlyStartup(UserAuthStartup.java:41)
2025-06-29 23:36:41,109 [ERROR] LogOutputStream:75 - [STDERR_REDIRECT] 	at org.eclipse.ui.internal.EarlyStartupRunnable.runEarlyStartup(EarlyStartupRunnable.java:79)
2025-06-29 23:36:41,109 [ERROR] LogOutputStream:75 - [STDERR_REDIRECT] 	at org.eclipse.ui.internal.EarlyStartupRunnable.run(EarlyStartupRunnable.java:55)
2025-06-29 23:36:41,109 [ERROR] LogOutputStream:75 - [STDERR_REDIRECT] 	at org.eclipse.core.runtime.SafeRunner.run(SafeRunner.java:47)
2025-06-29 23:36:41,109 [ERROR] LogOutputStream:75 - [STDERR_REDIRECT] 	at org.eclipse.ui.internal.Workbench$39.run(Workbench.java:2762)
2025-06-29 23:36:41,109 [ERROR] LogOutputStream:75 - [STDERR_REDIRECT] 	at org.eclipse.core.internal.jobs.Worker.run(Worker.java:63)
2025-06-29 23:36:41,248 [INFO] ApplicationProperties:184 - Using Application install path: /Applications/STM32CubeIDE.app/Contents/Eclipse/plugins/com.st.stm32cube.common.mx_6.12.1.202409122256
2025-06-29 23:36:41,263 [INFO] DbMcusXml:78 - Set database path to: /Applications/STM32CubeIDE.app/Contents/Eclipse/plugins/com.st.stm32cube.common.mx_6.12.1.202409122256//db//mcu/
2025-06-29 23:36:41,263 [INFO] ApiDb:274 - Set plugin database path to: /Applications/STM32CubeIDE.app/Contents/Eclipse/plugins/com.st.stm32cube.common.mx_6.12.1.202409122256//db//plugins/boardmanager/
2025-06-29 23:36:41,264 [WARN] ApiDb:259 - Overriding images path with different value:  => /Applications/STM32CubeIDE.app/Contents/Eclipse/plugins/com.st.stm32cube.common.mx_6.12.1.202409122256//db//plugins/mcufinder/images/
2025-06-29 23:36:41,273 [INFO] ApiDb:250 - Set database path to: /Users/apple/.stmcufinder/plugins/mcufinder//mcu/
2025-06-29 23:36:41,274 [INFO] DbMcusAds:125 - Set database path to: /Users/apple/.stmcufinder/plugins/mcufinder//mcu/
2025-06-29 23:36:41,277 [INFO] CrossReferenceDbSqlite:203 - Set database path to: /Users/apple/.stmcufinder/plugins/mcufinder//mcu/cs/
2025-06-29 23:36:41,414 [INFO] RulesReader:64 - Compatibility file has been processed (297 Rules)
2025-06-29 23:36:41,485 [INFO] DbMcusXml:78 - Set database path to: /Applications/STM32CubeIDE.app/Contents/Eclipse/plugins/com.st.stm32cube.common.mx_6.12.1.202409122256//db//mcu/
2025-06-29 23:36:41,486 [INFO] ApiDb:274 - Set plugin database path to: /Applications/STM32CubeIDE.app/Contents/Eclipse/plugins/com.st.stm32cube.common.mx_6.12.1.202409122256//db//plugins/boardmanager/
2025-06-29 23:36:41,486 [INFO] ApiDb:261 - Set plugin images path to: /Applications/STM32CubeIDE.app/Contents/Eclipse/plugins/com.st.stm32cube.common.mx_6.12.1.202409122256//db//plugins/mcufinder/images/
2025-06-29 23:36:41,486 [WARN] DbFile:41 - Overriding database path with different value: /Users/apple/.stmcufinder/plugins/mcufinder/ => /Users/apple/.stmcufinder/plugins/mcufinder
2025-06-29 23:36:41,486 [INFO] ApiDb:250 - Set database path to: /Users/apple/.stmcufinder/plugins/mcufinder//mcu/
2025-06-29 23:36:41,486 [WARN] DbFile:41 - Overriding database path with different value: /Users/apple/.stmcufinder/plugins/mcufinder/ => /Users/apple/.stmcufinder/plugins/mcufinder
2025-06-29 23:36:41,486 [INFO] DbMcusAds:125 - Set database path to: /Users/apple/.stmcufinder/plugins/mcufinder//mcu/
2025-06-29 23:36:41,486 [WARN] DbFile:41 - Overriding database path with different value: /Users/apple/.stmcufinder/plugins/mcufinder/ => /Users/apple/.stmcufinder/plugins/mcufinder
2025-06-29 23:36:41,486 [WARN] DbFile:41 - Overriding database path with different value: /Users/apple/.stmcufinder/plugins/mcufinder/ => /Users/apple/.stmcufinder/plugins/mcufinder
2025-06-29 23:36:41,487 [INFO] CrossReferenceDbSqlite:203 - Set database path to: /Users/apple/.stmcufinder/plugins/mcufinder//mcu/cs/
2025-06-29 23:36:41,585 [INFO] MainPanel:268 - HeapMemory: 268435456
2025-06-29 23:36:41,901 [ERROR] LogOutputStream:75 - [STDERR_REDIRECT] [Fatal Error] :2:10: DOCTYPE is disallowed when the feature "http://apache.org/xml/features/disallow-doctype-decl" set to true.
2025-06-29 23:36:41,903 [ERROR] LogOutputStream:75 - [STDERR_REDIRECT] 
2025-06-29 23:36:42,181 [INFO] DbMcusXml:78 - Set database path to: /Applications/STM32CubeIDE.app/Contents/Eclipse/plugins/com.st.stm32cube.common.mx_6.12.1.202409122256//db//mcu/
2025-06-29 23:36:42,182 [INFO] ApiDb:274 - Set plugin database path to: /Applications/STM32CubeIDE.app/Contents/Eclipse/plugins/com.st.stm32cube.common.mx_6.12.1.202409122256//db//plugins/boardmanager/
2025-06-29 23:36:42,182 [INFO] ApiDb:261 - Set plugin images path to: /Applications/STM32CubeIDE.app/Contents/Eclipse/plugins/com.st.stm32cube.common.mx_6.12.1.202409122256//db//plugins/mcufinder/images/
2025-06-29 23:36:42,182 [WARN] DbFile:41 - Overriding database path with different value: /Users/apple/.stmcufinder/plugins/mcufinder/ => /Users/apple/.stmcufinder/plugins/mcufinder
2025-06-29 23:36:42,182 [INFO] ApiDb:250 - Set database path to: /Users/apple/.stmcufinder/plugins/mcufinder//mcu/
2025-06-29 23:36:42,182 [WARN] DbFile:41 - Overriding database path with different value: /Users/apple/.stmcufinder/plugins/mcufinder/ => /Users/apple/.stmcufinder/plugins/mcufinder
2025-06-29 23:36:42,182 [INFO] DbMcusAds:125 - Set database path to: /Users/apple/.stmcufinder/plugins/mcufinder//mcu/
2025-06-29 23:36:42,182 [WARN] DbFile:41 - Overriding database path with different value: /Users/apple/.stmcufinder/plugins/mcufinder/ => /Users/apple/.stmcufinder/plugins/mcufinder
2025-06-29 23:36:42,182 [WARN] DbFile:41 - Overriding database path with different value: /Users/apple/.stmcufinder/plugins/mcufinder/ => /Users/apple/.stmcufinder/plugins/mcufinder
2025-06-29 23:36:42,183 [INFO] CrossReferenceDbSqlite:203 - Set database path to: /Users/apple/.stmcufinder/plugins/mcufinder//mcu/cs/
2025-06-29 23:36:42,204 [INFO] ApplicationProperties:184 - Using Application install path: /Applications/STM32CubeIDE.app/Contents/Eclipse/plugins/com.st.stm32cube.common.mx_6.12.1.202409122256
2025-06-29 23:36:42,205 [INFO] PluginManage:196 - Search for loadable plugins [exclusion list=, ]
2025-06-29 23:36:42,207 [INFO] PluginManage:310 - Check plugin analytics
2025-06-29 23:36:42,415 [INFO] AnalyticsPlugin:253 - Accepted Software Licenses: 
2025-06-29 23:36:42,415 [INFO] AnalyticsPlugin:255 - Accepted CMSIS Pack Licenses: 
2025-06-29 23:36:42,415 [INFO] AnalyticsPlugin:257 - Accepted Firmware Licenses: FW.F4.1.28.0
2025-06-29 23:36:42,430 [INFO] PluginManage:359 - Loaded plugin analytics (category:tool,tabindex:-1)
2025-06-29 23:36:42,431 [INFO] PluginManage:310 - Check plugin cadmodel
2025-06-29 23:36:42,442 [INFO] CADModel:105 - Init CAD model plugin
2025-06-29 23:36:42,443 [INFO] PluginManage:359 - Loaded plugin cadmodel (category:power,tabindex:5)
2025-06-29 23:36:42,443 [INFO] PluginManage:310 - Check plugin clock
2025-06-29 23:36:42,452 [INFO] PluginManage:359 - Loaded plugin clock (category:base,tabindex:2)
2025-06-29 23:36:42,452 [INFO] PluginManage:310 - Check plugin ddr
2025-06-29 23:36:42,454 [INFO] PluginManage:359 - Loaded plugin ddr (category:tool,tabindex:6)
2025-06-29 23:36:42,454 [INFO] PluginManage:310 - Check plugin filemanager
2025-06-29 23:36:42,618 [INFO] PluginManage:359 - Loaded plugin filemanager (category:base,tabindex:10)
2025-06-29 23:36:42,618 [INFO] PluginManage:310 - Check plugin ipmanager
2025-06-29 23:36:42,626 [INFO] PluginManage:359 - Loaded plugin ipmanager (category:base,tabindex:5)
2025-06-29 23:36:42,626 [INFO] PluginManage:310 - Check plugin lpbam
2025-06-29 23:36:42,636 [INFO] PluginManage:359 - Loaded plugin lpbam (category:base,tabindex:0)
2025-06-29 23:36:42,636 [INFO] PluginManage:310 - Check plugin memorymap
2025-06-29 23:36:42,646 [INFO] PluginManage:359 - Loaded plugin memorymap (category:base,tabindex:4)
2025-06-29 23:36:42,646 [INFO] PluginManage:310 - Check plugin pinoutandconfiguration
2025-06-29 23:36:42,652 [INFO] PluginManage:359 - Loaded plugin pinoutandconfiguration (category:base,tabindex:1)
2025-06-29 23:36:42,652 [INFO] PluginManage:310 - Check plugin pinoutconfig
2025-06-29 23:36:42,735 [WARN] SupportedApi:132 - Cannot load RTOS API schema: s4s-elt-must-match.1: The content of 'definitions' must match (annotation?, (simpleType | complexType)?, (unique | key | keyref)*)). A problem was found starting at: attribute.
2025-06-29 23:36:42,891 [INFO] PluginManage:359 - Loaded plugin pinoutconfig (category:base,tabindex:0)
2025-06-29 23:36:42,891 [INFO] PluginManage:310 - Check plugin power
2025-06-29 23:36:42,904 [INFO] PluginManage:359 - Loaded plugin power (category:power,tabindex:4)
2025-06-29 23:36:42,904 [INFO] PluginManage:310 - Check plugin projectmanager
2025-06-29 23:36:42,929 [INFO] PluginManage:359 - Loaded plugin projectmanager (category:projectmanager,tabindex:4)
2025-06-29 23:36:42,929 [INFO] PluginManage:310 - Check plugin rif
2025-06-29 23:36:42,934 [INFO] PluginManage:359 - Loaded plugin rif (category:base,tabindex:3)
2025-06-29 23:36:42,934 [INFO] PluginManage:310 - Check plugin thirdparty
2025-06-29 23:36:43,100 [INFO] PluginManage:359 - Loaded plugin thirdparty (category:base,tabindex:-1)
2025-06-29 23:36:43,101 [INFO] PluginManage:310 - Check plugin tools
2025-06-29 23:36:43,100 [WARN] IntegrityCheckThread:84 - waiting for thirdparty lock release [integrity check]
2025-06-29 23:36:43,101 [INFO] IntegrityCheckThread:86 - entering critical section [integrity check]
2025-06-29 23:36:43,102 [INFO] ThirdPartyUpdaterWithRetryManager:70 - Updater plugin not ready yet. [1/15]
2025-06-29 23:36:43,104 [INFO] PluginManage:359 - Loaded plugin tools (category:base,tabindex:7)
2025-06-29 23:36:43,104 [INFO] PluginManage:310 - Check plugin tutovideos
2025-06-29 23:36:43,294 [INFO] PluginManage:359 - Loaded plugin tutovideos (category:base,tabindex:-1)
2025-06-29 23:36:43,295 [INFO] PluginManage:310 - Check plugin updater
2025-06-29 23:36:43,355 [INFO] PluginManage:359 - Loaded plugin updater (category:base,tabindex:12)
2025-06-29 23:36:43,356 [INFO] PluginManage:310 - Check plugin userauth
2025-06-29 23:36:43,366 [INFO] UserAuth:113 - Init User Auth plugin
2025-06-29 23:36:43,367 [INFO] PluginManage:359 - Loaded plugin userauth (category:base,tabindex:14)
2025-06-29 23:36:43,367 [INFO] PluginManage:283 - PluginManage : Loaded plugins [18]
2025-06-29 23:36:43,633 [INFO] PinOutPanel:1561 - setPackage(No Configuration,No Configuration)
2025-06-29 23:36:43,774 [INFO] CADModel:165 - CPN selected for project level
2025-06-29 23:36:43,775 [INFO] CADModel:114 - Register for checkConnection events
2025-06-29 23:36:43,790 [INFO] IPUIPlugin:80 - create IPUIPlugin
2025-06-29 23:36:43,790 [INFO] PluginManager:220 - loadIPPluginJar : add mdma
2025-06-29 23:36:43,794 [INFO] IPUIPlugin:80 - create IPUIPlugin
2025-06-29 23:36:43,794 [INFO] PluginManager:220 - loadIPPluginJar : add freertos
2025-06-29 23:36:43,797 [INFO] IPUIPlugin:80 - create IPUIPlugin
2025-06-29 23:36:43,797 [INFO] PluginManager:220 - loadIPPluginJar : add gic
2025-06-29 23:36:43,803 [INFO] IPUIPlugin:80 - create IPUIPlugin
2025-06-29 23:36:43,803 [INFO] PluginManager:220 - loadIPPluginJar : add adc
2025-06-29 23:36:43,805 [INFO] IPUIPlugin:80 - create IPUIPlugin
2025-06-29 23:36:43,805 [INFO] PluginManager:220 - loadIPPluginJar : add gtzc
2025-06-29 23:36:43,806 [INFO] IPUIPlugin:80 - create IPUIPlugin
2025-06-29 23:36:43,807 [INFO] PluginManager:220 - loadIPPluginJar : add quadspi
2025-06-29 23:36:43,809 [INFO] IPUIPlugin:80 - create IPUIPlugin
2025-06-29 23:36:43,809 [INFO] PluginManager:220 - loadIPPluginJar : add aes
2025-06-29 23:36:43,810 [INFO] IPUIPlugin:80 - create IPUIPlugin
2025-06-29 23:36:43,810 [INFO] PluginManager:220 - loadIPPluginJar : add pdm2pcm
2025-06-29 23:36:43,812 [INFO] IPUIPlugin:80 - create IPUIPlugin
2025-06-29 23:36:43,812 [INFO] PluginManager:220 - loadIPPluginJar : add hash
2025-06-29 23:36:43,812 [INFO] IPUIPlugin:80 - create IPUIPlugin
2025-06-29 23:36:43,813 [INFO] PluginManager:220 - loadIPPluginJar : add tim
2025-06-29 23:36:43,813 [INFO] IPUIPlugin:80 - create IPUIPlugin
2025-06-29 23:36:43,813 [INFO] PluginManager:220 - loadIPPluginJar : add tsc
2025-06-29 23:36:43,815 [INFO] IPUIPlugin:80 - create IPUIPlugin
2025-06-29 23:36:43,815 [INFO] PluginManager:220 - loadIPPluginJar : add extmemmanager
2025-06-29 23:36:43,817 [INFO] IPUIPlugin:80 - create IPUIPlugin
2025-06-29 23:36:43,817 [INFO] PluginManager:220 - loadIPPluginJar : add ts
2025-06-29 23:36:43,817 [INFO] IPUIPlugin:80 - create IPUIPlugin
2025-06-29 23:36:43,818 [INFO] PluginManager:220 - loadIPPluginJar : add radio
2025-06-29 23:36:43,820 [INFO] IPUIPlugin:80 - create IPUIPlugin
2025-06-29 23:36:43,820 [INFO] PluginManager:220 - loadIPPluginJar : add can
2025-06-29 23:36:43,821 [INFO] IPUIPlugin:80 - create IPUIPlugin
2025-06-29 23:36:43,821 [INFO] PluginManager:220 - loadIPPluginJar : add dma3
2025-06-29 23:36:43,822 [INFO] IPUIPlugin:80 - create IPUIPlugin
2025-06-29 23:36:43,822 [INFO] PluginManager:220 - loadIPPluginJar : add dfsdm
2025-06-29 23:36:43,823 [INFO] IPUIPlugin:80 - create IPUIPlugin
2025-06-29 23:36:43,823 [INFO] PluginManager:220 - loadIPPluginJar : add spi
2025-06-29 23:36:43,824 [INFO] IPUIPlugin:80 - create IPUIPlugin
2025-06-29 23:36:43,825 [INFO] PluginManager:220 - loadIPPluginJar : add gfxmmu
2025-06-29 23:36:43,826 [INFO] IPUIPlugin:80 - create IPUIPlugin
2025-06-29 23:36:43,826 [INFO] PluginManager:220 - loadIPPluginJar : add genericplugin
2025-06-29 23:36:43,828 [INFO] IPUIPlugin:80 - create IPUIPlugin
2025-06-29 23:36:43,828 [INFO] PluginManager:220 - loadIPPluginJar : add cryp
2025-06-29 23:36:43,830 [INFO] IPUIPlugin:80 - create IPUIPlugin
2025-06-29 23:36:43,830 [INFO] PluginManager:220 - loadIPPluginJar : add gpio
2025-06-29 23:36:43,832 [INFO] IPUIPlugin:80 - create IPUIPlugin
2025-06-29 23:36:43,832 [INFO] PluginManager:220 - loadIPPluginJar : add ddr_ctrl_phy
2025-06-29 23:36:43,833 [INFO] IPUIPlugin:80 - create IPUIPlugin
2025-06-29 23:36:43,833 [INFO] PluginManager:220 - loadIPPluginJar : add comp
2025-06-29 23:36:43,836 [INFO] IPUIPlugin:80 - create IPUIPlugin
2025-06-29 23:36:43,836 [INFO] PluginManager:220 - loadIPPluginJar : add tracer_emb
2025-06-29 23:36:43,837 [INFO] IPUIPlugin:80 - create IPUIPlugin
2025-06-29 23:36:43,837 [INFO] PluginManager:220 - loadIPPluginJar : add openamp
2025-06-29 23:36:43,840 [INFO] IPUIPlugin:80 - create IPUIPlugin
2025-06-29 23:36:43,840 [INFO] PluginManager:220 - loadIPPluginJar : add stm32_wpan
2025-06-29 23:36:43,843 [INFO] IPUIPlugin:80 - create IPUIPlugin
2025-06-29 23:36:43,852 [INFO] PluginManager:220 - loadIPPluginJar : add plateformsettings
2025-06-29 23:36:43,854 [INFO] IPUIPlugin:80 - create IPUIPlugin
2025-06-29 23:36:43,854 [INFO] PluginManager:220 - loadIPPluginJar : add ipddr
2025-06-29 23:36:43,855 [INFO] IPUIPlugin:80 - create IPUIPlugin
2025-06-29 23:36:43,855 [INFO] PluginManager:220 - loadIPPluginJar : add usart
2025-06-29 23:36:43,855 [INFO] IPUIPlugin:80 - create IPUIPlugin
2025-06-29 23:36:43,856 [INFO] PluginManager:220 - loadIPPluginJar : add ltdc
2025-06-29 23:36:43,857 [INFO] IPUIPlugin:80 - create IPUIPlugin
2025-06-29 23:36:43,857 [INFO] PluginManager:220 - loadIPPluginJar : add nvic
2025-06-29 23:36:43,858 [INFO] IPUIPlugin:80 - create IPUIPlugin
2025-06-29 23:36:43,858 [INFO] PluginManager:220 - loadIPPluginJar : add fatfs
2025-06-29 23:36:43,862 [INFO] IPUIPlugin:80 - create IPUIPlugin
2025-06-29 23:36:43,863 [INFO] PluginManager:220 - loadIPPluginJar : add linkedlist
2025-06-29 23:36:43,867 [INFO] IPUIPlugin:80 - create IPUIPlugin
2025-06-29 23:36:43,867 [INFO] PluginManager:220 - loadIPPluginJar : add dma
2025-06-29 23:36:43,869 [INFO] IPUIPlugin:80 - create IPUIPlugin
2025-06-29 23:36:43,869 [INFO] PluginManager:220 - loadIPPluginJar : add fmc
2025-06-29 23:36:43,871 [INFO] IPUIPlugin:80 - create IPUIPlugin
2025-06-29 23:36:43,871 [INFO] PluginManager:220 - loadIPPluginJar : add i2s
2025-06-29 23:36:43,872 [INFO] IPUIPlugin:80 - create IPUIPlugin
2025-06-29 23:36:43,872 [INFO] PluginManager:220 - loadIPPluginJar : add ucpd
2025-06-29 23:36:43,873 [INFO] IPUIPlugin:80 - create IPUIPlugin
2025-06-29 23:36:43,873 [INFO] PluginManager:220 - loadIPPluginJar : add lorawan
2025-06-29 23:36:43,875 [INFO] IPUIPlugin:80 - create IPUIPlugin
2025-06-29 23:36:43,875 [INFO] PluginManager:220 - loadIPPluginJar : add opamp
2025-06-29 23:36:43,877 [INFO] IPUIPlugin:80 - create IPUIPlugin
2025-06-29 23:36:43,877 [INFO] PluginManager:220 - loadIPPluginJar : add i3c
2025-06-29 23:36:43,879 [INFO] IPUIPlugin:80 - create IPUIPlugin
2025-06-29 23:36:43,879 [INFO] PluginManager:220 - loadIPPluginJar : add touchsensing
2025-06-29 23:36:43,880 [INFO] IPUIPlugin:80 - create IPUIPlugin
2025-06-29 23:36:43,880 [INFO] PluginManager:220 - loadIPPluginJar : add i2c
2025-06-29 23:36:43,882 [INFO] IPUIPlugin:80 - create IPUIPlugin
2025-06-29 23:36:43,882 [INFO] PluginManager:220 - loadIPPluginJar : add resmgrutility
2025-06-29 23:36:43,883 [INFO] IPUIPlugin:80 - create IPUIPlugin
2025-06-29 23:36:43,883 [INFO] PluginManager:220 - loadIPPluginJar : add sai
2025-06-29 23:36:43,884 [INFO] IPUIPlugin:80 - create IPUIPlugin
2025-06-29 23:36:43,885 [INFO] PluginManager:220 - loadIPPluginJar : add usbx
2025-06-29 23:36:44,007 [INFO] CADModel:165 - CPN selected for project level
2025-06-29 23:36:44,007 [INFO] CADModel:114 - Register for checkConnection events
2025-06-29 23:36:44,008 [FATAL] Updater:334 - Updater called before beeing initialized
2025-06-29 23:36:44,008 [ERROR] CADModel:125 - Updater not yet initialized, retry later 
2025-06-29 23:36:44,227 [INFO] CADModel:165 - CPN selected for project level
2025-06-29 23:36:44,227 [INFO] CADModel:114 - Register for checkConnection events
2025-06-29 23:36:44,227 [FATAL] Updater:334 - Updater called before beeing initialized
2025-06-29 23:36:44,228 [ERROR] CADModel:125 - Updater not yet initialized, retry later 
2025-06-29 23:36:44,230 [FATAL] Updater:334 - Updater called before beeing initialized
2025-06-29 23:36:44,414 [FATAL] Updater:334 - Updater called before beeing initialized
2025-06-29 23:36:44,420 [INFO] DbMcusAds:53 - JSON generation date=Wed May 07 06:07:55 ART 2025 (1746608875513)
2025-06-29 23:36:44,420 [FATAL] Updater:334 - Updater called before beeing initialized
2025-06-29 23:36:44,476 [WARN] DetailPanel:346 - Failed to get advertising image, set to default
2025-06-29 23:36:44,543 [FATAL] Updater:334 - Updater called before beeing initialized
2025-06-29 23:36:44,544 [FATAL] Updater:334 - Updater called before beeing initialized
2025-06-29 23:36:44,544 [FATAL] Updater:334 - Updater called before beeing initialized
2025-06-29 23:36:44,544 [WARN] DetailPanel:346 - Failed to get advertising image, set to default
2025-06-29 23:36:44,545 [FATAL] Updater:334 - Updater called before beeing initialized
2025-06-29 23:36:44,610 [ERROR] Updater:1164 - MainUpdater not yet initialized. External WinMGr cannot be set.
2025-06-29 23:36:44,650 [INFO] Updater:1100 - Updater Version found : 6.12.1
2025-06-29 23:36:44,663 [INFO] ApplicationProperties:184 - Using Application install path: /Applications/STM32CubeIDE.app/Contents/Eclipse/plugins/com.st.stm32cube.common.mx_6.12.1.202409122256
2025-06-29 23:36:44,974 [INFO] MainUpdater:2873 - connection check result : 10
2025-06-29 23:36:44,975 [INFO] MainUpdater:290 - Updater Check For Update Now.
2025-06-29 23:36:44,975 [INFO] MicroXplorer:498 - Change Database Version : DB.6.0.121
2025-06-29 23:36:44,984 [INFO] McuFinderGlobals:63 - Set McuFinder mode to 2 (CubeIDE integrated)
2025-06-29 23:36:44,989 [INFO] UserAuth:417 - Internet connection configuration mode: 1
2025-06-29 23:36:45,002 [INFO] JxBrowserEngine:152 - Initiate JxBrowser Engine with user profile folder
2025-06-29 23:36:45,263 [INFO] CheckServerUpdateThread:120 - End of CheckServer Thread
2025-06-29 23:36:46,305 [WARN] PackLoader:240 - Cannot read IP mode file for STMicroelectronics.FP-SNS-MOTENVWB1.1.4.0
2025-06-29 23:36:46,333 [WARN] PackLoader:240 - Cannot read IP mode file for STMicroelectronics.FP-ATR-ASTRA1.2.0.2
2025-06-29 23:36:46,350 [WARN] PackLoader:240 - Cannot read IP mode file for STMicroelectronics.FP-ATR-ASTRA1.2.0.1
2025-06-29 23:36:46,369 [WARN] PackLoader:240 - Cannot read IP mode file for STMicroelectronics.X-CUBE-SMBUS.2.1.0
2025-06-29 23:36:46,383 [WARN] PackLoader:240 - Cannot read IP mode file for STMicroelectronics.X-CUBE-WB05N.1.1.0
2025-06-29 23:36:46,387 [ERROR] Engine:466 - /Users/apple/.stm32cubemx/thirdparties/pdsc/STMicroelectronics.X-CUBE-ST60.1.0.0.pdsc: PDSC version is not supported
2025-06-29 23:36:46,430 [WARN] PackLoader:240 - Cannot read IP mode file for STMicroelectronics.X-CUBE-AZRTOS-F7.1.1.0
2025-06-29 23:36:46,559 [WARN] PackLoader:240 - Cannot read IP mode file for STMicroelectronics.X-CUBE-MEMS1.11.0.0
2025-06-29 23:36:46,787 [WARN] PackLoader:240 - Cannot read IP mode file for STMicroelectronics.FP-SNS-FLIGHT1.5.0.2
2025-06-29 23:36:46,804 [WARN] PackLoader:240 - Cannot read IP mode file for STMicroelectronics.X-CUBE-DISPLAY.3.0.0
2025-06-29 23:36:46,824 [WARN] PackLoader:240 - Cannot read IP mode file for STMicroelectronics.X-CUBE-BLE1.7.0.0
2025-06-29 23:36:46,845 [WARN] PackLoader:240 - Cannot read IP mode file for STMicroelectronics.X-CUBE-NFC10.1.0.0
2025-06-29 23:36:46,924 [WARN] PackLoader:240 - Cannot read IP mode file for STMicroelectronics.X-CUBE-BLEMGR.4.0.0
2025-06-29 23:36:46,945 [WARN] PackLoader:240 - Cannot read IP mode file for emotas.I-CUBE-CANOPEN.1.3.0
2025-06-29 23:36:46,961 [WARN] PackLoader:240 - Cannot read IP mode file for STMicroelectronics.X-CUBE-BLEMGR.3.1.0
2025-06-29 23:36:46,975 [WARN] PackLoader:240 - Cannot read IP mode file for STMicroelectronics.X-CUBE-AI.10.0.0
2025-06-29 23:36:46,982 [WARN] PackLoader:240 - Cannot read IP mode file for STMicroelectronics.FP-SNS-SMARTAG2.1.2.0
2025-06-29 23:36:46,985 [ERROR] Engine:466 - /Users/apple/.stm32cubemx/thirdparties/pdsc/STMicroelectronics.FP-SNS-FLIGHT1.5.1.0.pdsc: PDSC version is not supported
2025-06-29 23:36:47,084 [WARN] PackLoader:240 - Cannot read IP mode file for STMicroelectronics.X-CUBE-MEMS1.11.1.0
2025-06-29 23:36:47,296 [INFO] LogOutputStream:77 - [STDOUT_REDIRECT] 1 : Invalid condition id : UX_CORESTACK_Condition cause : null
2025-06-29 23:36:47,300 [INFO] LogOutputStream:77 - [STDOUT_REDIRECT] 1 : Invalid condition id : UX_CORESTACK_Condition cause : null
2025-06-29 23:36:47,301 [INFO] LogOutputStream:77 - [STDOUT_REDIRECT] 1 : Invalid condition id : UX_CORESTACK_Condition cause : null
2025-06-29 23:36:47,301 [INFO] LogOutputStream:77 - [STDOUT_REDIRECT] 1 : Invalid condition id : UX_CORESTACK_Condition cause : null
2025-06-29 23:36:47,301 [INFO] LogOutputStream:77 - [STDOUT_REDIRECT] 1 : Invalid condition id : UX_CORESTACK_Condition cause : null
2025-06-29 23:36:47,307 [WARN] PackLoader:240 - Cannot read IP mode file for STMicroelectronics.X-CUBE-AZRTOS-WL.2.0.0
2025-06-29 23:36:47,323 [WARN] PackLoader:240 - Cannot read IP mode file for STMicroelectronics.FP-SNS-MOTENV1.5.0.0
2025-06-29 23:36:47,331 [WARN] PackLoader:240 - Cannot read IP mode file for wolfSSL.I-CUBE-wolfMQTT.1.19.0
2025-06-29 23:36:47,351 [WARN] PackLoader:240 - Cannot read IP mode file for WES.I-CUBE-Cesium.1.3.0
2025-06-29 23:36:47,365 [WARN] PackLoader:240 - Cannot read IP mode file for STMicroelectronics.X-CUBE-BLE2.3.3.0
2025-06-29 23:36:47,376 [WARN] PackLoader:240 - Cannot read IP mode file for STMicroelectronics.X-CUBE-NFC9.1.0.0
2025-06-29 23:36:47,384 [WARN] PackLoader:240 - Cannot read IP mode file for STMicroelectronics.X-CUBE-BLE1.7.1.0
2025-06-29 23:36:47,407 [WARN] PackLoader:240 - Cannot read IP mode file for STMicroelectronics.X-CUBE-TCPP.4.1.0
2025-06-29 23:36:47,436 [WARN] PackLoader:240 - Cannot read IP mode file for STMicroelectronics.X-CUBE-AI.10.1.0
2025-06-29 23:36:47,548 [WARN] PackLoader:240 - Cannot read IP mode file for STMicroelectronics.X-CUBE-MEMS1.11.2.0
2025-06-29 23:36:47,697 [WARN] PackLoader:240 - Cannot read IP mode file for STMicroelectronics.X-CUBE-AZRTOS-G0.1.1.0
2025-06-29 23:36:47,714 [WARN] PackLoader:240 - Cannot read IP mode file for STMicroelectronics.X-CUBE-SAFEA1.1.2.2
2025-06-29 23:36:47,720 [WARN] PackLoader:240 - Cannot read IP mode file for STMicroelectronics.X-CUBE-NFC4.3.0.0
2025-06-29 23:36:47,741 [WARN] PackLoader:240 - Cannot read IP mode file for EmbeddedOffice.I-CUBE-FS-RTOS.1.0.1
2025-06-29 23:36:47,744 [ERROR] ConditionMgr:805 - Attr not supported : Dmpu
2025-06-29 23:36:47,746 [ERROR] ConditionMgr:805 - Attr not supported : Dmpu
2025-06-29 23:36:47,748 [ERROR] ConditionMgr:805 - Attr not supported : Dmpu
2025-06-29 23:36:47,748 [ERROR] ConditionMgr:805 - Attr not supported : Dmpu
2025-06-29 23:36:47,748 [ERROR] ConditionMgr:805 - Attr not supported : Dmpu
2025-06-29 23:36:47,748 [ERROR] ConditionMgr:805 - Attr not supported : Dmpu
2025-06-29 23:36:47,748 [ERROR] ConditionMgr:805 - Attr not supported : Dmpu
2025-06-29 23:36:47,748 [ERROR] ConditionMgr:805 - Attr not supported : Dmpu
2025-06-29 23:36:47,749 [ERROR] ConditionMgr:805 - Attr not supported : Dmpu
2025-06-29 23:36:47,749 [ERROR] ConditionMgr:805 - Attr not supported : Dmpu
2025-06-29 23:36:47,749 [ERROR] ConditionMgr:805 - Attr not supported : Dmpu
2025-06-29 23:36:47,750 [ERROR] ConditionMgr:805 - Attr not supported : Dmpu
2025-06-29 23:36:47,750 [ERROR] ConditionMgr:805 - Attr not supported : Dmpu
2025-06-29 23:36:47,750 [ERROR] ConditionMgr:805 - Attr not supported : Dmpu
2025-06-29 23:36:47,751 [ERROR] ConditionMgr:805 - Attr not supported : Dmpu
2025-06-29 23:36:47,751 [ERROR] ConditionMgr:805 - Attr not supported : Dmpu
2025-06-29 23:36:47,751 [ERROR] ConditionMgr:805 - Attr not supported : Dmpu
2025-06-29 23:36:47,751 [ERROR] ConditionMgr:805 - Attr not supported : Dmpu
2025-06-29 23:36:47,751 [ERROR] ConditionMgr:805 - Attr not supported : Dmpu
2025-06-29 23:36:47,751 [ERROR] ConditionMgr:805 - Attr not supported : Dmpu
2025-06-29 23:36:47,751 [ERROR] ConditionMgr:805 - Attr not supported : Dmpu
2025-06-29 23:36:47,751 [ERROR] ConditionMgr:805 - Attr not supported : Dmpu
2025-06-29 23:36:47,751 [ERROR] ConditionMgr:805 - Attr not supported : Dmpu
2025-06-29 23:36:47,751 [ERROR] ConditionMgr:805 - Attr not supported : Dmpu
2025-06-29 23:36:47,751 [ERROR] ConditionMgr:805 - Attr not supported : Dmpu
2025-06-29 23:36:47,751 [ERROR] ConditionMgr:805 - Attr not supported : Dmpu
2025-06-29 23:36:47,751 [ERROR] ConditionMgr:805 - Attr not supported : Dmpu
2025-06-29 23:36:47,751 [ERROR] ConditionMgr:805 - Attr not supported : Dmpu
2025-06-29 23:36:47,751 [ERROR] ConditionMgr:805 - Attr not supported : Dmpu
2025-06-29 23:36:47,752 [ERROR] ConditionMgr:805 - Attr not supported : Dmpu
2025-06-29 23:36:47,752 [ERROR] ConditionMgr:805 - Attr not supported : Dmpu
2025-06-29 23:36:47,752 [ERROR] ConditionMgr:805 - Attr not supported : Dmpu
2025-06-29 23:36:47,752 [ERROR] ConditionMgr:805 - Attr not supported : Dmpu
2025-06-29 23:36:47,752 [ERROR] ConditionMgr:805 - Attr not supported : Dmpu
2025-06-29 23:36:47,752 [ERROR] ConditionMgr:805 - Attr not supported : Dmpu
2025-06-29 23:36:47,752 [ERROR] ConditionMgr:805 - Attr not supported : Dmpu
2025-06-29 23:36:47,756 [ERROR] ConditionMgr:805 - Attr not supported : Dmpu
2025-06-29 23:36:47,763 [ERROR] ConditionMgr:805 - Attr not supported : Dmpu
2025-06-29 23:36:47,765 [ERROR] ConditionMgr:805 - Attr not supported : Dmpu
2025-06-29 23:36:47,765 [ERROR] ConditionMgr:805 - Attr not supported : Dmpu
2025-06-29 23:36:47,765 [ERROR] ConditionMgr:805 - Attr not supported : Dmpu
2025-06-29 23:36:47,765 [ERROR] ConditionMgr:805 - Attr not supported : Dmpu
2025-06-29 23:36:47,767 [ERROR] ConditionMgr:805 - Attr not supported : Dmpu
2025-06-29 23:36:47,767 [ERROR] ConditionMgr:805 - Attr not supported : Dmpu
2025-06-29 23:36:47,768 [ERROR] ConditionMgr:805 - Attr not supported : Dmpu
2025-06-29 23:36:47,768 [ERROR] ConditionMgr:805 - Attr not supported : Dmpu
2025-06-29 23:36:47,769 [ERROR] ConditionMgr:805 - Attr not supported : Dmpu
2025-06-29 23:36:47,770 [ERROR] ConditionMgr:805 - Attr not supported : Dmpu
2025-06-29 23:36:47,770 [ERROR] ConditionMgr:805 - Attr not supported : Dmpu
2025-06-29 23:36:47,770 [ERROR] ConditionMgr:805 - Attr not supported : Dmpu
2025-06-29 23:36:47,770 [ERROR] ConditionMgr:805 - Attr not supported : Dmpu
2025-06-29 23:36:47,770 [ERROR] ConditionMgr:805 - Attr not supported : Dmpu
2025-06-29 23:36:47,770 [ERROR] ConditionMgr:805 - Attr not supported : Dmpu
2025-06-29 23:36:47,770 [ERROR] ConditionMgr:805 - Attr not supported : Dmpu
2025-06-29 23:36:47,770 [ERROR] ConditionMgr:805 - Attr not supported : Dmpu
2025-06-29 23:36:47,770 [ERROR] ConditionMgr:805 - Attr not supported : Dmpu
2025-06-29 23:36:47,770 [ERROR] ConditionMgr:805 - Attr not supported : Dmpu
2025-06-29 23:36:47,770 [ERROR] ConditionMgr:805 - Attr not supported : Dmpu
2025-06-29 23:36:47,770 [ERROR] ConditionMgr:805 - Attr not supported : Dmpu
2025-06-29 23:36:47,771 [ERROR] ConditionMgr:805 - Attr not supported : Dmpu
2025-06-29 23:36:47,771 [ERROR] ConditionMgr:805 - Attr not supported : Dmpu
2025-06-29 23:36:47,771 [ERROR] ConditionMgr:805 - Attr not supported : Dmpu
2025-06-29 23:36:47,771 [ERROR] ConditionMgr:805 - Attr not supported : Dmpu
2025-06-29 23:36:47,771 [ERROR] ConditionMgr:805 - Attr not supported : Dmpu
2025-06-29 23:36:47,794 [WARN] PackLoader:240 - Cannot read IP mode file for STMicroelectronics.X-CUBE-WB05N.2.0.0
2025-06-29 23:36:47,815 [ERROR] Engine:466 - /Users/apple/.stm32cubemx/thirdparties/pdsc/STMicroelectronics.X-CUBE-TCPP.4.2.0.pdsc: PDSC version is not supported
2025-06-29 23:36:47,825 [WARN] PackLoader:240 - Cannot read IP mode file for RealThread.X-CUBE-RT-Thread_Nano.4.1.1
2025-06-29 23:36:47,836 [WARN] PackLoader:240 - Cannot read IP mode file for STMicroelectronics.FP-ATR-SIGFOX1.3.2.0
2025-06-29 23:36:47,851 [WARN] PackLoader:240 - Cannot read IP mode file for wolfSSL.I-CUBE-wolfSSL.5.7.2
2025-06-29 23:36:47,865 [WARN] ConditionMgr:438 - getConditionDescription Invalid condition id : Cortex-A Device cause : null
2025-06-29 23:36:47,893 [WARN] ConditionMgr:1039 - genDependencies : Invalid condition id : Cortex-A Device cause : null
2025-06-29 23:36:47,894 [WARN] ConditionMgr:1039 - genDependencies : Invalid condition id : Cortex-A Device cause : null
2025-06-29 23:36:47,894 [WARN] ConditionMgr:1039 - genDependencies : Invalid condition id : Cortex-A Device cause : null
2025-06-29 23:36:47,901 [WARN] PackLoader:240 - Cannot read IP mode file for STMicroelectronics.X-CUBE-EEPRMA1.5.1.0
2025-06-29 23:36:47,908 [WARN] PackLoader:240 - Cannot read IP mode file for ITTIA_DB.I-CUBE-ITTIADB.8.9.0
2025-06-29 23:36:47,911 [ERROR] Engine:466 - /Users/apple/.stm32cubemx/thirdparties/pdsc/STMicroelectronics.X-CUBE-ST67W61.1.0.0.pdsc: PDSC version is not supported
2025-06-29 23:36:47,988 [WARN] PackLoader:240 - Cannot read IP mode file for SEGGER.I-CUBE-embOS.1.3.1
2025-06-29 23:36:48,046 [WARN] PackLoader:240 - Cannot read IP mode file for STMicroelectronics.X-CUBE-ALGOBUILD.1.4.0
2025-06-29 23:36:48,120 [WARN] PackLoader:240 - Cannot read IP mode file for STMicroelectronics.X-CUBE-MEMS1.11.3.0
2025-06-29 23:36:48,233 [WARN] PackLoader:240 - Cannot read IP mode file for STMicroelectronics.X-CUBE-AI.9.1.0
2025-06-29 23:36:48,236 [WARN] PackLoader:240 - Cannot read IP mode file for STMicroelectronics.X-CUBE-PM33A1.1.0.0
2025-06-29 23:36:48,254 [WARN] PackLoader:240 - Cannot read IP mode file for STMicroelectronics.X-CUBE-AZRTOS-F4.1.1.0
2025-06-29 23:36:48,264 [ERROR] Engine:466 - /Users/apple/.stm32cubemx/thirdparties/pdsc/Avnet-IotConnect.X-CUBE-IoTC-DA16k-PMOD.1.0.0.pdsc: PDSC version is not supported
2025-06-29 23:36:48,269 [WARN] PackLoader:240 - Cannot read IP mode file for STMicroelectronics.X-CUBE-ISPU.2.1.0
2025-06-29 23:36:48,279 [WARN] PackLoader:240 - Cannot read IP mode file for STMicroelectronics.X-CUBE-FREERTOS.1.2.0
2025-06-29 23:36:48,302 [WARN] PackLoader:240 - Cannot read IP mode file for STMicroelectronics.X-CUBE-AZRTOS-L5.2.0.0
2025-06-29 23:36:48,313 [WARN] PackLoader:240 - Cannot read IP mode file for STMicroelectronics.X-CUBE-NFC6.3.1.0
2025-06-29 23:36:48,322 [WARN] PackLoader:240 - Cannot read IP mode file for STMicroelectronics.X-CUBE-DPower.1.2.0
2025-06-29 23:36:48,327 [WARN] PackLoader:240 - Cannot read IP mode file for STMicroelectronics.X-CUBE-AI.9.0.0
2025-06-29 23:36:48,333 [WARN] PackLoader:240 - Cannot read IP mode file for STMicroelectronics.X-CUBE-FREERTOS.1.3.1
2025-06-29 23:36:48,337 [WARN] PackLoader:240 - Cannot read IP mode file for STMicroelectronics.X-CUBE-FREERTOS.1.3.0
2025-06-29 23:36:48,347 [WARN] PackLoader:240 - Cannot read IP mode file for STMicroelectronics.X-CUBE-NFC7.1.0.1
2025-06-29 23:36:48,350 [ERROR] Engine:466 - /Users/apple/.stm32cubemx/thirdparties/pdsc/STMicroelectronics.FP-SNS-STAIOTCFT.1.0.0.pdsc: PDSC version is not supported
2025-06-29 23:36:48,354 [WARN] PackLoader:240 - Cannot read IP mode file for STMicroelectronics.X-CUBE-DPower.1.3.0
2025-06-29 23:36:48,372 [WARN] ConditionMgr:438 - getConditionDescription Invalid condition id : LAN8742 Phy interface Condition cause : null
2025-06-29 23:36:48,374 [WARN] PackLoader:240 - Cannot read IP mode file for STMicroelectronics.X-CUBE-AZRTOS-L4.2.0.0
2025-06-29 23:36:48,376 [WARN] ConditionMgr:1039 - genDependencies : Invalid condition id : LAN8742 Phy interface Condition cause : null
2025-06-29 23:36:48,376 [WARN] ConditionMgr:1039 - genDependencies : Invalid condition id : LAN8742 Phy interface Condition cause : null
2025-06-29 23:36:48,377 [WARN] ConditionMgr:1039 - genDependencies : Invalid condition id : LAN8742 Phy interface Condition cause : null
2025-06-29 23:36:48,383 [WARN] PackLoader:240 - Cannot read IP mode file for STMicroelectronics.X-CUBE-SFXS2LP1.4.0.0
2025-06-29 23:36:48,409 [WARN] PackLoader:240 - Cannot read IP mode file for STMicroelectronics.X-CUBE-AZRTOS-H7.3.3.0
2025-06-29 23:36:48,426 [WARN] PackLoader:240 - Cannot read IP mode file for STMicroelectronics.X-CUBE-IPS.3.0.0
2025-06-29 23:36:48,451 [WARN] ConditionMgr:438 - getConditionDescription Invalid condition id : UX DEVICE CLASS RTOS Condition cause : null
2025-06-29 23:36:48,451 [WARN] ConditionMgr:438 - getConditionDescription Invalid condition id : UX DEVICE CLASS RTOS Condition cause : null
2025-06-29 23:36:48,455 [WARN] PackLoader:240 - Cannot read IP mode file for STMicroelectronics.X-CUBE-AZRTOS-WB.2.0.0
2025-06-29 23:36:48,464 [WARN] ConditionMgr:1039 - genDependencies : Invalid condition id : UX DEVICE CLASS RTOS Condition cause : null
2025-06-29 23:36:48,464 [WARN] ConditionMgr:1039 - genDependencies : Invalid condition id : UX DEVICE CLASS RTOS Condition cause : null
2025-06-29 23:36:48,466 [WARN] ConditionMgr:1039 - genDependencies : Invalid condition id : UX DEVICE CLASS RTOS Condition cause : null
2025-06-29 23:36:48,466 [WARN] ConditionMgr:1039 - genDependencies : Invalid condition id : UX DEVICE CLASS RTOS Condition cause : null
2025-06-29 23:36:48,467 [WARN] ConditionMgr:1039 - genDependencies : Invalid condition id : UX DEVICE CLASS RTOS Condition cause : null
2025-06-29 23:36:48,495 [WARN] PackLoader:240 - Cannot read IP mode file for STMicroelectronics.X-CUBE-GNSS1.7.0.0
2025-06-29 23:36:48,511 [WARN] PackLoader:240 - Cannot read IP mode file for STMicroelectronics.X-CUBE-GNSS1.7.0.1
2025-06-29 23:36:48,523 [WARN] PackLoader:240 - Cannot read IP mode file for STMicroelectronics.X-CUBE-TOUCHGFX.4.25.0
2025-06-29 23:36:48,529 [WARN] PackLoader:240 - Cannot read IP mode file for STMicroelectronics.FP-SNS-STBOX1.2.0.0
2025-06-29 23:36:48,556 [WARN] PackLoader:240 - Cannot read IP mode file for STMicroelectronics.X-CUBE-SUBG2.5.0.0
2025-06-29 23:36:48,591 [WARN] PackLoader:240 - Cannot read IP mode file for STMicroelectronics.X-CUBE-AZRTOS-H7RS.1.1.0
2025-06-29 23:36:48,618 [WARN] PackLoader:240 - Cannot read IP mode file for Cesanta.I-CUBE-Mongoose.7.13.0
2025-06-29 23:36:48,637 [WARN] PackLoader:240 - Cannot read IP mode file for STMicroelectronics.X-CUBE-AZRTOS-G4.2.0.0
2025-06-29 23:36:48,645 [WARN] PackLoader:240 - Cannot read IP mode file for STMicroelectronics.X-CUBE-NFC7.2.0.0
2025-06-29 23:36:48,652 [ERROR] Engine:466 - /Users/apple/.stm32cubemx/thirdparties/pdsc/STMicroelectronics.X-CUBE-IPS.3.1.0.pdsc: PDSC version is not supported
2025-06-29 23:36:48,655 [WARN] PackLoader:240 - Cannot read IP mode file for STMicroelectronics.X-CUBE-ALS.1.0.2
2025-06-29 23:36:48,658 [WARN] PackLoader:240 - Cannot read IP mode file for STMicroelectronics.X-CUBE-TOUCHGFX.4.24.0
2025-06-29 23:36:48,662 [WARN] PackLoader:240 - Cannot read IP mode file for STMicroelectronics.X-CUBE-TOUCHGFX.4.24.2
2025-06-29 23:36:48,664 [WARN] PackLoader:240 - Cannot read IP mode file for STMicroelectronics.X-CUBE-TOUCHGFX.4.24.1
2025-06-29 23:36:48,667 [WARN] PackLoader:240 - Cannot read IP mode file for wolfSSL.I-CUBE-wolfTPM.3.4.0
2025-06-29 23:36:48,671 [WARN] PackLoader:240 - Cannot read IP mode file for portGmbH.I-Cube-SoM-uGOAL.1.1.0
2025-06-29 23:36:48,694 [WARN] PackLoader:240 - Cannot read IP mode file for STMicroelectronics.X-CUBE-AZRTOS-H7RS.1.0.0
2025-06-29 23:36:48,700 [WARN] PackLoader:240 - Cannot read IP mode file for STMicroelectronics.FP-ATR-ASTRA1.2.0.0
2025-06-29 23:36:48,712 [WARN] PackLoader:240 - Cannot read IP mode file for STMicroelectronics.X-CUBE-TOF1.3.4.2
2025-06-29 23:36:48,725 [ERROR] Engine:466 - /Users/apple/.stm32cubemx/thirdparties/pdsc/STMicroelectronics.X-CUBE-TOF1.3.4.3.pdsc: PDSC version is not supported
2025-06-29 23:36:48,749 [WARN] PackLoader:240 - Cannot read IP mode file for Infineon.AIROC-Wi-Fi-Bluetooth-STM32.1.6.1
2025-06-29 23:36:48,757 [WARN] PackLoader:240 - Cannot read IP mode file for wolfSSL.I-CUBE-wolfSSH.1.4.17
2025-06-29 23:36:48,759 [INFO] ThirdParty:978 - Integrity check success = true
2025-06-29 23:36:48,759 [INFO] IntegrityCheckThread:100 - exiting critical section [integrity check]
2025-06-29 23:36:48,759 [INFO] IntegrityCheckThread:103 - End integrity checks thread
2025-06-29 23:36:50,362 [INFO] WebApp:167 - Instantiating new browser for Auth
2025-06-29 23:36:52,165 [INFO] WebApp:448 - Apply proxy settings
2025-06-29 23:36:52,175 [INFO] WebApp:493 - Chromium authenticates against Manually configured proxy
2025-06-29 23:36:52,197 [INFO] WebApp:501 - Username used for proxy authentication: 
2025-06-29 23:36:52,265 [INFO] WebApp:869 - Register for checkConnection events
2025-06-29 23:36:52,265 [INFO] WebApp:448 - Apply proxy settings
2025-06-29 23:36:52,268 [INFO] WebApp:493 - Chromium authenticates against Manually configured proxy
2025-06-29 23:36:52,269 [INFO] WebApp:501 - Username used for proxy authentication: 
2025-06-29 23:36:52,443 [INFO] WebApp:220 - Starting web application
2025-06-29 23:36:52,443 [INFO] WebApp:578 - Web application path used /Applications/STM32CubeIDE.app/Contents/Eclipse/plugins/com.st.stm32cube.common.mx_6.12.1.202409122256/db/plugins/mcufinder/reactClient1/index.html
2025-06-29 23:36:53,089 [INFO] WebApp:186 - Connection restablished
2025-06-29 23:36:53,257 [INFO] UserAuth:417 - Internet connection configuration mode: 1
