19:07:08 **** Incremental Build of configuration Debug for project BLUEPILL ORIGINAL ****
make -j7 all 
arm-none-eabi-gcc -o "BLUEPILL ORIGINAL.elf" @"objects.list"   -mcpu=cortex-m3 -T"/Users/apple/STM32CubeIDE/otros STM32/BLUEPILL ORIGINAL/STM32F103C8TX_FLASH.ld" --specs=nosys.specs -Wl,-Map="BLUEPILL ORIGINAL.map" -Wl,--gc-sections -static --specs=nano.specs -mfloat-abi=soft -mthumb -u _printf_float -u _scanf_float -Wl,--start-group -lc -lm -Wl,--end-group
/Applications/STM32CubeIDE.app/Contents/Eclipse/plugins/com.st.stm32cube.ide.mcu.externaltools.gnu-tools-for-stm32.12.3.rel1.macos64_1.0.200.202406191456/tools/bin/../lib/gcc/arm-none-eabi/12.3.1/../../../../arm-none-eabi/bin/ld: ./Core/Src/main.o: in function `sendMSGS':
/Users/apple/STM32CubeIDE/otros STM32/BLUEPILL ORIGINAL/Debug/../Core/Src/main.c:258: undefined reference to `sendUsartMsg'
/Applications/STM32CubeIDE.app/Contents/Eclipse/plugins/com.st.stm32cube.ide.mcu.externaltools.gnu-tools-for-stm32.12.3.rel1.macos64_1.0.200.202406191456/tools/bin/../lib/gcc/arm-none-eabi/12.3.1/../../../../arm-none-eabi/bin/ld: /Users/apple/STM32CubeIDE/otros STM32/BLUEPILL ORIGINAL/Debug/../Core/Src/main.c:260: undefined reference to `sendUsartMsg'
collect2: error: ld returned 1 exit status
make: *** [makefile:71: BLUEPILL ORIGINAL.elf] Error 1
"make -j7 all" terminated with exit code 2. Build might be incomplete.
19:07:46 **** Incremental Build of configuration Debug for project BLUEPILL ORIGINAL ****
make -j7 all 
arm-none-eabi-gcc "../Core/Src/main.c" -mcpu=cortex-m3 -std=gnu11 -g3 -DDEBUG -DUSE_HAL_DRIVER -DSTM32F103xB -c -I../Core/Inc -I../Drivers/STM32F1xx_HAL_Driver/Inc/Legacy -I../Drivers/STM32F1xx_HAL_Driver/Inc -I../Drivers/CMSIS/Device/ST/STM32F1xx/Include -I../Drivers/CMSIS/Include -O0 -ffunction-sections -fdata-sections -Wall -fstack-usage -fcyclomatic-complexity -MMD -MP -MF"Core/Src/main.d" -MT"Core/Src/main.o" --specs=nano.specs -mfloat-abi=soft -mthumb -o "Core/Src/main.o"
arm-none-eabi-gcc -o "BLUEPILL ORIGINAL.elf" @"objects.list"   -mcpu=cortex-m3 -T"/Users/apple/STM32CubeIDE/otros STM32/BLUEPILL ORIGINAL/STM32F103C8TX_FLASH.ld" --specs=nosys.specs -Wl,-Map="BLUEPILL ORIGINAL.map" -Wl,--gc-sections -static --specs=nano.specs -mfloat-abi=soft -mthumb -u _printf_float -u _scanf_float -Wl,--start-group -lc -lm -Wl,--end-group
/Applications/STM32CubeIDE.app/Contents/Eclipse/plugins/com.st.stm32cube.ide.mcu.externaltools.gnu-tools-for-stm32.12.3.rel1.macos64_1.0.200.202406191456/tools/bin/../lib/gcc/arm-none-eabi/12.3.1/../../../../arm-none-eabi/bin/ld: ./Core/Src/main.o: in function `sendMSGS':
/Users/apple/STM32CubeIDE/otros STM32/BLUEPILL ORIGINAL/Debug/../Core/Src/main.c:259: undefined reference to `sendUsartMsg'
collect2: error: ld returned 1 exit status
make: *** [makefile:71: BLUEPILL ORIGINAL.elf] Error 1
"make -j7 all" terminated with exit code 2. Build might be incomplete.
19:08:06 **** Incremental Build of configuration Debug for project BLUEPILL ORIGINAL ****
make -j7 all 
arm-none-eabi-gcc "../Core/Src/main.c" -mcpu=cortex-m3 -std=gnu11 -g3 -DDEBUG -DUSE_HAL_DRIVER -DSTM32F103xB -c -I../Core/Inc -I../Drivers/STM32F1xx_HAL_Driver/Inc/Legacy -I../Drivers/STM32F1xx_HAL_Driver/Inc -I../Drivers/CMSIS/Device/ST/STM32F1xx/Include -I../Drivers/CMSIS/Include -O0 -ffunction-sections -fdata-sections -Wall -fstack-usage -fcyclomatic-complexity -MMD -MP -MF"Core/Src/main.d" -MT"Core/Src/main.o" --specs=nano.specs -mfloat-abi=soft -mthumb -o "Core/Src/main.o"
arm-none-eabi-gcc -o "BLUEPILL ORIGINAL.elf" @"objects.list"   -mcpu=cortex-m3 -T"/Users/apple/STM32CubeIDE/otros STM32/BLUEPILL ORIGINAL/STM32F103C8TX_FLASH.ld" --specs=nosys.specs -Wl,-Map="BLUEPILL ORIGINAL.map" -Wl,--gc-sections -static --specs=nano.specs -mfloat-abi=soft -mthumb -u _printf_float -u _scanf_float -Wl,--start-group -lc -lm -Wl,--end-group
/Applications/STM32CubeIDE.app/Contents/Eclipse/plugins/com.st.stm32cube.ide.mcu.externaltools.gnu-tools-for-stm32.12.3.rel1.macos64_1.0.200.202406191456/tools/bin/../lib/gcc/arm-none-eabi/12.3.1/../../../../arm-none-eabi/bin/ld: ./Core/Src/main.o: in function `sendMSGS':
/Users/apple/STM32CubeIDE/otros STM32/BLUEPILL ORIGINAL/Debug/../Core/Src/main.c:260: undefined reference to `sendUsartMsg'
collect2: error: ld returned 1 exit status
make: *** [makefile:71: BLUEPILL ORIGINAL.elf] Error 1
"make -j7 all" terminated with exit code 2. Build might be incomplete.
19:09:28 **** Incremental Build of configuration Debug for project BLUEPILL ORIGINAL ****
make -j7 all 
arm-none-eabi-gcc "../Drivers/STM32F1xx_HAL_Driver/Src/stm32f1xx_hal.c" -mcpu=cortex-m3 -std=gnu11 -g3 -DDEBUG -DUSE_HAL_DRIVER -DSTM32F103xB -c -I../Core/Inc -I../Drivers/STM32F1xx_HAL_Driver/Inc/Legacy -I../Drivers/STM32F1xx_HAL_Driver/Inc -I../Drivers/CMSIS/Device/ST/STM32F1xx/Include -I../Drivers/CMSIS/Include -O0 -ffunction-sections -fdata-sections -Wall -fstack-usage -fcyclomatic-complexity -MMD -MP -MF"Drivers/STM32F1xx_HAL_Driver/Src/stm32f1xx_hal.d" -MT"Drivers/STM32F1xx_HAL_Driver/Src/stm32f1xx_hal.o" --specs=nano.specs -mfloat-abi=soft -mthumb -o "Drivers/STM32F1xx_HAL_Driver/Src/stm32f1xx_hal.o"
arm-none-eabi-gcc "../Drivers/STM32F1xx_HAL_Driver/Src/stm32f1xx_hal_adc.c" -mcpu=cortex-m3 -std=gnu11 -g3 -DDEBUG -DUSE_HAL_DRIVER -DSTM32F103xB -c -I../Core/Inc -I../Drivers/STM32F1xx_HAL_Driver/Inc/Legacy -I../Drivers/STM32F1xx_HAL_Driver/Inc -I../Drivers/CMSIS/Device/ST/STM32F1xx/Include -I../Drivers/CMSIS/Include -O0 -ffunction-sections -fdata-sections -Wall -fstack-usage -fcyclomatic-complexity -MMD -MP -MF"Drivers/STM32F1xx_HAL_Driver/Src/stm32f1xx_hal_adc.d" -MT"Drivers/STM32F1xx_HAL_Driver/Src/stm32f1xx_hal_adc.o" --specs=nano.specs -mfloat-abi=soft -mthumb -o "Drivers/STM32F1xx_HAL_Driver/Src/stm32f1xx_hal_adc.o"
arm-none-eabi-gcc "../Drivers/STM32F1xx_HAL_Driver/Src/stm32f1xx_hal_adc_ex.c" -mcpu=cortex-m3 -std=gnu11 -g3 -DDEBUG -DUSE_HAL_DRIVER -DSTM32F103xB -c -I../Core/Inc -I../Drivers/STM32F1xx_HAL_Driver/Inc/Legacy -I../Drivers/STM32F1xx_HAL_Driver/Inc -I../Drivers/CMSIS/Device/ST/STM32F1xx/Include -I../Drivers/CMSIS/Include -O0 -ffunction-sections -fdata-sections -Wall -fstack-usage -fcyclomatic-complexity -MMD -MP -MF"Drivers/STM32F1xx_HAL_Driver/Src/stm32f1xx_hal_adc_ex.d" -MT"Drivers/STM32F1xx_HAL_Driver/Src/stm32f1xx_hal_adc_ex.o" --specs=nano.specs -mfloat-abi=soft -mthumb -o "Drivers/STM32F1xx_HAL_Driver/Src/stm32f1xx_hal_adc_ex.o"
arm-none-eabi-gcc "../Drivers/STM32F1xx_HAL_Driver/Src/stm32f1xx_hal_cortex.c" -mcpu=cortex-m3 -std=gnu11 -g3 -DDEBUG -DUSE_HAL_DRIVER -DSTM32F103xB -c -I../Core/Inc -I../Drivers/STM32F1xx_HAL_Driver/Inc/Legacy -I../Drivers/STM32F1xx_HAL_Driver/Inc -I../Drivers/CMSIS/Device/ST/STM32F1xx/Include -I../Drivers/CMSIS/Include -O0 -ffunction-sections -fdata-sections -Wall -fstack-usage -fcyclomatic-complexity -MMD -MP -MF"Drivers/STM32F1xx_HAL_Driver/Src/stm32f1xx_hal_cortex.d" -MT"Drivers/STM32F1xx_HAL_Driver/Src/stm32f1xx_hal_cortex.o" --specs=nano.specs -mfloat-abi=soft -mthumb -o "Drivers/STM32F1xx_HAL_Driver/Src/stm32f1xx_hal_cortex.o"
arm-none-eabi-gcc "../Drivers/STM32F1xx_HAL_Driver/Src/stm32f1xx_hal_dma.c" -mcpu=cortex-m3 -std=gnu11 -g3 -DDEBUG -DUSE_HAL_DRIVER -DSTM32F103xB -c -I../Core/Inc -I../Drivers/STM32F1xx_HAL_Driver/Inc/Legacy -I../Drivers/STM32F1xx_HAL_Driver/Inc -I../Drivers/CMSIS/Device/ST/STM32F1xx/Include -I../Drivers/CMSIS/Include -O0 -ffunction-sections -fdata-sections -Wall -fstack-usage -fcyclomatic-complexity -MMD -MP -MF"Drivers/STM32F1xx_HAL_Driver/Src/stm32f1xx_hal_dma.d" -MT"Drivers/STM32F1xx_HAL_Driver/Src/stm32f1xx_hal_dma.o" --specs=nano.specs -mfloat-abi=soft -mthumb -o "Drivers/STM32F1xx_HAL_Driver/Src/stm32f1xx_hal_dma.o"
arm-none-eabi-gcc "../Drivers/STM32F1xx_HAL_Driver/Src/stm32f1xx_hal_exti.c" -mcpu=cortex-m3 -std=gnu11 -g3 -DDEBUG -DUSE_HAL_DRIVER -DSTM32F103xB -c -I../Core/Inc -I../Drivers/STM32F1xx_HAL_Driver/Inc/Legacy -I../Drivers/STM32F1xx_HAL_Driver/Inc -I../Drivers/CMSIS/Device/ST/STM32F1xx/Include -I../Drivers/CMSIS/Include -O0 -ffunction-sections -fdata-sections -Wall -fstack-usage -fcyclomatic-complexity -MMD -MP -MF"Drivers/STM32F1xx_HAL_Driver/Src/stm32f1xx_hal_exti.d" -MT"Drivers/STM32F1xx_HAL_Driver/Src/stm32f1xx_hal_exti.o" --specs=nano.specs -mfloat-abi=soft -mthumb -o "Drivers/STM32F1xx_HAL_Driver/Src/stm32f1xx_hal_exti.o"
arm-none-eabi-gcc "../Drivers/STM32F1xx_HAL_Driver/Src/stm32f1xx_hal_flash.c" -mcpu=cortex-m3 -std=gnu11 -g3 -DDEBUG -DUSE_HAL_DRIVER -DSTM32F103xB -c -I../Core/Inc -I../Drivers/STM32F1xx_HAL_Driver/Inc/Legacy -I../Drivers/STM32F1xx_HAL_Driver/Inc -I../Drivers/CMSIS/Device/ST/STM32F1xx/Include -I../Drivers/CMSIS/Include -O0 -ffunction-sections -fdata-sections -Wall -fstack-usage -fcyclomatic-complexity -MMD -MP -MF"Drivers/STM32F1xx_HAL_Driver/Src/stm32f1xx_hal_flash.d" -MT"Drivers/STM32F1xx_HAL_Driver/Src/stm32f1xx_hal_flash.o" --specs=nano.specs -mfloat-abi=soft -mthumb -o "Drivers/STM32F1xx_HAL_Driver/Src/stm32f1xx_hal_flash.o"
arm-none-eabi-gcc "../Drivers/STM32F1xx_HAL_Driver/Src/stm32f1xx_hal_flash_ex.c" -mcpu=cortex-m3 -std=gnu11 -g3 -DDEBUG -DUSE_HAL_DRIVER -DSTM32F103xB -c -I../Core/Inc -I../Drivers/STM32F1xx_HAL_Driver/Inc/Legacy -I../Drivers/STM32F1xx_HAL_Driver/Inc -I../Drivers/CMSIS/Device/ST/STM32F1xx/Include -I../Drivers/CMSIS/Include -O0 -ffunction-sections -fdata-sections -Wall -fstack-usage -fcyclomatic-complexity -MMD -MP -MF"Drivers/STM32F1xx_HAL_Driver/Src/stm32f1xx_hal_flash_ex.d" -MT"Drivers/STM32F1xx_HAL_Driver/Src/stm32f1xx_hal_flash_ex.o" --specs=nano.specs -mfloat-abi=soft -mthumb -o "Drivers/STM32F1xx_HAL_Driver/Src/stm32f1xx_hal_flash_ex.o"
arm-none-eabi-gcc "../Drivers/STM32F1xx_HAL_Driver/Src/stm32f1xx_hal_gpio.c" -mcpu=cortex-m3 -std=gnu11 -g3 -DDEBUG -DUSE_HAL_DRIVER -DSTM32F103xB -c -I../Core/Inc -I../Drivers/STM32F1xx_HAL_Driver/Inc/Legacy -I../Drivers/STM32F1xx_HAL_Driver/Inc -I../Drivers/CMSIS/Device/ST/STM32F1xx/Include -I../Drivers/CMSIS/Include -O0 -ffunction-sections -fdata-sections -Wall -fstack-usage -fcyclomatic-complexity -MMD -MP -MF"Drivers/STM32F1xx_HAL_Driver/Src/stm32f1xx_hal_gpio.d" -MT"Drivers/STM32F1xx_HAL_Driver/Src/stm32f1xx_hal_gpio.o" --specs=nano.specs -mfloat-abi=soft -mthumb -o "Drivers/STM32F1xx_HAL_Driver/Src/stm32f1xx_hal_gpio.o"
arm-none-eabi-gcc "../Drivers/STM32F1xx_HAL_Driver/Src/stm32f1xx_hal_gpio_ex.c" -mcpu=cortex-m3 -std=gnu11 -g3 -DDEBUG -DUSE_HAL_DRIVER -DSTM32F103xB -c -I../Core/Inc -I../Drivers/STM32F1xx_HAL_Driver/Inc/Legacy -I../Drivers/STM32F1xx_HAL_Driver/Inc -I../Drivers/CMSIS/Device/ST/STM32F1xx/Include -I../Drivers/CMSIS/Include -O0 -ffunction-sections -fdata-sections -Wall -fstack-usage -fcyclomatic-complexity -MMD -MP -MF"Drivers/STM32F1xx_HAL_Driver/Src/stm32f1xx_hal_gpio_ex.d" -MT"Drivers/STM32F1xx_HAL_Driver/Src/stm32f1xx_hal_gpio_ex.o" --specs=nano.specs -mfloat-abi=soft -mthumb -o "Drivers/STM32F1xx_HAL_Driver/Src/stm32f1xx_hal_gpio_ex.o"
arm-none-eabi-gcc "../Drivers/STM32F1xx_HAL_Driver/Src/stm32f1xx_hal_i2c.c" -mcpu=cortex-m3 -std=gnu11 -g3 -DDEBUG -DUSE_HAL_DRIVER -DSTM32F103xB -c -I../Core/Inc -I../Drivers/STM32F1xx_HAL_Driver/Inc/Legacy -I../Drivers/STM32F1xx_HAL_Driver/Inc -I../Drivers/CMSIS/Device/ST/STM32F1xx/Include -I../Drivers/CMSIS/Include -O0 -ffunction-sections -fdata-sections -Wall -fstack-usage -fcyclomatic-complexity -MMD -MP -MF"Drivers/STM32F1xx_HAL_Driver/Src/stm32f1xx_hal_i2c.d" -MT"Drivers/STM32F1xx_HAL_Driver/Src/stm32f1xx_hal_i2c.o" --specs=nano.specs -mfloat-abi=soft -mthumb -o "Drivers/STM32F1xx_HAL_Driver/Src/stm32f1xx_hal_i2c.o"
arm-none-eabi-gcc "../Drivers/STM32F1xx_HAL_Driver/Src/stm32f1xx_hal_pwr.c" -mcpu=cortex-m3 -std=gnu11 -g3 -DDEBUG -DUSE_HAL_DRIVER -DSTM32F103xB -c -I../Core/Inc -I../Drivers/STM32F1xx_HAL_Driver/Inc/Legacy -I../Drivers/STM32F1xx_HAL_Driver/Inc -I../Drivers/CMSIS/Device/ST/STM32F1xx/Include -I../Drivers/CMSIS/Include -O0 -ffunction-sections -fdata-sections -Wall -fstack-usage -fcyclomatic-complexity -MMD -MP -MF"Drivers/STM32F1xx_HAL_Driver/Src/stm32f1xx_hal_pwr.d" -MT"Drivers/STM32F1xx_HAL_Driver/Src/stm32f1xx_hal_pwr.o" --specs=nano.specs -mfloat-abi=soft -mthumb -o "Drivers/STM32F1xx_HAL_Driver/Src/stm32f1xx_hal_pwr.o"
arm-none-eabi-gcc "../Drivers/STM32F1xx_HAL_Driver/Src/stm32f1xx_hal_rcc.c" -mcpu=cortex-m3 -std=gnu11 -g3 -DDEBUG -DUSE_HAL_DRIVER -DSTM32F103xB -c -I../Core/Inc -I../Drivers/STM32F1xx_HAL_Driver/Inc/Legacy -I../Drivers/STM32F1xx_HAL_Driver/Inc -I../Drivers/CMSIS/Device/ST/STM32F1xx/Include -I../Drivers/CMSIS/Include -O0 -ffunction-sections -fdata-sections -Wall -fstack-usage -fcyclomatic-complexity -MMD -MP -MF"Drivers/STM32F1xx_HAL_Driver/Src/stm32f1xx_hal_rcc.d" -MT"Drivers/STM32F1xx_HAL_Driver/Src/stm32f1xx_hal_rcc.o" --specs=nano.specs -mfloat-abi=soft -mthumb -o "Drivers/STM32F1xx_HAL_Driver/Src/stm32f1xx_hal_rcc.o"
arm-none-eabi-gcc "../Drivers/STM32F1xx_HAL_Driver/Src/stm32f1xx_hal_rcc_ex.c" -mcpu=cortex-m3 -std=gnu11 -g3 -DDEBUG -DUSE_HAL_DRIVER -DSTM32F103xB -c -I../Core/Inc -I../Drivers/STM32F1xx_HAL_Driver/Inc/Legacy -I../Drivers/STM32F1xx_HAL_Driver/Inc -I../Drivers/CMSIS/Device/ST/STM32F1xx/Include -I../Drivers/CMSIS/Include -O0 -ffunction-sections -fdata-sections -Wall -fstack-usage -fcyclomatic-complexity -MMD -MP -MF"Drivers/STM32F1xx_HAL_Driver/Src/stm32f1xx_hal_rcc_ex.d" -MT"Drivers/STM32F1xx_HAL_Driver/Src/stm32f1xx_hal_rcc_ex.o" --specs=nano.specs -mfloat-abi=soft -mthumb -o "Drivers/STM32F1xx_HAL_Driver/Src/stm32f1xx_hal_rcc_ex.o"
arm-none-eabi-gcc "../Drivers/STM32F1xx_HAL_Driver/Src/stm32f1xx_hal_tim.c" -mcpu=cortex-m3 -std=gnu11 -g3 -DDEBUG -DUSE_HAL_DRIVER -DSTM32F103xB -c -I../Core/Inc -I../Drivers/STM32F1xx_HAL_Driver/Inc/Legacy -I../Drivers/STM32F1xx_HAL_Driver/Inc -I../Drivers/CMSIS/Device/ST/STM32F1xx/Include -I../Drivers/CMSIS/Include -O0 -ffunction-sections -fdata-sections -Wall -fstack-usage -fcyclomatic-complexity -MMD -MP -MF"Drivers/STM32F1xx_HAL_Driver/Src/stm32f1xx_hal_tim.d" -MT"Drivers/STM32F1xx_HAL_Driver/Src/stm32f1xx_hal_tim.o" --specs=nano.specs -mfloat-abi=soft -mthumb -o "Drivers/STM32F1xx_HAL_Driver/Src/stm32f1xx_hal_tim.o"
arm-none-eabi-gcc "../Drivers/STM32F1xx_HAL_Driver/Src/stm32f1xx_hal_tim_ex.c" -mcpu=cortex-m3 -std=gnu11 -g3 -DDEBUG -DUSE_HAL_DRIVER -DSTM32F103xB -c -I../Core/Inc -I../Drivers/STM32F1xx_HAL_Driver/Inc/Legacy -I../Drivers/STM32F1xx_HAL_Driver/Inc -I../Drivers/CMSIS/Device/ST/STM32F1xx/Include -I../Drivers/CMSIS/Include -O0 -ffunction-sections -fdata-sections -Wall -fstack-usage -fcyclomatic-complexity -MMD -MP -MF"Drivers/STM32F1xx_HAL_Driver/Src/stm32f1xx_hal_tim_ex.d" -MT"Drivers/STM32F1xx_HAL_Driver/Src/stm32f1xx_hal_tim_ex.o" --specs=nano.specs -mfloat-abi=soft -mthumb -o "Drivers/STM32F1xx_HAL_Driver/Src/stm32f1xx_hal_tim_ex.o"
arm-none-eabi-gcc "../Drivers/STM32F1xx_HAL_Driver/Src/stm32f1xx_hal_uart.c" -mcpu=cortex-m3 -std=gnu11 -g3 -DDEBUG -DUSE_HAL_DRIVER -DSTM32F103xB -c -I../Core/Inc -I../Drivers/STM32F1xx_HAL_Driver/Inc/Legacy -I../Drivers/STM32F1xx_HAL_Driver/Inc -I../Drivers/CMSIS/Device/ST/STM32F1xx/Include -I../Drivers/CMSIS/Include -O0 -ffunction-sections -fdata-sections -Wall -fstack-usage -fcyclomatic-complexity -MMD -MP -MF"Drivers/STM32F1xx_HAL_Driver/Src/stm32f1xx_hal_uart.d" -MT"Drivers/STM32F1xx_HAL_Driver/Src/stm32f1xx_hal_uart.o" --specs=nano.specs -mfloat-abi=soft -mthumb -o "Drivers/STM32F1xx_HAL_Driver/Src/stm32f1xx_hal_uart.o"
arm-none-eabi-gcc "../Core/Src/adc.c" -mcpu=cortex-m3 -std=gnu11 -g3 -DDEBUG -DUSE_HAL_DRIVER -DSTM32F103xB -c -I../Core/Inc -I../Drivers/STM32F1xx_HAL_Driver/Inc/Legacy -I../Drivers/STM32F1xx_HAL_Driver/Inc -I../Drivers/CMSIS/Device/ST/STM32F1xx/Include -I../Drivers/CMSIS/Include -O0 -ffunction-sections -fdata-sections -Wall -fstack-usage -fcyclomatic-complexity -MMD -MP -MF"Core/Src/adc.d" -MT"Core/Src/adc.o" --specs=nano.specs -mfloat-abi=soft -mthumb -o "Core/Src/adc.o"
arm-none-eabi-gcc "../Core/Src/bms.c" -mcpu=cortex-m3 -std=gnu11 -g3 -DDEBUG -DUSE_HAL_DRIVER -DSTM32F103xB -c -I../Core/Inc -I../Drivers/STM32F1xx_HAL_Driver/Inc/Legacy -I../Drivers/STM32F1xx_HAL_Driver/Inc -I../Drivers/CMSIS/Device/ST/STM32F1xx/Include -I../Drivers/CMSIS/Include -O0 -ffunction-sections -fdata-sections -Wall -fstack-usage -fcyclomatic-complexity -MMD -MP -MF"Core/Src/bms.d" -MT"Core/Src/bms.o" --specs=nano.specs -mfloat-abi=soft -mthumb -o "Core/Src/bms.o"
arm-none-eabi-gcc "../Core/Src/dma.c" -mcpu=cortex-m3 -std=gnu11 -g3 -DDEBUG -DUSE_HAL_DRIVER -DSTM32F103xB -c -I../Core/Inc -I../Drivers/STM32F1xx_HAL_Driver/Inc/Legacy -I../Drivers/STM32F1xx_HAL_Driver/Inc -I../Drivers/CMSIS/Device/ST/STM32F1xx/Include -I../Drivers/CMSIS/Include -O0 -ffunction-sections -fdata-sections -Wall -fstack-usage -fcyclomatic-complexity -MMD -MP -MF"Core/Src/dma.d" -MT"Core/Src/dma.o" --specs=nano.specs -mfloat-abi=soft -mthumb -o "Core/Src/dma.o"
../Core/Src/bms.c: In function 'BQ29330_config':
../Core/Src/bms.c:75:1: warning: control reaches end of non-void function [-Wreturn-type]
   75 | }
      | ^
arm-none-eabi-gcc "../Core/Src/gpio.c" -mcpu=cortex-m3 -std=gnu11 -g3 -DDEBUG -DUSE_HAL_DRIVER -DSTM32F103xB -c -I../Core/Inc -I../Drivers/STM32F1xx_HAL_Driver/Inc/Legacy -I../Drivers/STM32F1xx_HAL_Driver/Inc -I../Drivers/CMSIS/Device/ST/STM32F1xx/Include -I../Drivers/CMSIS/Include -O0 -ffunction-sections -fdata-sections -Wall -fstack-usage -fcyclomatic-complexity -MMD -MP -MF"Core/Src/gpio.d" -MT"Core/Src/gpio.o" --specs=nano.specs -mfloat-abi=soft -mthumb -o "Core/Src/gpio.o"
arm-none-eabi-gcc "../Core/Src/i2c.c" -mcpu=cortex-m3 -std=gnu11 -g3 -DDEBUG -DUSE_HAL_DRIVER -DSTM32F103xB -c -I../Core/Inc -I../Drivers/STM32F1xx_HAL_Driver/Inc/Legacy -I../Drivers/STM32F1xx_HAL_Driver/Inc -I../Drivers/CMSIS/Device/ST/STM32F1xx/Include -I../Drivers/CMSIS/Include -O0 -ffunction-sections -fdata-sections -Wall -fstack-usage -fcyclomatic-complexity -MMD -MP -MF"Core/Src/i2c.d" -MT"Core/Src/i2c.o" --specs=nano.specs -mfloat-abi=soft -mthumb -o "Core/Src/i2c.o"
arm-none-eabi-gcc "../Core/Src/ina219.c" -mcpu=cortex-m3 -std=gnu11 -g3 -DDEBUG -DUSE_HAL_DRIVER -DSTM32F103xB -c -I../Core/Inc -I../Drivers/STM32F1xx_HAL_Driver/Inc/Legacy -I../Drivers/STM32F1xx_HAL_Driver/Inc -I../Drivers/CMSIS/Device/ST/STM32F1xx/Include -I../Drivers/CMSIS/Include -O0 -ffunction-sections -fdata-sections -Wall -fstack-usage -fcyclomatic-complexity -MMD -MP -MF"Core/Src/ina219.d" -MT"Core/Src/ina219.o" --specs=nano.specs -mfloat-abi=soft -mthumb -o "Core/Src/ina219.o"
arm-none-eabi-gcc "../Core/Src/main.c" -mcpu=cortex-m3 -std=gnu11 -g3 -DDEBUG -DUSE_HAL_DRIVER -DSTM32F103xB -c -I../Core/Inc -I../Drivers/STM32F1xx_HAL_Driver/Inc/Legacy -I../Drivers/STM32F1xx_HAL_Driver/Inc -I../Drivers/CMSIS/Device/ST/STM32F1xx/Include -I../Drivers/CMSIS/Include -O0 -ffunction-sections -fdata-sections -Wall -fstack-usage -fcyclomatic-complexity -MMD -MP -MF"Core/Src/main.d" -MT"Core/Src/main.o" --specs=nano.specs -mfloat-abi=soft -mthumb -o "Core/Src/main.o"
arm-none-eabi-gcc "../Core/Src/stm32f1xx_hal_msp.c" -mcpu=cortex-m3 -std=gnu11 -g3 -DDEBUG -DUSE_HAL_DRIVER -DSTM32F103xB -c -I../Core/Inc -I../Drivers/STM32F1xx_HAL_Driver/Inc/Legacy -I../Drivers/STM32F1xx_HAL_Driver/Inc -I../Drivers/CMSIS/Device/ST/STM32F1xx/Include -I../Drivers/CMSIS/Include -O0 -ffunction-sections -fdata-sections -Wall -fstack-usage -fcyclomatic-complexity -MMD -MP -MF"Core/Src/stm32f1xx_hal_msp.d" -MT"Core/Src/stm32f1xx_hal_msp.o" --specs=nano.specs -mfloat-abi=soft -mthumb -o "Core/Src/stm32f1xx_hal_msp.o"
arm-none-eabi-gcc "../Core/Src/stm32f1xx_it.c" -mcpu=cortex-m3 -std=gnu11 -g3 -DDEBUG -DUSE_HAL_DRIVER -DSTM32F103xB -c -I../Core/Inc -I../Drivers/STM32F1xx_HAL_Driver/Inc/Legacy -I../Drivers/STM32F1xx_HAL_Driver/Inc -I../Drivers/CMSIS/Device/ST/STM32F1xx/Include -I../Drivers/CMSIS/Include -O0 -ffunction-sections -fdata-sections -Wall -fstack-usage -fcyclomatic-complexity -MMD -MP -MF"Core/Src/stm32f1xx_it.d" -MT"Core/Src/stm32f1xx_it.o" --specs=nano.specs -mfloat-abi=soft -mthumb -o "Core/Src/stm32f1xx_it.o"
arm-none-eabi-gcc "../Core/Src/system_stm32f1xx.c" -mcpu=cortex-m3 -std=gnu11 -g3 -DDEBUG -DUSE_HAL_DRIVER -DSTM32F103xB -c -I../Core/Inc -I../Drivers/STM32F1xx_HAL_Driver/Inc/Legacy -I../Drivers/STM32F1xx_HAL_Driver/Inc -I../Drivers/CMSIS/Device/ST/STM32F1xx/Include -I../Drivers/CMSIS/Include -O0 -ffunction-sections -fdata-sections -Wall -fstack-usage -fcyclomatic-complexity -MMD -MP -MF"Core/Src/system_stm32f1xx.d" -MT"Core/Src/system_stm32f1xx.o" --specs=nano.specs -mfloat-abi=soft -mthumb -o "Core/Src/system_stm32f1xx.o"
arm-none-eabi-gcc "../Core/Src/tim.c" -mcpu=cortex-m3 -std=gnu11 -g3 -DDEBUG -DUSE_HAL_DRIVER -DSTM32F103xB -c -I../Core/Inc -I../Drivers/STM32F1xx_HAL_Driver/Inc/Legacy -I../Drivers/STM32F1xx_HAL_Driver/Inc -I../Drivers/CMSIS/Device/ST/STM32F1xx/Include -I../Drivers/CMSIS/Include -O0 -ffunction-sections -fdata-sections -Wall -fstack-usage -fcyclomatic-complexity -MMD -MP -MF"Core/Src/tim.d" -MT"Core/Src/tim.o" --specs=nano.specs -mfloat-abi=soft -mthumb -o "Core/Src/tim.o"
arm-none-eabi-gcc "../Core/Src/usart.c" -mcpu=cortex-m3 -std=gnu11 -g3 -DDEBUG -DUSE_HAL_DRIVER -DSTM32F103xB -c -I../Core/Inc -I../Drivers/STM32F1xx_HAL_Driver/Inc/Legacy -I../Drivers/STM32F1xx_HAL_Driver/Inc -I../Drivers/CMSIS/Device/ST/STM32F1xx/Include -I../Drivers/CMSIS/Include -O0 -ffunction-sections -fdata-sections -Wall -fstack-usage -fcyclomatic-complexity -MMD -MP -MF"Core/Src/usart.d" -MT"Core/Src/usart.o" --specs=nano.specs -mfloat-abi=soft -mthumb -o "Core/Src/usart.o"
arm-none-eabi-gcc -o "BLUEPILL ORIGINAL.elf" @"objects.list"   -mcpu=cortex-m3 -T"/Users/apple/STM32CubeIDE/otros STM32/BLUEPILL ORIGINAL/STM32F103C8TX_FLASH.ld" --specs=nosys.specs -Wl,-Map="BLUEPILL ORIGINAL.map" -Wl,--gc-sections -static --specs=nano.specs -mfloat-abi=soft -mthumb -u _printf_float -u _scanf_float -Wl,--start-group -lc -lm -Wl,--end-group
/Applications/STM32CubeIDE.app/Contents/Eclipse/plugins/com.st.stm32cube.ide.mcu.externaltools.gnu-tools-for-stm32.12.3.rel1.macos64_1.0.200.202406191456/tools/bin/../lib/gcc/arm-none-eabi/12.3.1/../../../../arm-none-eabi/bin/ld: ./Core/Src/main.o: in function `sendMSGS':
/Users/apple/STM32CubeIDE/otros STM32/BLUEPILL ORIGINAL/Debug/../Core/Src/main.c:259: undefined reference to `sendUsartMsg'
collect2: error: ld returned 1 exit status
make: *** [makefile:71: BLUEPILL ORIGINAL.elf] Error 1
"make -j7 all" terminated with exit code 2. Build might be incomplete.
19:10:05 **** Incremental Build of configuration Debug for project BLUEPILL ORIGINAL ****
make -j7 all 
arm-none-eabi-gcc "../Core/Src/adc.c" -mcpu=cortex-m3 -std=gnu11 -g3 -DDEBUG -DUSE_HAL_DRIVER -DSTM32F103xB -c -I../Core/Inc -I../Drivers/STM32F1xx_HAL_Driver/Inc/Legacy -I../Drivers/STM32F1xx_HAL_Driver/Inc -I../Drivers/CMSIS/Device/ST/STM32F1xx/Include -I../Drivers/CMSIS/Include -O0 -ffunction-sections -fdata-sections -Wall -fstack-usage -fcyclomatic-complexity -MMD -MP -MF"Core/Src/adc.d" -MT"Core/Src/adc.o" --specs=nano.specs -mfloat-abi=soft -mthumb -o "Core/Src/adc.o"
arm-none-eabi-gcc "../Core/Src/bms.c" -mcpu=cortex-m3 -std=gnu11 -g3 -DDEBUG -DUSE_HAL_DRIVER -DSTM32F103xB -c -I../Core/Inc -I../Drivers/STM32F1xx_HAL_Driver/Inc/Legacy -I../Drivers/STM32F1xx_HAL_Driver/Inc -I../Drivers/CMSIS/Device/ST/STM32F1xx/Include -I../Drivers/CMSIS/Include -O0 -ffunction-sections -fdata-sections -Wall -fstack-usage -fcyclomatic-complexity -MMD -MP -MF"Core/Src/bms.d" -MT"Core/Src/bms.o" --specs=nano.specs -mfloat-abi=soft -mthumb -o "Core/Src/bms.o"
arm-none-eabi-gcc "../Core/Src/dma.c" -mcpu=cortex-m3 -std=gnu11 -g3 -DDEBUG -DUSE_HAL_DRIVER -DSTM32F103xB -c -I../Core/Inc -I../Drivers/STM32F1xx_HAL_Driver/Inc/Legacy -I../Drivers/STM32F1xx_HAL_Driver/Inc -I../Drivers/CMSIS/Device/ST/STM32F1xx/Include -I../Drivers/CMSIS/Include -O0 -ffunction-sections -fdata-sections -Wall -fstack-usage -fcyclomatic-complexity -MMD -MP -MF"Core/Src/dma.d" -MT"Core/Src/dma.o" --specs=nano.specs -mfloat-abi=soft -mthumb -o "Core/Src/dma.o"
arm-none-eabi-gcc "../Core/Src/gpio.c" -mcpu=cortex-m3 -std=gnu11 -g3 -DDEBUG -DUSE_HAL_DRIVER -DSTM32F103xB -c -I../Core/Inc -I../Drivers/STM32F1xx_HAL_Driver/Inc/Legacy -I../Drivers/STM32F1xx_HAL_Driver/Inc -I../Drivers/CMSIS/Device/ST/STM32F1xx/Include -I../Drivers/CMSIS/Include -O0 -ffunction-sections -fdata-sections -Wall -fstack-usage -fcyclomatic-complexity -MMD -MP -MF"Core/Src/gpio.d" -MT"Core/Src/gpio.o" --specs=nano.specs -mfloat-abi=soft -mthumb -o "Core/Src/gpio.o"
arm-none-eabi-gcc "../Core/Src/i2c.c" -mcpu=cortex-m3 -std=gnu11 -g3 -DDEBUG -DUSE_HAL_DRIVER -DSTM32F103xB -c -I../Core/Inc -I../Drivers/STM32F1xx_HAL_Driver/Inc/Legacy -I../Drivers/STM32F1xx_HAL_Driver/Inc -I../Drivers/CMSIS/Device/ST/STM32F1xx/Include -I../Drivers/CMSIS/Include -O0 -ffunction-sections -fdata-sections -Wall -fstack-usage -fcyclomatic-complexity -MMD -MP -MF"Core/Src/i2c.d" -MT"Core/Src/i2c.o" --specs=nano.specs -mfloat-abi=soft -mthumb -o "Core/Src/i2c.o"
arm-none-eabi-gcc "../Core/Src/ina219.c" -mcpu=cortex-m3 -std=gnu11 -g3 -DDEBUG -DUSE_HAL_DRIVER -DSTM32F103xB -c -I../Core/Inc -I../Drivers/STM32F1xx_HAL_Driver/Inc/Legacy -I../Drivers/STM32F1xx_HAL_Driver/Inc -I../Drivers/CMSIS/Device/ST/STM32F1xx/Include -I../Drivers/CMSIS/Include -O0 -ffunction-sections -fdata-sections -Wall -fstack-usage -fcyclomatic-complexity -MMD -MP -MF"Core/Src/ina219.d" -MT"Core/Src/ina219.o" --specs=nano.specs -mfloat-abi=soft -mthumb -o "Core/Src/ina219.o"
arm-none-eabi-gcc "../Core/Src/main.c" -mcpu=cortex-m3 -std=gnu11 -g3 -DDEBUG -DUSE_HAL_DRIVER -DSTM32F103xB -c -I../Core/Inc -I../Drivers/STM32F1xx_HAL_Driver/Inc/Legacy -I../Drivers/STM32F1xx_HAL_Driver/Inc -I../Drivers/CMSIS/Device/ST/STM32F1xx/Include -I../Drivers/CMSIS/Include -O0 -ffunction-sections -fdata-sections -Wall -fstack-usage -fcyclomatic-complexity -MMD -MP -MF"Core/Src/main.d" -MT"Core/Src/main.o" --specs=nano.specs -mfloat-abi=soft -mthumb -o "Core/Src/main.o"
arm-none-eabi-gcc "../Core/Src/stm32f1xx_hal_msp.c" -mcpu=cortex-m3 -std=gnu11 -g3 -DDEBUG -DUSE_HAL_DRIVER -DSTM32F103xB -c -I../Core/Inc -I../Drivers/STM32F1xx_HAL_Driver/Inc/Legacy -I../Drivers/STM32F1xx_HAL_Driver/Inc -I../Drivers/CMSIS/Device/ST/STM32F1xx/Include -I../Drivers/CMSIS/Include -O0 -ffunction-sections -fdata-sections -Wall -fstack-usage -fcyclomatic-complexity -MMD -MP -MF"Core/Src/stm32f1xx_hal_msp.d" -MT"Core/Src/stm32f1xx_hal_msp.o" --specs=nano.specs -mfloat-abi=soft -mthumb -o "Core/Src/stm32f1xx_hal_msp.o"
arm-none-eabi-gcc "../Core/Src/stm32f1xx_it.c" -mcpu=cortex-m3 -std=gnu11 -g3 -DDEBUG -DUSE_HAL_DRIVER -DSTM32F103xB -c -I../Core/Inc -I../Drivers/STM32F1xx_HAL_Driver/Inc/Legacy -I../Drivers/STM32F1xx_HAL_Driver/Inc -I../Drivers/CMSIS/Device/ST/STM32F1xx/Include -I../Drivers/CMSIS/Include -O0 -ffunction-sections -fdata-sections -Wall -fstack-usage -fcyclomatic-complexity -MMD -MP -MF"Core/Src/stm32f1xx_it.d" -MT"Core/Src/stm32f1xx_it.o" --specs=nano.specs -mfloat-abi=soft -mthumb -o "Core/Src/stm32f1xx_it.o"
arm-none-eabi-gcc "../Core/Src/tim.c" -mcpu=cortex-m3 -std=gnu11 -g3 -DDEBUG -DUSE_HAL_DRIVER -DSTM32F103xB -c -I../Core/Inc -I../Drivers/STM32F1xx_HAL_Driver/Inc/Legacy -I../Drivers/STM32F1xx_HAL_Driver/Inc -I../Drivers/CMSIS/Device/ST/STM32F1xx/Include -I../Drivers/CMSIS/Include -O0 -ffunction-sections -fdata-sections -Wall -fstack-usage -fcyclomatic-complexity -MMD -MP -MF"Core/Src/tim.d" -MT"Core/Src/tim.o" --specs=nano.specs -mfloat-abi=soft -mthumb -o "Core/Src/tim.o"
arm-none-eabi-gcc "../Core/Src/usart.c" -mcpu=cortex-m3 -std=gnu11 -g3 -DDEBUG -DUSE_HAL_DRIVER -DSTM32F103xB -c -I../Core/Inc -I../Drivers/STM32F1xx_HAL_Driver/Inc/Legacy -I../Drivers/STM32F1xx_HAL_Driver/Inc -I../Drivers/CMSIS/Device/ST/STM32F1xx/Include -I../Drivers/CMSIS/Include -O0 -ffunction-sections -fdata-sections -Wall -fstack-usage -fcyclomatic-complexity -MMD -MP -MF"Core/Src/usart.d" -MT"Core/Src/usart.o" --specs=nano.specs -mfloat-abi=soft -mthumb -o "Core/Src/usart.o"
arm-none-eabi-gcc -o "BLUEPILL ORIGINAL.elf" @"objects.list"   -mcpu=cortex-m3 -T"/Users/apple/STM32CubeIDE/otros STM32/BLUEPILL ORIGINAL/STM32F103C8TX_FLASH.ld" --specs=nosys.specs -Wl,-Map="BLUEPILL ORIGINAL.map" -Wl,--gc-sections -static --specs=nano.specs -mfloat-abi=soft -mthumb -u _printf_float -u _scanf_float -Wl,--start-group -lc -lm -Wl,--end-group
/Applications/STM32CubeIDE.app/Contents/Eclipse/plugins/com.st.stm32cube.ide.mcu.externaltools.gnu-tools-for-stm32.12.3.rel1.macos64_1.0.200.202406191456/tools/bin/../lib/gcc/arm-none-eabi/12.3.1/../../../../arm-none-eabi/bin/ld: ./Core/Src/main.o: in function `sendMSGS':
/Users/apple/STM32CubeIDE/otros STM32/BLUEPILL ORIGINAL/Debug/../Core/Src/main.c:259: undefined reference to `sendUsartMsg'
collect2: error: ld returned 1 exit status
make: *** [makefile:71: BLUEPILL ORIGINAL.elf] Error 1
"make -j7 all" terminated with exit code 2. Build might be incomplete.
19:10:46 **** Incremental Build of configuration Debug for project BLUEPILL ORIGINAL ****
make -j7 all 
arm-none-eabi-gcc "../Core/Src/usart.c" -mcpu=cortex-m3 -std=gnu11 -g3 -DDEBUG -DUSE_HAL_DRIVER -DSTM32F103xB -c -I../Core/Inc -I../Drivers/STM32F1xx_HAL_Driver/Inc/Legacy -I../Drivers/STM32F1xx_HAL_Driver/Inc -I../Drivers/CMSIS/Device/ST/STM32F1xx/Include -I../Drivers/CMSIS/Include -O0 -ffunction-sections -fdata-sections -Wall -fstack-usage -fcyclomatic-complexity -MMD -MP -MF"Core/Src/usart.d" -MT"Core/Src/usart.o" --specs=nano.specs -mfloat-abi=soft -mthumb -o "Core/Src/usart.o"
arm-none-eabi-gcc -o "BLUEPILL ORIGINAL.elf" @"objects.list"   -mcpu=cortex-m3 -T"/Users/apple/STM32CubeIDE/otros STM32/BLUEPILL ORIGINAL/STM32F103C8TX_FLASH.ld" --specs=nosys.specs -Wl,-Map="BLUEPILL ORIGINAL.map" -Wl,--gc-sections -static --specs=nano.specs -mfloat-abi=soft -mthumb -u _printf_float -u _scanf_float -Wl,--start-group -lc -lm -Wl,--end-group
Finished building target: BLUEPILL ORIGINAL.elf
 
arm-none-eabi-size  BLUEPILL\ ORIGINAL.elf 
arm-none-eabi-objdump -h -S BLUEPILL\ ORIGINAL.elf  > "BLUEPILL ORIGINAL.list"
arm-none-eabi-objcopy  -O ihex BLUEPILL\ ORIGINAL.elf  "BLUEPILL ORIGINAL.hex"
arm-none-eabi-objcopy  -O binary BLUEPILL\ ORIGINAL.elf  "BLUEPILL ORIGINAL.bin"
   text	   data	    bss	    dec	    hex	filename
  44924	    496	   2368	  47788	   baac	BLUEPILL ORIGINAL.elf
Finished building: default.size.stdout
 
Finished building: BLUEPILL ORIGINAL.hex
Finished building: BLUEPILL ORIGINAL.bin
 
 
Finished building: BLUEPILL ORIGINAL.list
 
19:11:07 **** Incremental Build of configuration Debug for project BLUEPILL ORIGINAL ****
make -j7 all 
arm-none-eabi-gcc "../Core/Src/main.c" -mcpu=cortex-m3 -std=gnu11 -g3 -DDEBUG -DUSE_HAL_DRIVER -DSTM32F103xB -c -I../Core/Inc -I../Drivers/STM32F1xx_HAL_Driver/Inc/Legacy -I../Drivers/STM32F1xx_HAL_Driver/Inc -I../Drivers/CMSIS/Device/ST/STM32F1xx/Include -I../Drivers/CMSIS/Include -O0 -ffunction-sections -fdata-sections -Wall -fstack-usage -fcyclomatic-complexity -MMD -MP -MF"Core/Src/main.d" -MT"Core/Src/main.o" --specs=nano.specs -mfloat-abi=soft -mthumb -o "Core/Src/main.o"
arm-none-eabi-gcc -o "BLUEPILL ORIGINAL.elf" @"objects.list"   -mcpu=cortex-m3 -T"/Users/apple/STM32CubeIDE/otros STM32/BLUEPILL ORIGINAL/STM32F103C8TX_FLASH.ld" --specs=nosys.specs -Wl,-Map="BLUEPILL ORIGINAL.map" -Wl,--gc-sections -static --specs=nano.specs -mfloat-abi=soft -mthumb -u _printf_float -u _scanf_float -Wl,--start-group -lc -lm -Wl,--end-group
Finished building target: BLUEPILL ORIGINAL.elf
 
arm-none-eabi-size  BLUEPILL\ ORIGINAL.elf 
arm-none-eabi-objdump -h -S BLUEPILL\ ORIGINAL.elf  > "BLUEPILL ORIGINAL.list"
arm-none-eabi-objcopy  -O ihex BLUEPILL\ ORIGINAL.elf  "BLUEPILL ORIGINAL.hex"
arm-none-eabi-objcopy  -O binary BLUEPILL\ ORIGINAL.elf  "BLUEPILL ORIGINAL.bin"
   text	   data	    bss	    dec	    hex	filename
  44908	    496	   2368	  47772	   ba9c	BLUEPILL ORIGINAL.elf
Finished building: default.size.stdout
 
Finished building: BLUEPILL ORIGINAL.bin
Finished building: BLUEPILL ORIGINAL.hex
 
 
Finished building: BLUEPILL ORIGINAL.list
 
19:11:59 **** Incremental Build of configuration Debug for project BLUEPILL ORIGINAL ****
make -j7 all 
arm-none-eabi-size  BLUEPILL\ ORIGINAL.elf 
   text	   data	    bss	    dec	    hex	filename
  44908	    496	   2368	  47772	   ba9c	BLUEPILL ORIGINAL.elf
Finished building: default.size.stdout
 
19:12:57 **** Incremental Build of configuration Debug for project BLUEPILL ORIGINAL ****
make -j7 all 
arm-none-eabi-gcc "../Core/Src/main.c" -mcpu=cortex-m3 -std=gnu11 -g3 -DDEBUG -DUSE_HAL_DRIVER -DSTM32F103xB -c -I../Core/Inc -I../Drivers/STM32F1xx_HAL_Driver/Inc/Legacy -I../Drivers/STM32F1xx_HAL_Driver/Inc -I../Drivers/CMSIS/Device/ST/STM32F1xx/Include -I../Drivers/CMSIS/Include -O0 -ffunction-sections -fdata-sections -Wall -fstack-usage -fcyclomatic-complexity -MMD -MP -MF"Core/Src/main.d" -MT"Core/Src/main.o" --specs=nano.specs -mfloat-abi=soft -mthumb -o "Core/Src/main.o"
../Core/Src/main.c: In function 'main':
../Core/Src/main.c:120:21: warning: unused variable 'statusI2c' [-Wunused-variable]
  120 |   HAL_StatusTypeDef statusI2c = 0x00;
      |                     ^~~~~~~~~
arm-none-eabi-gcc -o "BLUEPILL ORIGINAL.elf" @"objects.list"   -mcpu=cortex-m3 -T"/Users/apple/STM32CubeIDE/otros STM32/BLUEPILL ORIGINAL/STM32F103C8TX_FLASH.ld" --specs=nosys.specs -Wl,-Map="BLUEPILL ORIGINAL.map" -Wl,--gc-sections -static --specs=nano.specs -mfloat-abi=soft -mthumb -u _printf_float -u _scanf_float -Wl,--start-group -lc -lm -Wl,--end-group
Finished building target: BLUEPILL ORIGINAL.elf
 
arm-none-eabi-size  BLUEPILL\ ORIGINAL.elf 
arm-none-eabi-objdump -h -S BLUEPILL\ ORIGINAL.elf  > "BLUEPILL ORIGINAL.list"
arm-none-eabi-objcopy  -O ihex BLUEPILL\ ORIGINAL.elf  "BLUEPILL ORIGINAL.hex"
arm-none-eabi-objcopy  -O binary BLUEPILL\ ORIGINAL.elf  "BLUEPILL ORIGINAL.bin"
   text	   data	    bss	    dec	    hex	filename
  40452	    468	   2364	  43284	   a914	BLUEPILL ORIGINAL.elf
Finished building: default.size.stdout
 
Finished building: BLUEPILL ORIGINAL.hex
Finished building: BLUEPILL ORIGINAL.bin
 
 
Finished building: BLUEPILL ORIGINAL.list
 
19:13:37 **** Incremental Build of configuration Debug for project BLUEPILL ORIGINAL ****
make -j7 all 
arm-none-eabi-gcc "../Core/Src/main.c" -mcpu=cortex-m3 -std=gnu11 -g3 -DDEBUG -DUSE_HAL_DRIVER -DSTM32F103xB -c -I../Core/Inc -I../Drivers/STM32F1xx_HAL_Driver/Inc/Legacy -I../Drivers/STM32F1xx_HAL_Driver/Inc -I../Drivers/CMSIS/Device/ST/STM32F1xx/Include -I../Drivers/CMSIS/Include -O0 -ffunction-sections -fdata-sections -Wall -fstack-usage -fcyclomatic-complexity -MMD -MP -MF"Core/Src/main.d" -MT"Core/Src/main.o" --specs=nano.specs -mfloat-abi=soft -mthumb -o "Core/Src/main.o"
arm-none-eabi-gcc -o "BLUEPILL ORIGINAL.elf" @"objects.list"   -mcpu=cortex-m3 -T"/Users/apple/STM32CubeIDE/otros STM32/BLUEPILL ORIGINAL/STM32F103C8TX_FLASH.ld" --specs=nosys.specs -Wl,-Map="BLUEPILL ORIGINAL.map" -Wl,--gc-sections -static --specs=nano.specs -mfloat-abi=soft -mthumb -u _printf_float -u _scanf_float -Wl,--start-group -lc -lm -Wl,--end-group
Finished building target: BLUEPILL ORIGINAL.elf
 
arm-none-eabi-size  BLUEPILL\ ORIGINAL.elf 
arm-none-eabi-objdump -h -S BLUEPILL\ ORIGINAL.elf  > "BLUEPILL ORIGINAL.list"
arm-none-eabi-objcopy  -O ihex BLUEPILL\ ORIGINAL.elf  "BLUEPILL ORIGINAL.hex"
arm-none-eabi-objcopy  -O binary BLUEPILL\ ORIGINAL.elf  "BLUEPILL ORIGINAL.bin"
   text	   data	    bss	    dec	    hex	filename
  44572	    496	   2368	  47436	   b94c	BLUEPILL ORIGINAL.elf
Finished building: default.size.stdout
 
Finished building: BLUEPILL ORIGINAL.bin
Finished building: BLUEPILL ORIGINAL.hex
 
 
Finished building: BLUEPILL ORIGINAL.list
 
19:15:23 **** Incremental Build of configuration Debug for project BLUEPILL ORIGINAL ****
make -j7 all 
arm-none-eabi-gcc "../Core/Src/main.c" -mcpu=cortex-m3 -std=gnu11 -g3 -DDEBUG -DUSE_HAL_DRIVER -DSTM32F103xB -c -I../Core/Inc -I../Drivers/STM32F1xx_HAL_Driver/Inc/Legacy -I../Drivers/STM32F1xx_HAL_Driver/Inc -I../Drivers/CMSIS/Device/ST/STM32F1xx/Include -I../Drivers/CMSIS/Include -O0 -ffunction-sections -fdata-sections -Wall -fstack-usage -fcyclomatic-complexity -MMD -MP -MF"Core/Src/main.d" -MT"Core/Src/main.o" --specs=nano.specs -mfloat-abi=soft -mthumb -o "Core/Src/main.o"
arm-none-eabi-gcc -o "BLUEPILL ORIGINAL.elf" @"objects.list"   -mcpu=cortex-m3 -T"/Users/apple/STM32CubeIDE/otros STM32/BLUEPILL ORIGINAL/STM32F103C8TX_FLASH.ld" --specs=nosys.specs -Wl,-Map="BLUEPILL ORIGINAL.map" -Wl,--gc-sections -static --specs=nano.specs -mfloat-abi=soft -mthumb -u _printf_float -u _scanf_float -Wl,--start-group -lc -lm -Wl,--end-group
Finished building target: BLUEPILL ORIGINAL.elf
 
arm-none-eabi-size  BLUEPILL\ ORIGINAL.elf 
arm-none-eabi-objdump -h -S BLUEPILL\ ORIGINAL.elf  > "BLUEPILL ORIGINAL.list"
arm-none-eabi-objcopy  -O ihex BLUEPILL\ ORIGINAL.elf  "BLUEPILL ORIGINAL.hex"
arm-none-eabi-objcopy  -O binary BLUEPILL\ ORIGINAL.elf  "BLUEPILL ORIGINAL.bin"
   text	   data	    bss	    dec	    hex	filename
  44572	    496	   2368	  47436	   b94c	BLUEPILL ORIGINAL.elf
Finished building: default.size.stdout
 
Finished building: BLUEPILL ORIGINAL.hex
Finished building: BLUEPILL ORIGINAL.bin
 
 
Finished building: BLUEPILL ORIGINAL.list
 
19:15:35 **** Incremental Build of configuration Debug for project BLUEPILL ORIGINAL ****
make -j7 all 
arm-none-eabi-size  BLUEPILL\ ORIGINAL.elf 
   text	   data	    bss	    dec	    hex	filename
  44572	    496	   2368	  47436	   b94c	BLUEPILL ORIGINAL.elf
Finished building: default.size.stdout
 
19:16:17 **** Incremental Build of configuration Debug for project BLUEPILL ORIGINAL ****
make -j7 all 
arm-none-eabi-size  BLUEPILL\ ORIGINAL.elf 
   text	   data	    bss	    dec	    hex	filename
  44572	    496	   2368	  47436	   b94c	BLUEPILL ORIGINAL.elf
Finished building: default.size.stdout
 
19:17:07 **** Incremental Build of configuration Debug for project BLUEPILL ORIGINAL ****
make -j7 all 
arm-none-eabi-size  BLUEPILL\ ORIGINAL.elf 
   text	   data	    bss	    dec	    hex	filename
  44572	    496	   2368	  47436	   b94c	BLUEPILL ORIGINAL.elf
Finished building: default.size.stdout
 
19:19:29 **** Incremental Build of configuration Debug for project BLUEPILL ORIGINAL ****
make -j7 all 
arm-none-eabi-gcc "../Core/Src/main.c" -mcpu=cortex-m3 -std=gnu11 -g3 -DDEBUG -DUSE_HAL_DRIVER -DSTM32F103xB -c -I../Core/Inc -I../Drivers/STM32F1xx_HAL_Driver/Inc/Legacy -I../Drivers/STM32F1xx_HAL_Driver/Inc -I../Drivers/CMSIS/Device/ST/STM32F1xx/Include -I../Drivers/CMSIS/Include -O0 -ffunction-sections -fdata-sections -Wall -fstack-usage -fcyclomatic-complexity -MMD -MP -MF"Core/Src/main.d" -MT"Core/Src/main.o" --specs=nano.specs -mfloat-abi=soft -mthumb -o "Core/Src/main.o"
arm-none-eabi-gcc -o "BLUEPILL ORIGINAL.elf" @"objects.list"   -mcpu=cortex-m3 -T"/Users/apple/STM32CubeIDE/otros STM32/BLUEPILL ORIGINAL/STM32F103C8TX_FLASH.ld" --specs=nosys.specs -Wl,-Map="BLUEPILL ORIGINAL.map" -Wl,--gc-sections -static --specs=nano.specs -mfloat-abi=soft -mthumb -u _printf_float -u _scanf_float -Wl,--start-group -lc -lm -Wl,--end-group
Finished building target: BLUEPILL ORIGINAL.elf
 
arm-none-eabi-size  BLUEPILL\ ORIGINAL.elf 
arm-none-eabi-objdump -h -S BLUEPILL\ ORIGINAL.elf  > "BLUEPILL ORIGINAL.list"
arm-none-eabi-objcopy  -O ihex BLUEPILL\ ORIGINAL.elf  "BLUEPILL ORIGINAL.hex"
arm-none-eabi-objcopy  -O binary BLUEPILL\ ORIGINAL.elf  "BLUEPILL ORIGINAL.bin"
   text	   data	    bss	    dec	    hex	filename
  44748	    496	   2368	  47612	   b9fc	BLUEPILL ORIGINAL.elf
Finished building: default.size.stdout
 
Finished building: BLUEPILL ORIGINAL.hex
Finished building: BLUEPILL ORIGINAL.bin
 
 
Finished building: BLUEPILL ORIGINAL.list
 
19:24:29 **** Incremental Build of configuration Debug for project BLUEPILL ORIGINAL ****
make -j7 all 
arm-none-eabi-gcc "../Core/Src/bms.c" -mcpu=cortex-m3 -std=gnu11 -g3 -DDEBUG -DUSE_HAL_DRIVER -DSTM32F103xB -c -I../Core/Inc -I../Drivers/STM32F1xx_HAL_Driver/Inc/Legacy -I../Drivers/STM32F1xx_HAL_Driver/Inc -I../Drivers/CMSIS/Device/ST/STM32F1xx/Include -I../Drivers/CMSIS/Include -O0 -ffunction-sections -fdata-sections -Wall -fstack-usage -fcyclomatic-complexity -MMD -MP -MF"Core/Src/bms.d" -MT"Core/Src/bms.o" --specs=nano.specs -mfloat-abi=soft -mthumb -o "Core/Src/bms.o"
arm-none-eabi-gcc -o "BLUEPILL ORIGINAL.elf" @"objects.list"   -mcpu=cortex-m3 -T"/Users/apple/STM32CubeIDE/otros STM32/BLUEPILL ORIGINAL/STM32F103C8TX_FLASH.ld" --specs=nosys.specs -Wl,-Map="BLUEPILL ORIGINAL.map" -Wl,--gc-sections -static --specs=nano.specs -mfloat-abi=soft -mthumb -u _printf_float -u _scanf_float -Wl,--start-group -lc -lm -Wl,--end-group
Finished building target: BLUEPILL ORIGINAL.elf
 
arm-none-eabi-size  BLUEPILL\ ORIGINAL.elf 
arm-none-eabi-objdump -h -S BLUEPILL\ ORIGINAL.elf  > "BLUEPILL ORIGINAL.list"
arm-none-eabi-objcopy  -O ihex BLUEPILL\ ORIGINAL.elf  "BLUEPILL ORIGINAL.hex"
arm-none-eabi-objcopy  -O binary BLUEPILL\ ORIGINAL.elf  "BLUEPILL ORIGINAL.bin"
   text	   data	    bss	    dec	    hex	filename
  44748	    496	   2368	  47612	   b9fc	BLUEPILL ORIGINAL.elf
Finished building: default.size.stdout
 
Finished building: BLUEPILL ORIGINAL.hex
Finished building: BLUEPILL ORIGINAL.bin
 
 
Finished building: BLUEPILL ORIGINAL.list
 
19:45:06 **** Incremental Build of configuration Debug for project BLUEPILL ORIGINAL ****
make -j7 all 
arm-none-eabi-gcc "../Core/Src/main.c" -mcpu=cortex-m3 -std=gnu11 -g3 -DDEBUG -DUSE_HAL_DRIVER -DSTM32F103xB -c -I../Core/Inc -I../Drivers/STM32F1xx_HAL_Driver/Inc/Legacy -I../Drivers/STM32F1xx_HAL_Driver/Inc -I../Drivers/CMSIS/Device/ST/STM32F1xx/Include -I../Drivers/CMSIS/Include -O0 -ffunction-sections -fdata-sections -Wall -fstack-usage -fcyclomatic-complexity -MMD -MP -MF"Core/Src/main.d" -MT"Core/Src/main.o" --specs=nano.specs -mfloat-abi=soft -mthumb -o "Core/Src/main.o"
arm-none-eabi-gcc -o "BLUEPILL ORIGINAL.elf" @"objects.list"   -mcpu=cortex-m3 -T"/Users/apple/STM32CubeIDE/otros STM32/BLUEPILL ORIGINAL/STM32F103C8TX_FLASH.ld" --specs=nosys.specs -Wl,-Map="BLUEPILL ORIGINAL.map" -Wl,--gc-sections -static --specs=nano.specs -mfloat-abi=soft -mthumb -u _printf_float -u _scanf_float -Wl,--start-group -lc -lm -Wl,--end-group
Finished building target: BLUEPILL ORIGINAL.elf
 
arm-none-eabi-size  BLUEPILL\ ORIGINAL.elf 
arm-none-eabi-objdump -h -S BLUEPILL\ ORIGINAL.elf  > "BLUEPILL ORIGINAL.list"
arm-none-eabi-objcopy  -O ihex BLUEPILL\ ORIGINAL.elf  "BLUEPILL ORIGINAL.hex"
arm-none-eabi-objcopy  -O binary BLUEPILL\ ORIGINAL.elf  "BLUEPILL ORIGINAL.bin"
   text	   data	    bss	    dec	    hex	filename
  44764	    496	   2368	  47628	   ba0c	BLUEPILL ORIGINAL.elf
Finished building: default.size.stdout
 
Finished building: BLUEPILL ORIGINAL.hex
Finished building: BLUEPILL ORIGINAL.bin
 
 
Finished building: BLUEPILL ORIGINAL.list
 
19:45:33 **** Incremental Build of configuration Debug for project BLUEPILL ORIGINAL ****
make -j7 all 
arm-none-eabi-size  BLUEPILL\ ORIGINAL.elf 
   text	   data	    bss	    dec	    hex	filename
  44764	    496	   2368	  47628	   ba0c	BLUEPILL ORIGINAL.elf
Finished building: default.size.stdout
 
19:49:35 **** Incremental Build of configuration Debug for project BLUEPILL ORIGINAL ****
make -j7 all 
arm-none-eabi-gcc "../Core/Src/ina219.c" -mcpu=cortex-m3 -std=gnu11 -g3 -DDEBUG -DUSE_HAL_DRIVER -DSTM32F103xB -c -I../Core/Inc -I../Drivers/STM32F1xx_HAL_Driver/Inc/Legacy -I../Drivers/STM32F1xx_HAL_Driver/Inc -I../Drivers/CMSIS/Device/ST/STM32F1xx/Include -I../Drivers/CMSIS/Include -O0 -ffunction-sections -fdata-sections -Wall -fstack-usage -fcyclomatic-complexity -MMD -MP -MF"Core/Src/ina219.d" -MT"Core/Src/ina219.o" --specs=nano.specs -mfloat-abi=soft -mthumb -o "Core/Src/ina219.o"
../Core/Src/ina219.c: In function 'Read16':
../Core/Src/ina219.c:21:44: error: 'cell_mas' undeclared (first use in this function)
   21 |     snprintf(buffer, BUFFER_SIZE, "%u \n", cell_mas);
      |                                            ^~~~~~~~
../Core/Src/ina219.c:21:44: note: each undeclared identifier is reported only once for each function it appears in
../Core/Src/ina219.c:19:27: warning: unused variable 'status' [-Wunused-variable]
   19 |         HAL_StatusTypeDef status = HAL_I2C_Mem_Read(ina219->ina219_i2c, (INA219_ADDRESS<<1), Register, 1, Value, 2, 1000);
      |                           ^~~~~~
make: *** [Core/Src/subdir.mk:58: Core/Src/ina219.o] Error 1
"make -j7 all" terminated with exit code 2. Build might be incomplete.
19:59:33 **** Incremental Build of configuration Debug for project BLUEPILL ORIGINAL ****
make -j7 all 
arm-none-eabi-gcc "../Core/Src/ina219.c" -mcpu=cortex-m3 -std=gnu11 -g3 -DDEBUG -DUSE_HAL_DRIVER -DSTM32F103xB -c -I../Core/Inc -I../Drivers/STM32F1xx_HAL_Driver/Inc/Legacy -I../Drivers/STM32F1xx_HAL_Driver/Inc -I../Drivers/CMSIS/Device/ST/STM32F1xx/Include -I../Drivers/CMSIS/Include -O0 -ffunction-sections -fdata-sections -Wall -fstack-usage -fcyclomatic-complexity -MMD -MP -MF"Core/Src/ina219.d" -MT"Core/Src/ina219.o" --specs=nano.specs -mfloat-abi=soft -mthumb -o "Core/Src/ina219.o"
arm-none-eabi-gcc -o "BLUEPILL ORIGINAL.elf" @"objects.list"   -mcpu=cortex-m3 -T"/Users/apple/STM32CubeIDE/otros STM32/BLUEPILL ORIGINAL/STM32F103C8TX_FLASH.ld" --specs=nosys.specs -Wl,-Map="BLUEPILL ORIGINAL.map" -Wl,--gc-sections -static --specs=nano.specs -mfloat-abi=soft -mthumb -u _printf_float -u _scanf_float -Wl,--start-group -lc -lm -Wl,--end-group
Finished building target: BLUEPILL ORIGINAL.elf
 
arm-none-eabi-size  BLUEPILL\ ORIGINAL.elf 
arm-none-eabi-objdump -h -S BLUEPILL\ ORIGINAL.elf  > "BLUEPILL ORIGINAL.list"
arm-none-eabi-objcopy  -O ihex BLUEPILL\ ORIGINAL.elf  "BLUEPILL ORIGINAL.hex"
arm-none-eabi-objcopy  -O binary BLUEPILL\ ORIGINAL.elf  "BLUEPILL ORIGINAL.bin"
   text	   data	    bss	    dec	    hex	filename
  44836	    496	   2368	  47700	   ba54	BLUEPILL ORIGINAL.elf
Finished building: default.size.stdout
 
Finished building: BLUEPILL ORIGINAL.bin
Finished building: BLUEPILL ORIGINAL.hex
 
 
Finished building: BLUEPILL ORIGINAL.list
 
20:03:33 **** Incremental Build of configuration Debug for project BLUEPILL ORIGINAL ****
make -j7 all 
arm-none-eabi-gcc "../Core/Src/bms.c" -mcpu=cortex-m3 -std=gnu11 -g3 -DDEBUG -DUSE_HAL_DRIVER -DSTM32F103xB -c -I../Core/Inc -I../Drivers/STM32F1xx_HAL_Driver/Inc/Legacy -I../Drivers/STM32F1xx_HAL_Driver/Inc -I../Drivers/CMSIS/Device/ST/STM32F1xx/Include -I../Drivers/CMSIS/Include -O0 -ffunction-sections -fdata-sections -Wall -fstack-usage -fcyclomatic-complexity -MMD -MP -MF"Core/Src/bms.d" -MT"Core/Src/bms.o" --specs=nano.specs -mfloat-abi=soft -mthumb -o "Core/Src/bms.o"
arm-none-eabi-gcc -o "BLUEPILL ORIGINAL.elf" @"objects.list"   -mcpu=cortex-m3 -T"/Users/apple/STM32CubeIDE/otros STM32/BLUEPILL ORIGINAL/STM32F103C8TX_FLASH.ld" --specs=nosys.specs -Wl,-Map="BLUEPILL ORIGINAL.map" -Wl,--gc-sections -static --specs=nano.specs -mfloat-abi=soft -mthumb -u _printf_float -u _scanf_float -Wl,--start-group -lc -lm -Wl,--end-group
Finished building target: BLUEPILL ORIGINAL.elf
 
arm-none-eabi-size  BLUEPILL\ ORIGINAL.elf 
arm-none-eabi-objdump -h -S BLUEPILL\ ORIGINAL.elf  > "BLUEPILL ORIGINAL.list"
arm-none-eabi-objcopy  -O ihex BLUEPILL\ ORIGINAL.elf  "BLUEPILL ORIGINAL.hex"
arm-none-eabi-objcopy  -O binary BLUEPILL\ ORIGINAL.elf  "BLUEPILL ORIGINAL.bin"
   text	   data	    bss	    dec	    hex	filename
  44836	    496	   2368	  47700	   ba54	BLUEPILL ORIGINAL.elf
Finished building: default.size.stdout
 
Finished building: BLUEPILL ORIGINAL.bin
 
Finished building: BLUEPILL ORIGINAL.list
 
Finished building: BLUEPILL ORIGINAL.hex
 
20:05:39 **** Incremental Build of configuration Debug for project BLUEPILL ORIGINAL ****
make -j7 all 
arm-none-eabi-gcc "../Core/Src/main.c" -mcpu=cortex-m3 -std=gnu11 -g3 -DDEBUG -DUSE_HAL_DRIVER -DSTM32F103xB -c -I../Core/Inc -I../Drivers/STM32F1xx_HAL_Driver/Inc/Legacy -I../Drivers/STM32F1xx_HAL_Driver/Inc -I../Drivers/CMSIS/Device/ST/STM32F1xx/Include -I../Drivers/CMSIS/Include -O0 -ffunction-sections -fdata-sections -Wall -fstack-usage -fcyclomatic-complexity -MMD -MP -MF"Core/Src/main.d" -MT"Core/Src/main.o" --specs=nano.specs -mfloat-abi=soft -mthumb -o "Core/Src/main.o"
arm-none-eabi-gcc -o "BLUEPILL ORIGINAL.elf" @"objects.list"   -mcpu=cortex-m3 -T"/Users/apple/STM32CubeIDE/otros STM32/BLUEPILL ORIGINAL/STM32F103C8TX_FLASH.ld" --specs=nosys.specs -Wl,-Map="BLUEPILL ORIGINAL.map" -Wl,--gc-sections -static --specs=nano.specs -mfloat-abi=soft -mthumb -u _printf_float -u _scanf_float -Wl,--start-group -lc -lm -Wl,--end-group
Finished building target: BLUEPILL ORIGINAL.elf
 
arm-none-eabi-size  BLUEPILL\ ORIGINAL.elf 
arm-none-eabi-objdump -h -S BLUEPILL\ ORIGINAL.elf  > "BLUEPILL ORIGINAL.list"
arm-none-eabi-objcopy  -O ihex BLUEPILL\ ORIGINAL.elf  "BLUEPILL ORIGINAL.hex"
arm-none-eabi-objcopy  -O binary BLUEPILL\ ORIGINAL.elf  "BLUEPILL ORIGINAL.bin"
   text	   data	    bss	    dec	    hex	filename
  45036	    496	   2368	  47900	   bb1c	BLUEPILL ORIGINAL.elf
Finished building: default.size.stdout
 
Finished building: BLUEPILL ORIGINAL.hex
Finished building: BLUEPILL ORIGINAL.bin
 
 
Finished building: BLUEPILL ORIGINAL.list
 
20:09:02 **** Incremental Build of configuration Debug for project BLUEPILL ORIGINAL ****
make -j7 all 
arm-none-eabi-gcc "../Core/Src/bms.c" -mcpu=cortex-m3 -std=gnu11 -g3 -DDEBUG -DUSE_HAL_DRIVER -DSTM32F103xB -c -I../Core/Inc -I../Drivers/STM32F1xx_HAL_Driver/Inc/Legacy -I../Drivers/STM32F1xx_HAL_Driver/Inc -I../Drivers/CMSIS/Device/ST/STM32F1xx/Include -I../Drivers/CMSIS/Include -O0 -ffunction-sections -fdata-sections -Wall -fstack-usage -fcyclomatic-complexity -MMD -MP -MF"Core/Src/bms.d" -MT"Core/Src/bms.o" --specs=nano.specs -mfloat-abi=soft -mthumb -o "Core/Src/bms.o"
arm-none-eabi-gcc -o "BLUEPILL ORIGINAL.elf" @"objects.list"   -mcpu=cortex-m3 -T"/Users/apple/STM32CubeIDE/otros STM32/BLUEPILL ORIGINAL/STM32F103C8TX_FLASH.ld" --specs=nosys.specs -Wl,-Map="BLUEPILL ORIGINAL.map" -Wl,--gc-sections -static --specs=nano.specs -mfloat-abi=soft -mthumb -u _printf_float -u _scanf_float -Wl,--start-group -lc -lm -Wl,--end-group
Finished building target: BLUEPILL ORIGINAL.elf
 
arm-none-eabi-size  BLUEPILL\ ORIGINAL.elf 
arm-none-eabi-objdump -h -S BLUEPILL\ ORIGINAL.elf  > "BLUEPILL ORIGINAL.list"
arm-none-eabi-objcopy  -O ihex BLUEPILL\ ORIGINAL.elf  "BLUEPILL ORIGINAL.hex"
arm-none-eabi-objcopy  -O binary BLUEPILL\ ORIGINAL.elf  "BLUEPILL ORIGINAL.bin"
   text	   data	    bss	    dec	    hex	filename
  45036	    496	   2368	  47900	   bb1c	BLUEPILL ORIGINAL.elf
Finished building: default.size.stdout
 
Finished building: BLUEPILL ORIGINAL.hex
Finished building: BLUEPILL ORIGINAL.bin
 
 
Finished building: BLUEPILL ORIGINAL.list
 
20:21:42 **** Incremental Build of configuration Debug for project BLUEPILL ORIGINAL ****
make -j7 all 
arm-none-eabi-gcc "../Core/Src/main.c" -mcpu=cortex-m3 -std=gnu11 -g3 -DDEBUG -DUSE_HAL_DRIVER -DSTM32F103xB -c -I../Core/Inc -I../Drivers/STM32F1xx_HAL_Driver/Inc/Legacy -I../Drivers/STM32F1xx_HAL_Driver/Inc -I../Drivers/CMSIS/Device/ST/STM32F1xx/Include -I../Drivers/CMSIS/Include -O0 -ffunction-sections -fdata-sections -Wall -fstack-usage -fcyclomatic-complexity -MMD -MP -MF"Core/Src/main.d" -MT"Core/Src/main.o" --specs=nano.specs -mfloat-abi=soft -mthumb -o "Core/Src/main.o"
arm-none-eabi-gcc -o "BLUEPILL ORIGINAL.elf" @"objects.list"   -mcpu=cortex-m3 -T"/Users/apple/STM32CubeIDE/otros STM32/BLUEPILL ORIGINAL/STM32F103C8TX_FLASH.ld" --specs=nosys.specs -Wl,-Map="BLUEPILL ORIGINAL.map" -Wl,--gc-sections -static --specs=nano.specs -mfloat-abi=soft -mthumb -u _printf_float -u _scanf_float -Wl,--start-group -lc -lm -Wl,--end-group
Finished building target: BLUEPILL ORIGINAL.elf
 
arm-none-eabi-size  BLUEPILL\ ORIGINAL.elf 
arm-none-eabi-objdump -h -S BLUEPILL\ ORIGINAL.elf  > "BLUEPILL ORIGINAL.list"
arm-none-eabi-objcopy  -O ihex BLUEPILL\ ORIGINAL.elf  "BLUEPILL ORIGINAL.hex"
arm-none-eabi-objcopy  -O binary BLUEPILL\ ORIGINAL.elf  "BLUEPILL ORIGINAL.bin"
   text	   data	    bss	    dec	    hex	filename
  45004	    496	   2368	  47868	   bafc	BLUEPILL ORIGINAL.elf
Finished building: default.size.stdout
 
Finished building: BLUEPILL ORIGINAL.bin
 
Finished building: BLUEPILL ORIGINAL.list
 
Finished building: BLUEPILL ORIGINAL.hex
 
20:29:29 **** Incremental Build of configuration Debug for project BLUEPILL ORIGINAL ****
make -j7 all 
arm-none-eabi-gcc "../Core/Src/bms.c" -mcpu=cortex-m3 -std=gnu11 -g3 -DDEBUG -DUSE_HAL_DRIVER -DSTM32F103xB -c -I../Core/Inc -I../Drivers/STM32F1xx_HAL_Driver/Inc/Legacy -I../Drivers/STM32F1xx_HAL_Driver/Inc -I../Drivers/CMSIS/Device/ST/STM32F1xx/Include -I../Drivers/CMSIS/Include -O0 -ffunction-sections -fdata-sections -Wall -fstack-usage -fcyclomatic-complexity -MMD -MP -MF"Core/Src/bms.d" -MT"Core/Src/bms.o" --specs=nano.specs -mfloat-abi=soft -mthumb -o "Core/Src/bms.o"
arm-none-eabi-gcc -o "BLUEPILL ORIGINAL.elf" @"objects.list"   -mcpu=cortex-m3 -T"/Users/apple/STM32CubeIDE/otros STM32/BLUEPILL ORIGINAL/STM32F103C8TX_FLASH.ld" --specs=nosys.specs -Wl,-Map="BLUEPILL ORIGINAL.map" -Wl,--gc-sections -static --specs=nano.specs -mfloat-abi=soft -mthumb -u _printf_float -u _scanf_float -Wl,--start-group -lc -lm -Wl,--end-group
Finished building target: BLUEPILL ORIGINAL.elf
 
arm-none-eabi-size  BLUEPILL\ ORIGINAL.elf 
arm-none-eabi-objdump -h -S BLUEPILL\ ORIGINAL.elf  > "BLUEPILL ORIGINAL.list"
arm-none-eabi-objcopy  -O ihex BLUEPILL\ ORIGINAL.elf  "BLUEPILL ORIGINAL.hex"
arm-none-eabi-objcopy  -O binary BLUEPILL\ ORIGINAL.elf  "BLUEPILL ORIGINAL.bin"
   text	   data	    bss	    dec	    hex	filename
  45004	    496	   2368	  47868	   bafc	BLUEPILL ORIGINAL.elf
Finished building: default.size.stdout
 
Finished building: BLUEPILL ORIGINAL.hex
Finished building: BLUEPILL ORIGINAL.bin
 
 
Finished building: BLUEPILL ORIGINAL.list
 
20:31:38 **** Incremental Build of configuration Debug for project BLUEPILL ORIGINAL ****
make -j7 all 
arm-none-eabi-gcc "../Core/Src/bms.c" -mcpu=cortex-m3 -std=gnu11 -g3 -DDEBUG -DUSE_HAL_DRIVER -DSTM32F103xB -c -I../Core/Inc -I../Drivers/STM32F1xx_HAL_Driver/Inc/Legacy -I../Drivers/STM32F1xx_HAL_Driver/Inc -I../Drivers/CMSIS/Device/ST/STM32F1xx/Include -I../Drivers/CMSIS/Include -O0 -ffunction-sections -fdata-sections -Wall -fstack-usage -fcyclomatic-complexity -MMD -MP -MF"Core/Src/bms.d" -MT"Core/Src/bms.o" --specs=nano.specs -mfloat-abi=soft -mthumb -o "Core/Src/bms.o"
arm-none-eabi-gcc -o "BLUEPILL ORIGINAL.elf" @"objects.list"   -mcpu=cortex-m3 -T"/Users/apple/STM32CubeIDE/otros STM32/BLUEPILL ORIGINAL/STM32F103C8TX_FLASH.ld" --specs=nosys.specs -Wl,-Map="BLUEPILL ORIGINAL.map" -Wl,--gc-sections -static --specs=nano.specs -mfloat-abi=soft -mthumb -u _printf_float -u _scanf_float -Wl,--start-group -lc -lm -Wl,--end-group
Finished building target: BLUEPILL ORIGINAL.elf
 
arm-none-eabi-size  BLUEPILL\ ORIGINAL.elf 
arm-none-eabi-objdump -h -S BLUEPILL\ ORIGINAL.elf  > "BLUEPILL ORIGINAL.list"
arm-none-eabi-objcopy  -O ihex BLUEPILL\ ORIGINAL.elf  "BLUEPILL ORIGINAL.hex"
arm-none-eabi-objcopy  -O binary BLUEPILL\ ORIGINAL.elf  "BLUEPILL ORIGINAL.bin"
   text	   data	    bss	    dec	    hex	filename
  45004	    496	   2368	  47868	   bafc	BLUEPILL ORIGINAL.elf
Finished building: default.size.stdout
 
Finished building: BLUEPILL ORIGINAL.hex
Finished building: BLUEPILL ORIGINAL.bin
 
 
Finished building: BLUEPILL ORIGINAL.list
 
20:31:48 **** Incremental Build of configuration Debug for project BLUEPILL ORIGINAL ****
make -j7 all 
arm-none-eabi-size  BLUEPILL\ ORIGINAL.elf 
   text	   data	    bss	    dec	    hex	filename
  45004	    496	   2368	  47868	   bafc	BLUEPILL ORIGINAL.elf
Finished building: default.size.stdout
 
20:33:11 **** Incremental Build of configuration Debug for project BLUEPILL ORIGINAL ****
make -j7 all 
arm-none-eabi-gcc "../Core/Src/bms.c" -mcpu=cortex-m3 -std=gnu11 -g3 -DDEBUG -DUSE_HAL_DRIVER -DSTM32F103xB -c -I../Core/Inc -I../Drivers/STM32F1xx_HAL_Driver/Inc/Legacy -I../Drivers/STM32F1xx_HAL_Driver/Inc -I../Drivers/CMSIS/Device/ST/STM32F1xx/Include -I../Drivers/CMSIS/Include -O0 -ffunction-sections -fdata-sections -Wall -fstack-usage -fcyclomatic-complexity -MMD -MP -MF"Core/Src/bms.d" -MT"Core/Src/bms.o" --specs=nano.specs -mfloat-abi=soft -mthumb -o "Core/Src/bms.o"
arm-none-eabi-gcc -o "BLUEPILL ORIGINAL.elf" @"objects.list"   -mcpu=cortex-m3 -T"/Users/apple/STM32CubeIDE/otros STM32/BLUEPILL ORIGINAL/STM32F103C8TX_FLASH.ld" --specs=nosys.specs -Wl,-Map="BLUEPILL ORIGINAL.map" -Wl,--gc-sections -static --specs=nano.specs -mfloat-abi=soft -mthumb -u _printf_float -u _scanf_float -Wl,--start-group -lc -lm -Wl,--end-group
Finished building target: BLUEPILL ORIGINAL.elf
 
arm-none-eabi-size  BLUEPILL\ ORIGINAL.elf 
arm-none-eabi-objdump -h -S BLUEPILL\ ORIGINAL.elf  > "BLUEPILL ORIGINAL.list"
arm-none-eabi-objcopy  -O ihex BLUEPILL\ ORIGINAL.elf  "BLUEPILL ORIGINAL.hex"
arm-none-eabi-objcopy  -O binary BLUEPILL\ ORIGINAL.elf  "BLUEPILL ORIGINAL.bin"
   text	   data	    bss	    dec	    hex	filename
  45004	    496	   2368	  47868	   bafc	BLUEPILL ORIGINAL.elf
Finished building: default.size.stdout
 
Finished building: BLUEPILL ORIGINAL.hex
Finished building: BLUEPILL ORIGINAL.bin
 
 
Finished building: BLUEPILL ORIGINAL.list
 
20:41:48 **** Incremental Build of configuration Debug for project BLUEPILL ORIGINAL ****
make -j7 all 
arm-none-eabi-gcc "../Core/Src/main.c" -mcpu=cortex-m3 -std=gnu11 -g3 -DDEBUG -DUSE_HAL_DRIVER -DSTM32F103xB -c -I../Core/Inc -I../Drivers/STM32F1xx_HAL_Driver/Inc/Legacy -I../Drivers/STM32F1xx_HAL_Driver/Inc -I../Drivers/CMSIS/Device/ST/STM32F1xx/Include -I../Drivers/CMSIS/Include -O0 -ffunction-sections -fdata-sections -Wall -fstack-usage -fcyclomatic-complexity -MMD -MP -MF"Core/Src/main.d" -MT"Core/Src/main.o" --specs=nano.specs -mfloat-abi=soft -mthumb -o "Core/Src/main.o"
arm-none-eabi-gcc -o "BLUEPILL ORIGINAL.elf" @"objects.list"   -mcpu=cortex-m3 -T"/Users/apple/STM32CubeIDE/otros STM32/BLUEPILL ORIGINAL/STM32F103C8TX_FLASH.ld" --specs=nosys.specs -Wl,-Map="BLUEPILL ORIGINAL.map" -Wl,--gc-sections -static --specs=nano.specs -mfloat-abi=soft -mthumb -u _printf_float -u _scanf_float -Wl,--start-group -lc -lm -Wl,--end-group
Finished building target: BLUEPILL ORIGINAL.elf
 
arm-none-eabi-size  BLUEPILL\ ORIGINAL.elf 
arm-none-eabi-objdump -h -S BLUEPILL\ ORIGINAL.elf  > "BLUEPILL ORIGINAL.list"
arm-none-eabi-objcopy  -O ihex BLUEPILL\ ORIGINAL.elf  "BLUEPILL ORIGINAL.hex"
arm-none-eabi-objcopy  -O binary BLUEPILL\ ORIGINAL.elf  "BLUEPILL ORIGINAL.bin"
   text	   data	    bss	    dec	    hex	filename
  45036	    496	   2368	  47900	   bb1c	BLUEPILL ORIGINAL.elf
Finished building: default.size.stdout
 
Finished building: BLUEPILL ORIGINAL.bin
Finished building: BLUEPILL ORIGINAL.hex
 
 
Finished building: BLUEPILL ORIGINAL.list
 
20:45:20 **** Incremental Build of configuration Debug for project BLUEPILL ORIGINAL ****
make -j7 all 
arm-none-eabi-gcc "../Core/Src/main.c" -mcpu=cortex-m3 -std=gnu11 -g3 -DDEBUG -DUSE_HAL_DRIVER -DSTM32F103xB -c -I../Core/Inc -I../Drivers/STM32F1xx_HAL_Driver/Inc/Legacy -I../Drivers/STM32F1xx_HAL_Driver/Inc -I../Drivers/CMSIS/Device/ST/STM32F1xx/Include -I../Drivers/CMSIS/Include -O0 -ffunction-sections -fdata-sections -Wall -fstack-usage -fcyclomatic-complexity -MMD -MP -MF"Core/Src/main.d" -MT"Core/Src/main.o" --specs=nano.specs -mfloat-abi=soft -mthumb -o "Core/Src/main.o"
arm-none-eabi-gcc -o "BLUEPILL ORIGINAL.elf" @"objects.list"   -mcpu=cortex-m3 -T"/Users/apple/STM32CubeIDE/otros STM32/BLUEPILL ORIGINAL/STM32F103C8TX_FLASH.ld" --specs=nosys.specs -Wl,-Map="BLUEPILL ORIGINAL.map" -Wl,--gc-sections -static --specs=nano.specs -mfloat-abi=soft -mthumb -u _printf_float -u _scanf_float -Wl,--start-group -lc -lm -Wl,--end-group
Finished building target: BLUEPILL ORIGINAL.elf
 
arm-none-eabi-size  BLUEPILL\ ORIGINAL.elf 
arm-none-eabi-objdump -h -S BLUEPILL\ ORIGINAL.elf  > "BLUEPILL ORIGINAL.list"
arm-none-eabi-objcopy  -O ihex BLUEPILL\ ORIGINAL.elf  "BLUEPILL ORIGINAL.hex"
arm-none-eabi-objcopy  -O binary BLUEPILL\ ORIGINAL.elf  "BLUEPILL ORIGINAL.bin"
   text	   data	    bss	    dec	    hex	filename
  44940	    496	   2368	  47804	   babc	BLUEPILL ORIGINAL.elf
Finished building: default.size.stdout
 
Finished building: BLUEPILL ORIGINAL.bin
Finished building: BLUEPILL ORIGINAL.hex
 
 
Finished building: BLUEPILL ORIGINAL.list
 
14:18:29 **** Incremental Build of configuration Debug for project BLUEPILL ORIGINAL ****
make -j7 all 
arm-none-eabi-gcc "../Core/Src/main.c" -mcpu=cortex-m3 -std=gnu11 -g3 -DDEBUG -DUSE_HAL_DRIVER -DSTM32F103xB -c -I../Core/Inc -I../Drivers/STM32F1xx_HAL_Driver/Inc/Legacy -I../Drivers/STM32F1xx_HAL_Driver/Inc -I../Drivers/CMSIS/Device/ST/STM32F1xx/Include -I../Drivers/CMSIS/Include -O0 -ffunction-sections -fdata-sections -Wall -fstack-usage -fcyclomatic-complexity -MMD -MP -MF"Core/Src/main.d" -MT"Core/Src/main.o" --specs=nano.specs -mfloat-abi=soft -mthumb -o "Core/Src/main.o"
../Core/Src/main.c: In function 'main':
../Core/Src/main.c:161:56: warning: format '%u' expects argument of type 'unsigned int', but argument 4 has type 'uint64_t' {aka 'long long unsigned int'} [-Wformat=]
  161 |     snprintf(buffer, BUFFER_SIZE, "totalizadoCoulomb: %u \n", totalizadoCoulomb);
      |                                                       ~^      ~~~~~~~~~~~~~~~~~
      |                                                        |      |
      |                                                        |      uint64_t {aka long long unsigned int}
      |                                                        unsigned int
      |                                                       %llu
arm-none-eabi-gcc -o "BLUEPILL ORIGINAL.elf" @"objects.list"   -mcpu=cortex-m3 -T"/Users/apple/STM32CubeIDE/otros STM32/BLUEPILL ORIGINAL/STM32F103C8TX_FLASH.ld" --specs=nosys.specs -Wl,-Map="BLUEPILL ORIGINAL.map" -Wl,--gc-sections -static --specs=nano.specs -mfloat-abi=soft -mthumb -u _printf_float -u _scanf_float -Wl,--start-group -lc -lm -Wl,--end-group
Finished building target: BLUEPILL ORIGINAL.elf
 
arm-none-eabi-size  BLUEPILL\ ORIGINAL.elf 
arm-none-eabi-objdump -h -S BLUEPILL\ ORIGINAL.elf  > "BLUEPILL ORIGINAL.list"
arm-none-eabi-objcopy  -O ihex BLUEPILL\ ORIGINAL.elf  "BLUEPILL ORIGINAL.hex"
arm-none-eabi-objcopy  -O binary BLUEPILL\ ORIGINAL.elf  "BLUEPILL ORIGINAL.bin"
   text	   data	    bss	    dec	    hex	filename
  45204	    496	   2368	  48068	   bbc4	BLUEPILL ORIGINAL.elf
Finished building: default.size.stdout
 
Finished building: BLUEPILL ORIGINAL.bin
Finished building: BLUEPILL ORIGINAL.hex
 
 
Finished building: BLUEPILL ORIGINAL.list
 
14:33:45 **** Incremental Build of configuration Debug for project BLUEPILL ORIGINAL ****
make -j7 all 
arm-none-eabi-gcc "../Core/Src/main.c" -mcpu=cortex-m3 -std=gnu11 -g3 -DDEBUG -DUSE_HAL_DRIVER -DSTM32F103xB -c -I../Core/Inc -I../Drivers/STM32F1xx_HAL_Driver/Inc/Legacy -I../Drivers/STM32F1xx_HAL_Driver/Inc -I../Drivers/CMSIS/Device/ST/STM32F1xx/Include -I../Drivers/CMSIS/Include -O0 -ffunction-sections -fdata-sections -Wall -fstack-usage -fcyclomatic-complexity -MMD -MP -MF"Core/Src/main.d" -MT"Core/Src/main.o" --specs=nano.specs -mfloat-abi=soft -mthumb -o "Core/Src/main.o"
../Core/Src/main.c: In function 'main':
../Core/Src/main.c:161:56: warning: format '%u' expects argument of type 'unsigned int', but argument 4 has type 'uint64_t' {aka 'long long unsigned int'} [-Wformat=]
  161 |     snprintf(buffer, BUFFER_SIZE, "totalizadoCoulomb: %u \n", totalizadoCoulomb);
      |                                                       ~^      ~~~~~~~~~~~~~~~~~
      |                                                        |      |
      |                                                        |      uint64_t {aka long long unsigned int}
      |                                                        unsigned int
      |                                                       %llu
arm-none-eabi-gcc -o "BLUEPILL ORIGINAL.elf" @"objects.list"   -mcpu=cortex-m3 -T"/Users/apple/STM32CubeIDE/otros STM32/BLUEPILL ORIGINAL/STM32F103C8TX_FLASH.ld" --specs=nosys.specs -Wl,-Map="BLUEPILL ORIGINAL.map" -Wl,--gc-sections -static --specs=nano.specs -mfloat-abi=soft -mthumb -u _printf_float -u _scanf_float -Wl,--start-group -lc -lm -Wl,--end-group
Finished building target: BLUEPILL ORIGINAL.elf
 
arm-none-eabi-size  BLUEPILL\ ORIGINAL.elf 
arm-none-eabi-objdump -h -S BLUEPILL\ ORIGINAL.elf  > "BLUEPILL ORIGINAL.list"
arm-none-eabi-objcopy  -O ihex BLUEPILL\ ORIGINAL.elf  "BLUEPILL ORIGINAL.hex"
arm-none-eabi-objcopy  -O binary BLUEPILL\ ORIGINAL.elf  "BLUEPILL ORIGINAL.bin"
   text	   data	    bss	    dec	    hex	filename
  45204	    496	   2368	  48068	   bbc4	BLUEPILL ORIGINAL.elf
Finished building: default.size.stdout
 
Finished building: BLUEPILL ORIGINAL.hex
Finished building: BLUEPILL ORIGINAL.bin
 
 
Finished building: BLUEPILL ORIGINAL.list
 
14:34:01 **** Incremental Build of configuration Debug for project BLUEPILL ORIGINAL ****
make -j7 all 
arm-none-eabi-size  BLUEPILL\ ORIGINAL.elf 
   text	   data	    bss	    dec	    hex	filename
  45204	    496	   2368	  48068	   bbc4	BLUEPILL ORIGINAL.elf
Finished building: default.size.stdout
 
14:34:30 **** Incremental Build of configuration Debug for project BLUEPILL ORIGINAL ****
make -j7 all 
arm-none-eabi-gcc "../Core/Src/main.c" -mcpu=cortex-m3 -std=gnu11 -g3 -DDEBUG -DUSE_HAL_DRIVER -DSTM32F103xB -c -I../Core/Inc -I../Drivers/STM32F1xx_HAL_Driver/Inc/Legacy -I../Drivers/STM32F1xx_HAL_Driver/Inc -I../Drivers/CMSIS/Device/ST/STM32F1xx/Include -I../Drivers/CMSIS/Include -O0 -ffunction-sections -fdata-sections -Wall -fstack-usage -fcyclomatic-complexity -MMD -MP -MF"Core/Src/main.d" -MT"Core/Src/main.o" --specs=nano.specs -mfloat-abi=soft -mthumb -o "Core/Src/main.o"
../Core/Src/main.c: In function 'main':
../Core/Src/main.c:161:56: warning: format '%u' expects argument of type 'unsigned int', but argument 4 has type 'uint64_t' {aka 'long long unsigned int'} [-Wformat=]
  161 |     snprintf(buffer, BUFFER_SIZE, "totalizadoCoulomb: %u \n", totalizadoCoulomb);
      |                                                       ~^      ~~~~~~~~~~~~~~~~~
      |                                                        |      |
      |                                                        |      uint64_t {aka long long unsigned int}
      |                                                        unsigned int
      |                                                       %llu
arm-none-eabi-gcc -o "BLUEPILL ORIGINAL.elf" @"objects.list"   -mcpu=cortex-m3 -T"/Users/apple/STM32CubeIDE/otros STM32/BLUEPILL ORIGINAL/STM32F103C8TX_FLASH.ld" --specs=nosys.specs -Wl,-Map="BLUEPILL ORIGINAL.map" -Wl,--gc-sections -static --specs=nano.specs -mfloat-abi=soft -mthumb -u _printf_float -u _scanf_float -Wl,--start-group -lc -lm -Wl,--end-group
Finished building target: BLUEPILL ORIGINAL.elf
 
arm-none-eabi-size  BLUEPILL\ ORIGINAL.elf 
arm-none-eabi-objdump -h -S BLUEPILL\ ORIGINAL.elf  > "BLUEPILL ORIGINAL.list"
arm-none-eabi-objcopy  -O ihex BLUEPILL\ ORIGINAL.elf  "BLUEPILL ORIGINAL.hex"
arm-none-eabi-objcopy  -O binary BLUEPILL\ ORIGINAL.elf  "BLUEPILL ORIGINAL.bin"
   text	   data	    bss	    dec	    hex	filename
  44868	    496	   2368	  47732	   ba74	BLUEPILL ORIGINAL.elf
Finished building: default.size.stdout
 
Finished building: BLUEPILL ORIGINAL.hex
Finished building: BLUEPILL ORIGINAL.bin
 
 
Finished building: BLUEPILL ORIGINAL.list
 
14:36:20 **** Incremental Build of configuration Debug for project BLUEPILL ORIGINAL ****
make -j7 all 
arm-none-eabi-gcc "../Core/Src/main.c" -mcpu=cortex-m3 -std=gnu11 -g3 -DDEBUG -DUSE_HAL_DRIVER -DSTM32F103xB -c -I../Core/Inc -I../Drivers/STM32F1xx_HAL_Driver/Inc/Legacy -I../Drivers/STM32F1xx_HAL_Driver/Inc -I../Drivers/CMSIS/Device/ST/STM32F1xx/Include -I../Drivers/CMSIS/Include -O0 -ffunction-sections -fdata-sections -Wall -fstack-usage -fcyclomatic-complexity -MMD -MP -MF"Core/Src/main.d" -MT"Core/Src/main.o" --specs=nano.specs -mfloat-abi=soft -mthumb -o "Core/Src/main.o"
../Core/Src/main.c: In function 'main':
../Core/Src/main.c:161:56: warning: format '%u' expects argument of type 'unsigned int', but argument 4 has type 'uint64_t' {aka 'long long unsigned int'} [-Wformat=]
  161 |     snprintf(buffer, BUFFER_SIZE, "totalizadoCoulomb: %u \n", totalizadoCoulomb);
      |                                                       ~^      ~~~~~~~~~~~~~~~~~
      |                                                        |      |
      |                                                        |      uint64_t {aka long long unsigned int}
      |                                                        unsigned int
      |                                                       %llu
arm-none-eabi-gcc -o "BLUEPILL ORIGINAL.elf" @"objects.list"   -mcpu=cortex-m3 -T"/Users/apple/STM32CubeIDE/otros STM32/BLUEPILL ORIGINAL/STM32F103C8TX_FLASH.ld" --specs=nosys.specs -Wl,-Map="BLUEPILL ORIGINAL.map" -Wl,--gc-sections -static --specs=nano.specs -mfloat-abi=soft -mthumb -u _printf_float -u _scanf_float -Wl,--start-group -lc -lm -Wl,--end-group
Finished building target: BLUEPILL ORIGINAL.elf
 
arm-none-eabi-size  BLUEPILL\ ORIGINAL.elf 
arm-none-eabi-objdump -h -S BLUEPILL\ ORIGINAL.elf  > "BLUEPILL ORIGINAL.list"
arm-none-eabi-objcopy  -O ihex BLUEPILL\ ORIGINAL.elf  "BLUEPILL ORIGINAL.hex"
arm-none-eabi-objcopy  -O binary BLUEPILL\ ORIGINAL.elf  "BLUEPILL ORIGINAL.bin"
   text	   data	    bss	    dec	    hex	filename
  44868	    496	   2368	  47732	   ba74	BLUEPILL ORIGINAL.elf
Finished building: default.size.stdout
 
Finished building: BLUEPILL ORIGINAL.hex
Finished building: BLUEPILL ORIGINAL.bin
 
 
Finished building: BLUEPILL ORIGINAL.list
 
14:38:43 **** Incremental Build of configuration Debug for project BLUEPILL ORIGINAL ****
make -j7 all 
arm-none-eabi-gcc "../Core/Src/bms.c" -mcpu=cortex-m3 -std=gnu11 -g3 -DDEBUG -DUSE_HAL_DRIVER -DSTM32F103xB -c -I../Core/Inc -I../Drivers/STM32F1xx_HAL_Driver/Inc/Legacy -I../Drivers/STM32F1xx_HAL_Driver/Inc -I../Drivers/CMSIS/Device/ST/STM32F1xx/Include -I../Drivers/CMSIS/Include -O0 -ffunction-sections -fdata-sections -Wall -fstack-usage -fcyclomatic-complexity -MMD -MP -MF"Core/Src/bms.d" -MT"Core/Src/bms.o" --specs=nano.specs -mfloat-abi=soft -mthumb -o "Core/Src/bms.o"
arm-none-eabi-gcc -o "BLUEPILL ORIGINAL.elf" @"objects.list"   -mcpu=cortex-m3 -T"/Users/apple/STM32CubeIDE/otros STM32/BLUEPILL ORIGINAL/STM32F103C8TX_FLASH.ld" --specs=nosys.specs -Wl,-Map="BLUEPILL ORIGINAL.map" -Wl,--gc-sections -static --specs=nano.specs -mfloat-abi=soft -mthumb -u _printf_float -u _scanf_float -Wl,--start-group -lc -lm -Wl,--end-group
Finished building target: BLUEPILL ORIGINAL.elf
 
arm-none-eabi-size  BLUEPILL\ ORIGINAL.elf 
arm-none-eabi-objdump -h -S BLUEPILL\ ORIGINAL.elf  > "BLUEPILL ORIGINAL.list"
arm-none-eabi-objcopy  -O ihex BLUEPILL\ ORIGINAL.elf  "BLUEPILL ORIGINAL.hex"
arm-none-eabi-objcopy  -O binary BLUEPILL\ ORIGINAL.elf  "BLUEPILL ORIGINAL.bin"
   text	   data	    bss	    dec	    hex	filename
  44868	    496	   2368	  47732	   ba74	BLUEPILL ORIGINAL.elf
Finished building: default.size.stdout
 
Finished building: BLUEPILL ORIGINAL.bin
Finished building: BLUEPILL ORIGINAL.hex
 
 
Finished building: BLUEPILL ORIGINAL.list
 
14:42:15 **** Incremental Build of configuration Debug for project BLUEPILL ORIGINAL ****
make -j7 all 
arm-none-eabi-gcc "../Core/Src/bms.c" -mcpu=cortex-m3 -std=gnu11 -g3 -DDEBUG -DUSE_HAL_DRIVER -DSTM32F103xB -c -I../Core/Inc -I../Drivers/STM32F1xx_HAL_Driver/Inc/Legacy -I../Drivers/STM32F1xx_HAL_Driver/Inc -I../Drivers/CMSIS/Device/ST/STM32F1xx/Include -I../Drivers/CMSIS/Include -O0 -ffunction-sections -fdata-sections -Wall -fstack-usage -fcyclomatic-complexity -MMD -MP -MF"Core/Src/bms.d" -MT"Core/Src/bms.o" --specs=nano.specs -mfloat-abi=soft -mthumb -o "Core/Src/bms.o"
arm-none-eabi-gcc -o "BLUEPILL ORIGINAL.elf" @"objects.list"   -mcpu=cortex-m3 -T"/Users/apple/STM32CubeIDE/otros STM32/BLUEPILL ORIGINAL/STM32F103C8TX_FLASH.ld" --specs=nosys.specs -Wl,-Map="BLUEPILL ORIGINAL.map" -Wl,--gc-sections -static --specs=nano.specs -mfloat-abi=soft -mthumb -u _printf_float -u _scanf_float -Wl,--start-group -lc -lm -Wl,--end-group
Finished building target: BLUEPILL ORIGINAL.elf
 
arm-none-eabi-size  BLUEPILL\ ORIGINAL.elf 
arm-none-eabi-objdump -h -S BLUEPILL\ ORIGINAL.elf  > "BLUEPILL ORIGINAL.list"
arm-none-eabi-objcopy  -O ihex BLUEPILL\ ORIGINAL.elf  "BLUEPILL ORIGINAL.hex"
arm-none-eabi-objcopy  -O binary BLUEPILL\ ORIGINAL.elf  "BLUEPILL ORIGINAL.bin"
   text	   data	    bss	    dec	    hex	filename
  44868	    496	   2368	  47732	   ba74	BLUEPILL ORIGINAL.elf
Finished building: default.size.stdout
 
Finished building: BLUEPILL ORIGINAL.hex
Finished building: BLUEPILL ORIGINAL.bin
 
 
Finished building: BLUEPILL ORIGINAL.list
 
14:44:21 **** Incremental Build of configuration Debug for project BLUEPILL ORIGINAL ****
make -j7 all 
arm-none-eabi-gcc "../Core/Src/bms.c" -mcpu=cortex-m3 -std=gnu11 -g3 -DDEBUG -DUSE_HAL_DRIVER -DSTM32F103xB -c -I../Core/Inc -I../Drivers/STM32F1xx_HAL_Driver/Inc/Legacy -I../Drivers/STM32F1xx_HAL_Driver/Inc -I../Drivers/CMSIS/Device/ST/STM32F1xx/Include -I../Drivers/CMSIS/Include -O0 -ffunction-sections -fdata-sections -Wall -fstack-usage -fcyclomatic-complexity -MMD -MP -MF"Core/Src/bms.d" -MT"Core/Src/bms.o" --specs=nano.specs -mfloat-abi=soft -mthumb -o "Core/Src/bms.o"
arm-none-eabi-gcc -o "BLUEPILL ORIGINAL.elf" @"objects.list"   -mcpu=cortex-m3 -T"/Users/apple/STM32CubeIDE/otros STM32/BLUEPILL ORIGINAL/STM32F103C8TX_FLASH.ld" --specs=nosys.specs -Wl,-Map="BLUEPILL ORIGINAL.map" -Wl,--gc-sections -static --specs=nano.specs -mfloat-abi=soft -mthumb -u _printf_float -u _scanf_float -Wl,--start-group -lc -lm -Wl,--end-group
Finished building target: BLUEPILL ORIGINAL.elf
 
arm-none-eabi-size  BLUEPILL\ ORIGINAL.elf 
arm-none-eabi-objdump -h -S BLUEPILL\ ORIGINAL.elf  > "BLUEPILL ORIGINAL.list"
arm-none-eabi-objcopy  -O ihex BLUEPILL\ ORIGINAL.elf  "BLUEPILL ORIGINAL.hex"
arm-none-eabi-objcopy  -O binary BLUEPILL\ ORIGINAL.elf  "BLUEPILL ORIGINAL.bin"
   text	   data	    bss	    dec	    hex	filename
  44868	    496	   2368	  47732	   ba74	BLUEPILL ORIGINAL.elf
Finished building: default.size.stdout
 
Finished building: BLUEPILL ORIGINAL.bin
Finished building: BLUEPILL ORIGINAL.hex
 
 
Finished building: BLUEPILL ORIGINAL.list
 
14:45:30 **** Incremental Build of configuration Debug for project BLUEPILL ORIGINAL ****
make -j7 all 
arm-none-eabi-gcc "../Core/Src/bms.c" -mcpu=cortex-m3 -std=gnu11 -g3 -DDEBUG -DUSE_HAL_DRIVER -DSTM32F103xB -c -I../Core/Inc -I../Drivers/STM32F1xx_HAL_Driver/Inc/Legacy -I../Drivers/STM32F1xx_HAL_Driver/Inc -I../Drivers/CMSIS/Device/ST/STM32F1xx/Include -I../Drivers/CMSIS/Include -O0 -ffunction-sections -fdata-sections -Wall -fstack-usage -fcyclomatic-complexity -MMD -MP -MF"Core/Src/bms.d" -MT"Core/Src/bms.o" --specs=nano.specs -mfloat-abi=soft -mthumb -o "Core/Src/bms.o"
arm-none-eabi-gcc -o "BLUEPILL ORIGINAL.elf" @"objects.list"   -mcpu=cortex-m3 -T"/Users/apple/STM32CubeIDE/otros STM32/BLUEPILL ORIGINAL/STM32F103C8TX_FLASH.ld" --specs=nosys.specs -Wl,-Map="BLUEPILL ORIGINAL.map" -Wl,--gc-sections -static --specs=nano.specs -mfloat-abi=soft -mthumb -u _printf_float -u _scanf_float -Wl,--start-group -lc -lm -Wl,--end-group
Finished building target: BLUEPILL ORIGINAL.elf
 
arm-none-eabi-size  BLUEPILL\ ORIGINAL.elf 
arm-none-eabi-objdump -h -S BLUEPILL\ ORIGINAL.elf  > "BLUEPILL ORIGINAL.list"
arm-none-eabi-objcopy  -O ihex BLUEPILL\ ORIGINAL.elf  "BLUEPILL ORIGINAL.hex"
arm-none-eabi-objcopy  -O binary BLUEPILL\ ORIGINAL.elf  "BLUEPILL ORIGINAL.bin"
   text	   data	    bss	    dec	    hex	filename
  44868	    496	   2368	  47732	   ba74	BLUEPILL ORIGINAL.elf
Finished building: default.size.stdout
 
Finished building: BLUEPILL ORIGINAL.hex
Finished building: BLUEPILL ORIGINAL.bin
 
 
Finished building: BLUEPILL ORIGINAL.list
 
14:48:46 **** Incremental Build of configuration Debug for project BLUEPILL ORIGINAL ****
make -j7 all 
arm-none-eabi-gcc "../Core/Src/bms.c" -mcpu=cortex-m3 -std=gnu11 -g3 -DDEBUG -DUSE_HAL_DRIVER -DSTM32F103xB -c -I../Core/Inc -I../Drivers/STM32F1xx_HAL_Driver/Inc/Legacy -I../Drivers/STM32F1xx_HAL_Driver/Inc -I../Drivers/CMSIS/Device/ST/STM32F1xx/Include -I../Drivers/CMSIS/Include -O0 -ffunction-sections -fdata-sections -Wall -fstack-usage -fcyclomatic-complexity -MMD -MP -MF"Core/Src/bms.d" -MT"Core/Src/bms.o" --specs=nano.specs -mfloat-abi=soft -mthumb -o "Core/Src/bms.o"
arm-none-eabi-gcc -o "BLUEPILL ORIGINAL.elf" @"objects.list"   -mcpu=cortex-m3 -T"/Users/apple/STM32CubeIDE/otros STM32/BLUEPILL ORIGINAL/STM32F103C8TX_FLASH.ld" --specs=nosys.specs -Wl,-Map="BLUEPILL ORIGINAL.map" -Wl,--gc-sections -static --specs=nano.specs -mfloat-abi=soft -mthumb -u _printf_float -u _scanf_float -Wl,--start-group -lc -lm -Wl,--end-group
Finished building target: BLUEPILL ORIGINAL.elf
 
arm-none-eabi-size  BLUEPILL\ ORIGINAL.elf 
arm-none-eabi-objdump -h -S BLUEPILL\ ORIGINAL.elf  > "BLUEPILL ORIGINAL.list"
arm-none-eabi-objcopy  -O ihex BLUEPILL\ ORIGINAL.elf  "BLUEPILL ORIGINAL.hex"
arm-none-eabi-objcopy  -O binary BLUEPILL\ ORIGINAL.elf  "BLUEPILL ORIGINAL.bin"
   text	   data	    bss	    dec	    hex	filename
  44868	    496	   2368	  47732	   ba74	BLUEPILL ORIGINAL.elf
Finished building: default.size.stdout
 
Finished building: BLUEPILL ORIGINAL.hex
Finished building: BLUEPILL ORIGINAL.bin
 
 
Finished building: BLUEPILL ORIGINAL.list
 
14:49:45 **** Incremental Build of configuration Debug for project BLUEPILL ORIGINAL ****
make -j7 all 
arm-none-eabi-gcc "../Core/Src/bms.c" -mcpu=cortex-m3 -std=gnu11 -g3 -DDEBUG -DUSE_HAL_DRIVER -DSTM32F103xB -c -I../Core/Inc -I../Drivers/STM32F1xx_HAL_Driver/Inc/Legacy -I../Drivers/STM32F1xx_HAL_Driver/Inc -I../Drivers/CMSIS/Device/ST/STM32F1xx/Include -I../Drivers/CMSIS/Include -O0 -ffunction-sections -fdata-sections -Wall -fstack-usage -fcyclomatic-complexity -MMD -MP -MF"Core/Src/bms.d" -MT"Core/Src/bms.o" --specs=nano.specs -mfloat-abi=soft -mthumb -o "Core/Src/bms.o"
arm-none-eabi-gcc -o "BLUEPILL ORIGINAL.elf" @"objects.list"   -mcpu=cortex-m3 -T"/Users/apple/STM32CubeIDE/otros STM32/BLUEPILL ORIGINAL/STM32F103C8TX_FLASH.ld" --specs=nosys.specs -Wl,-Map="BLUEPILL ORIGINAL.map" -Wl,--gc-sections -static --specs=nano.specs -mfloat-abi=soft -mthumb -u _printf_float -u _scanf_float -Wl,--start-group -lc -lm -Wl,--end-group
Finished building target: BLUEPILL ORIGINAL.elf
 
arm-none-eabi-size  BLUEPILL\ ORIGINAL.elf 
arm-none-eabi-objdump -h -S BLUEPILL\ ORIGINAL.elf  > "BLUEPILL ORIGINAL.list"
arm-none-eabi-objcopy  -O ihex BLUEPILL\ ORIGINAL.elf  "BLUEPILL ORIGINAL.hex"
arm-none-eabi-objcopy  -O binary BLUEPILL\ ORIGINAL.elf  "BLUEPILL ORIGINAL.bin"
   text	   data	    bss	    dec	    hex	filename
  44868	    496	   2368	  47732	   ba74	BLUEPILL ORIGINAL.elf
Finished building: default.size.stdout
 
Finished building: BLUEPILL ORIGINAL.hex
Finished building: BLUEPILL ORIGINAL.bin
 
 
Finished building: BLUEPILL ORIGINAL.list
 
15:07:36 **** Incremental Build of configuration Debug for project BLUEPILL ORIGINAL ****
make -j7 all 
arm-none-eabi-gcc "../Core/Src/main.c" -mcpu=cortex-m3 -std=gnu11 -g3 -DDEBUG -DUSE_HAL_DRIVER -DSTM32F103xB -c -I../Core/Inc -I../Drivers/STM32F1xx_HAL_Driver/Inc/Legacy -I../Drivers/STM32F1xx_HAL_Driver/Inc -I../Drivers/CMSIS/Device/ST/STM32F1xx/Include -I../Drivers/CMSIS/Include -O0 -ffunction-sections -fdata-sections -Wall -fstack-usage -fcyclomatic-complexity -MMD -MP -MF"Core/Src/main.d" -MT"Core/Src/main.o" --specs=nano.specs -mfloat-abi=soft -mthumb -o "Core/Src/main.o"
../Core/Src/main.c: In function 'main':
../Core/Src/main.c:163:56: warning: format '%u' expects argument of type 'unsigned int', but argument 4 has type 'uint32_t' {aka 'long unsigned int'} [-Wformat=]
  163 |     snprintf(buffer, BUFFER_SIZE, "totalizadoCoulomb: %u \n", totalizadoCoulomb);
      |                                                       ~^      ~~~~~~~~~~~~~~~~~
      |                                                        |      |
[...]
arm-none-eabi-gcc "../Core/Src/usart.c" -mcpu=cortex-m3 -std=gnu11 -g3 -DDEBUG -DUSE_HAL_DRIVER -DSTM32F103xB -c -I../Core/Inc -I../Drivers/STM32F1xx_HAL_Driver/Inc/Legacy -I../Drivers/STM32F1xx_HAL_Driver/Inc -I../Drivers/CMSIS/Device/ST/STM32F1xx/Include -I../Drivers/CMSIS/Include -O0 -ffunction-sections -fdata-sections -Wall -fstack-usage -fcyclomatic-complexity -MMD -MP -MF"Core/Src/usart.d" -MT"Core/Src/usart.o" --specs=nano.specs -mfloat-abi=soft -mthumb -o "Core/Src/usart.o"
arm-none-eabi-gcc -o "BLUEPILL ORIGINAL.elf" @"objects.list"   -mcpu=cortex-m3 -T"/Users/apple/STM32CubeIDE/otros STM32/BLUEPILL ORIGINAL/STM32F103C8TX_FLASH.ld" --specs=nosys.specs -Wl,-Map="BLUEPILL ORIGINAL.map" -Wl,--gc-sections -static --specs=nano.specs -mfloat-abi=soft -mthumb -u _printf_float -u _scanf_float -Wl,--start-group -lc -lm -Wl,--end-group
Finished building target: BLUEPILL ORIGINAL.elf
 
arm-none-eabi-size  BLUEPILL\ ORIGINAL.elf 
arm-none-eabi-objdump -h -S BLUEPILL\ ORIGINAL.elf  > "BLUEPILL ORIGINAL.list"
arm-none-eabi-objcopy  -O ihex BLUEPILL\ ORIGINAL.elf  "BLUEPILL ORIGINAL.hex"
arm-none-eabi-objcopy  -O binary BLUEPILL\ ORIGINAL.elf  "BLUEPILL ORIGINAL.bin"
   text	   data	    bss	    dec	    hex	filename
  47316	    496	   2448	  50260	   c454	BLUEPILL ORIGINAL.elf
Finished building: default.size.stdout
 
Finished building: BLUEPILL ORIGINAL.bin
Finished building: BLUEPILL ORIGINAL.hex
 
 
Finished building: BLUEPILL ORIGINAL.list
 
20:17:40 **** Incremental Build of configuration Debug for project BLUEPILL ORIGINAL ****
make -j7 all 
arm-none-eabi-gcc "../Core/Src/main.c" -mcpu=cortex-m3 -std=gnu11 -g3 -DDEBUG -DUSE_HAL_DRIVER -DSTM32F103xB -c -I../Core/Inc -I../Drivers/STM32F1xx_HAL_Driver/Inc/Legacy -I../Drivers/STM32F1xx_HAL_Driver/Inc -I../Drivers/CMSIS/Device/ST/STM32F1xx/Include -I../Drivers/CMSIS/Include -O0 -ffunction-sections -fdata-sections -Wall -fstack-usage -fcyclomatic-complexity -MMD -MP -MF"Core/Src/main.d" -MT"Core/Src/main.o" --specs=nano.specs -mfloat-abi=soft -mthumb -o "Core/Src/main.o"
arm-none-eabi-gcc -o "BLUEPILL ORIGINAL.elf" @"objects.list"   -mcpu=cortex-m3 -T"/Users/apple/STM32CubeIDE/otros STM32/BLUEPILL ORIGINAL/STM32F103C8TX_FLASH.ld" --specs=nosys.specs -Wl,-Map="BLUEPILL ORIGINAL.map" -Wl,--gc-sections -static --specs=nano.specs -mfloat-abi=soft -mthumb -u _printf_float -u _scanf_float -Wl,--start-group -lc -lm -Wl,--end-group
Finished building target: BLUEPILL ORIGINAL.elf
 
arm-none-eabi-size  BLUEPILL\ ORIGINAL.elf 
arm-none-eabi-objdump -h -S BLUEPILL\ ORIGINAL.elf  > "BLUEPILL ORIGINAL.list"
arm-none-eabi-objcopy  -O ihex BLUEPILL\ ORIGINAL.elf  "BLUEPILL ORIGINAL.hex"
arm-none-eabi-objcopy  -O binary BLUEPILL\ ORIGINAL.elf  "BLUEPILL ORIGINAL.bin"
   text	   data	    bss	    dec	    hex	filename
  47316	    496	   2448	  50260	   c454	BLUEPILL ORIGINAL.elf
Finished building: default.size.stdout
 
Finished building: BLUEPILL ORIGINAL.hex
Finished building: BLUEPILL ORIGINAL.bin
 
 
Finished building: BLUEPILL ORIGINAL.list
 
20:20:02 **** Incremental Build of configuration Debug for project BLUEPILL ORIGINAL ****
make -j7 all 
arm-none-eabi-gcc "../Core/Src/main.c" -mcpu=cortex-m3 -std=gnu11 -g3 -DDEBUG -DUSE_HAL_DRIVER -DSTM32F103xB -c -I../Core/Inc -I../Drivers/STM32F1xx_HAL_Driver/Inc/Legacy -I../Drivers/STM32F1xx_HAL_Driver/Inc -I../Drivers/CMSIS/Device/ST/STM32F1xx/Include -I../Drivers/CMSIS/Include -O0 -ffunction-sections -fdata-sections -Wall -fstack-usage -fcyclomatic-complexity -MMD -MP -MF"Core/Src/main.d" -MT"Core/Src/main.o" --specs=nano.specs -mfloat-abi=soft -mthumb -o "Core/Src/main.o"
../Core/Src/main.c:273:14: warning: 'status_reset' defined but not used [-Wunused-function]
  273 |         void status_reset(){
      |              ^~~~~~~~~~~~
../Core/Src/main.c:243:14: warning: 'batteryProtection' defined but not used [-Wunused-function]
  243 |         void batteryProtection(uint16_t Vbat_mV){
      |              ^~~~~~~~~~~~~~~~~
../Core/Src/main.c:237:14: warning: 'BMSlogic' defined but not used [-Wunused-function]
  237 |         void BMSlogic(){
      |              ^~~~~~~~
../Core/Src/main.c:220:14: warning: 'sendMSGS' defined but not used [-Wunused-function]
  220 |         void sendMSGS(HAL_StatusTypeDef statusI2c) {
      |              ^~~~~~~~
../Core/Src/main.c:206:27: warning: 'BMSreadAll' defined but not used [-Wunused-function]
  206 |         HAL_StatusTypeDef BMSreadAll(){
      |                           ^~~~~~~~~~
../Core/Src/main.c:195:18: warning: 'escalar_tension_adc' defined but not used [-Wunused-function]
  195 |         uint16_t escalar_tension_adc(uint16_t cell_mas,uint16_t cell_menos){
      |                  ^~~~~~~~~~~~~~~~~~~
../Core/Src/main.c:170:14: warning: 'leer_promediado' defined but not used [-Wunused-function]
  170 |         void leer_promediado(uint16_t *cell_mas,uint16_t *cell_menos, int16_t *current) {
      |              ^~~~~~~~~~~~~~~
arm-none-eabi-gcc -o "BLUEPILL ORIGINAL.elf" @"objects.list"   -mcpu=cortex-m3 -T"/Users/apple/STM32CubeIDE/otros STM32/BLUEPILL ORIGINAL/STM32F103C8TX_FLASH.ld" --specs=nosys.specs -Wl,-Map="BLUEPILL ORIGINAL.map" -Wl,--gc-sections -static --specs=nano.specs -mfloat-abi=soft -mthumb -u _printf_float -u _scanf_float -Wl,--start-group -lc -lm -Wl,--end-group
/Applications/STM32CubeIDE.app/Contents/Eclipse/plugins/com.st.stm32cube.ide.mcu.externaltools.gnu-tools-for-stm32.12.3.rel1.macos64_1.0.200.202406191456/tools/bin/../lib/gcc/arm-none-eabi/12.3.1/../../../../arm-none-eabi/bin/ld: ./Core/Src/main.o: in function `main':
/Users/apple/STM32CubeIDE/otros STM32/BLUEPILL ORIGINAL/Debug/../Core/Src/main.c:132: undefined reference to `BMSlogic'
/Applications/STM32CubeIDE.app/Contents/Eclipse/plugins/com.st.stm32cube.ide.mcu.externaltools.gnu-tools-for-stm32.12.3.rel1.macos64_1.0.200.202406191456/tools/bin/../lib/gcc/arm-none-eabi/12.3.1/../../../../arm-none-eabi/bin/ld: /Users/apple/STM32CubeIDE/otros STM32/BLUEPILL ORIGINAL/Debug/../Core/Src/main.c:141: undefined reference to `leer_promediado'
/Applications/STM32CubeIDE.app/Contents/Eclipse/plugins/com.st.stm32cube.ide.mcu.externaltools.gnu-tools-for-stm32.12.3.rel1.macos64_1.0.200.202406191456/tools/bin/../lib/gcc/arm-none-eabi/12.3.1/../../../../arm-none-eabi/bin/ld: /Users/apple/STM32CubeIDE/otros STM32/BLUEPILL ORIGINAL/Debug/../Core/Src/main.c:142: undefined reference to `escalar_tension_adc'
/Applications/STM32CubeIDE.app/Contents/Eclipse/plugins/com.st.stm32cube.ide.mcu.externaltools.gnu-tools-for-stm32.12.3.rel1.macos64_1.0.200.202406191456/tools/bin/../lib/gcc/arm-none-eabi/12.3.1/../../../../arm-none-eabi/bin/ld: /Users/apple/STM32CubeIDE/otros STM32/BLUEPILL ORIGINAL/Debug/../Core/Src/main.c:146: undefined reference to `BMSreadAll'
/Applications/STM32CubeIDE.app/Contents/Eclipse/plugins/com.st.stm32cube.ide.mcu.externaltools.gnu-tools-for-stm32.12.3.rel1.macos64_1.0.200.202406191456/tools/bin/../lib/gcc/arm-none-eabi/12.3.1/../../../../arm-none-eabi/bin/ld: /Users/apple/STM32CubeIDE/otros STM32/BLUEPILL ORIGINAL/Debug/../Core/Src/main.c:161: undefined reference to `BMSlogic'
collect2: error: ld returned 1 exit status
make: *** [makefile:71: BLUEPILL ORIGINAL.elf] Error 1
"make -j7 all" terminated with exit code 2. Build might be incomplete.
20:20:24 **** Incremental Build of configuration Debug for project BLUEPILL ORIGINAL ****
make -j7 all 
arm-none-eabi-gcc "../Core/Src/main.c" -mcpu=cortex-m3 -std=gnu11 -g3 -DDEBUG -DUSE_HAL_DRIVER -DSTM32F103xB -c -I../Core/Inc -I../Drivers/STM32F1xx_HAL_Driver/Inc/Legacy -I../Drivers/STM32F1xx_HAL_Driver/Inc -I../Drivers/CMSIS/Device/ST/STM32F1xx/Include -I../Drivers/CMSIS/Include -O0 -ffunction-sections -fdata-sections -Wall -fstack-usage -fcyclomatic-complexity -MMD -MP -MF"Core/Src/main.d" -MT"Core/Src/main.o" --specs=nano.specs -mfloat-abi=soft -mthumb -o "Core/Src/main.o"
arm-none-eabi-gcc -o "BLUEPILL ORIGINAL.elf" @"objects.list"   -mcpu=cortex-m3 -T"/Users/apple/STM32CubeIDE/otros STM32/BLUEPILL ORIGINAL/STM32F103C8TX_FLASH.ld" --specs=nosys.specs -Wl,-Map="BLUEPILL ORIGINAL.map" -Wl,--gc-sections -static --specs=nano.specs -mfloat-abi=soft -mthumb -u _printf_float -u _scanf_float -Wl,--start-group -lc -lm -Wl,--end-group
Finished building target: BLUEPILL ORIGINAL.elf
 
arm-none-eabi-size  BLUEPILL\ ORIGINAL.elf 
arm-none-eabi-objdump -h -S BLUEPILL\ ORIGINAL.elf  > "BLUEPILL ORIGINAL.list"
arm-none-eabi-objcopy  -O ihex BLUEPILL\ ORIGINAL.elf  "BLUEPILL ORIGINAL.hex"
arm-none-eabi-objcopy  -O binary BLUEPILL\ ORIGINAL.elf  "BLUEPILL ORIGINAL.bin"
   text	   data	    bss	    dec	    hex	filename
  47316	    496	   2448	  50260	   c454	BLUEPILL ORIGINAL.elf
Finished building: default.size.stdout
 
Finished building: BLUEPILL ORIGINAL.bin
Finished building: BLUEPILL ORIGINAL.hex
 
 
Finished building: BLUEPILL ORIGINAL.list
 
20:23:07 **** Incremental Build of configuration Debug for project BLUEPILL ORIGINAL ****
make -j7 all 
arm-none-eabi-gcc "../Core/Src/main.c" -mcpu=cortex-m3 -std=gnu11 -g3 -DDEBUG -DUSE_HAL_DRIVER -DSTM32F103xB -c -I../Core/Inc -I../Drivers/STM32F1xx_HAL_Driver/Inc/Legacy -I../Drivers/STM32F1xx_HAL_Driver/Inc -I../Drivers/CMSIS/Device/ST/STM32F1xx/Include -I../Drivers/CMSIS/Include -O0 -ffunction-sections -fdata-sections -Wall -fstack-usage -fcyclomatic-complexity -MMD -MP -MF"Core/Src/main.d" -MT"Core/Src/main.o" --specs=nano.specs -mfloat-abi=soft -mthumb -o "Core/Src/main.o"
../Core/Src/main.c: In function 'batteryProtection':
../Core/Src/main.c:298:26: error: 'cortoEnclavamiento' undeclared (first use in this function); did you mean 'cortoEnclavamientoCHG'?
  298 |     if( celdas < 6000 && cortoEnclavamiento == false){
      |                          ^~~~~~~~~~~~~~~~~~
      |                          cortoEnclavamientoCHG
../Core/Src/main.c:298:26: note: each undeclared identifier is reported only once for each function it appears in
make: *** [Core/Src/subdir.mk:58: Core/Src/main.o] Error 1
"make -j7 all" terminated with exit code 2. Build might be incomplete.
20:23:32 **** Incremental Build of configuration Debug for project BLUEPILL ORIGINAL ****
make -j7 all 
arm-none-eabi-gcc "../Core/Src/main.c" -mcpu=cortex-m3 -std=gnu11 -g3 -DDEBUG -DUSE_HAL_DRIVER -DSTM32F103xB -c -I../Core/Inc -I../Drivers/STM32F1xx_HAL_Driver/Inc/Legacy -I../Drivers/STM32F1xx_HAL_Driver/Inc -I../Drivers/CMSIS/Device/ST/STM32F1xx/Include -I../Drivers/CMSIS/Include -O0 -ffunction-sections -fdata-sections -Wall -fstack-usage -fcyclomatic-complexity -MMD -MP -MF"Core/Src/main.d" -MT"Core/Src/main.o" --specs=nano.specs -mfloat-abi=soft -mthumb -o "Core/Src/main.o"
arm-none-eabi-gcc -o "BLUEPILL ORIGINAL.elf" @"objects.list"   -mcpu=cortex-m3 -T"/Users/apple/STM32CubeIDE/otros STM32/BLUEPILL ORIGINAL/STM32F103C8TX_FLASH.ld" --specs=nosys.specs -Wl,-Map="BLUEPILL ORIGINAL.map" -Wl,--gc-sections -static --specs=nano.specs -mfloat-abi=soft -mthumb -u _printf_float -u _scanf_float -Wl,--start-group -lc -lm -Wl,--end-group
Finished building target: BLUEPILL ORIGINAL.elf
 
arm-none-eabi-size  BLUEPILL\ ORIGINAL.elf 
arm-none-eabi-objdump -h -S BLUEPILL\ ORIGINAL.elf  > "BLUEPILL ORIGINAL.list"
arm-none-eabi-objcopy  -O ihex BLUEPILL\ ORIGINAL.elf  "BLUEPILL ORIGINAL.hex"
arm-none-eabi-objcopy  -O binary BLUEPILL\ ORIGINAL.elf  "BLUEPILL ORIGINAL.bin"
   text	   data	    bss	    dec	    hex	filename
  47316	    496	   2448	  50260	   c454	BLUEPILL ORIGINAL.elf
Finished building: default.size.stdout
 
Finished building: BLUEPILL ORIGINAL.hex
Finished building: BLUEPILL ORIGINAL.bin
 
 
Finished building: BLUEPILL ORIGINAL.list
 
20:25:38 **** Incremental Build of configuration Debug for project BLUEPILL ORIGINAL ****
make -j7 all 
arm-none-eabi-gcc "../Core/Src/main.c" -mcpu=cortex-m3 -std=gnu11 -g3 -DDEBUG -DUSE_HAL_DRIVER -DSTM32F103xB -c -I../Core/Inc -I../Drivers/STM32F1xx_HAL_Driver/Inc/Legacy -I../Drivers/STM32F1xx_HAL_Driver/Inc -I../Drivers/CMSIS/Device/ST/STM32F1xx/Include -I../Drivers/CMSIS/Include -O0 -ffunction-sections -fdata-sections -Wall -fstack-usage -fcyclomatic-complexity -MMD -MP -MF"Core/Src/main.d" -MT"Core/Src/main.o" --specs=nano.specs -mfloat-abi=soft -mthumb -o "Core/Src/main.o"
arm-none-eabi-gcc -o "BLUEPILL ORIGINAL.elf" @"objects.list"   -mcpu=cortex-m3 -T"/Users/apple/STM32CubeIDE/otros STM32/BLUEPILL ORIGINAL/STM32F103C8TX_FLASH.ld" --specs=nosys.specs -Wl,-Map="BLUEPILL ORIGINAL.map" -Wl,--gc-sections -static --specs=nano.specs -mfloat-abi=soft -mthumb -u _printf_float -u _scanf_float -Wl,--start-group -lc -lm -Wl,--end-group
Finished building target: BLUEPILL ORIGINAL.elf
 
arm-none-eabi-size  BLUEPILL\ ORIGINAL.elf 
arm-none-eabi-objdump -h -S BLUEPILL\ ORIGINAL.elf  > "BLUEPILL ORIGINAL.list"
arm-none-eabi-objcopy  -O ihex BLUEPILL\ ORIGINAL.elf  "BLUEPILL ORIGINAL.hex"
arm-none-eabi-objcopy  -O binary BLUEPILL\ ORIGINAL.elf  "BLUEPILL ORIGINAL.bin"
   text	   data	    bss	    dec	    hex	filename
  47148	    496	   2448	  50092	   c3ac	BLUEPILL ORIGINAL.elf
Finished building: default.size.stdout
 
Finished building: BLUEPILL ORIGINAL.hex
Finished building: BLUEPILL ORIGINAL.bin
 
 
Finished building: BLUEPILL ORIGINAL.list
 
20:26:21 **** Incremental Build of configuration Debug for project BLUEPILL ORIGINAL ****
make -j7 all 
arm-none-eabi-gcc "../Core/Src/main.c" -mcpu=cortex-m3 -std=gnu11 -g3 -DDEBUG -DUSE_HAL_DRIVER -DSTM32F103xB -c -I../Core/Inc -I../Drivers/STM32F1xx_HAL_Driver/Inc/Legacy -I../Drivers/STM32F1xx_HAL_Driver/Inc -I../Drivers/CMSIS/Device/ST/STM32F1xx/Include -I../Drivers/CMSIS/Include -O0 -ffunction-sections -fdata-sections -Wall -fstack-usage -fcyclomatic-complexity -MMD -MP -MF"Core/Src/main.d" -MT"Core/Src/main.o" --specs=nano.specs -mfloat-abi=soft -mthumb -o "Core/Src/main.o"
arm-none-eabi-gcc -o "BLUEPILL ORIGINAL.elf" @"objects.list"   -mcpu=cortex-m3 -T"/Users/apple/STM32CubeIDE/otros STM32/BLUEPILL ORIGINAL/STM32F103C8TX_FLASH.ld" --specs=nosys.specs -Wl,-Map="BLUEPILL ORIGINAL.map" -Wl,--gc-sections -static --specs=nano.specs -mfloat-abi=soft -mthumb -u _printf_float -u _scanf_float -Wl,--start-group -lc -lm -Wl,--end-group
Finished building target: BLUEPILL ORIGINAL.elf
 
arm-none-eabi-size  BLUEPILL\ ORIGINAL.elf 
arm-none-eabi-objdump -h -S BLUEPILL\ ORIGINAL.elf  > "BLUEPILL ORIGINAL.list"
arm-none-eabi-objcopy  -O ihex BLUEPILL\ ORIGINAL.elf  "BLUEPILL ORIGINAL.hex"
arm-none-eabi-objcopy  -O binary BLUEPILL\ ORIGINAL.elf  "BLUEPILL ORIGINAL.bin"
   text	   data	    bss	    dec	    hex	filename
  47148	    496	   2448	  50092	   c3ac	BLUEPILL ORIGINAL.elf
Finished building: default.size.stdout
 
Finished building: BLUEPILL ORIGINAL.bin
Finished building: BLUEPILL ORIGINAL.hex
 
 
Finished building: BLUEPILL ORIGINAL.list
 
20:26:46 **** Incremental Build of configuration Debug for project BLUEPILL ORIGINAL ****
make -j7 all 
arm-none-eabi-gcc "../Core/Src/main.c" -mcpu=cortex-m3 -std=gnu11 -g3 -DDEBUG -DUSE_HAL_DRIVER -DSTM32F103xB -c -I../Core/Inc -I../Drivers/STM32F1xx_HAL_Driver/Inc/Legacy -I../Drivers/STM32F1xx_HAL_Driver/Inc -I../Drivers/CMSIS/Device/ST/STM32F1xx/Include -I../Drivers/CMSIS/Include -O0 -ffunction-sections -fdata-sections -Wall -fstack-usage -fcyclomatic-complexity -MMD -MP -MF"Core/Src/main.d" -MT"Core/Src/main.o" --specs=nano.specs -mfloat-abi=soft -mthumb -o "Core/Src/main.o"
arm-none-eabi-gcc -o "BLUEPILL ORIGINAL.elf" @"objects.list"   -mcpu=cortex-m3 -T"/Users/apple/STM32CubeIDE/otros STM32/BLUEPILL ORIGINAL/STM32F103C8TX_FLASH.ld" --specs=nosys.specs -Wl,-Map="BLUEPILL ORIGINAL.map" -Wl,--gc-sections -static --specs=nano.specs -mfloat-abi=soft -mthumb -u _printf_float -u _scanf_float -Wl,--start-group -lc -lm -Wl,--end-group
Finished building target: BLUEPILL ORIGINAL.elf
 
arm-none-eabi-size  BLUEPILL\ ORIGINAL.elf 
arm-none-eabi-objdump -h -S BLUEPILL\ ORIGINAL.elf  > "BLUEPILL ORIGINAL.list"
arm-none-eabi-objcopy  -O ihex BLUEPILL\ ORIGINAL.elf  "BLUEPILL ORIGINAL.hex"
arm-none-eabi-objcopy  -O binary BLUEPILL\ ORIGINAL.elf  "BLUEPILL ORIGINAL.bin"
   text	   data	    bss	    dec	    hex	filename
  47316	    496	   2448	  50260	   c454	BLUEPILL ORIGINAL.elf
Finished building: default.size.stdout
 
Finished building: BLUEPILL ORIGINAL.bin
Finished building: BLUEPILL ORIGINAL.hex
 
 
Finished building: BLUEPILL ORIGINAL.list
 
20:27:22 **** Incremental Build of configuration Debug for project BLUEPILL ORIGINAL ****
make -j7 all 
arm-none-eabi-gcc "../Core/Src/main.c" -mcpu=cortex-m3 -std=gnu11 -g3 -DDEBUG -DUSE_HAL_DRIVER -DSTM32F103xB -c -I../Core/Inc -I../Drivers/STM32F1xx_HAL_Driver/Inc/Legacy -I../Drivers/STM32F1xx_HAL_Driver/Inc -I../Drivers/CMSIS/Device/ST/STM32F1xx/Include -I../Drivers/CMSIS/Include -O0 -ffunction-sections -fdata-sections -Wall -fstack-usage -fcyclomatic-complexity -MMD -MP -MF"Core/Src/main.d" -MT"Core/Src/main.o" --specs=nano.specs -mfloat-abi=soft -mthumb -o "Core/Src/main.o"
arm-none-eabi-gcc -o "BLUEPILL ORIGINAL.elf" @"objects.list"   -mcpu=cortex-m3 -T"/Users/apple/STM32CubeIDE/otros STM32/BLUEPILL ORIGINAL/STM32F103C8TX_FLASH.ld" --specs=nosys.specs -Wl,-Map="BLUEPILL ORIGINAL.map" -Wl,--gc-sections -static --specs=nano.specs -mfloat-abi=soft -mthumb -u _printf_float -u _scanf_float -Wl,--start-group -lc -lm -Wl,--end-group
Finished building target: BLUEPILL ORIGINAL.elf
 
arm-none-eabi-size  BLUEPILL\ ORIGINAL.elf 
arm-none-eabi-objdump -h -S BLUEPILL\ ORIGINAL.elf  > "BLUEPILL ORIGINAL.list"
arm-none-eabi-objcopy  -O ihex BLUEPILL\ ORIGINAL.elf  "BLUEPILL ORIGINAL.hex"
arm-none-eabi-objcopy  -O binary BLUEPILL\ ORIGINAL.elf  "BLUEPILL ORIGINAL.bin"
   text	   data	    bss	    dec	    hex	filename
  47156	    496	   2448	  50100	   c3b4	BLUEPILL ORIGINAL.elf
Finished building: default.size.stdout
 
Finished building: BLUEPILL ORIGINAL.bin
Finished building: BLUEPILL ORIGINAL.hex
 
 
Finished building: BLUEPILL ORIGINAL.list
 
20:28:49 **** Incremental Build of configuration Debug for project BLUEPILL ORIGINAL ****
make -j7 all 
arm-none-eabi-size  BLUEPILL\ ORIGINAL.elf 
   text	   data	    bss	    dec	    hex	filename
  47156	    496	   2448	  50100	   c3b4	BLUEPILL ORIGINAL.elf
Finished building: default.size.stdout
 
20:29:58 **** Incremental Build of configuration Debug for project BLUEPILL ORIGINAL ****
make -j7 all 
arm-none-eabi-gcc "../Core/Src/main.c" -mcpu=cortex-m3 -std=gnu11 -g3 -DDEBUG -DUSE_HAL_DRIVER -DSTM32F103xB -c -I../Core/Inc -I../Drivers/STM32F1xx_HAL_Driver/Inc/Legacy -I../Drivers/STM32F1xx_HAL_Driver/Inc -I../Drivers/CMSIS/Device/ST/STM32F1xx/Include -I../Drivers/CMSIS/Include -O0 -ffunction-sections -fdata-sections -Wall -fstack-usage -fcyclomatic-complexity -MMD -MP -MF"Core/Src/main.d" -MT"Core/Src/main.o" --specs=nano.specs -mfloat-abi=soft -mthumb -o "Core/Src/main.o"
arm-none-eabi-gcc -o "BLUEPILL ORIGINAL.elf" @"objects.list"   -mcpu=cortex-m3 -T"/Users/apple/STM32CubeIDE/otros STM32/BLUEPILL ORIGINAL/STM32F103C8TX_FLASH.ld" --specs=nosys.specs -Wl,-Map="BLUEPILL ORIGINAL.map" -Wl,--gc-sections -static --specs=nano.specs -mfloat-abi=soft -mthumb -u _printf_float -u _scanf_float -Wl,--start-group -lc -lm -Wl,--end-group
Finished building target: BLUEPILL ORIGINAL.elf
 
arm-none-eabi-size  BLUEPILL\ ORIGINAL.elf 
arm-none-eabi-objdump -h -S BLUEPILL\ ORIGINAL.elf  > "BLUEPILL ORIGINAL.list"
arm-none-eabi-objcopy  -O ihex BLUEPILL\ ORIGINAL.elf  "BLUEPILL ORIGINAL.hex"
arm-none-eabi-objcopy  -O binary BLUEPILL\ ORIGINAL.elf  "BLUEPILL ORIGINAL.bin"
   text	   data	    bss	    dec	    hex	filename
  47148	    496	   2448	  50092	   c3ac	BLUEPILL ORIGINAL.elf
Finished building: default.size.stdout
 
Finished building: BLUEPILL ORIGINAL.hex
Finished building: BLUEPILL ORIGINAL.bin
 
 
Finished building: BLUEPILL ORIGINAL.list
 
