21:01:13 **** Incremental Build of configuration Debug for project BLUEPILL ORIGINAL ****
make -j7 all 
arm-none-eabi-gcc -o "BLUEPILL ORIGINAL.elf" @"objects.list"   -mcpu=cortex-m3 -T"/Users/apple/STM32CubeIDE/otros STM32/BLUEPILL ORIGINAL/STM32F103C8TX_FLASH.ld" --specs=nosys.specs -Wl,-Map="BLUEPILL ORIGINAL.map" -Wl,--gc-sections -static --specs=nano.specs -mfloat-abi=soft -mthumb -u _printf_float -u _scanf_float -Wl,--start-group -lc -lm -Wl,--end-group
/Applications/STM32CubeIDE.app/Contents/Eclipse/plugins/com.st.stm32cube.ide.mcu.externaltools.gnu-tools-for-stm32.12.3.rel1.macos64_1.0.200.202406191456/tools/bin/../lib/gcc/arm-none-eabi/12.3.1/../../../../arm-none-eabi/bin/ld: ./Core/Src/main.o:/Users/apple/STM32CubeIDE/otros STM32/BLUEPILL ORIGINAL/Debug/../Core/Inc/ina219.h:73: multiple definition of `ina219_calibrationValue'; ./Core/Src/ina219.o:/Users/apple/STM32CubeIDE/otros STM32/BLUEPILL ORIGINAL/Debug/../Core/Inc/INA219.h:73: first defined here
/Applications/STM32CubeIDE.app/Contents/Eclipse/plugins/com.st.stm32cube.ide.mcu.externaltools.gnu-tools-for-stm32.12.3.rel1.macos64_1.0.200.202406191456/tools/bin/../lib/gcc/arm-none-eabi/12.3.1/../../../../arm-none-eabi/bin/ld: ./Core/Src/main.o:/Users/apple/STM32CubeIDE/otros STM32/BLUEPILL ORIGINAL/Debug/../Core/Inc/ina219.h:74: multiple definition of `ina219_currentDivider_mA'; ./Core/Src/ina219.o:/Users/apple/STM32CubeIDE/otros STM32/BLUEPILL ORIGINAL/Debug/../Core/Inc/INA219.h:74: first defined here
/Applications/STM32CubeIDE.app/Contents/Eclipse/plugins/com.st.stm32cube.ide.mcu.externaltools.gnu-tools-for-stm32.12.3.rel1.macos64_1.0.200.202406191456/tools/bin/../lib/gcc/arm-none-eabi/12.3.1/../../../../arm-none-eabi/bin/ld: ./Core/Src/main.o:/Users/apple/STM32CubeIDE/otros STM32/BLUEPILL ORIGINAL/Debug/../Core/Inc/ina219.h:75: multiple definition of `ina219_powerMultiplier_mW'; ./Core/Src/ina219.o:/Users/apple/STM32CubeIDE/otros STM32/BLUEPILL ORIGINAL/Debug/../Core/Inc/INA219.h:75: first defined here
collect2: error: ld returned 1 exit status
make: *** [makefile:71: BLUEPILL ORIGINAL.elf] Error 1
"make -j7 all" terminated with exit code 2. Build might be incomplete.
21:02:35 **** Incremental Build of configuration Debug for project BLUEPILL ORIGINAL ****
make -j7 all 
arm-none-eabi-gcc -o "BLUEPILL ORIGINAL.elf" @"objects.list"   -mcpu=cortex-m3 -T"/Users/apple/STM32CubeIDE/otros STM32/BLUEPILL ORIGINAL/STM32F103C8TX_FLASH.ld" --specs=nosys.specs -Wl,-Map="BLUEPILL ORIGINAL.map" -Wl,--gc-sections -static --specs=nano.specs -mfloat-abi=soft -mthumb -u _printf_float -u _scanf_float -Wl,--start-group -lc -lm -Wl,--end-group
/Applications/STM32CubeIDE.app/Contents/Eclipse/plugins/com.st.stm32cube.ide.mcu.externaltools.gnu-tools-for-stm32.12.3.rel1.macos64_1.0.200.202406191456/tools/bin/../lib/gcc/arm-none-eabi/12.3.1/../../../../arm-none-eabi/bin/ld: ./Core/Src/main.o:/Users/apple/STM32CubeIDE/otros STM32/BLUEPILL ORIGINAL/Debug/../Core/Inc/ina219.h:73: multiple definition of `ina219_calibrationValue'; ./Core/Src/ina219.o:/Users/apple/STM32CubeIDE/otros STM32/BLUEPILL ORIGINAL/Debug/../Core/Inc/INA219.h:73: first defined here
/Applications/STM32CubeIDE.app/Contents/Eclipse/plugins/com.st.stm32cube.ide.mcu.externaltools.gnu-tools-for-stm32.12.3.rel1.macos64_1.0.200.202406191456/tools/bin/../lib/gcc/arm-none-eabi/12.3.1/../../../../arm-none-eabi/bin/ld: ./Core/Src/main.o:/Users/apple/STM32CubeIDE/otros STM32/BLUEPILL ORIGINAL/Debug/../Core/Inc/ina219.h:74: multiple definition of `ina219_currentDivider_mA'; ./Core/Src/ina219.o:/Users/apple/STM32CubeIDE/otros STM32/BLUEPILL ORIGINAL/Debug/../Core/Inc/INA219.h:74: first defined here
/Applications/STM32CubeIDE.app/Contents/Eclipse/plugins/com.st.stm32cube.ide.mcu.externaltools.gnu-tools-for-stm32.12.3.rel1.macos64_1.0.200.202406191456/tools/bin/../lib/gcc/arm-none-eabi/12.3.1/../../../../arm-none-eabi/bin/ld: ./Core/Src/main.o:/Users/apple/STM32CubeIDE/otros STM32/BLUEPILL ORIGINAL/Debug/../Core/Inc/ina219.h:75: multiple definition of `ina219_powerMultiplier_mW'; ./Core/Src/ina219.o:/Users/apple/STM32CubeIDE/otros STM32/BLUEPILL ORIGINAL/Debug/../Core/Inc/INA219.h:75: first defined here
collect2: error: ld returned 1 exit status
make: *** [makefile:71: BLUEPILL ORIGINAL.elf] Error 1
"make -j7 all" terminated with exit code 2. Build might be incomplete.
21:03:33 **** Incremental Build of configuration Debug for project BLUEPILL ORIGINAL ****
make -j7 all 
arm-none-eabi-gcc "../Core/Src/ina219.c" -mcpu=cortex-m3 -std=gnu11 -g3 -DDEBUG -DUSE_HAL_DRIVER -DSTM32F103xB -c -I../Core/Inc -I../Drivers/STM32F1xx_HAL_Driver/Inc/Legacy -I../Drivers/STM32F1xx_HAL_Driver/Inc -I../Drivers/CMSIS/Device/ST/STM32F1xx/Include -I../Drivers/CMSIS/Include -O0 -ffunction-sections -fdata-sections -Wall -fstack-usage -fcyclomatic-complexity -MMD -MP -MF"Core/Src/ina219.d" -MT"Core/Src/ina219.o" --specs=nano.specs -mfloat-abi=soft -mthumb -o "Core/Src/ina219.o"
arm-none-eabi-gcc "../Core/Src/main.c" -mcpu=cortex-m3 -std=gnu11 -g3 -DDEBUG -DUSE_HAL_DRIVER -DSTM32F103xB -c -I../Core/Inc -I../Drivers/STM32F1xx_HAL_Driver/Inc/Legacy -I../Drivers/STM32F1xx_HAL_Driver/Inc -I../Drivers/CMSIS/Device/ST/STM32F1xx/Include -I../Drivers/CMSIS/Include -O0 -ffunction-sections -fdata-sections -Wall -fstack-usage -fcyclomatic-complexity -MMD -MP -MF"Core/Src/main.d" -MT"Core/Src/main.o" --specs=nano.specs -mfloat-abi=soft -mthumb -o "Core/Src/main.o"
In file included from ../Core/Src/ina219.c:9:
../Core/Inc/INA219.h:11: warning: "INA219_ADDRESS" redefined
   11 | #define INA219_ADDRESS                                                  (0x40)
      | 
In file included from ../Core/Src/ina219.c:8:
../Core/Inc/main.h:74: note: this is the location of the previous definition
   74 | #define INA219_ADDRESS (0x40 << 1)  // Dirección 7-bit del INA219
      | 
In file included from ../Core/Src/main.c:32:
../Core/Inc/ina219.h:11: warning: "INA219_ADDRESS" redefined
   11 | #define INA219_ADDRESS                                                  (0x40)
      | 
In file included from ../Core/Src/main.c:20:
../Core/Inc/main.h:74: note: this is the location of the previous definition
   74 | #define INA219_ADDRESS (0x40 << 1)  // Dirección 7-bit del INA219
      | 
../Core/Src/ina219.c: In function 'INA219_ReadCurrent':
../Core/Src/ina219.c:48:26: error: 'ina219_currentDivider_mA' undeclared (first use in this function)
   48 |         return (result / ina219_currentDivider_mA );
      |                          ^~~~~~~~~~~~~~~~~~~~~~~~
../Core/Src/ina219.c:48:26: note: each undeclared identifier is reported only once for each function it appears in
../Core/Src/ina219.c: In function 'INA219_setCalibration_32V_2A':
../Core/Src/ina219.c:87:9: error: 'ina219_calibrationValue' undeclared (first use in this function)
   87 |         ina219_calibrationValue = 4096;
      |         ^~~~~~~~~~~~~~~~~~~~~~~
../Core/Src/ina219.c:88:9: error: 'ina219_currentDivider_mA' undeclared (first use in this function)
   88 |         ina219_currentDivider_mA = 10; // Current LSB = 100uA per bit (1000/100 = 10)
      |         ^~~~~~~~~~~~~~~~~~~~~~~~
../Core/Src/ina219.c:89:9: error: 'ina219_powerMultiplier_mW' undeclared (first use in this function)
   89 |         ina219_powerMultiplier_mW = 2; // Power LSB = 1mW per bit (2/1)
      |         ^~~~~~~~~~~~~~~~~~~~~~~~~
../Core/Src/ina219.c: In function 'INA219_setCalibration_32V_1A':
../Core/Src/ina219.c:102:9: error: 'ina219_calibrationValue' undeclared (first use in this function)
  102 |         ina219_calibrationValue = 10240;
      |         ^~~~~~~~~~~~~~~~~~~~~~~
../Core/Src/ina219.c:103:9: error: 'ina219_currentDivider_mA' undeclared (first use in this function)
  103 |         ina219_currentDivider_mA = 25;    // Current LSB = 40uA per bit (1000/40 = 25)
      |         ^~~~~~~~~~~~~~~~~~~~~~~~
../Core/Src/ina219.c:104:9: error: 'ina219_powerMultiplier_mW' undeclared (first use in this function)
  104 |         ina219_powerMultiplier_mW = 0.8f; // Power LSB = 800uW per bit
      |         ^~~~~~~~~~~~~~~~~~~~~~~~~
../Core/Src/ina219.c: In function 'INA219_setCalibration_16V_400mA':
../Core/Src/ina219.c:117:9: error: 'ina219_calibrationValue' undeclared (first use in this function)
  117 |         ina219_calibrationValue = 8192;
      |         ^~~~~~~~~~~~~~~~~~~~~~~
../Core/Src/ina219.c:118:9: error: 'ina219_currentDivider_mA' undeclared (first use in this function)
  118 |         ina219_currentDivider_mA = 20;    // Current LSB = 50uA per bit (1000/50 = 20)
      |         ^~~~~~~~~~~~~~~~~~~~~~~~
../Core/Src/ina219.c:119:9: error: 'ina219_powerMultiplier_mW' undeclared (first use in this function)
  119 |         ina219_powerMultiplier_mW = 1.0f; // Power LSB = 1mW per bit
      |         ^~~~~~~~~~~~~~~~~~~~~~~~~
../Core/Src/ina219.c: In function 'INA219_Init':
../Core/Src/ina219.c:157:9: error: 'ina219_currentDivider_mA' undeclared (first use in this function)
  157 |         ina219_currentDivider_mA = 0;
      |         ^~~~~~~~~~~~~~~~~~~~~~~~
../Core/Src/ina219.c:158:9: error: 'ina219_powerMultiplier_mW' undeclared (first use in this function)
  158 |         ina219_powerMultiplier_mW = 0;
      |         ^~~~~~~~~~~~~~~~~~~~~~~~~
../Core/Src/ina219.c: In function 'INA219_ReadCurrent':
../Core/Src/ina219.c:49:1: warning: control reaches end of non-void function [-Wreturn-type]
   49 | }
      | ^
make: *** [Core/Src/subdir.mk:58: Core/Src/ina219.o] Error 1
"make -j7 all" terminated with exit code 2. Build might be incomplete.
21:04:01 **** Incremental Build of configuration Debug for project BLUEPILL ORIGINAL ****
make -j7 all 
arm-none-eabi-gcc "../Core/Src/ina219.c" -mcpu=cortex-m3 -std=gnu11 -g3 -DDEBUG -DUSE_HAL_DRIVER -DSTM32F103xB -c -I../Core/Inc -I../Drivers/STM32F1xx_HAL_Driver/Inc/Legacy -I../Drivers/STM32F1xx_HAL_Driver/Inc -I../Drivers/CMSIS/Device/ST/STM32F1xx/Include -I../Drivers/CMSIS/Include -O0 -ffunction-sections -fdata-sections -Wall -fstack-usage -fcyclomatic-complexity -MMD -MP -MF"Core/Src/ina219.d" -MT"Core/Src/ina219.o" --specs=nano.specs -mfloat-abi=soft -mthumb -o "Core/Src/ina219.o"
arm-none-eabi-gcc "../Core/Src/main.c" -mcpu=cortex-m3 -std=gnu11 -g3 -DDEBUG -DUSE_HAL_DRIVER -DSTM32F103xB -c -I../Core/Inc -I../Drivers/STM32F1xx_HAL_Driver/Inc/Legacy -I../Drivers/STM32F1xx_HAL_Driver/Inc -I../Drivers/CMSIS/Device/ST/STM32F1xx/Include -I../Drivers/CMSIS/Include -O0 -ffunction-sections -fdata-sections -Wall -fstack-usage -fcyclomatic-complexity -MMD -MP -MF"Core/Src/main.d" -MT"Core/Src/main.o" --specs=nano.specs -mfloat-abi=soft -mthumb -o "Core/Src/main.o"
In file included from ../Core/Src/ina219.c:9:
../Core/Inc/INA219.h:11: warning: "INA219_ADDRESS" redefined
   11 | #define INA219_ADDRESS                                                  (0x40)
      | 
In file included from ../Core/Src/ina219.c:8:
../Core/Inc/main.h:74: note: this is the location of the previous definition
   74 | #define INA219_ADDRESS (0x40 << 1)  // Dirección 7-bit del INA219
      | 
In file included from ../Core/Src/main.c:32:
../Core/Inc/ina219.h:11: warning: "INA219_ADDRESS" redefined
   11 | #define INA219_ADDRESS                                                  (0x40)
      | 
In file included from ../Core/Src/main.c:20:
../Core/Inc/main.h:74: note: this is the location of the previous definition
   74 | #define INA219_ADDRESS (0x40 << 1)  // Dirección 7-bit del INA219
      | 
arm-none-eabi-gcc -o "BLUEPILL ORIGINAL.elf" @"objects.list"   -mcpu=cortex-m3 -T"/Users/apple/STM32CubeIDE/otros STM32/BLUEPILL ORIGINAL/STM32F103C8TX_FLASH.ld" --specs=nosys.specs -Wl,-Map="BLUEPILL ORIGINAL.map" -Wl,--gc-sections -static --specs=nano.specs -mfloat-abi=soft -mthumb -u _printf_float -u _scanf_float -Wl,--start-group -lc -lm -Wl,--end-group
/Applications/STM32CubeIDE.app/Contents/Eclipse/plugins/com.st.stm32cube.ide.mcu.externaltools.gnu-tools-for-stm32.12.3.rel1.macos64_1.0.200.202406191456/tools/bin/../lib/gcc/arm-none-eabi/12.3.1/../../../../arm-none-eabi/bin/ld: ./Core/Src/main.o:/Users/apple/STM32CubeIDE/otros STM32/BLUEPILL ORIGINAL/Debug/../Core/Inc/ina219.h:73: multiple definition of `ina219_calibrationValue'; ./Core/Src/ina219.o:/Users/apple/STM32CubeIDE/otros STM32/BLUEPILL ORIGINAL/Debug/../Core/Inc/INA219.h:73: first defined here
/Applications/STM32CubeIDE.app/Contents/Eclipse/plugins/com.st.stm32cube.ide.mcu.externaltools.gnu-tools-for-stm32.12.3.rel1.macos64_1.0.200.202406191456/tools/bin/../lib/gcc/arm-none-eabi/12.3.1/../../../../arm-none-eabi/bin/ld: ./Core/Src/main.o:/Users/apple/STM32CubeIDE/otros STM32/BLUEPILL ORIGINAL/Debug/../Core/Inc/ina219.h:74: multiple definition of `ina219_currentDivider_mA'; ./Core/Src/ina219.o:/Users/apple/STM32CubeIDE/otros STM32/BLUEPILL ORIGINAL/Debug/../Core/Inc/INA219.h:74: first defined here
/Applications/STM32CubeIDE.app/Contents/Eclipse/plugins/com.st.stm32cube.ide.mcu.externaltools.gnu-tools-for-stm32.12.3.rel1.macos64_1.0.200.202406191456/tools/bin/../lib/gcc/arm-none-eabi/12.3.1/../../../../arm-none-eabi/bin/ld: ./Core/Src/main.o:/Users/apple/STM32CubeIDE/otros STM32/BLUEPILL ORIGINAL/Debug/../Core/Inc/ina219.h:75: multiple definition of `ina219_powerMultiplier_mW'; ./Core/Src/ina219.o:/Users/apple/STM32CubeIDE/otros STM32/BLUEPILL ORIGINAL/Debug/../Core/Inc/INA219.h:75: first defined here
collect2: error: ld returned 1 exit status
make: *** [makefile:71: BLUEPILL ORIGINAL.elf] Error 1
"make -j7 all" terminated with exit code 2. Build might be incomplete.
21:06:38 **** Incremental Build of configuration Debug for project BLUEPILL ORIGINAL ****
make -j7 all 
arm-none-eabi-gcc "../Core/Src/ina219.c" -mcpu=cortex-m3 -std=gnu11 -g3 -DDEBUG -DUSE_HAL_DRIVER -DSTM32F103xB -c -I../Core/Inc -I../Drivers/STM32F1xx_HAL_Driver/Inc/Legacy -I../Drivers/STM32F1xx_HAL_Driver/Inc -I../Drivers/CMSIS/Device/ST/STM32F1xx/Include -I../Drivers/CMSIS/Include -O0 -ffunction-sections -fdata-sections -Wall -fstack-usage -fcyclomatic-complexity -MMD -MP -MF"Core/Src/ina219.d" -MT"Core/Src/ina219.o" --specs=nano.specs -mfloat-abi=soft -mthumb -o "Core/Src/ina219.o"
arm-none-eabi-gcc "../Core/Src/main.c" -mcpu=cortex-m3 -std=gnu11 -g3 -DDEBUG -DUSE_HAL_DRIVER -DSTM32F103xB -c -I../Core/Inc -I../Drivers/STM32F1xx_HAL_Driver/Inc/Legacy -I../Drivers/STM32F1xx_HAL_Driver/Inc -I../Drivers/CMSIS/Device/ST/STM32F1xx/Include -I../Drivers/CMSIS/Include -O0 -ffunction-sections -fdata-sections -Wall -fstack-usage -fcyclomatic-complexity -MMD -MP -MF"Core/Src/main.d" -MT"Core/Src/main.o" --specs=nano.specs -mfloat-abi=soft -mthumb -o "Core/Src/main.o"
arm-none-eabi-gcc -o "BLUEPILL ORIGINAL.elf" @"objects.list"   -mcpu=cortex-m3 -T"/Users/apple/STM32CubeIDE/otros STM32/BLUEPILL ORIGINAL/STM32F103C8TX_FLASH.ld" --specs=nosys.specs -Wl,-Map="BLUEPILL ORIGINAL.map" -Wl,--gc-sections -static --specs=nano.specs -mfloat-abi=soft -mthumb -u _printf_float -u _scanf_float -Wl,--start-group -lc -lm -Wl,--end-group
/Applications/STM32CubeIDE.app/Contents/Eclipse/plugins/com.st.stm32cube.ide.mcu.externaltools.gnu-tools-for-stm32.12.3.rel1.macos64_1.0.200.202406191456/tools/bin/../lib/gcc/arm-none-eabi/12.3.1/../../../../arm-none-eabi/bin/ld: ./Core/Src/main.o:/Users/apple/STM32CubeIDE/otros STM32/BLUEPILL ORIGINAL/Debug/../Core/Inc/ina219.h:73: multiple definition of `ina219_calibrationValue'; ./Core/Src/ina219.o:/Users/apple/STM32CubeIDE/otros STM32/BLUEPILL ORIGINAL/Debug/../Core/Inc/INA219.h:73: first defined here
/Applications/STM32CubeIDE.app/Contents/Eclipse/plugins/com.st.stm32cube.ide.mcu.externaltools.gnu-tools-for-stm32.12.3.rel1.macos64_1.0.200.202406191456/tools/bin/../lib/gcc/arm-none-eabi/12.3.1/../../../../arm-none-eabi/bin/ld: ./Core/Src/main.o:/Users/apple/STM32CubeIDE/otros STM32/BLUEPILL ORIGINAL/Debug/../Core/Inc/ina219.h:74: multiple definition of `ina219_currentDivider_mA'; ./Core/Src/ina219.o:/Users/apple/STM32CubeIDE/otros STM32/BLUEPILL ORIGINAL/Debug/../Core/Inc/INA219.h:74: first defined here
/Applications/STM32CubeIDE.app/Contents/Eclipse/plugins/com.st.stm32cube.ide.mcu.externaltools.gnu-tools-for-stm32.12.3.rel1.macos64_1.0.200.202406191456/tools/bin/../lib/gcc/arm-none-eabi/12.3.1/../../../../arm-none-eabi/bin/ld: ./Core/Src/main.o:/Users/apple/STM32CubeIDE/otros STM32/BLUEPILL ORIGINAL/Debug/../Core/Inc/ina219.h:75: multiple definition of `ina219_powerMultiplier_mW'; ./Core/Src/ina219.o:/Users/apple/STM32CubeIDE/otros STM32/BLUEPILL ORIGINAL/Debug/../Core/Inc/INA219.h:75: first defined here
collect2: error: ld returned 1 exit status
make: *** [makefile:71: BLUEPILL ORIGINAL.elf] Error 1
"make -j7 all" terminated with exit code 2. Build might be incomplete.
21:07:31 **** Incremental Build of configuration Debug for project BLUEPILL ORIGINAL ****
make -j7 all 
arm-none-eabi-gcc "../Core/Src/ina219.c" -mcpu=cortex-m3 -std=gnu11 -g3 -DDEBUG -DUSE_HAL_DRIVER -DSTM32F103xB -c -I../Core/Inc -I../Drivers/STM32F1xx_HAL_Driver/Inc/Legacy -I../Drivers/STM32F1xx_HAL_Driver/Inc -I../Drivers/CMSIS/Device/ST/STM32F1xx/Include -I../Drivers/CMSIS/Include -O0 -ffunction-sections -fdata-sections -Wall -fstack-usage -fcyclomatic-complexity -MMD -MP -MF"Core/Src/ina219.d" -MT"Core/Src/ina219.o" --specs=nano.specs -mfloat-abi=soft -mthumb -o "Core/Src/ina219.o"
arm-none-eabi-gcc "../Core/Src/main.c" -mcpu=cortex-m3 -std=gnu11 -g3 -DDEBUG -DUSE_HAL_DRIVER -DSTM32F103xB -c -I../Core/Inc -I../Drivers/STM32F1xx_HAL_Driver/Inc/Legacy -I../Drivers/STM32F1xx_HAL_Driver/Inc -I../Drivers/CMSIS/Device/ST/STM32F1xx/Include -I../Drivers/CMSIS/Include -O0 -ffunction-sections -fdata-sections -Wall -fstack-usage -fcyclomatic-complexity -MMD -MP -MF"Core/Src/main.d" -MT"Core/Src/main.o" --specs=nano.specs -mfloat-abi=soft -mthumb -o "Core/Src/main.o"
In file included from ../Core/Src/ina219.c:9:
../Core/Inc/INA219.h:11: warning: "INA219_ADDRESS" redefined
   11 | #define INA219_ADDRESS                                                  (0x40)
      | 
In file included from ../Core/Src/ina219.c:8:
../Core/Inc/main.h:74: note: this is the location of the previous definition
   74 | #define INA219_ADDRESS (0x40 << 1)  // Dirección 7-bit del INA219
      | 
In file included from ../Core/Src/main.c:32:
../Core/Inc/ina219.h:11: warning: "INA219_ADDRESS" redefined
   11 | #define INA219_ADDRESS                                                  (0x40)
      | 
In file included from ../Core/Src/main.c:20:
../Core/Inc/main.h:74: note: this is the location of the previous definition
   74 | #define INA219_ADDRESS (0x40 << 1)  // Dirección 7-bit del INA219
      | 
arm-none-eabi-gcc -o "BLUEPILL ORIGINAL.elf" @"objects.list"   -mcpu=cortex-m3 -T"/Users/apple/STM32CubeIDE/otros STM32/BLUEPILL ORIGINAL/STM32F103C8TX_FLASH.ld" --specs=nosys.specs -Wl,-Map="BLUEPILL ORIGINAL.map" -Wl,--gc-sections -static --specs=nano.specs -mfloat-abi=soft -mthumb -u _printf_float -u _scanf_float -Wl,--start-group -lc -lm -Wl,--end-group
/Applications/STM32CubeIDE.app/Contents/Eclipse/plugins/com.st.stm32cube.ide.mcu.externaltools.gnu-tools-for-stm32.12.3.rel1.macos64_1.0.200.202406191456/tools/bin/../lib/gcc/arm-none-eabi/12.3.1/../../../../arm-none-eabi/bin/ld: ./Core/Src/main.o:/Users/apple/STM32CubeIDE/otros STM32/BLUEPILL ORIGINAL/Debug/../Core/Inc/ina219.h:73: multiple definition of `ina219_calibrationValue'; ./Core/Src/ina219.o:/Users/apple/STM32CubeIDE/otros STM32/BLUEPILL ORIGINAL/Debug/../Core/Inc/INA219.h:73: first defined here
/Applications/STM32CubeIDE.app/Contents/Eclipse/plugins/com.st.stm32cube.ide.mcu.externaltools.gnu-tools-for-stm32.12.3.rel1.macos64_1.0.200.202406191456/tools/bin/../lib/gcc/arm-none-eabi/12.3.1/../../../../arm-none-eabi/bin/ld: ./Core/Src/main.o:/Users/apple/STM32CubeIDE/otros STM32/BLUEPILL ORIGINAL/Debug/../Core/Inc/ina219.h:74: multiple definition of `ina219_currentDivider_mA'; ./Core/Src/ina219.o:/Users/apple/STM32CubeIDE/otros STM32/BLUEPILL ORIGINAL/Debug/../Core/Inc/INA219.h:74: first defined here
/Applications/STM32CubeIDE.app/Contents/Eclipse/plugins/com.st.stm32cube.ide.mcu.externaltools.gnu-tools-for-stm32.12.3.rel1.macos64_1.0.200.202406191456/tools/bin/../lib/gcc/arm-none-eabi/12.3.1/../../../../arm-none-eabi/bin/ld: ./Core/Src/main.o:/Users/apple/STM32CubeIDE/otros STM32/BLUEPILL ORIGINAL/Debug/../Core/Inc/ina219.h:75: multiple definition of `ina219_powerMultiplier_mW'; ./Core/Src/ina219.o:/Users/apple/STM32CubeIDE/otros STM32/BLUEPILL ORIGINAL/Debug/../Core/Inc/INA219.h:75: first defined here
collect2: error: ld returned 1 exit status
make: *** [makefile:71: BLUEPILL ORIGINAL.elf] Error 1
"make -j7 all" terminated with exit code 2. Build might be incomplete.
21:08:04 **** Incremental Build of configuration Debug for project BLUEPILL ORIGINAL ****
make -j7 all 
arm-none-eabi-gcc "../Core/Src/main.c" -mcpu=cortex-m3 -std=gnu11 -g3 -DDEBUG -DUSE_HAL_DRIVER -DSTM32F103xB -c -I../Core/Inc -I../Drivers/STM32F1xx_HAL_Driver/Inc/Legacy -I../Drivers/STM32F1xx_HAL_Driver/Inc -I../Drivers/CMSIS/Device/ST/STM32F1xx/Include -I../Drivers/CMSIS/Include -O0 -ffunction-sections -fdata-sections -Wall -fstack-usage -fcyclomatic-complexity -MMD -MP -MF"Core/Src/main.d" -MT"Core/Src/main.o" --specs=nano.specs -mfloat-abi=soft -mthumb -o "Core/Src/main.o"
In file included from ../Core/Src/main.c:32:
../Core/Inc/ina219.h:11: warning: "INA219_ADDRESS" redefined
   11 | #define INA219_ADDRESS                                                  (0x40)
      | 
In file included from ../Core/Src/main.c:20:
../Core/Inc/main.h:74: note: this is the location of the previous definition
   74 | #define INA219_ADDRESS (0x40 << 1)  // Dirección 7-bit del INA219
      | 
arm-none-eabi-gcc -o "BLUEPILL ORIGINAL.elf" @"objects.list"   -mcpu=cortex-m3 -T"/Users/apple/STM32CubeIDE/otros STM32/BLUEPILL ORIGINAL/STM32F103C8TX_FLASH.ld" --specs=nosys.specs -Wl,-Map="BLUEPILL ORIGINAL.map" -Wl,--gc-sections -static --specs=nano.specs -mfloat-abi=soft -mthumb -u _printf_float -u _scanf_float -Wl,--start-group -lc -lm -Wl,--end-group
/Applications/STM32CubeIDE.app/Contents/Eclipse/plugins/com.st.stm32cube.ide.mcu.externaltools.gnu-tools-for-stm32.12.3.rel1.macos64_1.0.200.202406191456/tools/bin/../lib/gcc/arm-none-eabi/12.3.1/../../../../arm-none-eabi/bin/ld: ./Core/Src/main.o:/Users/apple/STM32CubeIDE/otros STM32/BLUEPILL ORIGINAL/Debug/../Core/Inc/ina219.h:73: multiple definition of `ina219_calibrationValue'; ./Core/Src/ina219.o:/Users/apple/STM32CubeIDE/otros STM32/BLUEPILL ORIGINAL/Debug/../Core/Inc/INA219.h:73: first defined here
/Applications/STM32CubeIDE.app/Contents/Eclipse/plugins/com.st.stm32cube.ide.mcu.externaltools.gnu-tools-for-stm32.12.3.rel1.macos64_1.0.200.202406191456/tools/bin/../lib/gcc/arm-none-eabi/12.3.1/../../../../arm-none-eabi/bin/ld: ./Core/Src/main.o:/Users/apple/STM32CubeIDE/otros STM32/BLUEPILL ORIGINAL/Debug/../Core/Inc/ina219.h:74: multiple definition of `ina219_currentDivider_mA'; ./Core/Src/ina219.o:/Users/apple/STM32CubeIDE/otros STM32/BLUEPILL ORIGINAL/Debug/../Core/Inc/INA219.h:74: first defined here
/Applications/STM32CubeIDE.app/Contents/Eclipse/plugins/com.st.stm32cube.ide.mcu.externaltools.gnu-tools-for-stm32.12.3.rel1.macos64_1.0.200.202406191456/tools/bin/../lib/gcc/arm-none-eabi/12.3.1/../../../../arm-none-eabi/bin/ld: ./Core/Src/main.o:/Users/apple/STM32CubeIDE/otros STM32/BLUEPILL ORIGINAL/Debug/../Core/Inc/ina219.h:75: multiple definition of `ina219_powerMultiplier_mW'; ./Core/Src/ina219.o:/Users/apple/STM32CubeIDE/otros STM32/BLUEPILL ORIGINAL/Debug/../Core/Inc/INA219.h:75: first defined here
collect2: error: ld returned 1 exit status
make: *** [makefile:71: BLUEPILL ORIGINAL.elf] Error 1
"make -j7 all" terminated with exit code 2. Build might be incomplete.
21:08:26 **** Incremental Build of configuration Debug for project BLUEPILL ORIGINAL ****
make -j7 all 
arm-none-eabi-gcc "../Core/Src/adc.c" -mcpu=cortex-m3 -std=gnu11 -g3 -DDEBUG -DUSE_HAL_DRIVER -DSTM32F103xB -c -I../Core/Inc -I../Drivers/STM32F1xx_HAL_Driver/Inc/Legacy -I../Drivers/STM32F1xx_HAL_Driver/Inc -I../Drivers/CMSIS/Device/ST/STM32F1xx/Include -I../Drivers/CMSIS/Include -O0 -ffunction-sections -fdata-sections -Wall -fstack-usage -fcyclomatic-complexity -MMD -MP -MF"Core/Src/adc.d" -MT"Core/Src/adc.o" --specs=nano.specs -mfloat-abi=soft -mthumb -o "Core/Src/adc.o"
arm-none-eabi-gcc "../Core/Src/bms.c" -mcpu=cortex-m3 -std=gnu11 -g3 -DDEBUG -DUSE_HAL_DRIVER -DSTM32F103xB -c -I../Core/Inc -I../Drivers/STM32F1xx_HAL_Driver/Inc/Legacy -I../Drivers/STM32F1xx_HAL_Driver/Inc -I../Drivers/CMSIS/Device/ST/STM32F1xx/Include -I../Drivers/CMSIS/Include -O0 -ffunction-sections -fdata-sections -Wall -fstack-usage -fcyclomatic-complexity -MMD -MP -MF"Core/Src/bms.d" -MT"Core/Src/bms.o" --specs=nano.specs -mfloat-abi=soft -mthumb -o "Core/Src/bms.o"
arm-none-eabi-gcc "../Core/Src/dma.c" -mcpu=cortex-m3 -std=gnu11 -g3 -DDEBUG -DUSE_HAL_DRIVER -DSTM32F103xB -c -I../Core/Inc -I../Drivers/STM32F1xx_HAL_Driver/Inc/Legacy -I../Drivers/STM32F1xx_HAL_Driver/Inc -I../Drivers/CMSIS/Device/ST/STM32F1xx/Include -I../Drivers/CMSIS/Include -O0 -ffunction-sections -fdata-sections -Wall -fstack-usage -fcyclomatic-complexity -MMD -MP -MF"Core/Src/dma.d" -MT"Core/Src/dma.o" --specs=nano.specs -mfloat-abi=soft -mthumb -o "Core/Src/dma.o"
arm-none-eabi-gcc "../Core/Src/gpio.c" -mcpu=cortex-m3 -std=gnu11 -g3 -DDEBUG -DUSE_HAL_DRIVER -DSTM32F103xB -c -I../Core/Inc -I../Drivers/STM32F1xx_HAL_Driver/Inc/Legacy -I../Drivers/STM32F1xx_HAL_Driver/Inc -I../Drivers/CMSIS/Device/ST/STM32F1xx/Include -I../Drivers/CMSIS/Include -O0 -ffunction-sections -fdata-sections -Wall -fstack-usage -fcyclomatic-complexity -MMD -MP -MF"Core/Src/gpio.d" -MT"Core/Src/gpio.o" --specs=nano.specs -mfloat-abi=soft -mthumb -o "Core/Src/gpio.o"
arm-none-eabi-gcc "../Core/Src/i2c.c" -mcpu=cortex-m3 -std=gnu11 -g3 -DDEBUG -DUSE_HAL_DRIVER -DSTM32F103xB -c -I../Core/Inc -I../Drivers/STM32F1xx_HAL_Driver/Inc/Legacy -I../Drivers/STM32F1xx_HAL_Driver/Inc -I../Drivers/CMSIS/Device/ST/STM32F1xx/Include -I../Drivers/CMSIS/Include -O0 -ffunction-sections -fdata-sections -Wall -fstack-usage -fcyclomatic-complexity -MMD -MP -MF"Core/Src/i2c.d" -MT"Core/Src/i2c.o" --specs=nano.specs -mfloat-abi=soft -mthumb -o "Core/Src/i2c.o"
arm-none-eabi-gcc "../Core/Src/ina219.c" -mcpu=cortex-m3 -std=gnu11 -g3 -DDEBUG -DUSE_HAL_DRIVER -DSTM32F103xB -c -I../Core/Inc -I../Drivers/STM32F1xx_HAL_Driver/Inc/Legacy -I../Drivers/STM32F1xx_HAL_Driver/Inc -I../Drivers/CMSIS/Device/ST/STM32F1xx/Include -I../Drivers/CMSIS/Include -O0 -ffunction-sections -fdata-sections -Wall -fstack-usage -fcyclomatic-complexity -MMD -MP -MF"Core/Src/ina219.d" -MT"Core/Src/ina219.o" --specs=nano.specs -mfloat-abi=soft -mthumb -o "Core/Src/ina219.o"
arm-none-eabi-gcc "../Core/Src/main.c" -mcpu=cortex-m3 -std=gnu11 -g3 -DDEBUG -DUSE_HAL_DRIVER -DSTM32F103xB -c -I../Core/Inc -I../Drivers/STM32F1xx_HAL_Driver/Inc/Legacy -I../Drivers/STM32F1xx_HAL_Driver/Inc -I../Drivers/CMSIS/Device/ST/STM32F1xx/Include -I../Drivers/CMSIS/Include -O0 -ffunction-sections -fdata-sections -Wall -fstack-usage -fcyclomatic-complexity -MMD -MP -MF"Core/Src/main.d" -MT"Core/Src/main.o" --specs=nano.specs -mfloat-abi=soft -mthumb -o "Core/Src/main.o"
arm-none-eabi-gcc "../Core/Src/stm32f1xx_hal_msp.c" -mcpu=cortex-m3 -std=gnu11 -g3 -DDEBUG -DUSE_HAL_DRIVER -DSTM32F103xB -c -I../Core/Inc -I../Drivers/STM32F1xx_HAL_Driver/Inc/Legacy -I../Drivers/STM32F1xx_HAL_Driver/Inc -I../Drivers/CMSIS/Device/ST/STM32F1xx/Include -I../Drivers/CMSIS/Include -O0 -ffunction-sections -fdata-sections -Wall -fstack-usage -fcyclomatic-complexity -MMD -MP -MF"Core/Src/stm32f1xx_hal_msp.d" -MT"Core/Src/stm32f1xx_hal_msp.o" --specs=nano.specs -mfloat-abi=soft -mthumb -o "Core/Src/stm32f1xx_hal_msp.o"
arm-none-eabi-gcc "../Core/Src/stm32f1xx_it.c" -mcpu=cortex-m3 -std=gnu11 -g3 -DDEBUG -DUSE_HAL_DRIVER -DSTM32F103xB -c -I../Core/Inc -I../Drivers/STM32F1xx_HAL_Driver/Inc/Legacy -I../Drivers/STM32F1xx_HAL_Driver/Inc -I../Drivers/CMSIS/Device/ST/STM32F1xx/Include -I../Drivers/CMSIS/Include -O0 -ffunction-sections -fdata-sections -Wall -fstack-usage -fcyclomatic-complexity -MMD -MP -MF"Core/Src/stm32f1xx_it.d" -MT"Core/Src/stm32f1xx_it.o" --specs=nano.specs -mfloat-abi=soft -mthumb -o "Core/Src/stm32f1xx_it.o"
arm-none-eabi-gcc "../Core/Src/tim.c" -mcpu=cortex-m3 -std=gnu11 -g3 -DDEBUG -DUSE_HAL_DRIVER -DSTM32F103xB -c -I../Core/Inc -I../Drivers/STM32F1xx_HAL_Driver/Inc/Legacy -I../Drivers/STM32F1xx_HAL_Driver/Inc -I../Drivers/CMSIS/Device/ST/STM32F1xx/Include -I../Drivers/CMSIS/Include -O0 -ffunction-sections -fdata-sections -Wall -fstack-usage -fcyclomatic-complexity -MMD -MP -MF"Core/Src/tim.d" -MT"Core/Src/tim.o" --specs=nano.specs -mfloat-abi=soft -mthumb -o "Core/Src/tim.o"
arm-none-eabi-gcc "../Core/Src/usart.c" -mcpu=cortex-m3 -std=gnu11 -g3 -DDEBUG -DUSE_HAL_DRIVER -DSTM32F103xB -c -I../Core/Inc -I../Drivers/STM32F1xx_HAL_Driver/Inc/Legacy -I../Drivers/STM32F1xx_HAL_Driver/Inc -I../Drivers/CMSIS/Device/ST/STM32F1xx/Include -I../Drivers/CMSIS/Include -O0 -ffunction-sections -fdata-sections -Wall -fstack-usage -fcyclomatic-complexity -MMD -MP -MF"Core/Src/usart.d" -MT"Core/Src/usart.o" --specs=nano.specs -mfloat-abi=soft -mthumb -o "Core/Src/usart.o"
../Core/Src/usart.c: In function 'sendUsartMsg':
../Core/Src/usart.c:119:5: warning: implicit declaration of function 'snprintf' [-Wimplicit-function-declaration]
  119 |     snprintf(buffer, BUFFER_SIZE, "%s %u \n", label, value);
      |     ^~~~~~~~
../Core/Src/usart.c:22:1: note: include '<stdio.h>' or provide a declaration of 'snprintf'
   21 | #include "usart.h"
  +++ |+#include <stdio.h>
   22 | 
../Core/Src/usart.c:119:5: warning: incompatible implicit declaration of built-in function 'snprintf' [-Wbuiltin-declaration-mismatch]
  119 |     snprintf(buffer, BUFFER_SIZE, "%s %u \n", label, value);
      |     ^~~~~~~~
../Core/Src/usart.c:119:5: note: include '<stdio.h>' or provide a declaration of 'snprintf'
arm-none-eabi-gcc -o "BLUEPILL ORIGINAL.elf" @"objects.list"   -mcpu=cortex-m3 -T"/Users/apple/STM32CubeIDE/otros STM32/BLUEPILL ORIGINAL/STM32F103C8TX_FLASH.ld" --specs=nosys.specs -Wl,-Map="BLUEPILL ORIGINAL.map" -Wl,--gc-sections -static --specs=nano.specs -mfloat-abi=soft -mthumb -u _printf_float -u _scanf_float -Wl,--start-group -lc -lm -Wl,--end-group
/Applications/STM32CubeIDE.app/Contents/Eclipse/plugins/com.st.stm32cube.ide.mcu.externaltools.gnu-tools-for-stm32.12.3.rel1.macos64_1.0.200.202406191456/tools/bin/../lib/gcc/arm-none-eabi/12.3.1/../../../../arm-none-eabi/bin/ld: ./Core/Src/main.o:/Users/apple/STM32CubeIDE/otros STM32/BLUEPILL ORIGINAL/Debug/../Core/Inc/ina219.h:73: multiple definition of `ina219_calibrationValue'; ./Core/Src/ina219.o:/Users/apple/STM32CubeIDE/otros STM32/BLUEPILL ORIGINAL/Debug/../Core/Inc/INA219.h:73: first defined here
/Applications/STM32CubeIDE.app/Contents/Eclipse/plugins/com.st.stm32cube.ide.mcu.externaltools.gnu-tools-for-stm32.12.3.rel1.macos64_1.0.200.202406191456/tools/bin/../lib/gcc/arm-none-eabi/12.3.1/../../../../arm-none-eabi/bin/ld: ./Core/Src/main.o:/Users/apple/STM32CubeIDE/otros STM32/BLUEPILL ORIGINAL/Debug/../Core/Inc/ina219.h:74: multiple definition of `ina219_currentDivider_mA'; ./Core/Src/ina219.o:/Users/apple/STM32CubeIDE/otros STM32/BLUEPILL ORIGINAL/Debug/../Core/Inc/INA219.h:74: first defined here
/Applications/STM32CubeIDE.app/Contents/Eclipse/plugins/com.st.stm32cube.ide.mcu.externaltools.gnu-tools-for-stm32.12.3.rel1.macos64_1.0.200.202406191456/tools/bin/../lib/gcc/arm-none-eabi/12.3.1/../../../../arm-none-eabi/bin/ld: ./Core/Src/main.o:/Users/apple/STM32CubeIDE/otros STM32/BLUEPILL ORIGINAL/Debug/../Core/Inc/ina219.h:75: multiple definition of `ina219_powerMultiplier_mW'; ./Core/Src/ina219.o:/Users/apple/STM32CubeIDE/otros STM32/BLUEPILL ORIGINAL/Debug/../Core/Inc/INA219.h:75: first defined here
collect2: error: ld returned 1 exit status
make: *** [makefile:71: BLUEPILL ORIGINAL.elf] Error 1
"make -j7 all" terminated with exit code 2. Build might be incomplete.
21:09:02 **** Incremental Build of configuration Debug for project BLUEPILL ORIGINAL ****
make -j7 all 
arm-none-eabi-gcc "../Core/Src/adc.c" -mcpu=cortex-m3 -std=gnu11 -g3 -DDEBUG -DUSE_HAL_DRIVER -DSTM32F103xB -c -I../Core/Inc -I../Drivers/STM32F1xx_HAL_Driver/Inc/Legacy -I../Drivers/STM32F1xx_HAL_Driver/Inc -I../Drivers/CMSIS/Device/ST/STM32F1xx/Include -I../Drivers/CMSIS/Include -O0 -ffunction-sections -fdata-sections -Wall -fstack-usage -fcyclomatic-complexity -MMD -MP -MF"Core/Src/adc.d" -MT"Core/Src/adc.o" --specs=nano.specs -mfloat-abi=soft -mthumb -o "Core/Src/adc.o"
arm-none-eabi-gcc "../Core/Src/bms.c" -mcpu=cortex-m3 -std=gnu11 -g3 -DDEBUG -DUSE_HAL_DRIVER -DSTM32F103xB -c -I../Core/Inc -I../Drivers/STM32F1xx_HAL_Driver/Inc/Legacy -I../Drivers/STM32F1xx_HAL_Driver/Inc -I../Drivers/CMSIS/Device/ST/STM32F1xx/Include -I../Drivers/CMSIS/Include -O0 -ffunction-sections -fdata-sections -Wall -fstack-usage -fcyclomatic-complexity -MMD -MP -MF"Core/Src/bms.d" -MT"Core/Src/bms.o" --specs=nano.specs -mfloat-abi=soft -mthumb -o "Core/Src/bms.o"
arm-none-eabi-gcc "../Core/Src/dma.c" -mcpu=cortex-m3 -std=gnu11 -g3 -DDEBUG -DUSE_HAL_DRIVER -DSTM32F103xB -c -I../Core/Inc -I../Drivers/STM32F1xx_HAL_Driver/Inc/Legacy -I../Drivers/STM32F1xx_HAL_Driver/Inc -I../Drivers/CMSIS/Device/ST/STM32F1xx/Include -I../Drivers/CMSIS/Include -O0 -ffunction-sections -fdata-sections -Wall -fstack-usage -fcyclomatic-complexity -MMD -MP -MF"Core/Src/dma.d" -MT"Core/Src/dma.o" --specs=nano.specs -mfloat-abi=soft -mthumb -o "Core/Src/dma.o"
arm-none-eabi-gcc "../Core/Src/gpio.c" -mcpu=cortex-m3 -std=gnu11 -g3 -DDEBUG -DUSE_HAL_DRIVER -DSTM32F103xB -c -I../Core/Inc -I../Drivers/STM32F1xx_HAL_Driver/Inc/Legacy -I../Drivers/STM32F1xx_HAL_Driver/Inc -I../Drivers/CMSIS/Device/ST/STM32F1xx/Include -I../Drivers/CMSIS/Include -O0 -ffunction-sections -fdata-sections -Wall -fstack-usage -fcyclomatic-complexity -MMD -MP -MF"Core/Src/gpio.d" -MT"Core/Src/gpio.o" --specs=nano.specs -mfloat-abi=soft -mthumb -o "Core/Src/gpio.o"
arm-none-eabi-gcc "../Core/Src/i2c.c" -mcpu=cortex-m3 -std=gnu11 -g3 -DDEBUG -DUSE_HAL_DRIVER -DSTM32F103xB -c -I../Core/Inc -I../Drivers/STM32F1xx_HAL_Driver/Inc/Legacy -I../Drivers/STM32F1xx_HAL_Driver/Inc -I../Drivers/CMSIS/Device/ST/STM32F1xx/Include -I../Drivers/CMSIS/Include -O0 -ffunction-sections -fdata-sections -Wall -fstack-usage -fcyclomatic-complexity -MMD -MP -MF"Core/Src/i2c.d" -MT"Core/Src/i2c.o" --specs=nano.specs -mfloat-abi=soft -mthumb -o "Core/Src/i2c.o"
arm-none-eabi-gcc "../Core/Src/ina219.c" -mcpu=cortex-m3 -std=gnu11 -g3 -DDEBUG -DUSE_HAL_DRIVER -DSTM32F103xB -c -I../Core/Inc -I../Drivers/STM32F1xx_HAL_Driver/Inc/Legacy -I../Drivers/STM32F1xx_HAL_Driver/Inc -I../Drivers/CMSIS/Device/ST/STM32F1xx/Include -I../Drivers/CMSIS/Include -O0 -ffunction-sections -fdata-sections -Wall -fstack-usage -fcyclomatic-complexity -MMD -MP -MF"Core/Src/ina219.d" -MT"Core/Src/ina219.o" --specs=nano.specs -mfloat-abi=soft -mthumb -o "Core/Src/ina219.o"
arm-none-eabi-gcc "../Core/Src/main.c" -mcpu=cortex-m3 -std=gnu11 -g3 -DDEBUG -DUSE_HAL_DRIVER -DSTM32F103xB -c -I../Core/Inc -I../Drivers/STM32F1xx_HAL_Driver/Inc/Legacy -I../Drivers/STM32F1xx_HAL_Driver/Inc -I../Drivers/CMSIS/Device/ST/STM32F1xx/Include -I../Drivers/CMSIS/Include -O0 -ffunction-sections -fdata-sections -Wall -fstack-usage -fcyclomatic-complexity -MMD -MP -MF"Core/Src/main.d" -MT"Core/Src/main.o" --specs=nano.specs -mfloat-abi=soft -mthumb -o "Core/Src/main.o"
arm-none-eabi-gcc "../Core/Src/stm32f1xx_hal_msp.c" -mcpu=cortex-m3 -std=gnu11 -g3 -DDEBUG -DUSE_HAL_DRIVER -DSTM32F103xB -c -I../Core/Inc -I../Drivers/STM32F1xx_HAL_Driver/Inc/Legacy -I../Drivers/STM32F1xx_HAL_Driver/Inc -I../Drivers/CMSIS/Device/ST/STM32F1xx/Include -I../Drivers/CMSIS/Include -O0 -ffunction-sections -fdata-sections -Wall -fstack-usage -fcyclomatic-complexity -MMD -MP -MF"Core/Src/stm32f1xx_hal_msp.d" -MT"Core/Src/stm32f1xx_hal_msp.o" --specs=nano.specs -mfloat-abi=soft -mthumb -o "Core/Src/stm32f1xx_hal_msp.o"
arm-none-eabi-gcc "../Core/Src/stm32f1xx_it.c" -mcpu=cortex-m3 -std=gnu11 -g3 -DDEBUG -DUSE_HAL_DRIVER -DSTM32F103xB -c -I../Core/Inc -I../Drivers/STM32F1xx_HAL_Driver/Inc/Legacy -I../Drivers/STM32F1xx_HAL_Driver/Inc -I../Drivers/CMSIS/Device/ST/STM32F1xx/Include -I../Drivers/CMSIS/Include -O0 -ffunction-sections -fdata-sections -Wall -fstack-usage -fcyclomatic-complexity -MMD -MP -MF"Core/Src/stm32f1xx_it.d" -MT"Core/Src/stm32f1xx_it.o" --specs=nano.specs -mfloat-abi=soft -mthumb -o "Core/Src/stm32f1xx_it.o"
arm-none-eabi-gcc "../Core/Src/tim.c" -mcpu=cortex-m3 -std=gnu11 -g3 -DDEBUG -DUSE_HAL_DRIVER -DSTM32F103xB -c -I../Core/Inc -I../Drivers/STM32F1xx_HAL_Driver/Inc/Legacy -I../Drivers/STM32F1xx_HAL_Driver/Inc -I../Drivers/CMSIS/Device/ST/STM32F1xx/Include -I../Drivers/CMSIS/Include -O0 -ffunction-sections -fdata-sections -Wall -fstack-usage -fcyclomatic-complexity -MMD -MP -MF"Core/Src/tim.d" -MT"Core/Src/tim.o" --specs=nano.specs -mfloat-abi=soft -mthumb -o "Core/Src/tim.o"
arm-none-eabi-gcc "../Core/Src/usart.c" -mcpu=cortex-m3 -std=gnu11 -g3 -DDEBUG -DUSE_HAL_DRIVER -DSTM32F103xB -c -I../Core/Inc -I../Drivers/STM32F1xx_HAL_Driver/Inc/Legacy -I../Drivers/STM32F1xx_HAL_Driver/Inc -I../Drivers/CMSIS/Device/ST/STM32F1xx/Include -I../Drivers/CMSIS/Include -O0 -ffunction-sections -fdata-sections -Wall -fstack-usage -fcyclomatic-complexity -MMD -MP -MF"Core/Src/usart.d" -MT"Core/Src/usart.o" --specs=nano.specs -mfloat-abi=soft -mthumb -o "Core/Src/usart.o"
arm-none-eabi-gcc -o "BLUEPILL ORIGINAL.elf" @"objects.list"   -mcpu=cortex-m3 -T"/Users/apple/STM32CubeIDE/otros STM32/BLUEPILL ORIGINAL/STM32F103C8TX_FLASH.ld" --specs=nosys.specs -Wl,-Map="BLUEPILL ORIGINAL.map" -Wl,--gc-sections -static --specs=nano.specs -mfloat-abi=soft -mthumb -u _printf_float -u _scanf_float -Wl,--start-group -lc -lm -Wl,--end-group
/Applications/STM32CubeIDE.app/Contents/Eclipse/plugins/com.st.stm32cube.ide.mcu.externaltools.gnu-tools-for-stm32.12.3.rel1.macos64_1.0.200.202406191456/tools/bin/../lib/gcc/arm-none-eabi/12.3.1/../../../../arm-none-eabi/bin/ld: ./Core/Src/main.o:/Users/apple/STM32CubeIDE/otros STM32/BLUEPILL ORIGINAL/Debug/../Core/Inc/ina219.h:73: multiple definition of `ina219_calibrationValue'; ./Core/Src/ina219.o:/Users/apple/STM32CubeIDE/otros STM32/BLUEPILL ORIGINAL/Debug/../Core/Inc/INA219.h:73: first defined here
/Applications/STM32CubeIDE.app/Contents/Eclipse/plugins/com.st.stm32cube.ide.mcu.externaltools.gnu-tools-for-stm32.12.3.rel1.macos64_1.0.200.202406191456/tools/bin/../lib/gcc/arm-none-eabi/12.3.1/../../../../arm-none-eabi/bin/ld: ./Core/Src/main.o:/Users/apple/STM32CubeIDE/otros STM32/BLUEPILL ORIGINAL/Debug/../Core/Inc/ina219.h:74: multiple definition of `ina219_currentDivider_mA'; ./Core/Src/ina219.o:/Users/apple/STM32CubeIDE/otros STM32/BLUEPILL ORIGINAL/Debug/../Core/Inc/INA219.h:74: first defined here
/Applications/STM32CubeIDE.app/Contents/Eclipse/plugins/com.st.stm32cube.ide.mcu.externaltools.gnu-tools-for-stm32.12.3.rel1.macos64_1.0.200.202406191456/tools/bin/../lib/gcc/arm-none-eabi/12.3.1/../../../../arm-none-eabi/bin/ld: ./Core/Src/main.o:/Users/apple/STM32CubeIDE/otros STM32/BLUEPILL ORIGINAL/Debug/../Core/Inc/ina219.h:75: multiple definition of `ina219_powerMultiplier_mW'; ./Core/Src/ina219.o:/Users/apple/STM32CubeIDE/otros STM32/BLUEPILL ORIGINAL/Debug/../Core/Inc/INA219.h:75: first defined here
collect2: error: ld returned 1 exit status
make: *** [makefile:71: BLUEPILL ORIGINAL.elf] Error 1
"make -j7 all" terminated with exit code 2. Build might be incomplete.
21:11:46 **** Incremental Build of configuration Debug for project BLUEPILL ORIGINAL ****
make -j7 all 
arm-none-eabi-gcc "../Core/Src/ina219.c" -mcpu=cortex-m3 -std=gnu11 -g3 -DDEBUG -DUSE_HAL_DRIVER -DSTM32F103xB -c -I../Core/Inc -I../Drivers/STM32F1xx_HAL_Driver/Inc/Legacy -I../Drivers/STM32F1xx_HAL_Driver/Inc -I../Drivers/CMSIS/Device/ST/STM32F1xx/Include -I../Drivers/CMSIS/Include -O0 -ffunction-sections -fdata-sections -Wall -fstack-usage -fcyclomatic-complexity -MMD -MP -MF"Core/Src/ina219.d" -MT"Core/Src/ina219.o" --specs=nano.specs -mfloat-abi=soft -mthumb -o "Core/Src/ina219.o"
arm-none-eabi-gcc "../Core/Src/main.c" -mcpu=cortex-m3 -std=gnu11 -g3 -DDEBUG -DUSE_HAL_DRIVER -DSTM32F103xB -c -I../Core/Inc -I../Drivers/STM32F1xx_HAL_Driver/Inc/Legacy -I../Drivers/STM32F1xx_HAL_Driver/Inc -I../Drivers/CMSIS/Device/ST/STM32F1xx/Include -I../Drivers/CMSIS/Include -O0 -ffunction-sections -fdata-sections -Wall -fstack-usage -fcyclomatic-complexity -MMD -MP -MF"Core/Src/main.d" -MT"Core/Src/main.o" --specs=nano.specs -mfloat-abi=soft -mthumb -o "Core/Src/main.o"
arm-none-eabi-gcc -o "BLUEPILL ORIGINAL.elf" @"objects.list"   -mcpu=cortex-m3 -T"/Users/apple/STM32CubeIDE/otros STM32/BLUEPILL ORIGINAL/STM32F103C8TX_FLASH.ld" --specs=nosys.specs -Wl,-Map="BLUEPILL ORIGINAL.map" -Wl,--gc-sections -static --specs=nano.specs -mfloat-abi=soft -mthumb -u _printf_float -u _scanf_float -Wl,--start-group -lc -lm -Wl,--end-group
/Applications/STM32CubeIDE.app/Contents/Eclipse/plugins/com.st.stm32cube.ide.mcu.externaltools.gnu-tools-for-stm32.12.3.rel1.macos64_1.0.200.202406191456/tools/bin/../lib/gcc/arm-none-eabi/12.3.1/../../../../arm-none-eabi/bin/ld: ./Core/Src/ina219.o: in function `INA219_ReadCurrent':
/Users/apple/STM32CubeIDE/otros STM32/BLUEPILL ORIGINAL/Debug/../Core/Src/ina219.c:49: undefined reference to `ina219_currentDivider_mA'
/Applications/STM32CubeIDE.app/Contents/Eclipse/plugins/com.st.stm32cube.ide.mcu.externaltools.gnu-tools-for-stm32.12.3.rel1.macos64_1.0.200.202406191456/tools/bin/../lib/gcc/arm-none-eabi/12.3.1/../../../../arm-none-eabi/bin/ld: ./Core/Src/ina219.o: in function `INA219_setCalibration_32V_2A':
/Users/apple/STM32CubeIDE/otros STM32/BLUEPILL ORIGINAL/Debug/../Core/Src/ina219.c:93: undefined reference to `ina219_calibrationValue'
/Applications/STM32CubeIDE.app/Contents/Eclipse/plugins/com.st.stm32cube.ide.mcu.externaltools.gnu-tools-for-stm32.12.3.rel1.macos64_1.0.200.202406191456/tools/bin/../lib/gcc/arm-none-eabi/12.3.1/../../../../arm-none-eabi/bin/ld: /Users/apple/STM32CubeIDE/otros STM32/BLUEPILL ORIGINAL/Debug/../Core/Src/ina219.c:93: undefined reference to `ina219_currentDivider_mA'
/Applications/STM32CubeIDE.app/Contents/Eclipse/plugins/com.st.stm32cube.ide.mcu.externaltools.gnu-tools-for-stm32.12.3.rel1.macos64_1.0.200.202406191456/tools/bin/../lib/gcc/arm-none-eabi/12.3.1/../../../../arm-none-eabi/bin/ld: /Users/apple/STM32CubeIDE/otros STM32/BLUEPILL ORIGINAL/Debug/../Core/Src/ina219.c:93: undefined reference to `ina219_powerMultiplier_mW'
/Applications/STM32CubeIDE.app/Contents/Eclipse/plugins/com.st.stm32cube.ide.mcu.externaltools.gnu-tools-for-stm32.12.3.rel1.macos64_1.0.200.202406191456/tools/bin/../lib/gcc/arm-none-eabi/12.3.1/../../../../arm-none-eabi/bin/ld: ./Core/Src/ina219.o: in function `INA219_Init':
/Users/apple/STM32CubeIDE/otros STM32/BLUEPILL ORIGINAL/Debug/../Core/Src/ina219.c:175: undefined reference to `ina219_currentDivider_mA'
/Applications/STM32CubeIDE.app/Contents/Eclipse/plugins/com.st.stm32cube.ide.mcu.externaltools.gnu-tools-for-stm32.12.3.rel1.macos64_1.0.200.202406191456/tools/bin/../lib/gcc/arm-none-eabi/12.3.1/../../../../arm-none-eabi/bin/ld: /Users/apple/STM32CubeIDE/otros STM32/BLUEPILL ORIGINAL/Debug/../Core/Src/ina219.c:175: undefined reference to `ina219_powerMultiplier_mW'
collect2: error: ld returned 1 exit status
make: *** [makefile:71: BLUEPILL ORIGINAL.elf] Error 1
"make -j7 all" terminated with exit code 2. Build might be incomplete.
21:12:20 **** Incremental Build of configuration Debug for project BLUEPILL ORIGINAL ****
make -j7 all 
arm-none-eabi-gcc "../Core/Src/ina219.c" -mcpu=cortex-m3 -std=gnu11 -g3 -DDEBUG -DUSE_HAL_DRIVER -DSTM32F103xB -c -I../Core/Inc -I../Drivers/STM32F1xx_HAL_Driver/Inc/Legacy -I../Drivers/STM32F1xx_HAL_Driver/Inc -I../Drivers/CMSIS/Device/ST/STM32F1xx/Include -I../Drivers/CMSIS/Include -O0 -ffunction-sections -fdata-sections -Wall -fstack-usage -fcyclomatic-complexity -MMD -MP -MF"Core/Src/ina219.d" -MT"Core/Src/ina219.o" --specs=nano.specs -mfloat-abi=soft -mthumb -o "Core/Src/ina219.o"
arm-none-eabi-gcc "../Core/Src/main.c" -mcpu=cortex-m3 -std=gnu11 -g3 -DDEBUG -DUSE_HAL_DRIVER -DSTM32F103xB -c -I../Core/Inc -I../Drivers/STM32F1xx_HAL_Driver/Inc/Legacy -I../Drivers/STM32F1xx_HAL_Driver/Inc -I../Drivers/CMSIS/Device/ST/STM32F1xx/Include -I../Drivers/CMSIS/Include -O0 -ffunction-sections -fdata-sections -Wall -fstack-usage -fcyclomatic-complexity -MMD -MP -MF"Core/Src/main.d" -MT"Core/Src/main.o" --specs=nano.specs -mfloat-abi=soft -mthumb -o "Core/Src/main.o"
arm-none-eabi-gcc -o "BLUEPILL ORIGINAL.elf" @"objects.list"   -mcpu=cortex-m3 -T"/Users/apple/STM32CubeIDE/otros STM32/BLUEPILL ORIGINAL/STM32F103C8TX_FLASH.ld" --specs=nosys.specs -Wl,-Map="BLUEPILL ORIGINAL.map" -Wl,--gc-sections -static --specs=nano.specs -mfloat-abi=soft -mthumb -u _printf_float -u _scanf_float -Wl,--start-group -lc -lm -Wl,--end-group
/Applications/STM32CubeIDE.app/Contents/Eclipse/plugins/com.st.stm32cube.ide.mcu.externaltools.gnu-tools-for-stm32.12.3.rel1.macos64_1.0.200.202406191456/tools/bin/../lib/gcc/arm-none-eabi/12.3.1/../../../../arm-none-eabi/bin/ld: ./Core/Src/main.o:/Users/apple/STM32CubeIDE/otros STM32/BLUEPILL ORIGINAL/Debug/../Core/Inc/ina219.h:75: multiple definition of `ina219_calibrationValue'; ./Core/Src/ina219.o:/Users/apple/STM32CubeIDE/otros STM32/BLUEPILL ORIGINAL/Debug/../Core/Inc/INA219.h:75: first defined here
/Applications/STM32CubeIDE.app/Contents/Eclipse/plugins/com.st.stm32cube.ide.mcu.externaltools.gnu-tools-for-stm32.12.3.rel1.macos64_1.0.200.202406191456/tools/bin/../lib/gcc/arm-none-eabi/12.3.1/../../../../arm-none-eabi/bin/ld: ./Core/Src/main.o:/Users/apple/STM32CubeIDE/otros STM32/BLUEPILL ORIGINAL/Debug/../Core/Inc/ina219.h:76: multiple definition of `ina219_currentDivider_mA'; ./Core/Src/ina219.o:/Users/apple/STM32CubeIDE/otros STM32/BLUEPILL ORIGINAL/Debug/../Core/Inc/INA219.h:76: first defined here
/Applications/STM32CubeIDE.app/Contents/Eclipse/plugins/com.st.stm32cube.ide.mcu.externaltools.gnu-tools-for-stm32.12.3.rel1.macos64_1.0.200.202406191456/tools/bin/../lib/gcc/arm-none-eabi/12.3.1/../../../../arm-none-eabi/bin/ld: ./Core/Src/main.o:/Users/apple/STM32CubeIDE/otros STM32/BLUEPILL ORIGINAL/Debug/../Core/Inc/ina219.h:77: multiple definition of `ina219_powerMultiplier_mW'; ./Core/Src/ina219.o:/Users/apple/STM32CubeIDE/otros STM32/BLUEPILL ORIGINAL/Debug/../Core/Inc/INA219.h:77: first defined here
collect2: error: ld returned 1 exit status
make: *** [makefile:71: BLUEPILL ORIGINAL.elf] Error 1
"make -j7 all" terminated with exit code 2. Build might be incomplete.
21:13:49 **** Incremental Build of configuration Debug for project BLUEPILL ORIGINAL ****
make -j7 all 
arm-none-eabi-gcc "../Core/Src/ina219.c" -mcpu=cortex-m3 -std=gnu11 -g3 -DDEBUG -DUSE_HAL_DRIVER -DSTM32F103xB -c -I../Core/Inc -I../Drivers/STM32F1xx_HAL_Driver/Inc/Legacy -I../Drivers/STM32F1xx_HAL_Driver/Inc -I../Drivers/CMSIS/Device/ST/STM32F1xx/Include -I../Drivers/CMSIS/Include -O0 -ffunction-sections -fdata-sections -Wall -fstack-usage -fcyclomatic-complexity -MMD -MP -MF"Core/Src/ina219.d" -MT"Core/Src/ina219.o" --specs=nano.specs -mfloat-abi=soft -mthumb -o "Core/Src/ina219.o"
arm-none-eabi-gcc -o "BLUEPILL ORIGINAL.elf" @"objects.list"   -mcpu=cortex-m3 -T"/Users/apple/STM32CubeIDE/otros STM32/BLUEPILL ORIGINAL/STM32F103C8TX_FLASH.ld" --specs=nosys.specs -Wl,-Map="BLUEPILL ORIGINAL.map" -Wl,--gc-sections -static --specs=nano.specs -mfloat-abi=soft -mthumb -u _printf_float -u _scanf_float -Wl,--start-group -lc -lm -Wl,--end-group
/Applications/STM32CubeIDE.app/Contents/Eclipse/plugins/com.st.stm32cube.ide.mcu.externaltools.gnu-tools-for-stm32.12.3.rel1.macos64_1.0.200.202406191456/tools/bin/../lib/gcc/arm-none-eabi/12.3.1/../../../../arm-none-eabi/bin/ld: ./Core/Src/main.o:/Users/apple/STM32CubeIDE/otros STM32/BLUEPILL ORIGINAL/Debug/../Core/Inc/ina219.h:75: multiple definition of `ina219_calibrationValue'; ./Core/Src/ina219.o:/Users/apple/STM32CubeIDE/otros STM32/BLUEPILL ORIGINAL/Debug/../Core/Inc/ina219.h:75: first defined here
/Applications/STM32CubeIDE.app/Contents/Eclipse/plugins/com.st.stm32cube.ide.mcu.externaltools.gnu-tools-for-stm32.12.3.rel1.macos64_1.0.200.202406191456/tools/bin/../lib/gcc/arm-none-eabi/12.3.1/../../../../arm-none-eabi/bin/ld: ./Core/Src/main.o:/Users/apple/STM32CubeIDE/otros STM32/BLUEPILL ORIGINAL/Debug/../Core/Inc/ina219.h:76: multiple definition of `ina219_currentDivider_mA'; ./Core/Src/ina219.o:/Users/apple/STM32CubeIDE/otros STM32/BLUEPILL ORIGINAL/Debug/../Core/Inc/ina219.h:76: first defined here
/Applications/STM32CubeIDE.app/Contents/Eclipse/plugins/com.st.stm32cube.ide.mcu.externaltools.gnu-tools-for-stm32.12.3.rel1.macos64_1.0.200.202406191456/tools/bin/../lib/gcc/arm-none-eabi/12.3.1/../../../../arm-none-eabi/bin/ld: ./Core/Src/main.o:/Users/apple/STM32CubeIDE/otros STM32/BLUEPILL ORIGINAL/Debug/../Core/Inc/ina219.h:77: multiple definition of `ina219_powerMultiplier_mW'; ./Core/Src/ina219.o:/Users/apple/STM32CubeIDE/otros STM32/BLUEPILL ORIGINAL/Debug/../Core/Inc/ina219.h:77: first defined here
collect2: error: ld returned 1 exit status
make: *** [makefile:71: BLUEPILL ORIGINAL.elf] Error 1
"make -j7 all" terminated with exit code 2. Build might be incomplete.
21:14:19 **** Incremental Build of configuration Debug for project BLUEPILL ORIGINAL ****
make -j7 all 
arm-none-eabi-gcc "../Core/Src/main.c" -mcpu=cortex-m3 -std=gnu11 -g3 -DDEBUG -DUSE_HAL_DRIVER -DSTM32F103xB -c -I../Core/Inc -I../Drivers/STM32F1xx_HAL_Driver/Inc/Legacy -I../Drivers/STM32F1xx_HAL_Driver/Inc -I../Drivers/CMSIS/Device/ST/STM32F1xx/Include -I../Drivers/CMSIS/Include -O0 -ffunction-sections -fdata-sections -Wall -fstack-usage -fcyclomatic-complexity -MMD -MP -MF"Core/Src/main.d" -MT"Core/Src/main.o" --specs=nano.specs -mfloat-abi=soft -mthumb -o "Core/Src/main.o"
../Core/Src/main.c: In function 'main':
../Core/Src/main.c:150:3: error: unknown type name 'INA219_t'
  150 |   INA219_t ina219;
      |   ^~~~~~~~
../Core/Src/main.c:152:10: warning: implicit declaration of function 'INA219_Init' [-Wimplicit-function-declaration]
  152 |   while(!INA219_Init(&ina219, &hi2c2, INA219_ADDRESS));
      |          ^~~~~~~~~~~
../Core/Src/main.c:152:39: error: 'INA219_ADDRESS' undeclared (first use in this function)
  152 |   while(!INA219_Init(&ina219, &hi2c2, INA219_ADDRESS));
      |                                       ^~~~~~~~~~~~~~
../Core/Src/main.c:152:39: note: each undeclared identifier is reported only once for each function it appears in
make: *** [Core/Src/subdir.mk:58: Core/Src/main.o] Error 1
"make -j7 all" terminated with exit code 2. Build might be incomplete.
21:14:37 **** Incremental Build of configuration Debug for project BLUEPILL ORIGINAL ****
make -j7 all 
arm-none-eabi-gcc "../Core/Src/main.c" -mcpu=cortex-m3 -std=gnu11 -g3 -DDEBUG -DUSE_HAL_DRIVER -DSTM32F103xB -c -I../Core/Inc -I../Drivers/STM32F1xx_HAL_Driver/Inc/Legacy -I../Drivers/STM32F1xx_HAL_Driver/Inc -I../Drivers/CMSIS/Device/ST/STM32F1xx/Include -I../Drivers/CMSIS/Include -O0 -ffunction-sections -fdata-sections -Wall -fstack-usage -fcyclomatic-complexity -MMD -MP -MF"Core/Src/main.d" -MT"Core/Src/main.o" --specs=nano.specs -mfloat-abi=soft -mthumb -o "Core/Src/main.o"
../Core/Src/main.c: In function 'main':
../Core/Src/main.c:150:3: error: unknown type name 'INA219_t'
  150 |   INA219_t ina219;
      |   ^~~~~~~~
../Core/Src/main.c:150:12: warning: unused variable 'ina219' [-Wunused-variable]
  150 |   INA219_t ina219;
      |            ^~~~~~
make: *** [Core/Src/subdir.mk:58: Core/Src/main.o] Error 1
"make -j7 all" terminated with exit code 2. Build might be incomplete.
21:14:47 **** Incremental Build of configuration Debug for project BLUEPILL ORIGINAL ****
make -j7 all 
arm-none-eabi-gcc "../Core/Src/main.c" -mcpu=cortex-m3 -std=gnu11 -g3 -DDEBUG -DUSE_HAL_DRIVER -DSTM32F103xB -c -I../Core/Inc -I../Drivers/STM32F1xx_HAL_Driver/Inc/Legacy -I../Drivers/STM32F1xx_HAL_Driver/Inc -I../Drivers/CMSIS/Device/ST/STM32F1xx/Include -I../Drivers/CMSIS/Include -O0 -ffunction-sections -fdata-sections -Wall -fstack-usage -fcyclomatic-complexity -MMD -MP -MF"Core/Src/main.d" -MT"Core/Src/main.o" --specs=nano.specs -mfloat-abi=soft -mthumb -o "Core/Src/main.o"
../Core/Src/main.c: In function 'main':
../Core/Src/main.c:235:9: warning: 'vbus' may be used uninitialized [-Wmaybe-uninitialized]
  235 |         sendUsartMsg("\n\nvbus",vbus);
      |         ^~~~~~~~~~~~~~~~~~~~~~~~~~~~~
../Core/Src/main.c:151:12: note: 'vbus' was declared here
  151 |   uint16_t vbus, vshunt, current;
      |            ^~~~
../Core/Src/main.c:236:9: warning: 'vshunt' may be used uninitialized [-Wmaybe-uninitialized]
  236 |         sendUsartMsg("\n\nshunt",vshunt);
      |         ^~~~~~~~~~~~~~~~~~~~~~~~~~~~~~~~
../Core/Src/main.c:151:18: note: 'vshunt' was declared here
  151 |   uint16_t vbus, vshunt, current;
      |                  ^~~~~~
../Core/Src/main.c:237:9: warning: 'current' may be used uninitialized [-Wmaybe-uninitialized]
  237 |         sendUsartMsg("\n\ncurrent",current);
      |         ^~~~~~~~~~~~~~~~~~~~~~~~~~~~~~~~~~~
../Core/Src/main.c:151:26: note: 'current' was declared here
  151 |   uint16_t vbus, vshunt, current;
      |                          ^~~~~~~
arm-none-eabi-gcc -o "BLUEPILL ORIGINAL.elf" @"objects.list"   -mcpu=cortex-m3 -T"/Users/apple/STM32CubeIDE/otros STM32/BLUEPILL ORIGINAL/STM32F103C8TX_FLASH.ld" --specs=nosys.specs -Wl,-Map="BLUEPILL ORIGINAL.map" -Wl,--gc-sections -static --specs=nano.specs -mfloat-abi=soft -mthumb -u _printf_float -u _scanf_float -Wl,--start-group -lc -lm -Wl,--end-group
Finished building target: BLUEPILL ORIGINAL.elf
 
arm-none-eabi-size  BLUEPILL\ ORIGINAL.elf 
arm-none-eabi-objdump -h -S BLUEPILL\ ORIGINAL.elf  > "BLUEPILL ORIGINAL.list"
arm-none-eabi-objcopy  -O ihex BLUEPILL\ ORIGINAL.elf  "BLUEPILL ORIGINAL.hex"
arm-none-eabi-objcopy  -O binary BLUEPILL\ ORIGINAL.elf  "BLUEPILL ORIGINAL.bin"
Finished building: BLUEPILL ORIGINAL.bin
Finished building: BLUEPILL ORIGINAL.hex
 
 
   text	   data	    bss	    dec	    hex	filename
  41156	    468	   2340	  43964	   abbc	BLUEPILL ORIGINAL.elf
Finished building: default.size.stdout
 
Finished building: BLUEPILL ORIGINAL.list
 
21:15:07 **** Incremental Build of configuration Debug for project BLUEPILL ORIGINAL ****
make -j7 all 
arm-none-eabi-gcc "../Core/Src/main.c" -mcpu=cortex-m3 -std=gnu11 -g3 -DDEBUG -DUSE_HAL_DRIVER -DSTM32F103xB -c -I../Core/Inc -I../Drivers/STM32F1xx_HAL_Driver/Inc/Legacy -I../Drivers/STM32F1xx_HAL_Driver/Inc -I../Drivers/CMSIS/Device/ST/STM32F1xx/Include -I../Drivers/CMSIS/Include -O0 -ffunction-sections -fdata-sections -Wall -fstack-usage -fcyclomatic-complexity -MMD -MP -MF"Core/Src/main.d" -MT"Core/Src/main.o" --specs=nano.specs -mfloat-abi=soft -mthumb -o "Core/Src/main.o"
arm-none-eabi-gcc -o "BLUEPILL ORIGINAL.elf" @"objects.list"   -mcpu=cortex-m3 -T"/Users/apple/STM32CubeIDE/otros STM32/BLUEPILL ORIGINAL/STM32F103C8TX_FLASH.ld" --specs=nosys.specs -Wl,-Map="BLUEPILL ORIGINAL.map" -Wl,--gc-sections -static --specs=nano.specs -mfloat-abi=soft -mthumb -u _printf_float -u _scanf_float -Wl,--start-group -lc -lm -Wl,--end-group
/Applications/STM32CubeIDE.app/Contents/Eclipse/plugins/com.st.stm32cube.ide.mcu.externaltools.gnu-tools-for-stm32.12.3.rel1.macos64_1.0.200.202406191456/tools/bin/../lib/gcc/arm-none-eabi/12.3.1/../../../../arm-none-eabi/bin/ld: ./Core/Src/main.o:/Users/apple/STM32CubeIDE/otros STM32/BLUEPILL ORIGINAL/Debug/../Core/Inc/ina219.h:75: multiple definition of `ina219_calibrationValue'; ./Core/Src/ina219.o:/Users/apple/STM32CubeIDE/otros STM32/BLUEPILL ORIGINAL/Debug/../Core/Inc/ina219.h:75: first defined here
/Applications/STM32CubeIDE.app/Contents/Eclipse/plugins/com.st.stm32cube.ide.mcu.externaltools.gnu-tools-for-stm32.12.3.rel1.macos64_1.0.200.202406191456/tools/bin/../lib/gcc/arm-none-eabi/12.3.1/../../../../arm-none-eabi/bin/ld: ./Core/Src/main.o:/Users/apple/STM32CubeIDE/otros STM32/BLUEPILL ORIGINAL/Debug/../Core/Inc/ina219.h:76: multiple definition of `ina219_currentDivider_mA'; ./Core/Src/ina219.o:/Users/apple/STM32CubeIDE/otros STM32/BLUEPILL ORIGINAL/Debug/../Core/Inc/ina219.h:76: first defined here
/Applications/STM32CubeIDE.app/Contents/Eclipse/plugins/com.st.stm32cube.ide.mcu.externaltools.gnu-tools-for-stm32.12.3.rel1.macos64_1.0.200.202406191456/tools/bin/../lib/gcc/arm-none-eabi/12.3.1/../../../../arm-none-eabi/bin/ld: ./Core/Src/main.o:/Users/apple/STM32CubeIDE/otros STM32/BLUEPILL ORIGINAL/Debug/../Core/Inc/ina219.h:77: multiple definition of `ina219_powerMultiplier_mW'; ./Core/Src/ina219.o:/Users/apple/STM32CubeIDE/otros STM32/BLUEPILL ORIGINAL/Debug/../Core/Inc/ina219.h:77: first defined here
collect2: error: ld returned 1 exit status
make: *** [makefile:71: BLUEPILL ORIGINAL.elf] Error 1
"make -j7 all" terminated with exit code 2. Build might be incomplete.
21:16:38 **** Incremental Build of configuration Debug for project BLUEPILL ORIGINAL ****
make -j7 all 
arm-none-eabi-gcc "../Core/Src/ina219.c" -mcpu=cortex-m3 -std=gnu11 -g3 -DDEBUG -DUSE_HAL_DRIVER -DSTM32F103xB -c -I../Core/Inc -I../Drivers/STM32F1xx_HAL_Driver/Inc/Legacy -I../Drivers/STM32F1xx_HAL_Driver/Inc -I../Drivers/CMSIS/Device/ST/STM32F1xx/Include -I../Drivers/CMSIS/Include -O0 -ffunction-sections -fdata-sections -Wall -fstack-usage -fcyclomatic-complexity -MMD -MP -MF"Core/Src/ina219.d" -MT"Core/Src/ina219.o" --specs=nano.specs -mfloat-abi=soft -mthumb -o "Core/Src/ina219.o"
arm-none-eabi-gcc "../Core/Src/main.c" -mcpu=cortex-m3 -std=gnu11 -g3 -DDEBUG -DUSE_HAL_DRIVER -DSTM32F103xB -c -I../Core/Inc -I../Drivers/STM32F1xx_HAL_Driver/Inc/Legacy -I../Drivers/STM32F1xx_HAL_Driver/Inc -I../Drivers/CMSIS/Device/ST/STM32F1xx/Include -I../Drivers/CMSIS/Include -O0 -ffunction-sections -fdata-sections -Wall -fstack-usage -fcyclomatic-complexity -MMD -MP -MF"Core/Src/main.d" -MT"Core/Src/main.o" --specs=nano.specs -mfloat-abi=soft -mthumb -o "Core/Src/main.o"
arm-none-eabi-gcc -o "BLUEPILL ORIGINAL.elf" @"objects.list"   -mcpu=cortex-m3 -T"/Users/apple/STM32CubeIDE/otros STM32/BLUEPILL ORIGINAL/STM32F103C8TX_FLASH.ld" --specs=nosys.specs -Wl,-Map="BLUEPILL ORIGINAL.map" -Wl,--gc-sections -static --specs=nano.specs -mfloat-abi=soft -mthumb -u _printf_float -u _scanf_float -Wl,--start-group -lc -lm -Wl,--end-group
Finished building target: BLUEPILL ORIGINAL.elf
 
arm-none-eabi-size  BLUEPILL\ ORIGINAL.elf 
arm-none-eabi-objdump -h -S BLUEPILL\ ORIGINAL.elf  > "BLUEPILL ORIGINAL.list"
arm-none-eabi-objcopy  -O ihex BLUEPILL\ ORIGINAL.elf  "BLUEPILL ORIGINAL.hex"
arm-none-eabi-objcopy  -O binary BLUEPILL\ ORIGINAL.elf  "BLUEPILL ORIGINAL.bin"
   text	   data	    bss	    dec	    hex	filename
  44972	    468	   2340	  47780	   baa4	BLUEPILL ORIGINAL.elf
Finished building: default.size.stdout
 
Finished building: BLUEPILL ORIGINAL.hex
Finished building: BLUEPILL ORIGINAL.bin
 
 
Finished building: BLUEPILL ORIGINAL.list
 
21:37:36 **** Incremental Build of configuration Debug for project BLUEPILL ORIGINAL ****
make -j7 all 
arm-none-eabi-size  BLUEPILL\ ORIGINAL.elf 
   text	   data	    bss	    dec	    hex	filename
  44972	    468	   2340	  47780	   baa4	BLUEPILL ORIGINAL.elf
Finished building: default.size.stdout
 
21:38:27 **** Incremental Build of configuration Debug for project BLUEPILL ORIGINAL ****
make -j7 all 
arm-none-eabi-gcc "../Core/Src/main.c" -mcpu=cortex-m3 -std=gnu11 -g3 -DDEBUG -DUSE_HAL_DRIVER -DSTM32F103xB -c -I../Core/Inc -I../Drivers/STM32F1xx_HAL_Driver/Inc/Legacy -I../Drivers/STM32F1xx_HAL_Driver/Inc -I../Drivers/CMSIS/Device/ST/STM32F1xx/Include -I../Drivers/CMSIS/Include -O0 -ffunction-sections -fdata-sections -Wall -fstack-usage -fcyclomatic-complexity -MMD -MP -MF"Core/Src/main.d" -MT"Core/Src/main.o" --specs=nano.specs -mfloat-abi=soft -mthumb -o "Core/Src/main.o"
arm-none-eabi-gcc -o "BLUEPILL ORIGINAL.elf" @"objects.list"   -mcpu=cortex-m3 -T"/Users/apple/STM32CubeIDE/otros STM32/BLUEPILL ORIGINAL/STM32F103C8TX_FLASH.ld" --specs=nosys.specs -Wl,-Map="BLUEPILL ORIGINAL.map" -Wl,--gc-sections -static --specs=nano.specs -mfloat-abi=soft -mthumb -u _printf_float -u _scanf_float -Wl,--start-group -lc -lm -Wl,--end-group
Finished building target: BLUEPILL ORIGINAL.elf
 
arm-none-eabi-size  BLUEPILL\ ORIGINAL.elf 
arm-none-eabi-objdump -h -S BLUEPILL\ ORIGINAL.elf  > "BLUEPILL ORIGINAL.list"
arm-none-eabi-objcopy  -O ihex BLUEPILL\ ORIGINAL.elf  "BLUEPILL ORIGINAL.hex"
arm-none-eabi-objcopy  -O binary BLUEPILL\ ORIGINAL.elf  "BLUEPILL ORIGINAL.bin"
   text	   data	    bss	    dec	    hex	filename
  44964	    468	   2340	  47772	   ba9c	BLUEPILL ORIGINAL.elf
Finished building: default.size.stdout
 
Finished building: BLUEPILL ORIGINAL.hex
Finished building: BLUEPILL ORIGINAL.bin
 
 
Finished building: BLUEPILL ORIGINAL.list
 
21:38:57 **** Incremental Build of configuration Debug for project BLUEPILL ORIGINAL ****
make -j7 all 
arm-none-eabi-gcc "../Core/Src/main.c" -mcpu=cortex-m3 -std=gnu11 -g3 -DDEBUG -DUSE_HAL_DRIVER -DSTM32F103xB -c -I../Core/Inc -I../Drivers/STM32F1xx_HAL_Driver/Inc/Legacy -I../Drivers/STM32F1xx_HAL_Driver/Inc -I../Drivers/CMSIS/Device/ST/STM32F1xx/Include -I../Drivers/CMSIS/Include -O0 -ffunction-sections -fdata-sections -Wall -fstack-usage -fcyclomatic-complexity -MMD -MP -MF"Core/Src/main.d" -MT"Core/Src/main.o" --specs=nano.specs -mfloat-abi=soft -mthumb -o "Core/Src/main.o"
arm-none-eabi-gcc -o "BLUEPILL ORIGINAL.elf" @"objects.list"   -mcpu=cortex-m3 -T"/Users/apple/STM32CubeIDE/otros STM32/BLUEPILL ORIGINAL/STM32F103C8TX_FLASH.ld" --specs=nosys.specs -Wl,-Map="BLUEPILL ORIGINAL.map" -Wl,--gc-sections -static --specs=nano.specs -mfloat-abi=soft -mthumb -u _printf_float -u _scanf_float -Wl,--start-group -lc -lm -Wl,--end-group
Finished building target: BLUEPILL ORIGINAL.elf
 
arm-none-eabi-size  BLUEPILL\ ORIGINAL.elf 
arm-none-eabi-objdump -h -S BLUEPILL\ ORIGINAL.elf  > "BLUEPILL ORIGINAL.list"
arm-none-eabi-objcopy  -O ihex BLUEPILL\ ORIGINAL.elf  "BLUEPILL ORIGINAL.hex"
arm-none-eabi-objcopy  -O binary BLUEPILL\ ORIGINAL.elf  "BLUEPILL ORIGINAL.bin"
   text	   data	    bss	    dec	    hex	filename
  43196	    468	   2340	  46004	   b3b4	BLUEPILL ORIGINAL.elf
Finished building: default.size.stdout
 
Finished building: BLUEPILL ORIGINAL.bin
Finished building: BLUEPILL ORIGINAL.hex
 
 
Finished building: BLUEPILL ORIGINAL.list
 
21:40:19 **** Incremental Build of configuration Debug for project BLUEPILL ORIGINAL ****
make -j7 all 
arm-none-eabi-gcc "../Core/Src/main.c" -mcpu=cortex-m3 -std=gnu11 -g3 -DDEBUG -DUSE_HAL_DRIVER -DSTM32F103xB -c -I../Core/Inc -I../Drivers/STM32F1xx_HAL_Driver/Inc/Legacy -I../Drivers/STM32F1xx_HAL_Driver/Inc -I../Drivers/CMSIS/Device/ST/STM32F1xx/Include -I../Drivers/CMSIS/Include -O0 -ffunction-sections -fdata-sections -Wall -fstack-usage -fcyclomatic-complexity -MMD -MP -MF"Core/Src/main.d" -MT"Core/Src/main.o" --specs=nano.specs -mfloat-abi=soft -mthumb -o "Core/Src/main.o"
../Core/Src/main.c: In function 'main':
../Core/Src/main.c:150:12: warning: unused variable 'ina219' [-Wunused-variable]
  150 |   INA219_t ina219;
      |            ^~~~~~
../Core/Src/main.c:235:9: warning: 'vbus' may be used uninitialized [-Wmaybe-uninitialized]
  235 |         sendUsartMsg("\n\nvbus",vbus);
      |         ^~~~~~~~~~~~~~~~~~~~~~~~~~~~~
../Core/Src/main.c:151:12: note: 'vbus' was declared here
  151 |   uint16_t vbus, vshunt, current;
      |            ^~~~
../Core/Src/main.c:236:9: warning: 'vshunt' may be used uninitialized [-Wmaybe-uninitialized]
  236 |         sendUsartMsg("\n\nshunt",vshunt);
      |         ^~~~~~~~~~~~~~~~~~~~~~~~~~~~~~~~
../Core/Src/main.c:151:18: note: 'vshunt' was declared here
  151 |   uint16_t vbus, vshunt, current;
      |                  ^~~~~~
../Core/Src/main.c:237:9: warning: 'current' may be used uninitialized [-Wmaybe-uninitialized]
  237 |         sendUsartMsg("\n\ncurrent",current);
      |         ^~~~~~~~~~~~~~~~~~~~~~~~~~~~~~~~~~~
../Core/Src/main.c:151:26: note: 'current' was declared here
  151 |   uint16_t vbus, vshunt, current;
      |                          ^~~~~~~
arm-none-eabi-gcc -o "BLUEPILL ORIGINAL.elf" @"objects.list"   -mcpu=cortex-m3 -T"/Users/apple/STM32CubeIDE/otros STM32/BLUEPILL ORIGINAL/STM32F103C8TX_FLASH.ld" --specs=nosys.specs -Wl,-Map="BLUEPILL ORIGINAL.map" -Wl,--gc-sections -static --specs=nano.specs -mfloat-abi=soft -mthumb -u _printf_float -u _scanf_float -Wl,--start-group -lc -lm -Wl,--end-group
Finished building target: BLUEPILL ORIGINAL.elf
 
arm-none-eabi-size  BLUEPILL\ ORIGINAL.elf 
arm-none-eabi-objdump -h -S BLUEPILL\ ORIGINAL.elf  > "BLUEPILL ORIGINAL.list"
arm-none-eabi-objcopy  -O ihex BLUEPILL\ ORIGINAL.elf  "BLUEPILL ORIGINAL.hex"
arm-none-eabi-objcopy  -O binary BLUEPILL\ ORIGINAL.elf  "BLUEPILL ORIGINAL.bin"
   text	   data	    bss	    dec	    hex	filename
  41180	    468	   2340	  43988	   abd4	BLUEPILL ORIGINAL.elf
Finished building: default.size.stdout
 
Finished building: BLUEPILL ORIGINAL.bin
Finished building: BLUEPILL ORIGINAL.hex
 
 
Finished building: BLUEPILL ORIGINAL.list
 
21:43:34 **** Incremental Build of configuration Debug for project BLUEPILL ORIGINAL ****
make -j7 all 
arm-none-eabi-size  BLUEPILL\ ORIGINAL.elf 
   text	   data	    bss	    dec	    hex	filename
  41180	    468	   2340	  43988	   abd4	BLUEPILL ORIGINAL.elf
Finished building: default.size.stdout
 
21:48:29 **** Incremental Build of configuration Debug for project BLUEPILL ORIGINAL ****
make -j7 all 
arm-none-eabi-size  BLUEPILL\ ORIGINAL.elf 
   text	   data	    bss	    dec	    hex	filename
  41180	    468	   2340	  43988	   abd4	BLUEPILL ORIGINAL.elf
Finished building: default.size.stdout
 
21:48:54 **** Incremental Build of configuration Debug for project BLUEPILL ORIGINAL ****
make -j7 all 
arm-none-eabi-gcc "../Core/Src/main.c" -mcpu=cortex-m3 -std=gnu11 -g3 -DDEBUG -DUSE_HAL_DRIVER -DSTM32F103xB -c -I../Core/Inc -I../Drivers/STM32F1xx_HAL_Driver/Inc/Legacy -I../Drivers/STM32F1xx_HAL_Driver/Inc -I../Drivers/CMSIS/Device/ST/STM32F1xx/Include -I../Drivers/CMSIS/Include -O0 -ffunction-sections -fdata-sections -Wall -fstack-usage -fcyclomatic-complexity -MMD -MP -MF"Core/Src/main.d" -MT"Core/Src/main.o" --specs=nano.specs -mfloat-abi=soft -mthumb -o "Core/Src/main.o"
../Core/Src/main.c: In function 'main':
../Core/Src/main.c:235:9: warning: 'vbus' may be used uninitialized [-Wmaybe-uninitialized]
  235 |         sendUsartMsg("\n\nvbus",vbus);
      |         ^~~~~~~~~~~~~~~~~~~~~~~~~~~~~
../Core/Src/main.c:151:12: note: 'vbus' was declared here
  151 |   uint16_t vbus, vshunt, current;
      |            ^~~~
../Core/Src/main.c:236:9: warning: 'vshunt' may be used uninitialized [-Wmaybe-uninitialized]
  236 |         sendUsartMsg("\n\nshunt",vshunt);
      |         ^~~~~~~~~~~~~~~~~~~~~~~~~~~~~~~~
../Core/Src/main.c:151:18: note: 'vshunt' was declared here
  151 |   uint16_t vbus, vshunt, current;
      |                  ^~~~~~
../Core/Src/main.c:237:9: warning: 'current' may be used uninitialized [-Wmaybe-uninitialized]
  237 |         sendUsartMsg("\n\ncurrent",current);
      |         ^~~~~~~~~~~~~~~~~~~~~~~~~~~~~~~~~~~
../Core/Src/main.c:151:26: note: 'current' was declared here
  151 |   uint16_t vbus, vshunt, current;
      |                          ^~~~~~~
arm-none-eabi-gcc -o "BLUEPILL ORIGINAL.elf" @"objects.list"   -mcpu=cortex-m3 -T"/Users/apple/STM32CubeIDE/otros STM32/BLUEPILL ORIGINAL/STM32F103C8TX_FLASH.ld" --specs=nosys.specs -Wl,-Map="BLUEPILL ORIGINAL.map" -Wl,--gc-sections -static --specs=nano.specs -mfloat-abi=soft -mthumb -u _printf_float -u _scanf_float -Wl,--start-group -lc -lm -Wl,--end-group
Finished building target: BLUEPILL ORIGINAL.elf
 
arm-none-eabi-size  BLUEPILL\ ORIGINAL.elf 
arm-none-eabi-objdump -h -S BLUEPILL\ ORIGINAL.elf  > "BLUEPILL ORIGINAL.list"
arm-none-eabi-objcopy  -O ihex BLUEPILL\ ORIGINAL.elf  "BLUEPILL ORIGINAL.hex"
arm-none-eabi-objcopy  -O binary BLUEPILL\ ORIGINAL.elf  "BLUEPILL ORIGINAL.bin"
   text	   data	    bss	    dec	    hex	filename
  41156	    468	   2340	  43964	   abbc	BLUEPILL ORIGINAL.elf
Finished building: default.size.stdout
 
Finished building: BLUEPILL ORIGINAL.bin
Finished building: BLUEPILL ORIGINAL.hex
 
 
Finished building: BLUEPILL ORIGINAL.list
 
21:57:23 **** Incremental Build of configuration Debug for project BLUEPILL ORIGINAL ****
make -j7 all 
arm-none-eabi-gcc "../Core/Src/main.c" -mcpu=cortex-m3 -std=gnu11 -g3 -DDEBUG -DUSE_HAL_DRIVER -DSTM32F103xB -c -I../Core/Inc -I../Drivers/STM32F1xx_HAL_Driver/Inc/Legacy -I../Drivers/STM32F1xx_HAL_Driver/Inc -I../Drivers/CMSIS/Device/ST/STM32F1xx/Include -I../Drivers/CMSIS/Include -O0 -ffunction-sections -fdata-sections -Wall -fstack-usage -fcyclomatic-complexity -MMD -MP -MF"Core/Src/main.d" -MT"Core/Src/main.o" --specs=nano.specs -mfloat-abi=soft -mthumb -o "Core/Src/main.o"
../Core/Src/main.c: In function 'main':
../Core/Src/main.c:151:26: warning: unused variable 'current' [-Wunused-variable]
  151 |   uint16_t vbus, vshunt, current;
      |                          ^~~~~~~
../Core/Src/main.c:151:18: warning: unused variable 'vshunt' [-Wunused-variable]
  151 |   uint16_t vbus, vshunt, current;
      |                  ^~~~~~
../Core/Src/main.c:151:12: warning: unused variable 'vbus' [-Wunused-variable]
  151 |   uint16_t vbus, vshunt, current;
      |            ^~~~
arm-none-eabi-gcc -o "BLUEPILL ORIGINAL.elf" @"objects.list"   -mcpu=cortex-m3 -T"/Users/apple/STM32CubeIDE/otros STM32/BLUEPILL ORIGINAL/STM32F103C8TX_FLASH.ld" --specs=nosys.specs -Wl,-Map="BLUEPILL ORIGINAL.map" -Wl,--gc-sections -static --specs=nano.specs -mfloat-abi=soft -mthumb -u _printf_float -u _scanf_float -Wl,--start-group -lc -lm -Wl,--end-group
Finished building target: BLUEPILL ORIGINAL.elf
 
arm-none-eabi-size  BLUEPILL\ ORIGINAL.elf 
arm-none-eabi-objdump -h -S BLUEPILL\ ORIGINAL.elf  > "BLUEPILL ORIGINAL.list"
arm-none-eabi-objcopy  -O ihex BLUEPILL\ ORIGINAL.elf  "BLUEPILL ORIGINAL.hex"
arm-none-eabi-objcopy  -O binary BLUEPILL\ ORIGINAL.elf  "BLUEPILL ORIGINAL.bin"
   text	   data	    bss	    dec	    hex	filename
  41084	    468	   2340	  43892	   ab74	BLUEPILL ORIGINAL.elf
Finished building: default.size.stdout
 
Finished building: BLUEPILL ORIGINAL.hex
Finished building: BLUEPILL ORIGINAL.bin
 
 
Finished building: BLUEPILL ORIGINAL.list
 
23:15:10 **** Incremental Build of configuration Debug for project BLUEPILL ORIGINAL ****
make -j7 all 
arm-none-eabi-gcc "../Core/Src/tim.c" -mcpu=cortex-m3 -std=gnu11 -g3 -DDEBUG -DUSE_HAL_DRIVER -DSTM32F103xB -c -I../Core/Inc -I../Drivers/STM32F1xx_HAL_Driver/Inc/Legacy -I../Drivers/STM32F1xx_HAL_Driver/Inc -I../Drivers/CMSIS/Device/ST/STM32F1xx/Include -I../Drivers/CMSIS/Include -O0 -ffunction-sections -fdata-sections -Wall -fstack-usage -fcyclomatic-complexity -MMD -MP -MF"Core/Src/tim.d" -MT"Core/Src/tim.o" --specs=nano.specs -mfloat-abi=soft -mthumb -o "Core/Src/tim.o"
arm-none-eabi-gcc -o "BLUEPILL ORIGINAL.elf" @"objects.list"   -mcpu=cortex-m3 -T"/Users/apple/STM32CubeIDE/otros STM32/BLUEPILL ORIGINAL/STM32F103C8TX_FLASH.ld" --specs=nosys.specs -Wl,-Map="BLUEPILL ORIGINAL.map" -Wl,--gc-sections -static --specs=nano.specs -mfloat-abi=soft -mthumb -u _printf_float -u _scanf_float -Wl,--start-group -lc -lm -Wl,--end-group
Finished building target: BLUEPILL ORIGINAL.elf
 
arm-none-eabi-size  BLUEPILL\ ORIGINAL.elf 
arm-none-eabi-objdump -h -S BLUEPILL\ ORIGINAL.elf  > "BLUEPILL ORIGINAL.list"
arm-none-eabi-objcopy  -O ihex BLUEPILL\ ORIGINAL.elf  "BLUEPILL ORIGINAL.hex"
arm-none-eabi-objcopy  -O binary BLUEPILL\ ORIGINAL.elf  "BLUEPILL ORIGINAL.bin"
   text	   data	    bss	    dec	    hex	filename
  41084	    468	   2340	  43892	   ab74	BLUEPILL ORIGINAL.elf
Finished building: default.size.stdout
 
Finished building: BLUEPILL ORIGINAL.hex
Finished building: BLUEPILL ORIGINAL.bin
 
 
Finished building: BLUEPILL ORIGINAL.list
 
23:16:01 **** Incremental Build of configuration Debug for project BLUEPILL ORIGINAL ****
make -j7 all 
arm-none-eabi-gcc "../Core/Src/tim.c" -mcpu=cortex-m3 -std=gnu11 -g3 -DDEBUG -DUSE_HAL_DRIVER -DSTM32F103xB -c -I../Core/Inc -I../Drivers/STM32F1xx_HAL_Driver/Inc/Legacy -I../Drivers/STM32F1xx_HAL_Driver/Inc -I../Drivers/CMSIS/Device/ST/STM32F1xx/Include -I../Drivers/CMSIS/Include -O0 -ffunction-sections -fdata-sections -Wall -fstack-usage -fcyclomatic-complexity -MMD -MP -MF"Core/Src/tim.d" -MT"Core/Src/tim.o" --specs=nano.specs -mfloat-abi=soft -mthumb -o "Core/Src/tim.o"
arm-none-eabi-gcc -o "BLUEPILL ORIGINAL.elf" @"objects.list"   -mcpu=cortex-m3 -T"/Users/apple/STM32CubeIDE/otros STM32/BLUEPILL ORIGINAL/STM32F103C8TX_FLASH.ld" --specs=nosys.specs -Wl,-Map="BLUEPILL ORIGINAL.map" -Wl,--gc-sections -static --specs=nano.specs -mfloat-abi=soft -mthumb -u _printf_float -u _scanf_float -Wl,--start-group -lc -lm -Wl,--end-group
Finished building target: BLUEPILL ORIGINAL.elf
 
arm-none-eabi-size  BLUEPILL\ ORIGINAL.elf 
arm-none-eabi-objdump -h -S BLUEPILL\ ORIGINAL.elf  > "BLUEPILL ORIGINAL.list"
arm-none-eabi-objcopy  -O ihex BLUEPILL\ ORIGINAL.elf  "BLUEPILL ORIGINAL.hex"
arm-none-eabi-objcopy  -O binary BLUEPILL\ ORIGINAL.elf  "BLUEPILL ORIGINAL.bin"
   text	   data	    bss	    dec	    hex	filename
  41084	    468	   2340	  43892	   ab74	BLUEPILL ORIGINAL.elf
Finished building: default.size.stdout
 
Finished building: BLUEPILL ORIGINAL.hex
Finished building: BLUEPILL ORIGINAL.bin
 
 
Finished building: BLUEPILL ORIGINAL.list
 
23:16:25 **** Incremental Build of configuration Debug for project BLUEPILL ORIGINAL ****
make -j7 all 
arm-none-eabi-gcc "../Core/Src/tim.c" -mcpu=cortex-m3 -std=gnu11 -g3 -DDEBUG -DUSE_HAL_DRIVER -DSTM32F103xB -c -I../Core/Inc -I../Drivers/STM32F1xx_HAL_Driver/Inc/Legacy -I../Drivers/STM32F1xx_HAL_Driver/Inc -I../Drivers/CMSIS/Device/ST/STM32F1xx/Include -I../Drivers/CMSIS/Include -O0 -ffunction-sections -fdata-sections -Wall -fstack-usage -fcyclomatic-complexity -MMD -MP -MF"Core/Src/tim.d" -MT"Core/Src/tim.o" --specs=nano.specs -mfloat-abi=soft -mthumb -o "Core/Src/tim.o"
arm-none-eabi-gcc -o "BLUEPILL ORIGINAL.elf" @"objects.list"   -mcpu=cortex-m3 -T"/Users/apple/STM32CubeIDE/otros STM32/BLUEPILL ORIGINAL/STM32F103C8TX_FLASH.ld" --specs=nosys.specs -Wl,-Map="BLUEPILL ORIGINAL.map" -Wl,--gc-sections -static --specs=nano.specs -mfloat-abi=soft -mthumb -u _printf_float -u _scanf_float -Wl,--start-group -lc -lm -Wl,--end-group
Finished building target: BLUEPILL ORIGINAL.elf
 
arm-none-eabi-size  BLUEPILL\ ORIGINAL.elf 
arm-none-eabi-objdump -h -S BLUEPILL\ ORIGINAL.elf  > "BLUEPILL ORIGINAL.list"
arm-none-eabi-objcopy  -O ihex BLUEPILL\ ORIGINAL.elf  "BLUEPILL ORIGINAL.hex"
arm-none-eabi-objcopy  -O binary BLUEPILL\ ORIGINAL.elf  "BLUEPILL ORIGINAL.bin"
   text	   data	    bss	    dec	    hex	filename
  41084	    468	   2340	  43892	   ab74	BLUEPILL ORIGINAL.elf
Finished building: default.size.stdout
 
Finished building: BLUEPILL ORIGINAL.bin
Finished building: BLUEPILL ORIGINAL.hex
 
 
Finished building: BLUEPILL ORIGINAL.list
 
23:16:55 **** Incremental Build of configuration Debug for project BLUEPILL ORIGINAL ****
make -j7 all 
arm-none-eabi-gcc "../Core/Src/tim.c" -mcpu=cortex-m3 -std=gnu11 -g3 -DDEBUG -DUSE_HAL_DRIVER -DSTM32F103xB -c -I../Core/Inc -I../Drivers/STM32F1xx_HAL_Driver/Inc/Legacy -I../Drivers/STM32F1xx_HAL_Driver/Inc -I../Drivers/CMSIS/Device/ST/STM32F1xx/Include -I../Drivers/CMSIS/Include -O0 -ffunction-sections -fdata-sections -Wall -fstack-usage -fcyclomatic-complexity -MMD -MP -MF"Core/Src/tim.d" -MT"Core/Src/tim.o" --specs=nano.specs -mfloat-abi=soft -mthumb -o "Core/Src/tim.o"
arm-none-eabi-gcc -o "BLUEPILL ORIGINAL.elf" @"objects.list"   -mcpu=cortex-m3 -T"/Users/apple/STM32CubeIDE/otros STM32/BLUEPILL ORIGINAL/STM32F103C8TX_FLASH.ld" --specs=nosys.specs -Wl,-Map="BLUEPILL ORIGINAL.map" -Wl,--gc-sections -static --specs=nano.specs -mfloat-abi=soft -mthumb -u _printf_float -u _scanf_float -Wl,--start-group -lc -lm -Wl,--end-group
Finished building target: BLUEPILL ORIGINAL.elf
 
arm-none-eabi-size  BLUEPILL\ ORIGINAL.elf 
arm-none-eabi-objdump -h -S BLUEPILL\ ORIGINAL.elf  > "BLUEPILL ORIGINAL.list"
arm-none-eabi-objcopy  -O ihex BLUEPILL\ ORIGINAL.elf  "BLUEPILL ORIGINAL.hex"
arm-none-eabi-objcopy  -O binary BLUEPILL\ ORIGINAL.elf  "BLUEPILL ORIGINAL.bin"
   text	   data	    bss	    dec	    hex	filename
  41084	    468	   2340	  43892	   ab74	BLUEPILL ORIGINAL.elf
Finished building: default.size.stdout
 
Finished building: BLUEPILL ORIGINAL.hex
Finished building: BLUEPILL ORIGINAL.bin
 
 
Finished building: BLUEPILL ORIGINAL.list
 
23:20:13 **** Incremental Build of configuration Debug for project BLUEPILL ORIGINAL ****
make -j7 all 
arm-none-eabi-gcc "../Core/Src/tim.c" -mcpu=cortex-m3 -std=gnu11 -g3 -DDEBUG -DUSE_HAL_DRIVER -DSTM32F103xB -c -I../Core/Inc -I../Drivers/STM32F1xx_HAL_Driver/Inc/Legacy -I../Drivers/STM32F1xx_HAL_Driver/Inc -I../Drivers/CMSIS/Device/ST/STM32F1xx/Include -I../Drivers/CMSIS/Include -O0 -ffunction-sections -fdata-sections -Wall -fstack-usage -fcyclomatic-complexity -MMD -MP -MF"Core/Src/tim.d" -MT"Core/Src/tim.o" --specs=nano.specs -mfloat-abi=soft -mthumb -o "Core/Src/tim.o"
arm-none-eabi-gcc -o "BLUEPILL ORIGINAL.elf" @"objects.list"   -mcpu=cortex-m3 -T"/Users/apple/STM32CubeIDE/otros STM32/BLUEPILL ORIGINAL/STM32F103C8TX_FLASH.ld" --specs=nosys.specs -Wl,-Map="BLUEPILL ORIGINAL.map" -Wl,--gc-sections -static --specs=nano.specs -mfloat-abi=soft -mthumb -u _printf_float -u _scanf_float -Wl,--start-group -lc -lm -Wl,--end-group
Finished building target: BLUEPILL ORIGINAL.elf
 
arm-none-eabi-size  BLUEPILL\ ORIGINAL.elf 
arm-none-eabi-objdump -h -S BLUEPILL\ ORIGINAL.elf  > "BLUEPILL ORIGINAL.list"
arm-none-eabi-objcopy  -O ihex BLUEPILL\ ORIGINAL.elf  "BLUEPILL ORIGINAL.hex"
arm-none-eabi-objcopy  -O binary BLUEPILL\ ORIGINAL.elf  "BLUEPILL ORIGINAL.bin"
   text	   data	    bss	    dec	    hex	filename
  41084	    468	   2340	  43892	   ab74	BLUEPILL ORIGINAL.elf
Finished building: default.size.stdout
 
Finished building: BLUEPILL ORIGINAL.bin
Finished building: BLUEPILL ORIGINAL.hex
 
 
Finished building: BLUEPILL ORIGINAL.list
 
23:23:59 **** Incremental Build of configuration Debug for project BLUEPILL ORIGINAL ****
make -j7 all 
arm-none-eabi-gcc "../Drivers/STM32F1xx_HAL_Driver/Src/stm32f1xx_hal.c" -mcpu=cortex-m3 -std=gnu11 -g3 -DDEBUG -DUSE_HAL_DRIVER -DSTM32F103xB -c -I../Core/Inc -I../Drivers/STM32F1xx_HAL_Driver/Inc/Legacy -I../Drivers/STM32F1xx_HAL_Driver/Inc -I../Drivers/CMSIS/Device/ST/STM32F1xx/Include -I../Drivers/CMSIS/Include -O0 -ffunction-sections -fdata-sections -Wall -fstack-usage -fcyclomatic-complexity -MMD -MP -MF"Drivers/STM32F1xx_HAL_Driver/Src/stm32f1xx_hal.d" -MT"Drivers/STM32F1xx_HAL_Driver/Src/stm32f1xx_hal.o" --specs=nano.specs -mfloat-abi=soft -mthumb -o "Drivers/STM32F1xx_HAL_Driver/Src/stm32f1xx_hal.o"
arm-none-eabi-gcc "../Drivers/STM32F1xx_HAL_Driver/Src/stm32f1xx_hal_adc.c" -mcpu=cortex-m3 -std=gnu11 -g3 -DDEBUG -DUSE_HAL_DRIVER -DSTM32F103xB -c -I../Core/Inc -I../Drivers/STM32F1xx_HAL_Driver/Inc/Legacy -I../Drivers/STM32F1xx_HAL_Driver/Inc -I../Drivers/CMSIS/Device/ST/STM32F1xx/Include -I../Drivers/CMSIS/Include -O0 -ffunction-sections -fdata-sections -Wall -fstack-usage -fcyclomatic-complexity -MMD -MP -MF"Drivers/STM32F1xx_HAL_Driver/Src/stm32f1xx_hal_adc.d" -MT"Drivers/STM32F1xx_HAL_Driver/Src/stm32f1xx_hal_adc.o" --specs=nano.specs -mfloat-abi=soft -mthumb -o "Drivers/STM32F1xx_HAL_Driver/Src/stm32f1xx_hal_adc.o"
[...]
arm-none-eabi-gcc "../Drivers/STM32F1xx_HAL_Driver/Src/stm32f1xx_hal_uart.c" -mcpu=cortex-m3 -std=gnu11 -g3 -DDEBUG -DUSE_HAL_DRIVER -DSTM32F103xB -c -I../Core/Inc -I../Drivers/STM32F1xx_HAL_Driver/Inc/Legacy -I../Drivers/STM32F1xx_HAL_Driver/Inc -I../Drivers/CMSIS/Device/ST/STM32F1xx/Include -I../Drivers/CMSIS/Include -O0 -ffunction-sections -fdata-sections -Wall -fstack-usage -fcyclomatic-complexity -MMD -MP -MF"Drivers/STM32F1xx_HAL_Driver/Src/stm32f1xx_hal_uart.d" -MT"Drivers/STM32F1xx_HAL_Driver/Src/stm32f1xx_hal_uart.o" --specs=nano.specs -mfloat-abi=soft -mthumb -o "Drivers/STM32F1xx_HAL_Driver/Src/stm32f1xx_hal_uart.o"
arm-none-eabi-gcc "../Core/Src/adc.c" -mcpu=cortex-m3 -std=gnu11 -g3 -DDEBUG -DUSE_HAL_DRIVER -DSTM32F103xB -c -I../Core/Inc -I../Drivers/STM32F1xx_HAL_Driver/Inc/Legacy -I../Drivers/STM32F1xx_HAL_Driver/Inc -I../Drivers/CMSIS/Device/ST/STM32F1xx/Include -I../Drivers/CMSIS/Include -O0 -ffunction-sections -fdata-sections -Wall -fstack-usage -fcyclomatic-complexity -MMD -MP -MF"Core/Src/adc.d" -MT"Core/Src/adc.o" --specs=nano.specs -mfloat-abi=soft -mthumb -o "Core/Src/adc.o"
arm-none-eabi-gcc "../Core/Src/bms.c" -mcpu=cortex-m3 -std=gnu11 -g3 -DDEBUG -DUSE_HAL_DRIVER -DSTM32F103xB -c -I../Core/Inc -I../Drivers/STM32F1xx_HAL_Driver/Inc/Legacy -I../Drivers/STM32F1xx_HAL_Driver/Inc -I../Drivers/CMSIS/Device/ST/STM32F1xx/Include -I../Drivers/CMSIS/Include -O0 -ffunction-sections -fdata-sections -Wall -fstack-usage -fcyclomatic-complexity -MMD -MP -MF"Core/Src/bms.d" -MT"Core/Src/bms.o" --specs=nano.specs -mfloat-abi=soft -mthumb -o "Core/Src/bms.o"
arm-none-eabi-gcc "../Core/Src/dma.c" -mcpu=cortex-m3 -std=gnu11 -g3 -DDEBUG -DUSE_HAL_DRIVER -DSTM32F103xB -c -I../Core/Inc -I../Drivers/STM32F1xx_HAL_Driver/Inc/Legacy -I../Drivers/STM32F1xx_HAL_Driver/Inc -I../Drivers/CMSIS/Device/ST/STM32F1xx/Include -I../Drivers/CMSIS/Include -O0 -ffunction-sections -fdata-sections -Wall -fstack-usage -fcyclomatic-complexity -MMD -MP -MF"Core/Src/dma.d" -MT"Core/Src/dma.o" --specs=nano.specs -mfloat-abi=soft -mthumb -o "Core/Src/dma.o"
arm-none-eabi-gcc "../Core/Src/gpio.c" -mcpu=cortex-m3 -std=gnu11 -g3 -DDEBUG -DUSE_HAL_DRIVER -DSTM32F103xB -c -I../Core/Inc -I../Drivers/STM32F1xx_HAL_Driver/Inc/Legacy -I../Drivers/STM32F1xx_HAL_Driver/Inc -I../Drivers/CMSIS/Device/ST/STM32F1xx/Include -I../Drivers/CMSIS/Include -O0 -ffunction-sections -fdata-sections -Wall -fstack-usage -fcyclomatic-complexity -MMD -MP -MF"Core/Src/gpio.d" -MT"Core/Src/gpio.o" --specs=nano.specs -mfloat-abi=soft -mthumb -o "Core/Src/gpio.o"
arm-none-eabi-gcc "../Core/Src/i2c.c" -mcpu=cortex-m3 -std=gnu11 -g3 -DDEBUG -DUSE_HAL_DRIVER -DSTM32F103xB -c -I../Core/Inc -I../Drivers/STM32F1xx_HAL_Driver/Inc/Legacy -I../Drivers/STM32F1xx_HAL_Driver/Inc -I../Drivers/CMSIS/Device/ST/STM32F1xx/Include -I../Drivers/CMSIS/Include -O0 -ffunction-sections -fdata-sections -Wall -fstack-usage -fcyclomatic-complexity -MMD -MP -MF"Core/Src/i2c.d" -MT"Core/Src/i2c.o" --specs=nano.specs -mfloat-abi=soft -mthumb -o "Core/Src/i2c.o"
arm-none-eabi-gcc "../Core/Src/ina219.c" -mcpu=cortex-m3 -std=gnu11 -g3 -DDEBUG -DUSE_HAL_DRIVER -DSTM32F103xB -c -I../Core/Inc -I../Drivers/STM32F1xx_HAL_Driver/Inc/Legacy -I../Drivers/STM32F1xx_HAL_Driver/Inc -I../Drivers/CMSIS/Device/ST/STM32F1xx/Include -I../Drivers/CMSIS/Include -O0 -ffunction-sections -fdata-sections -Wall -fstack-usage -fcyclomatic-complexity -MMD -MP -MF"Core/Src/ina219.d" -MT"Core/Src/ina219.o" --specs=nano.specs -mfloat-abi=soft -mthumb -o "Core/Src/ina219.o"
arm-none-eabi-gcc "../Core/Src/main.c" -mcpu=cortex-m3 -std=gnu11 -g3 -DDEBUG -DUSE_HAL_DRIVER -DSTM32F103xB -c -I../Core/Inc -I../Drivers/STM32F1xx_HAL_Driver/Inc/Legacy -I../Drivers/STM32F1xx_HAL_Driver/Inc -I../Drivers/CMSIS/Device/ST/STM32F1xx/Include -I../Drivers/CMSIS/Include -O0 -ffunction-sections -fdata-sections -Wall -fstack-usage -fcyclomatic-complexity -MMD -MP -MF"Core/Src/main.d" -MT"Core/Src/main.o" --specs=nano.specs -mfloat-abi=soft -mthumb -o "Core/Src/main.o"
arm-none-eabi-gcc "../Core/Src/stm32f1xx_hal_msp.c" -mcpu=cortex-m3 -std=gnu11 -g3 -DDEBUG -DUSE_HAL_DRIVER -DSTM32F103xB -c -I../Core/Inc -I../Drivers/STM32F1xx_HAL_Driver/Inc/Legacy -I../Drivers/STM32F1xx_HAL_Driver/Inc -I../Drivers/CMSIS/Device/ST/STM32F1xx/Include -I../Drivers/CMSIS/Include -O0 -ffunction-sections -fdata-sections -Wall -fstack-usage -fcyclomatic-complexity -MMD -MP -MF"Core/Src/stm32f1xx_hal_msp.d" -MT"Core/Src/stm32f1xx_hal_msp.o" --specs=nano.specs -mfloat-abi=soft -mthumb -o "Core/Src/stm32f1xx_hal_msp.o"
arm-none-eabi-gcc "../Core/Src/stm32f1xx_it.c" -mcpu=cortex-m3 -std=gnu11 -g3 -DDEBUG -DUSE_HAL_DRIVER -DSTM32F103xB -c -I../Core/Inc -I../Drivers/STM32F1xx_HAL_Driver/Inc/Legacy -I../Drivers/STM32F1xx_HAL_Driver/Inc -I../Drivers/CMSIS/Device/ST/STM32F1xx/Include -I../Drivers/CMSIS/Include -O0 -ffunction-sections -fdata-sections -Wall -fstack-usage -fcyclomatic-complexity -MMD -MP -MF"Core/Src/stm32f1xx_it.d" -MT"Core/Src/stm32f1xx_it.o" --specs=nano.specs -mfloat-abi=soft -mthumb -o "Core/Src/stm32f1xx_it.o"
../Core/Src/main.c: In function 'main':
../Core/Src/main.c:151:26: warning: unused variable 'current' [-Wunused-variable]
  151 |   uint16_t vbus, vshunt, current;
      |                          ^~~~~~~
../Core/Src/main.c:151:18: warning: unused variable 'vshunt' [-Wunused-variable]
  151 |   uint16_t vbus, vshunt, current;
      |                  ^~~~~~
../Core/Src/main.c:151:12: warning: unused variable 'vbus' [-Wunused-variable]
  151 |   uint16_t vbus, vshunt, current;
      |            ^~~~
arm-none-eabi-gcc "../Core/Src/system_stm32f1xx.c" -mcpu=cortex-m3 -std=gnu11 -g3 -DDEBUG -DUSE_HAL_DRIVER -DSTM32F103xB -c -I../Core/Inc -I../Drivers/STM32F1xx_HAL_Driver/Inc/Legacy -I../Drivers/STM32F1xx_HAL_Driver/Inc -I../Drivers/CMSIS/Device/ST/STM32F1xx/Include -I../Drivers/CMSIS/Include -O0 -ffunction-sections -fdata-sections -Wall -fstack-usage -fcyclomatic-complexity -MMD -MP -MF"Core/Src/system_stm32f1xx.d" -MT"Core/Src/system_stm32f1xx.o" --specs=nano.specs -mfloat-abi=soft -mthumb -o "Core/Src/system_stm32f1xx.o"
arm-none-eabi-gcc "../Core/Src/tim.c" -mcpu=cortex-m3 -std=gnu11 -g3 -DDEBUG -DUSE_HAL_DRIVER -DSTM32F103xB -c -I../Core/Inc -I../Drivers/STM32F1xx_HAL_Driver/Inc/Legacy -I../Drivers/STM32F1xx_HAL_Driver/Inc -I../Drivers/CMSIS/Device/ST/STM32F1xx/Include -I../Drivers/CMSIS/Include -O0 -ffunction-sections -fdata-sections -Wall -fstack-usage -fcyclomatic-complexity -MMD -MP -MF"Core/Src/tim.d" -MT"Core/Src/tim.o" --specs=nano.specs -mfloat-abi=soft -mthumb -o "Core/Src/tim.o"
arm-none-eabi-gcc "../Core/Src/usart.c" -mcpu=cortex-m3 -std=gnu11 -g3 -DDEBUG -DUSE_HAL_DRIVER -DSTM32F103xB -c -I../Core/Inc -I../Drivers/STM32F1xx_HAL_Driver/Inc/Legacy -I../Drivers/STM32F1xx_HAL_Driver/Inc -I../Drivers/CMSIS/Device/ST/STM32F1xx/Include -I../Drivers/CMSIS/Include -O0 -ffunction-sections -fdata-sections -Wall -fstack-usage -fcyclomatic-complexity -MMD -MP -MF"Core/Src/usart.d" -MT"Core/Src/usart.o" --specs=nano.specs -mfloat-abi=soft -mthumb -o "Core/Src/usart.o"
arm-none-eabi-gcc -o "BLUEPILL ORIGINAL.elf" @"objects.list"   -mcpu=cortex-m3 -T"/Users/apple/STM32CubeIDE/otros STM32/BLUEPILL ORIGINAL/STM32F103C8TX_FLASH.ld" --specs=nosys.specs -Wl,-Map="BLUEPILL ORIGINAL.map" -Wl,--gc-sections -static --specs=nano.specs -mfloat-abi=soft -mthumb -u _printf_float -u _scanf_float -Wl,--start-group -lc -lm -Wl,--end-group
Finished building target: BLUEPILL ORIGINAL.elf
 
arm-none-eabi-size  BLUEPILL\ ORIGINAL.elf 
arm-none-eabi-objdump -h -S BLUEPILL\ ORIGINAL.elf  > "BLUEPILL ORIGINAL.list"
arm-none-eabi-objcopy  -O ihex BLUEPILL\ ORIGINAL.elf  "BLUEPILL ORIGINAL.hex"
arm-none-eabi-objcopy  -O binary BLUEPILL\ ORIGINAL.elf  "BLUEPILL ORIGINAL.bin"
   text	   data	    bss	    dec	    hex	filename
  42876	    468	   2340	  45684	   b274	BLUEPILL ORIGINAL.elf
Finished building: default.size.stdout
 
Finished building: BLUEPILL ORIGINAL.bin
Finished building: BLUEPILL ORIGINAL.hex
 
 
Finished building: BLUEPILL ORIGINAL.list
 
23:25:55 **** Incremental Build of configuration Debug for project BLUEPILL ORIGINAL ****
make -j7 all 
arm-none-eabi-gcc "../Core/Src/main.c" -mcpu=cortex-m3 -std=gnu11 -g3 -DDEBUG -DUSE_HAL_DRIVER -DSTM32F103xB -c -I../Core/Inc -I../Drivers/STM32F1xx_HAL_Driver/Inc/Legacy -I../Drivers/STM32F1xx_HAL_Driver/Inc -I../Drivers/CMSIS/Device/ST/STM32F1xx/Include -I../Drivers/CMSIS/Include -O0 -ffunction-sections -fdata-sections -Wall -fstack-usage -fcyclomatic-complexity -MMD -MP -MF"Core/Src/main.d" -MT"Core/Src/main.o" --specs=nano.specs -mfloat-abi=soft -mthumb -o "Core/Src/main.o"
arm-none-eabi-gcc -o "BLUEPILL ORIGINAL.elf" @"objects.list"   -mcpu=cortex-m3 -T"/Users/apple/STM32CubeIDE/otros STM32/BLUEPILL ORIGINAL/STM32F103C8TX_FLASH.ld" --specs=nosys.specs -Wl,-Map="BLUEPILL ORIGINAL.map" -Wl,--gc-sections -static --specs=nano.specs -mfloat-abi=soft -mthumb -u _printf_float -u _scanf_float -Wl,--start-group -lc -lm -Wl,--end-group
Finished building target: BLUEPILL ORIGINAL.elf
 
arm-none-eabi-size  BLUEPILL\ ORIGINAL.elf 
arm-none-eabi-objdump -h -S BLUEPILL\ ORIGINAL.elf  > "BLUEPILL ORIGINAL.list"
arm-none-eabi-objcopy  -O ihex BLUEPILL\ ORIGINAL.elf  "BLUEPILL ORIGINAL.hex"
arm-none-eabi-objcopy  -O binary BLUEPILL\ ORIGINAL.elf  "BLUEPILL ORIGINAL.bin"
   text	   data	    bss	    dec	    hex	filename
  44956	    468	   2340	  47764	   ba94	BLUEPILL ORIGINAL.elf
Finished building: default.size.stdout
 
Finished building: BLUEPILL ORIGINAL.bin
Finished building: BLUEPILL ORIGINAL.hex
 
 
Finished building: BLUEPILL ORIGINAL.list
 
23:29:17 **** Incremental Build of configuration Debug for project BLUEPILL ORIGINAL ****
make -j7 all 
arm-none-eabi-gcc "../Core/Src/main.c" -mcpu=cortex-m3 -std=gnu11 -g3 -DDEBUG -DUSE_HAL_DRIVER -DSTM32F103xB -c -I../Core/Inc -I../Drivers/STM32F1xx_HAL_Driver/Inc/Legacy -I../Drivers/STM32F1xx_HAL_Driver/Inc -I../Drivers/CMSIS/Device/ST/STM32F1xx/Include -I../Drivers/CMSIS/Include -O0 -ffunction-sections -fdata-sections -Wall -fstack-usage -fcyclomatic-complexity -MMD -MP -MF"Core/Src/main.d" -MT"Core/Src/main.o" --specs=nano.specs -mfloat-abi=soft -mthumb -o "Core/Src/main.o"
arm-none-eabi-gcc -o "BLUEPILL ORIGINAL.elf" @"objects.list"   -mcpu=cortex-m3 -T"/Users/apple/STM32CubeIDE/otros STM32/BLUEPILL ORIGINAL/STM32F103C8TX_FLASH.ld" --specs=nosys.specs -Wl,-Map="BLUEPILL ORIGINAL.map" -Wl,--gc-sections -static --specs=nano.specs -mfloat-abi=soft -mthumb -u _printf_float -u _scanf_float -Wl,--start-group -lc -lm -Wl,--end-group
Finished building target: BLUEPILL ORIGINAL.elf
 
arm-none-eabi-size  BLUEPILL\ ORIGINAL.elf 
arm-none-eabi-objdump -h -S BLUEPILL\ ORIGINAL.elf  > "BLUEPILL ORIGINAL.list"
arm-none-eabi-objcopy  -O ihex BLUEPILL\ ORIGINAL.elf  "BLUEPILL ORIGINAL.hex"
arm-none-eabi-objcopy  -O binary BLUEPILL\ ORIGINAL.elf  "BLUEPILL ORIGINAL.bin"
   text	   data	    bss	    dec	    hex	filename
  45044	    468	   2340	  47852	   baec	BLUEPILL ORIGINAL.elf
Finished building: default.size.stdout
 
Finished building: BLUEPILL ORIGINAL.bin
 
Finished building: BLUEPILL ORIGINAL.list
 
Finished building: BLUEPILL ORIGINAL.hex
 
23:30:13 **** Incremental Build of configuration Debug for project BLUEPILL ORIGINAL ****
make -j7 all 
arm-none-eabi-gcc "../Core/Src/main.c" -mcpu=cortex-m3 -std=gnu11 -g3 -DDEBUG -DUSE_HAL_DRIVER -DSTM32F103xB -c -I../Core/Inc -I../Drivers/STM32F1xx_HAL_Driver/Inc/Legacy -I../Drivers/STM32F1xx_HAL_Driver/Inc -I../Drivers/CMSIS/Device/ST/STM32F1xx/Include -I../Drivers/CMSIS/Include -O0 -ffunction-sections -fdata-sections -Wall -fstack-usage -fcyclomatic-complexity -MMD -MP -MF"Core/Src/main.d" -MT"Core/Src/main.o" --specs=nano.specs -mfloat-abi=soft -mthumb -o "Core/Src/main.o"
arm-none-eabi-gcc -o "BLUEPILL ORIGINAL.elf" @"objects.list"   -mcpu=cortex-m3 -T"/Users/apple/STM32CubeIDE/otros STM32/BLUEPILL ORIGINAL/STM32F103C8TX_FLASH.ld" --specs=nosys.specs -Wl,-Map="BLUEPILL ORIGINAL.map" -Wl,--gc-sections -static --specs=nano.specs -mfloat-abi=soft -mthumb -u _printf_float -u _scanf_float -Wl,--start-group -lc -lm -Wl,--end-group
Finished building target: BLUEPILL ORIGINAL.elf
 
arm-none-eabi-size  BLUEPILL\ ORIGINAL.elf 
arm-none-eabi-objdump -h -S BLUEPILL\ ORIGINAL.elf  > "BLUEPILL ORIGINAL.list"
arm-none-eabi-objcopy  -O ihex BLUEPILL\ ORIGINAL.elf  "BLUEPILL ORIGINAL.hex"
arm-none-eabi-objcopy  -O binary BLUEPILL\ ORIGINAL.elf  "BLUEPILL ORIGINAL.bin"
   text	   data	    bss	    dec	    hex	filename
  45044	    468	   2340	  47852	   baec	BLUEPILL ORIGINAL.elf
Finished building: default.size.stdout
 
Finished building: BLUEPILL ORIGINAL.hex
Finished building: BLUEPILL ORIGINAL.bin
 
 
Finished building: BLUEPILL ORIGINAL.list
 
23:34:03 **** Incremental Build of configuration Debug for project BLUEPILL ORIGINAL ****
make -j7 all 
arm-none-eabi-gcc "../Core/Src/ina219.c" -mcpu=cortex-m3 -std=gnu11 -g3 -DDEBUG -DUSE_HAL_DRIVER -DSTM32F103xB -c -I../Core/Inc -I../Drivers/STM32F1xx_HAL_Driver/Inc/Legacy -I../Drivers/STM32F1xx_HAL_Driver/Inc -I../Drivers/CMSIS/Device/ST/STM32F1xx/Include -I../Drivers/CMSIS/Include -O0 -ffunction-sections -fdata-sections -Wall -fstack-usage -fcyclomatic-complexity -MMD -MP -MF"Core/Src/ina219.d" -MT"Core/Src/ina219.o" --specs=nano.specs -mfloat-abi=soft -mthumb -o "Core/Src/ina219.o"
arm-none-eabi-gcc -o "BLUEPILL ORIGINAL.elf" @"objects.list"   -mcpu=cortex-m3 -T"/Users/apple/STM32CubeIDE/otros STM32/BLUEPILL ORIGINAL/STM32F103C8TX_FLASH.ld" --specs=nosys.specs -Wl,-Map="BLUEPILL ORIGINAL.map" -Wl,--gc-sections -static --specs=nano.specs -mfloat-abi=soft -mthumb -u _printf_float -u _scanf_float -Wl,--start-group -lc -lm -Wl,--end-group
Finished building target: BLUEPILL ORIGINAL.elf
 
arm-none-eabi-size  BLUEPILL\ ORIGINAL.elf 
arm-none-eabi-objdump -h -S BLUEPILL\ ORIGINAL.elf  > "BLUEPILL ORIGINAL.list"
arm-none-eabi-objcopy  -O ihex BLUEPILL\ ORIGINAL.elf  "BLUEPILL ORIGINAL.hex"
arm-none-eabi-objcopy  -O binary BLUEPILL\ ORIGINAL.elf  "BLUEPILL ORIGINAL.bin"
   text	   data	    bss	    dec	    hex	filename
  44964	    468	   2340	  47772	   ba9c	BLUEPILL ORIGINAL.elf
Finished building: default.size.stdout
 
Finished building: BLUEPILL ORIGINAL.bin
Finished building: BLUEPILL ORIGINAL.hex
 
 
Finished building: BLUEPILL ORIGINAL.list
 
23:35:14 **** Incremental Build of configuration Debug for project BLUEPILL ORIGINAL ****
make -j7 all 
arm-none-eabi-gcc "../Core/Src/ina219.c" -mcpu=cortex-m3 -std=gnu11 -g3 -DDEBUG -DUSE_HAL_DRIVER -DSTM32F103xB -c -I../Core/Inc -I../Drivers/STM32F1xx_HAL_Driver/Inc/Legacy -I../Drivers/STM32F1xx_HAL_Driver/Inc -I../Drivers/CMSIS/Device/ST/STM32F1xx/Include -I../Drivers/CMSIS/Include -O0 -ffunction-sections -fdata-sections -Wall -fstack-usage -fcyclomatic-complexity -MMD -MP -MF"Core/Src/ina219.d" -MT"Core/Src/ina219.o" --specs=nano.specs -mfloat-abi=soft -mthumb -o "Core/Src/ina219.o"
arm-none-eabi-gcc -o "BLUEPILL ORIGINAL.elf" @"objects.list"   -mcpu=cortex-m3 -T"/Users/apple/STM32CubeIDE/otros STM32/BLUEPILL ORIGINAL/STM32F103C8TX_FLASH.ld" --specs=nosys.specs -Wl,-Map="BLUEPILL ORIGINAL.map" -Wl,--gc-sections -static --specs=nano.specs -mfloat-abi=soft -mthumb -u _printf_float -u _scanf_float -Wl,--start-group -lc -lm -Wl,--end-group
Finished building target: BLUEPILL ORIGINAL.elf
 
arm-none-eabi-size  BLUEPILL\ ORIGINAL.elf 
arm-none-eabi-objdump -h -S BLUEPILL\ ORIGINAL.elf  > "BLUEPILL ORIGINAL.list"
arm-none-eabi-objcopy  -O ihex BLUEPILL\ ORIGINAL.elf  "BLUEPILL ORIGINAL.hex"
arm-none-eabi-objcopy  -O binary BLUEPILL\ ORIGINAL.elf  "BLUEPILL ORIGINAL.bin"
   text	   data	    bss	    dec	    hex	filename
  44948	    468	   2340	  47756	   ba8c	BLUEPILL ORIGINAL.elf
Finished building: default.size.stdout
 
Finished building: BLUEPILL ORIGINAL.bin
Finished building: BLUEPILL ORIGINAL.hex
 
 
Finished building: BLUEPILL ORIGINAL.list
 
23:44:04 **** Incremental Build of configuration Debug for project BLUEPILL ORIGINAL ****
make -j7 all 
arm-none-eabi-gcc "../Core/Src/main.c" -mcpu=cortex-m3 -std=gnu11 -g3 -DDEBUG -DUSE_HAL_DRIVER -DSTM32F103xB -c -I../Core/Inc -I../Drivers/STM32F1xx_HAL_Driver/Inc/Legacy -I../Drivers/STM32F1xx_HAL_Driver/Inc -I../Drivers/CMSIS/Device/ST/STM32F1xx/Include -I../Drivers/CMSIS/Include -O0 -ffunction-sections -fdata-sections -Wall -fstack-usage -fcyclomatic-complexity -MMD -MP -MF"Core/Src/main.d" -MT"Core/Src/main.o" --specs=nano.specs -mfloat-abi=soft -mthumb -o "Core/Src/main.o"
arm-none-eabi-gcc -o "BLUEPILL ORIGINAL.elf" @"objects.list"   -mcpu=cortex-m3 -T"/Users/apple/STM32CubeIDE/otros STM32/BLUEPILL ORIGINAL/STM32F103C8TX_FLASH.ld" --specs=nosys.specs -Wl,-Map="BLUEPILL ORIGINAL.map" -Wl,--gc-sections -static --specs=nano.specs -mfloat-abi=soft -mthumb -u _printf_float -u _scanf_float -Wl,--start-group -lc -lm -Wl,--end-group
Finished building target: BLUEPILL ORIGINAL.elf
 
arm-none-eabi-size  BLUEPILL\ ORIGINAL.elf 
arm-none-eabi-objdump -h -S BLUEPILL\ ORIGINAL.elf  > "BLUEPILL ORIGINAL.list"
arm-none-eabi-objcopy  -O ihex BLUEPILL\ ORIGINAL.elf  "BLUEPILL ORIGINAL.hex"
arm-none-eabi-objcopy  -O binary BLUEPILL\ ORIGINAL.elf  "BLUEPILL ORIGINAL.bin"
   text	   data	    bss	    dec	    hex	filename
  44956	    468	   2340	  47764	   ba94	BLUEPILL ORIGINAL.elf
Finished building: default.size.stdout
 
Finished building: BLUEPILL ORIGINAL.bin
Finished building: BLUEPILL ORIGINAL.hex
 
 
Finished building: BLUEPILL ORIGINAL.list
 
23:45:26 **** Incremental Build of configuration Debug for project BLUEPILL ORIGINAL ****
make -j7 all 
arm-none-eabi-gcc "../Core/Src/ina219.c" -mcpu=cortex-m3 -std=gnu11 -g3 -DDEBUG -DUSE_HAL_DRIVER -DSTM32F103xB -c -I../Core/Inc -I../Drivers/STM32F1xx_HAL_Driver/Inc/Legacy -I../Drivers/STM32F1xx_HAL_Driver/Inc -I../Drivers/CMSIS/Device/ST/STM32F1xx/Include -I../Drivers/CMSIS/Include -O0 -ffunction-sections -fdata-sections -Wall -fstack-usage -fcyclomatic-complexity -MMD -MP -MF"Core/Src/ina219.d" -MT"Core/Src/ina219.o" --specs=nano.specs -mfloat-abi=soft -mthumb -o "Core/Src/ina219.o"
arm-none-eabi-gcc "../Core/Src/main.c" -mcpu=cortex-m3 -std=gnu11 -g3 -DDEBUG -DUSE_HAL_DRIVER -DSTM32F103xB -c -I../Core/Inc -I../Drivers/STM32F1xx_HAL_Driver/Inc/Legacy -I../Drivers/STM32F1xx_HAL_Driver/Inc -I../Drivers/CMSIS/Device/ST/STM32F1xx/Include -I../Drivers/CMSIS/Include -O0 -ffunction-sections -fdata-sections -Wall -fstack-usage -fcyclomatic-complexity -MMD -MP -MF"Core/Src/main.d" -MT"Core/Src/main.o" --specs=nano.specs -mfloat-abi=soft -mthumb -o "Core/Src/main.o"
arm-none-eabi-gcc -o "BLUEPILL ORIGINAL.elf" @"objects.list"   -mcpu=cortex-m3 -T"/Users/apple/STM32CubeIDE/otros STM32/BLUEPILL ORIGINAL/STM32F103C8TX_FLASH.ld" --specs=nosys.specs -Wl,-Map="BLUEPILL ORIGINAL.map" -Wl,--gc-sections -static --specs=nano.specs -mfloat-abi=soft -mthumb -u _printf_float -u _scanf_float -Wl,--start-group -lc -lm -Wl,--end-group
Finished building target: BLUEPILL ORIGINAL.elf
 
arm-none-eabi-size  BLUEPILL\ ORIGINAL.elf 
arm-none-eabi-objdump -h -S BLUEPILL\ ORIGINAL.elf  > "BLUEPILL ORIGINAL.list"
arm-none-eabi-objcopy  -O ihex BLUEPILL\ ORIGINAL.elf  "BLUEPILL ORIGINAL.hex"
arm-none-eabi-objcopy  -O binary BLUEPILL\ ORIGINAL.elf  "BLUEPILL ORIGINAL.bin"
   text	   data	    bss	    dec	    hex	filename
  44956	    468	   2340	  47764	   ba94	BLUEPILL ORIGINAL.elf
Finished building: default.size.stdout
 
Finished building: BLUEPILL ORIGINAL.bin
Finished building: BLUEPILL ORIGINAL.hex
 
 
Finished building: BLUEPILL ORIGINAL.list
 
