16:49:22 **** Incremental Build of configuration Debug for project STM32F405_EPS ****
make -j7 all 
arm-none-eabi-gcc "../Core/Src/pdu.c" -mcpu=cortex-m4 -std=gnu11 -g3 -DDEBUG -DUSE_HAL_DRIVER -DSTM32F405xx -c -I../Core/Inc -I/Users/apple/STM32Cube/Repository/STM32Cube_FW_F4_V1.28.1/Drivers/STM32F4xx_HAL_Driver/Inc -I/Users/apple/STM32Cube/Repository/STM32Cube_FW_F4_V1.28.1/Drivers/STM32F4xx_HAL_Driver/Inc/Legacy -I/Users/apple/STM32Cube/Repository/STM32Cube_FW_F4_V1.28.1/Drivers/CMSIS/Device/ST/STM32F4xx/Include -I/Users/apple/STM32Cube/Repository/STM32Cube_FW_F4_V1.28.1/Drivers/CMSIS/Include -O0 -ffunction-sections -fdata-sections -Wall -fstack-usage -fcyclomatic-complexity -MMD -MP -MF"Core/Src/pdu.d" -MT"Core/Src/pdu.o" --specs=nano.specs -mfpu=fpv4-sp-d16 -mfloat-abi=hard -mthumb -o "Core/Src/pdu.o"
arm-none-eabi-gcc "../Core/Src/stm32f4xx_hal_msp.c" -mcpu=cortex-m4 -std=gnu11 -g3 -DDEBUG -DUSE_HAL_DRIVER -DSTM32F405xx -c -I../Core/Inc -I/Users/apple/STM32Cube/Repository/STM32Cube_FW_F4_V1.28.1/Drivers/STM32F4xx_HAL_Driver/Inc -I/Users/apple/STM32Cube/Repository/STM32Cube_FW_F4_V1.28.1/Drivers/STM32F4xx_HAL_Driver/Inc/Legacy -I/Users/apple/STM32Cube/Repository/STM32Cube_FW_F4_V1.28.1/Drivers/CMSIS/Device/ST/STM32F4xx/Include -I/Users/apple/STM32Cube/Repository/STM32Cube_FW_F4_V1.28.1/Drivers/CMSIS/Include -O0 -ffunction-sections -fdata-sections -Wall -fstack-usage -fcyclomatic-complexity -MMD -MP -MF"Core/Src/stm32f4xx_hal_msp.d" -MT"Core/Src/stm32f4xx_hal_msp.o" --specs=nano.specs -mfpu=fpv4-sp-d16 -mfloat-abi=hard -mthumb -o "Core/Src/stm32f4xx_hal_msp.o"
arm-none-eabi-gcc "../Core/Src/stm32f4xx_it.c" -mcpu=cortex-m4 -std=gnu11 -g3 -DDEBUG -DUSE_HAL_DRIVER -DSTM32F405xx -c -I../Core/Inc -I/Users/apple/STM32Cube/Repository/STM32Cube_FW_F4_V1.28.1/Drivers/STM32F4xx_HAL_Driver/Inc -I/Users/apple/STM32Cube/Repository/STM32Cube_FW_F4_V1.28.1/Drivers/STM32F4xx_HAL_Driver/Inc/Legacy -I/Users/apple/STM32Cube/Repository/STM32Cube_FW_F4_V1.28.1/Drivers/CMSIS/Device/ST/STM32F4xx/Include -I/Users/apple/STM32Cube/Repository/STM32Cube_FW_F4_V1.28.1/Drivers/CMSIS/Include -O0 -ffunction-sections -fdata-sections -Wall -fstack-usage -fcyclomatic-complexity -MMD -MP -MF"Core/Src/stm32f4xx_it.d" -MT"Core/Src/stm32f4xx_it.o" --specs=nano.specs -mfpu=fpv4-sp-d16 -mfloat-abi=hard -mthumb -o "Core/Src/stm32f4xx_it.o"
arm-none-eabi-gcc "../Core/Src/tim.c" -mcpu=cortex-m4 -std=gnu11 -g3 -DDEBUG -DUSE_HAL_DRIVER -DSTM32F405xx -c -I../Core/Inc -I/Users/apple/STM32Cube/Repository/STM32Cube_FW_F4_V1.28.1/Drivers/STM32F4xx_HAL_Driver/Inc -I/Users/apple/STM32Cube/Repository/STM32Cube_FW_F4_V1.28.1/Drivers/STM32F4xx_HAL_Driver/Inc/Legacy -I/Users/apple/STM32Cube/Repository/STM32Cube_FW_F4_V1.28.1/Drivers/CMSIS/Device/ST/STM32F4xx/Include -I/Users/apple/STM32Cube/Repository/STM32Cube_FW_F4_V1.28.1/Drivers/CMSIS/Include -O0 -ffunction-sections -fdata-sections -Wall -fstack-usage -fcyclomatic-complexity -MMD -MP -MF"Core/Src/tim.d" -MT"Core/Src/tim.o" --specs=nano.specs -mfpu=fpv4-sp-d16 -mfloat-abi=hard -mthumb -o "Core/Src/tim.o"
arm-none-eabi-gcc "../Core/Src/usart.c" -mcpu=cortex-m4 -std=gnu11 -g3 -DDEBUG -DUSE_HAL_DRIVER -DSTM32F405xx -c -I../Core/Inc -I/Users/apple/STM32Cube/Repository/STM32Cube_FW_F4_V1.28.1/Drivers/STM32F4xx_HAL_Driver/Inc -I/Users/apple/STM32Cube/Repository/STM32Cube_FW_F4_V1.28.1/Drivers/STM32F4xx_HAL_Driver/Inc/Legacy -I/Users/apple/STM32Cube/Repository/STM32Cube_FW_F4_V1.28.1/Drivers/CMSIS/Device/ST/STM32F4xx/Include -I/Users/apple/STM32Cube/Repository/STM32Cube_FW_F4_V1.28.1/Drivers/CMSIS/Include -O0 -ffunction-sections -fdata-sections -Wall -fstack-usage -fcyclomatic-complexity -MMD -MP -MF"Core/Src/usart.d" -MT"Core/Src/usart.o" --specs=nano.specs -mfpu=fpv4-sp-d16 -mfloat-abi=hard -mthumb -o "Core/Src/usart.o"
arm-none-eabi-gcc "../Core/Src/usb_otg.c" -mcpu=cortex-m4 -std=gnu11 -g3 -DDEBUG -DUSE_HAL_DRIVER -DSTM32F405xx -c -I../Core/Inc -I/Users/apple/STM32Cube/Repository/STM32Cube_FW_F4_V1.28.1/Drivers/STM32F4xx_HAL_Driver/Inc -I/Users/apple/STM32Cube/Repository/STM32Cube_FW_F4_V1.28.1/Drivers/STM32F4xx_HAL_Driver/Inc/Legacy -I/Users/apple/STM32Cube/Repository/STM32Cube_FW_F4_V1.28.1/Drivers/CMSIS/Device/ST/STM32F4xx/Include -I/Users/apple/STM32Cube/Repository/STM32Cube_FW_F4_V1.28.1/Drivers/CMSIS/Include -O0 -ffunction-sections -fdata-sections -Wall -fstack-usage -fcyclomatic-complexity -MMD -MP -MF"Core/Src/usb_otg.d" -MT"Core/Src/usb_otg.o" --specs=nano.specs -mfpu=fpv4-sp-d16 -mfloat-abi=hard -mthumb -o "Core/Src/usb_otg.o"
../Core/Src/pdu.c: In function 'updatePDU':
../Core/Src/pdu.c:23:30: error: 'hi2c3' undeclared (first use in this function)
   23 |     HAL_I2C_Master_Transmit(&hi2c3, ARDUINO_I2C_ADDRESS << 1, (uint8_t*)buffer, strlen(buffer), HAL_MAX_DELAY);
      |                              ^~~~~
../Core/Src/pdu.c:23:30: note: each undeclared identifier is reported only once for each function it appears in
make: *** [Core/Src/subdir.mk:61: Core/Src/pdu.o] Error 1
make: *** Waiting for unfinished jobs....
"make -j7 all" terminated with exit code 2. Build might be incomplete.
16:53:02 **** Incremental Build of configuration Debug for project STM32F405_EPS ****
make -j7 all 
arm-none-eabi-gcc "../Core/Src/pdu.c" -mcpu=cortex-m4 -std=gnu11 -g3 -DDEBUG -DUSE_HAL_DRIVER -DSTM32F405xx -c -I../Core/Inc -I/Users/apple/STM32Cube/Repository/STM32Cube_FW_F4_V1.28.1/Drivers/STM32F4xx_HAL_Driver/Inc -I/Users/apple/STM32Cube/Repository/STM32Cube_FW_F4_V1.28.1/Drivers/STM32F4xx_HAL_Driver/Inc/Legacy -I/Users/apple/STM32Cube/Repository/STM32Cube_FW_F4_V1.28.1/Drivers/CMSIS/Device/ST/STM32F4xx/Include -I/Users/apple/STM32Cube/Repository/STM32Cube_FW_F4_V1.28.1/Drivers/CMSIS/Include -O0 -ffunction-sections -fdata-sections -Wall -fstack-usage -fcyclomatic-complexity -MMD -MP -MF"Core/Src/pdu.d" -MT"Core/Src/pdu.o" --specs=nano.specs -mfpu=fpv4-sp-d16 -mfloat-abi=hard -mthumb -o "Core/Src/pdu.o"
arm-none-eabi-gcc -o "STM32F405_EPS.elf" @"objects.list"   -mcpu=cortex-m4 -T"/Users/apple/STM32CubeIDE/workspace_1.16.1/STM32F405_EPS/STM32F405RGTX_FLASH.ld" --specs=nosys.specs -Wl,-Map="STM32F405_EPS.map" -Wl,--gc-sections -static --specs=nano.specs -mfpu=fpv4-sp-d16 -mfloat-abi=hard -mthumb -u _printf_float -Wl,--start-group -lc -lm -Wl,--end-group
Finished building target: STM32F405_EPS.elf
 
arm-none-eabi-size  STM32F405_EPS.elf 
arm-none-eabi-objdump -h -S STM32F405_EPS.elf  > "STM32F405_EPS.list"
arm-none-eabi-objcopy  -O ihex STM32F405_EPS.elf  "STM32F405_EPS.hex"
arm-none-eabi-objcopy  -O binary STM32F405_EPS.elf  "STM32F405_EPS.bin"
   text	   data	    bss	    dec	    hex	filename
  41744	    468	   3828	  46040	   b3d8	STM32F405_EPS.elf
Finished building: default.size.stdout
 
Finished building: STM32F405_EPS.hex
Finished building: STM32F405_EPS.bin
 
 
Finished building: STM32F405_EPS.list
 
17:02:52 **** Incremental Build of configuration Debug for project STM32F405_EPS ****
make -j7 all 
arm-none-eabi-gcc "../Core/Src/adc.c" -mcpu=cortex-m4 -std=gnu11 -g3 -DDEBUG -DUSE_HAL_DRIVER -DSTM32F405xx -c -I../Core/Inc -I/Users/apple/STM32Cube/Repository/STM32Cube_FW_F4_V1.28.1/Drivers/STM32F4xx_HAL_Driver/Inc -I/Users/apple/STM32Cube/Repository/STM32Cube_FW_F4_V1.28.1/Drivers/STM32F4xx_HAL_Driver/Inc/Legacy -I/Users/apple/STM32Cube/Repository/STM32Cube_FW_F4_V1.28.1/Drivers/CMSIS/Device/ST/STM32F4xx/Include -I/Users/apple/STM32Cube/Repository/STM32Cube_FW_F4_V1.28.1/Drivers/CMSIS/Include -O0 -ffunction-sections -fdata-sections -Wall -fstack-usage -fcyclomatic-complexity -MMD -MP -MF"Core/Src/adc.d" -MT"Core/Src/adc.o" --specs=nano.specs -mfpu=fpv4-sp-d16 -mfloat-abi=hard -mthumb -o "Core/Src/adc.o"
../Core/Src/adc.c: In function 'readADC':
../Core/Src/adc.c:33:20: error: 'ADC_REGULAR_RANK_1' undeclared (first use in this function); did you mean 'IS_ADC_REGULAR_RANK'?
   33 |     sConfig.Rank = ADC_REGULAR_RANK_1; // Usa la constante de STM32
      |                    ^~~~~~~~~~~~~~~~~~
      |                    IS_ADC_REGULAR_RANK
../Core/Src/adc.c:33:20: note: each undeclared identifier is reported only once for each function it appears in
make: *** [Core/Src/subdir.mk:61: Core/Src/adc.o] Error 1
"make -j7 all" terminated with exit code 2. Build might be incomplete.
17:08:19 **** Incremental Build of configuration Debug for project STM32F405_EPS ****
make -j7 all 
arm-none-eabi-gcc "../Core/Src/adc.c" -mcpu=cortex-m4 -std=gnu11 -g3 -DDEBUG -DUSE_HAL_DRIVER -DSTM32F405xx -c -I../Core/Inc -I/Users/apple/STM32Cube/Repository/STM32Cube_FW_F4_V1.28.1/Drivers/STM32F4xx_HAL_Driver/Inc -I/Users/apple/STM32Cube/Repository/STM32Cube_FW_F4_V1.28.1/Drivers/STM32F4xx_HAL_Driver/Inc/Legacy -I/Users/apple/STM32Cube/Repository/STM32Cube_FW_F4_V1.28.1/Drivers/CMSIS/Device/ST/STM32F4xx/Include -I/Users/apple/STM32Cube/Repository/STM32Cube_FW_F4_V1.28.1/Drivers/CMSIS/Include -O0 -ffunction-sections -fdata-sections -Wall -fstack-usage -fcyclomatic-complexity -MMD -MP -MF"Core/Src/adc.d" -MT"Core/Src/adc.o" --specs=nano.specs -mfpu=fpv4-sp-d16 -mfloat-abi=hard -mthumb -o "Core/Src/adc.o"
arm-none-eabi-gcc "../Core/Src/pdu.c" -mcpu=cortex-m4 -std=gnu11 -g3 -DDEBUG -DUSE_HAL_DRIVER -DSTM32F405xx -c -I../Core/Inc -I/Users/apple/STM32Cube/Repository/STM32Cube_FW_F4_V1.28.1/Drivers/STM32F4xx_HAL_Driver/Inc -I/Users/apple/STM32Cube/Repository/STM32Cube_FW_F4_V1.28.1/Drivers/STM32F4xx_HAL_Driver/Inc/Legacy -I/Users/apple/STM32Cube/Repository/STM32Cube_FW_F4_V1.28.1/Drivers/CMSIS/Device/ST/STM32F4xx/Include -I/Users/apple/STM32Cube/Repository/STM32Cube_FW_F4_V1.28.1/Drivers/CMSIS/Include -O0 -ffunction-sections -fdata-sections -Wall -fstack-usage -fcyclomatic-complexity -MMD -MP -MF"Core/Src/pdu.d" -MT"Core/Src/pdu.o" --specs=nano.specs -mfpu=fpv4-sp-d16 -mfloat-abi=hard -mthumb -o "Core/Src/pdu.o"
../Core/Src/adc.c: In function 'readADC':
../Core/Src/adc.c:28:9: warning: implicit declaration of function 'HAL_ADC_PpollForConversion'; did you mean 'HAL_ADC_PollForConversion'? [-Wimplicit-function-declaration]
   28 |         HAL_ADC_PpollForConversion(hadc,20);
      |         ^~~~~~~~~~~~~~~~~~~~~~~~~~
      |         HAL_ADC_PollForConversion
arm-none-eabi-gcc -o "STM32F405_EPS.elf" @"objects.list"   -mcpu=cortex-m4 -T"/Users/apple/STM32CubeIDE/workspace_1.16.1/STM32F405_EPS/STM32F405RGTX_FLASH.ld" --specs=nosys.specs -Wl,-Map="STM32F405_EPS.map" -Wl,--gc-sections -static --specs=nano.specs -mfpu=fpv4-sp-d16 -mfloat-abi=hard -mthumb -u _printf_float -Wl,--start-group -lc -lm -Wl,--end-group
/Applications/STM32CubeIDE.app/Contents/Eclipse/plugins/com.st.stm32cube.ide.mcu.externaltools.gnu-tools-for-stm32.12.3.rel1.macos64_1.0.200.202406191456/tools/bin/../lib/gcc/arm-none-eabi/12.3.1/../../../../arm-none-eabi/bin/ld: ./Core/Src/adc.o: in function `readADC':
/Users/apple/STM32CubeIDE/workspace_1.16.1/STM32F405_EPS/Debug/../Core/Src/adc.c:28: undefined reference to `HAL_ADC_PpollForConversion'
collect2: error: ld returned 1 exit status
make: *** [makefile:70: STM32F405_EPS.elf] Error 1
"make -j7 all" terminated with exit code 2. Build might be incomplete.
17:09:03 **** Incremental Build of configuration Debug for project STM32F405_EPS ****
make -j7 all 
arm-none-eabi-gcc "../Core/Src/adc.c" -mcpu=cortex-m4 -std=gnu11 -g3 -DDEBUG -DUSE_HAL_DRIVER -DSTM32F405xx -c -I../Core/Inc -I/Users/apple/STM32Cube/Repository/STM32Cube_FW_F4_V1.28.1/Drivers/STM32F4xx_HAL_Driver/Inc -I/Users/apple/STM32Cube/Repository/STM32Cube_FW_F4_V1.28.1/Drivers/STM32F4xx_HAL_Driver/Inc/Legacy -I/Users/apple/STM32Cube/Repository/STM32Cube_FW_F4_V1.28.1/Drivers/CMSIS/Device/ST/STM32F4xx/Include -I/Users/apple/STM32Cube/Repository/STM32Cube_FW_F4_V1.28.1/Drivers/CMSIS/Include -O0 -ffunction-sections -fdata-sections -Wall -fstack-usage -fcyclomatic-complexity -MMD -MP -MF"Core/Src/adc.d" -MT"Core/Src/adc.o" --specs=nano.specs -mfpu=fpv4-sp-d16 -mfloat-abi=hard -mthumb -o "Core/Src/adc.o"
arm-none-eabi-gcc -o "STM32F405_EPS.elf" @"objects.list"   -mcpu=cortex-m4 -T"/Users/apple/STM32CubeIDE/workspace_1.16.1/STM32F405_EPS/STM32F405RGTX_FLASH.ld" --specs=nosys.specs -Wl,-Map="STM32F405_EPS.map" -Wl,--gc-sections -static --specs=nano.specs -mfpu=fpv4-sp-d16 -mfloat-abi=hard -mthumb -u _printf_float -Wl,--start-group -lc -lm -Wl,--end-group
Finished building target: STM32F405_EPS.elf
 
arm-none-eabi-size  STM32F405_EPS.elf 
arm-none-eabi-objdump -h -S STM32F405_EPS.elf  > "STM32F405_EPS.list"
arm-none-eabi-objcopy  -O ihex STM32F405_EPS.elf  "STM32F405_EPS.hex"
arm-none-eabi-objcopy  -O binary STM32F405_EPS.elf  "STM32F405_EPS.bin"
   text	   data	    bss	    dec	    hex	filename
  41832	    468	   3828	  46128	   b430	STM32F405_EPS.elf
Finished building: default.size.stdout
 
Finished building: STM32F405_EPS.bin
Finished building: STM32F405_EPS.hex
 
 
Finished building: STM32F405_EPS.list
 
17:26:31 **** Incremental Build of configuration Debug for project STM32F405_EPS ****
make -j7 all 
arm-none-eabi-gcc "../Core/Src/adc.c" -mcpu=cortex-m4 -std=gnu11 -g3 -DDEBUG -DUSE_HAL_DRIVER -DSTM32F405xx -c -I../Core/Inc -I/Users/apple/STM32Cube/Repository/STM32Cube_FW_F4_V1.28.1/Drivers/STM32F4xx_HAL_Driver/Inc -I/Users/apple/STM32Cube/Repository/STM32Cube_FW_F4_V1.28.1/Drivers/STM32F4xx_HAL_Driver/Inc/Legacy -I/Users/apple/STM32Cube/Repository/STM32Cube_FW_F4_V1.28.1/Drivers/CMSIS/Device/ST/STM32F4xx/Include -I/Users/apple/STM32Cube/Repository/STM32Cube_FW_F4_V1.28.1/Drivers/CMSIS/Include -O0 -ffunction-sections -fdata-sections -Wall -fstack-usage -fcyclomatic-complexity -MMD -MP -MF"Core/Src/adc.d" -MT"Core/Src/adc.o" --specs=nano.specs -mfpu=fpv4-sp-d16 -mfloat-abi=hard -mthumb -o "Core/Src/adc.o"
arm-none-eabi-gcc "../Core/Src/bms.c" -mcpu=cortex-m4 -std=gnu11 -g3 -DDEBUG -DUSE_HAL_DRIVER -DSTM32F405xx -c -I../Core/Inc -I/Users/apple/STM32Cube/Repository/STM32Cube_FW_F4_V1.28.1/Drivers/STM32F4xx_HAL_Driver/Inc -I/Users/apple/STM32Cube/Repository/STM32Cube_FW_F4_V1.28.1/Drivers/STM32F4xx_HAL_Driver/Inc/Legacy -I/Users/apple/STM32Cube/Repository/STM32Cube_FW_F4_V1.28.1/Drivers/CMSIS/Device/ST/STM32F4xx/Include -I/Users/apple/STM32Cube/Repository/STM32Cube_FW_F4_V1.28.1/Drivers/CMSIS/Include -O0 -ffunction-sections -fdata-sections -Wall -fstack-usage -fcyclomatic-complexity -MMD -MP -MF"Core/Src/bms.d" -MT"Core/Src/bms.o" --specs=nano.specs -mfpu=fpv4-sp-d16 -mfloat-abi=hard -mthumb -o "Core/Src/bms.o"
arm-none-eabi-gcc "../Core/Src/gpio.c" -mcpu=cortex-m4 -std=gnu11 -g3 -DDEBUG -DUSE_HAL_DRIVER -DSTM32F405xx -c -I../Core/Inc -I/Users/apple/STM32Cube/Repository/STM32Cube_FW_F4_V1.28.1/Drivers/STM32F4xx_HAL_Driver/Inc -I/Users/apple/STM32Cube/Repository/STM32Cube_FW_F4_V1.28.1/Drivers/STM32F4xx_HAL_Driver/Inc/Legacy -I/Users/apple/STM32Cube/Repository/STM32Cube_FW_F4_V1.28.1/Drivers/CMSIS/Device/ST/STM32F4xx/Include -I/Users/apple/STM32Cube/Repository/STM32Cube_FW_F4_V1.28.1/Drivers/CMSIS/Include -O0 -ffunction-sections -fdata-sections -Wall -fstack-usage -fcyclomatic-complexity -MMD -MP -MF"Core/Src/gpio.d" -MT"Core/Src/gpio.o" --specs=nano.specs -mfpu=fpv4-sp-d16 -mfloat-abi=hard -mthumb -o "Core/Src/gpio.o"
arm-none-eabi-gcc "../Core/Src/i2c.c" -mcpu=cortex-m4 -std=gnu11 -g3 -DDEBUG -DUSE_HAL_DRIVER -DSTM32F405xx -c -I../Core/Inc -I/Users/apple/STM32Cube/Repository/STM32Cube_FW_F4_V1.28.1/Drivers/STM32F4xx_HAL_Driver/Inc -I/Users/apple/STM32Cube/Repository/STM32Cube_FW_F4_V1.28.1/Drivers/STM32F4xx_HAL_Driver/Inc/Legacy -I/Users/apple/STM32Cube/Repository/STM32Cube_FW_F4_V1.28.1/Drivers/CMSIS/Device/ST/STM32F4xx/Include -I/Users/apple/STM32Cube/Repository/STM32Cube_FW_F4_V1.28.1/Drivers/CMSIS/Include -O0 -ffunction-sections -fdata-sections -Wall -fstack-usage -fcyclomatic-complexity -MMD -MP -MF"Core/Src/i2c.d" -MT"Core/Src/i2c.o" --specs=nano.specs -mfpu=fpv4-sp-d16 -mfloat-abi=hard -mthumb -o "Core/Src/i2c.o"
arm-none-eabi-gcc "../Core/Src/main.c" -mcpu=cortex-m4 -std=gnu11 -g3 -DDEBUG -DUSE_HAL_DRIVER -DSTM32F405xx -c -I../Core/Inc -I/Users/apple/STM32Cube/Repository/STM32Cube_FW_F4_V1.28.1/Drivers/STM32F4xx_HAL_Driver/Inc -I/Users/apple/STM32Cube/Repository/STM32Cube_FW_F4_V1.28.1/Drivers/STM32F4xx_HAL_Driver/Inc/Legacy -I/Users/apple/STM32Cube/Repository/STM32Cube_FW_F4_V1.28.1/Drivers/CMSIS/Device/ST/STM32F4xx/Include -I/Users/apple/STM32Cube/Repository/STM32Cube_FW_F4_V1.28.1/Drivers/CMSIS/Include -O0 -ffunction-sections -fdata-sections -Wall -fstack-usage -fcyclomatic-complexity -MMD -MP -MF"Core/Src/main.d" -MT"Core/Src/main.o" --specs=nano.specs -mfpu=fpv4-sp-d16 -mfloat-abi=hard -mthumb -o "Core/Src/main.o"
arm-none-eabi-gcc "../Core/Src/mppt.c" -mcpu=cortex-m4 -std=gnu11 -g3 -DDEBUG -DUSE_HAL_DRIVER -DSTM32F405xx -c -I../Core/Inc -I/Users/apple/STM32Cube/Repository/STM32Cube_FW_F4_V1.28.1/Drivers/STM32F4xx_HAL_Driver/Inc -I/Users/apple/STM32Cube/Repository/STM32Cube_FW_F4_V1.28.1/Drivers/STM32F4xx_HAL_Driver/Inc/Legacy -I/Users/apple/STM32Cube/Repository/STM32Cube_FW_F4_V1.28.1/Drivers/CMSIS/Device/ST/STM32F4xx/Include -I/Users/apple/STM32Cube/Repository/STM32Cube_FW_F4_V1.28.1/Drivers/CMSIS/Include -O0 -ffunction-sections -fdata-sections -Wall -fstack-usage -fcyclomatic-complexity -MMD -MP -MF"Core/Src/mppt.d" -MT"Core/Src/mppt.o" --specs=nano.specs -mfpu=fpv4-sp-d16 -mfloat-abi=hard -mthumb -o "Core/Src/mppt.o"
arm-none-eabi-gcc "../Core/Src/pdu.c" -mcpu=cortex-m4 -std=gnu11 -g3 -DDEBUG -DUSE_HAL_DRIVER -DSTM32F405xx -c -I../Core/Inc -I/Users/apple/STM32Cube/Repository/STM32Cube_FW_F4_V1.28.1/Drivers/STM32F4xx_HAL_Driver/Inc -I/Users/apple/STM32Cube/Repository/STM32Cube_FW_F4_V1.28.1/Drivers/STM32F4xx_HAL_Driver/Inc/Legacy -I/Users/apple/STM32Cube/Repository/STM32Cube_FW_F4_V1.28.1/Drivers/CMSIS/Device/ST/STM32F4xx/Include -I/Users/apple/STM32Cube/Repository/STM32Cube_FW_F4_V1.28.1/Drivers/CMSIS/Include -O0 -ffunction-sections -fdata-sections -Wall -fstack-usage -fcyclomatic-complexity -MMD -MP -MF"Core/Src/pdu.d" -MT"Core/Src/pdu.o" --specs=nano.specs -mfpu=fpv4-sp-d16 -mfloat-abi=hard -mthumb -o "Core/Src/pdu.o"
../Core/Src/mppt.c: In function 'printMPPTData':
../Core/Src/mppt.c:59:5: warning: implicit declaration of function 'snprintf' [-Wimplicit-function-declaration]
   59 |     snprintf(buffer, STR_LEN, "%s: %.2f V, %.2f A, %.2f W\n",
      |     ^~~~~~~~
../Core/Src/mppt.c:12:1: note: include '<stdio.h>' or provide a declaration of 'snprintf'
   11 | #include "usart.h"
  +++ |+#include <stdio.h>
   12 | 
../Core/Src/mppt.c:59:5: warning: incompatible implicit declaration of built-in function 'snprintf' [-Wbuiltin-declaration-mismatch]
   59 |     snprintf(buffer, STR_LEN, "%s: %.2f V, %.2f A, %.2f W\n",
      |     ^~~~~~~~
../Core/Src/mppt.c:59:5: note: include '<stdio.h>' or provide a declaration of 'snprintf'
../Core/Src/mppt.c:61:51: warning: implicit declaration of function 'strlen' [-Wimplicit-function-declaration]
   61 |     HAL_UART_Transmit(&huart4, (uint8_t*) buffer, strlen(buffer), HAL_MAX_DELAY);
      |                                                   ^~~~~~
../Core/Src/mppt.c:12:1: note: include '<string.h>' or provide a declaration of 'strlen'
   11 | #include "usart.h"
  +++ |+#include <string.h>
   12 | 
../Core/Src/mppt.c:61:51: warning: incompatible implicit declaration of built-in function 'strlen' [-Wbuiltin-declaration-mismatch]
   61 |     HAL_UART_Transmit(&huart4, (uint8_t*) buffer, strlen(buffer), HAL_MAX_DELAY);
      |                                                   ^~~~~~
../Core/Src/mppt.c:61:51: note: include '<string.h>' or provide a declaration of 'strlen'
arm-none-eabi-gcc "../Core/Src/stm32f4xx_hal_msp.c" -mcpu=cortex-m4 -std=gnu11 -g3 -DDEBUG -DUSE_HAL_DRIVER -DSTM32F405xx -c -I../Core/Inc -I/Users/apple/STM32Cube/Repository/STM32Cube_FW_F4_V1.28.1/Drivers/STM32F4xx_HAL_Driver/Inc -I/Users/apple/STM32Cube/Repository/STM32Cube_FW_F4_V1.28.1/Drivers/STM32F4xx_HAL_Driver/Inc/Legacy -I/Users/apple/STM32Cube/Repository/STM32Cube_FW_F4_V1.28.1/Drivers/CMSIS/Device/ST/STM32F4xx/Include -I/Users/apple/STM32Cube/Repository/STM32Cube_FW_F4_V1.28.1/Drivers/CMSIS/Include -O0 -ffunction-sections -fdata-sections -Wall -fstack-usage -fcyclomatic-complexity -MMD -MP -MF"Core/Src/stm32f4xx_hal_msp.d" -MT"Core/Src/stm32f4xx_hal_msp.o" --specs=nano.specs -mfpu=fpv4-sp-d16 -mfloat-abi=hard -mthumb -o "Core/Src/stm32f4xx_hal_msp.o"
arm-none-eabi-gcc "../Core/Src/stm32f4xx_it.c" -mcpu=cortex-m4 -std=gnu11 -g3 -DDEBUG -DUSE_HAL_DRIVER -DSTM32F405xx -c -I../Core/Inc -I/Users/apple/STM32Cube/Repository/STM32Cube_FW_F4_V1.28.1/Drivers/STM32F4xx_HAL_Driver/Inc -I/Users/apple/STM32Cube/Repository/STM32Cube_FW_F4_V1.28.1/Drivers/STM32F4xx_HAL_Driver/Inc/Legacy -I/Users/apple/STM32Cube/Repository/STM32Cube_FW_F4_V1.28.1/Drivers/CMSIS/Device/ST/STM32F4xx/Include -I/Users/apple/STM32Cube/Repository/STM32Cube_FW_F4_V1.28.1/Drivers/CMSIS/Include -O0 -ffunction-sections -fdata-sections -Wall -fstack-usage -fcyclomatic-complexity -MMD -MP -MF"Core/Src/stm32f4xx_it.d" -MT"Core/Src/stm32f4xx_it.o" --specs=nano.specs -mfpu=fpv4-sp-d16 -mfloat-abi=hard -mthumb -o "Core/Src/stm32f4xx_it.o"
arm-none-eabi-gcc "../Core/Src/tim.c" -mcpu=cortex-m4 -std=gnu11 -g3 -DDEBUG -DUSE_HAL_DRIVER -DSTM32F405xx -c -I../Core/Inc -I/Users/apple/STM32Cube/Repository/STM32Cube_FW_F4_V1.28.1/Drivers/STM32F4xx_HAL_Driver/Inc -I/Users/apple/STM32Cube/Repository/STM32Cube_FW_F4_V1.28.1/Drivers/STM32F4xx_HAL_Driver/Inc/Legacy -I/Users/apple/STM32Cube/Repository/STM32Cube_FW_F4_V1.28.1/Drivers/CMSIS/Device/ST/STM32F4xx/Include -I/Users/apple/STM32Cube/Repository/STM32Cube_FW_F4_V1.28.1/Drivers/CMSIS/Include -O0 -ffunction-sections -fdata-sections -Wall -fstack-usage -fcyclomatic-complexity -MMD -MP -MF"Core/Src/tim.d" -MT"Core/Src/tim.o" --specs=nano.specs -mfpu=fpv4-sp-d16 -mfloat-abi=hard -mthumb -o "Core/Src/tim.o"
arm-none-eabi-gcc "../Core/Src/usart.c" -mcpu=cortex-m4 -std=gnu11 -g3 -DDEBUG -DUSE_HAL_DRIVER -DSTM32F405xx -c -I../Core/Inc -I/Users/apple/STM32Cube/Repository/STM32Cube_FW_F4_V1.28.1/Drivers/STM32F4xx_HAL_Driver/Inc -I/Users/apple/STM32Cube/Repository/STM32Cube_FW_F4_V1.28.1/Drivers/STM32F4xx_HAL_Driver/Inc/Legacy -I/Users/apple/STM32Cube/Repository/STM32Cube_FW_F4_V1.28.1/Drivers/CMSIS/Device/ST/STM32F4xx/Include -I/Users/apple/STM32Cube/Repository/STM32Cube_FW_F4_V1.28.1/Drivers/CMSIS/Include -O0 -ffunction-sections -fdata-sections -Wall -fstack-usage -fcyclomatic-complexity -MMD -MP -MF"Core/Src/usart.d" -MT"Core/Src/usart.o" --specs=nano.specs -mfpu=fpv4-sp-d16 -mfloat-abi=hard -mthumb -o "Core/Src/usart.o"
arm-none-eabi-gcc "../Core/Src/usb_otg.c" -mcpu=cortex-m4 -std=gnu11 -g3 -DDEBUG -DUSE_HAL_DRIVER -DSTM32F405xx -c -I../Core/Inc -I/Users/apple/STM32Cube/Repository/STM32Cube_FW_F4_V1.28.1/Drivers/STM32F4xx_HAL_Driver/Inc -I/Users/apple/STM32Cube/Repository/STM32Cube_FW_F4_V1.28.1/Drivers/STM32F4xx_HAL_Driver/Inc/Legacy -I/Users/apple/STM32Cube/Repository/STM32Cube_FW_F4_V1.28.1/Drivers/CMSIS/Device/ST/STM32F4xx/Include -I/Users/apple/STM32Cube/Repository/STM32Cube_FW_F4_V1.28.1/Drivers/CMSIS/Include -O0 -ffunction-sections -fdata-sections -Wall -fstack-usage -fcyclomatic-complexity -MMD -MP -MF"Core/Src/usb_otg.d" -MT"Core/Src/usb_otg.o" --specs=nano.specs -mfpu=fpv4-sp-d16 -mfloat-abi=hard -mthumb -o "Core/Src/usb_otg.o"
arm-none-eabi-gcc -o "STM32F405_EPS.elf" @"objects.list"   -mcpu=cortex-m4 -T"/Users/apple/STM32CubeIDE/workspace_1.16.1/STM32F405_EPS/STM32F405RGTX_FLASH.ld" --specs=nosys.specs -Wl,-Map="STM32F405_EPS.map" -Wl,--gc-sections -static --specs=nano.specs -mfpu=fpv4-sp-d16 -mfloat-abi=hard -mthumb -u _printf_float -Wl,--start-group -lc -lm -Wl,--end-group
Finished building target: STM32F405_EPS.elf
 
arm-none-eabi-size  STM32F405_EPS.elf 
arm-none-eabi-objdump -h -S STM32F405_EPS.elf  > "STM32F405_EPS.list"
arm-none-eabi-objcopy  -O ihex STM32F405_EPS.elf  "STM32F405_EPS.hex"
arm-none-eabi-objcopy  -O binary STM32F405_EPS.elf  "STM32F405_EPS.bin"
   text	   data	    bss	    dec	    hex	filename
  41832	    468	   3828	  46128	   b430	STM32F405_EPS.elf
Finished building: default.size.stdout
 
Finished building: STM32F405_EPS.hex
Finished building: STM32F405_EPS.bin
 
 
Finished building: STM32F405_EPS.list
 
17:27:15 **** Incremental Build of configuration Debug for project STM32F405_EPS ****
make -j7 all 
arm-none-eabi-size  STM32F405_EPS.elf 
   text	   data	    bss	    dec	    hex	filename
  41832	    468	   3828	  46128	   b430	STM32F405_EPS.elf
Finished building: default.size.stdout
 
17:29:27 **** Incremental Build of configuration Debug for project STM32F405_EPS ****
make -j7 all 
arm-none-eabi-gcc "../Core/Src/main.c" -mcpu=cortex-m4 -std=gnu11 -g3 -DDEBUG -DUSE_HAL_DRIVER -DSTM32F405xx -c -I../Core/Inc -I/Users/apple/STM32Cube/Repository/STM32Cube_FW_F4_V1.28.1/Drivers/STM32F4xx_HAL_Driver/Inc -I/Users/apple/STM32Cube/Repository/STM32Cube_FW_F4_V1.28.1/Drivers/STM32F4xx_HAL_Driver/Inc/Legacy -I/Users/apple/STM32Cube/Repository/STM32Cube_FW_F4_V1.28.1/Drivers/CMSIS/Device/ST/STM32F4xx/Include -I/Users/apple/STM32Cube/Repository/STM32Cube_FW_F4_V1.28.1/Drivers/CMSIS/Include -O0 -ffunction-sections -fdata-sections -Wall -fstack-usage -fcyclomatic-complexity -MMD -MP -MF"Core/Src/main.d" -MT"Core/Src/main.o" --specs=nano.specs -mfpu=fpv4-sp-d16 -mfloat-abi=hard -mthumb -o "Core/Src/main.o"
arm-none-eabi-gcc "../Core/Src/pdu.c" -mcpu=cortex-m4 -std=gnu11 -g3 -DDEBUG -DUSE_HAL_DRIVER -DSTM32F405xx -c -I../Core/Inc -I/Users/apple/STM32Cube/Repository/STM32Cube_FW_F4_V1.28.1/Drivers/STM32F4xx_HAL_Driver/Inc -I/Users/apple/STM32Cube/Repository/STM32Cube_FW_F4_V1.28.1/Drivers/STM32F4xx_HAL_Driver/Inc/Legacy -I/Users/apple/STM32Cube/Repository/STM32Cube_FW_F4_V1.28.1/Drivers/CMSIS/Device/ST/STM32F4xx/Include -I/Users/apple/STM32Cube/Repository/STM32Cube_FW_F4_V1.28.1/Drivers/CMSIS/Include -O0 -ffunction-sections -fdata-sections -Wall -fstack-usage -fcyclomatic-complexity -MMD -MP -MF"Core/Src/pdu.d" -MT"Core/Src/pdu.o" --specs=nano.specs -mfpu=fpv4-sp-d16 -mfloat-abi=hard -mthumb -o "Core/Src/pdu.o"
arm-none-eabi-gcc -o "STM32F405_EPS.elf" @"objects.list"   -mcpu=cortex-m4 -T"/Users/apple/STM32CubeIDE/workspace_1.16.1/STM32F405_EPS/STM32F405RGTX_FLASH.ld" --specs=nosys.specs -Wl,-Map="STM32F405_EPS.map" -Wl,--gc-sections -static --specs=nano.specs -mfpu=fpv4-sp-d16 -mfloat-abi=hard -mthumb -u _printf_float -Wl,--start-group -lc -lm -Wl,--end-group
Finished building target: STM32F405_EPS.elf
 
arm-none-eabi-size  STM32F405_EPS.elf 
arm-none-eabi-objdump -h -S STM32F405_EPS.elf  > "STM32F405_EPS.list"
arm-none-eabi-objcopy  -O ihex STM32F405_EPS.elf  "STM32F405_EPS.hex"
arm-none-eabi-objcopy  -O binary STM32F405_EPS.elf  "STM32F405_EPS.bin"
   text	   data	    bss	    dec	    hex	filename
  41776	    468	   3828	  46072	   b3f8	STM32F405_EPS.elf
Finished building: default.size.stdout
 
Finished building: STM32F405_EPS.hex
Finished building: STM32F405_EPS.bin
 
 
Finished building: STM32F405_EPS.list
 
17:36:16 **** Incremental Build of configuration Debug for project STM32F405_EPS ****
make -j7 all 
arm-none-eabi-gcc "../Core/Src/adc.c" -mcpu=cortex-m4 -std=gnu11 -g3 -DDEBUG -DUSE_HAL_DRIVER -DSTM32F405xx -c -I../Core/Inc -I/Users/apple/STM32Cube/Repository/STM32Cube_FW_F4_V1.28.1/Drivers/STM32F4xx_HAL_Driver/Inc -I/Users/apple/STM32Cube/Repository/STM32Cube_FW_F4_V1.28.1/Drivers/STM32F4xx_HAL_Driver/Inc/Legacy -I/Users/apple/STM32Cube/Repository/STM32Cube_FW_F4_V1.28.1/Drivers/CMSIS/Device/ST/STM32F4xx/Include -I/Users/apple/STM32Cube/Repository/STM32Cube_FW_F4_V1.28.1/Drivers/CMSIS/Include -O0 -ffunction-sections -fdata-sections -Wall -fstack-usage -fcyclomatic-complexity -MMD -MP -MF"Core/Src/adc.d" -MT"Core/Src/adc.o" --specs=nano.specs -mfpu=fpv4-sp-d16 -mfloat-abi=hard -mthumb -o "Core/Src/adc.o"
arm-none-eabi-gcc "../Core/Src/main.c" -mcpu=cortex-m4 -std=gnu11 -g3 -DDEBUG -DUSE_HAL_DRIVER -DSTM32F405xx -c -I../Core/Inc -I/Users/apple/STM32Cube/Repository/STM32Cube_FW_F4_V1.28.1/Drivers/STM32F4xx_HAL_Driver/Inc -I/Users/apple/STM32Cube/Repository/STM32Cube_FW_F4_V1.28.1/Drivers/STM32F4xx_HAL_Driver/Inc/Legacy -I/Users/apple/STM32Cube/Repository/STM32Cube_FW_F4_V1.28.1/Drivers/CMSIS/Device/ST/STM32F4xx/Include -I/Users/apple/STM32Cube/Repository/STM32Cube_FW_F4_V1.28.1/Drivers/CMSIS/Include -O0 -ffunction-sections -fdata-sections -Wall -fstack-usage -fcyclomatic-complexity -MMD -MP -MF"Core/Src/main.d" -MT"Core/Src/main.o" --specs=nano.specs -mfpu=fpv4-sp-d16 -mfloat-abi=hard -mthumb -o "Core/Src/main.o"
../Core/Src/adc.c: In function 'readADC':
../Core/Src/adc.c:30:20: error: 'ADC_REGULAR_RANK_1' undeclared (first use in this function); did you mean 'IS_ADC_REGULAR_RANK'?
   30 |     sConfig.Rank = ADC_REGULAR_RANK_1;  // Se usa en ADC de un solo canal
      |                    ^~~~~~~~~~~~~~~~~~
      |                    IS_ADC_REGULAR_RANK
../Core/Src/adc.c:30:20: note: each undeclared identifier is reported only once for each function it appears in
make: *** [Core/Src/subdir.mk:61: Core/Src/adc.o] Error 1
make: *** Waiting for unfinished jobs....
"make -j7 all" terminated with exit code 2. Build might be incomplete.
17:38:54 **** Incremental Build of configuration Debug for project STM32F405_EPS ****
make -j7 all 
arm-none-eabi-gcc "../Core/Src/adc.c" -mcpu=cortex-m4 -std=gnu11 -g3 -DDEBUG -DUSE_HAL_DRIVER -DSTM32F405xx -c -I../Core/Inc -I/Users/apple/STM32Cube/Repository/STM32Cube_FW_F4_V1.28.1/Drivers/STM32F4xx_HAL_Driver/Inc -I/Users/apple/STM32Cube/Repository/STM32Cube_FW_F4_V1.28.1/Drivers/STM32F4xx_HAL_Driver/Inc/Legacy -I/Users/apple/STM32Cube/Repository/STM32Cube_FW_F4_V1.28.1/Drivers/CMSIS/Device/ST/STM32F4xx/Include -I/Users/apple/STM32Cube/Repository/STM32Cube_FW_F4_V1.28.1/Drivers/CMSIS/Include -O0 -ffunction-sections -fdata-sections -Wall -fstack-usage -fcyclomatic-complexity -MMD -MP -MF"Core/Src/adc.d" -MT"Core/Src/adc.o" --specs=nano.specs -mfpu=fpv4-sp-d16 -mfloat-abi=hard -mthumb -o "Core/Src/adc.o"
arm-none-eabi-gcc -o "STM32F405_EPS.elf" @"objects.list"   -mcpu=cortex-m4 -T"/Users/apple/STM32CubeIDE/workspace_1.16.1/STM32F405_EPS/STM32F405RGTX_FLASH.ld" --specs=nosys.specs -Wl,-Map="STM32F405_EPS.map" -Wl,--gc-sections -static --specs=nano.specs -mfpu=fpv4-sp-d16 -mfloat-abi=hard -mthumb -u _printf_float -Wl,--start-group -lc -lm -Wl,--end-group
Finished building target: STM32F405_EPS.elf
 
arm-none-eabi-size  STM32F405_EPS.elf 
arm-none-eabi-objdump -h -S STM32F405_EPS.elf  > "STM32F405_EPS.list"
arm-none-eabi-objcopy  -O ihex STM32F405_EPS.elf  "STM32F405_EPS.hex"
arm-none-eabi-objcopy  -O binary STM32F405_EPS.elf  "STM32F405_EPS.bin"
   text	   data	    bss	    dec	    hex	filename
  41952	    468	   3828	  46248	   b4a8	STM32F405_EPS.elf
Finished building: default.size.stdout
 
Finished building: STM32F405_EPS.bin
Finished building: STM32F405_EPS.hex
 
 
Finished building: STM32F405_EPS.list
 
17:40:21 **** Incremental Build of configuration Debug for project STM32F405_EPS ****
make -j7 all 
arm-none-eabi-gcc "../Core/Src/adc.c" -mcpu=cortex-m4 -std=gnu11 -g3 -DDEBUG -DUSE_HAL_DRIVER -DSTM32F405xx -c -I../Core/Inc -I/Users/apple/STM32Cube/Repository/STM32Cube_FW_F4_V1.28.1/Drivers/STM32F4xx_HAL_Driver/Inc -I/Users/apple/STM32Cube/Repository/STM32Cube_FW_F4_V1.28.1/Drivers/STM32F4xx_HAL_Driver/Inc/Legacy -I/Users/apple/STM32Cube/Repository/STM32Cube_FW_F4_V1.28.1/Drivers/CMSIS/Device/ST/STM32F4xx/Include -I/Users/apple/STM32Cube/Repository/STM32Cube_FW_F4_V1.28.1/Drivers/CMSIS/Include -O0 -ffunction-sections -fdata-sections -Wall -fstack-usage -fcyclomatic-complexity -MMD -MP -MF"Core/Src/adc.d" -MT"Core/Src/adc.o" --specs=nano.specs -mfpu=fpv4-sp-d16 -mfloat-abi=hard -mthumb -o "Core/Src/adc.o"
arm-none-eabi-gcc -o "STM32F405_EPS.elf" @"objects.list"   -mcpu=cortex-m4 -T"/Users/apple/STM32CubeIDE/workspace_1.16.1/STM32F405_EPS/STM32F405RGTX_FLASH.ld" --specs=nosys.specs -Wl,-Map="STM32F405_EPS.map" -Wl,--gc-sections -static --specs=nano.specs -mfpu=fpv4-sp-d16 -mfloat-abi=hard -mthumb -u _printf_float -Wl,--start-group -lc -lm -Wl,--end-group
Finished building target: STM32F405_EPS.elf
 
arm-none-eabi-size  STM32F405_EPS.elf 
arm-none-eabi-objdump -h -S STM32F405_EPS.elf  > "STM32F405_EPS.list"
arm-none-eabi-objcopy  -O ihex STM32F405_EPS.elf  "STM32F405_EPS.hex"
arm-none-eabi-objcopy  -O binary STM32F405_EPS.elf  "STM32F405_EPS.bin"
   text	   data	    bss	    dec	    hex	filename
  41944	    468	   3828	  46240	   b4a0	STM32F405_EPS.elf
Finished building: default.size.stdout
 
Finished building: STM32F405_EPS.hex
Finished building: STM32F405_EPS.bin
 
 
Finished building: STM32F405_EPS.list
 
17:43:26 **** Incremental Build of configuration Debug for project STM32F405_EPS ****
make -j7 all 
arm-none-eabi-gcc "../Core/Src/pdu.c" -mcpu=cortex-m4 -std=gnu11 -g3 -DDEBUG -DUSE_HAL_DRIVER -DSTM32F405xx -c -I../Core/Inc -I/Users/apple/STM32Cube/Repository/STM32Cube_FW_F4_V1.28.1/Drivers/STM32F4xx_HAL_Driver/Inc -I/Users/apple/STM32Cube/Repository/STM32Cube_FW_F4_V1.28.1/Drivers/STM32F4xx_HAL_Driver/Inc/Legacy -I/Users/apple/STM32Cube/Repository/STM32Cube_FW_F4_V1.28.1/Drivers/CMSIS/Device/ST/STM32F4xx/Include -I/Users/apple/STM32Cube/Repository/STM32Cube_FW_F4_V1.28.1/Drivers/CMSIS/Include -O0 -ffunction-sections -fdata-sections -Wall -fstack-usage -fcyclomatic-complexity -MMD -MP -MF"Core/Src/pdu.d" -MT"Core/Src/pdu.o" --specs=nano.specs -mfpu=fpv4-sp-d16 -mfloat-abi=hard -mthumb -o "Core/Src/pdu.o"
arm-none-eabi-gcc -o "STM32F405_EPS.elf" @"objects.list"   -mcpu=cortex-m4 -T"/Users/apple/STM32CubeIDE/workspace_1.16.1/STM32F405_EPS/STM32F405RGTX_FLASH.ld" --specs=nosys.specs -Wl,-Map="STM32F405_EPS.map" -Wl,--gc-sections -static --specs=nano.specs -mfpu=fpv4-sp-d16 -mfloat-abi=hard -mthumb -u _printf_float -Wl,--start-group -lc -lm -Wl,--end-group
Finished building target: STM32F405_EPS.elf
 
arm-none-eabi-size  STM32F405_EPS.elf 
arm-none-eabi-objdump -h -S STM32F405_EPS.elf  > "STM32F405_EPS.list"
arm-none-eabi-objcopy  -O ihex STM32F405_EPS.elf  "STM32F405_EPS.hex"
arm-none-eabi-objcopy  -O binary STM32F405_EPS.elf  "STM32F405_EPS.bin"
   text	   data	    bss	    dec	    hex	filename
  41952	    468	   3828	  46248	   b4a8	STM32F405_EPS.elf
Finished building: default.size.stdout
 
Finished building: STM32F405_EPS.bin
Finished building: STM32F405_EPS.hex
 
 
Finished building: STM32F405_EPS.list
 
17:56:01 **** Incremental Build of configuration Debug for project STM32F405_EPS ****
make -j7 all 
arm-none-eabi-gcc "../Core/Src/main.c" -mcpu=cortex-m4 -std=gnu11 -g3 -DDEBUG -DUSE_HAL_DRIVER -DSTM32F405xx -c -I../Core/Inc -I/Users/apple/STM32Cube/Repository/STM32Cube_FW_F4_V1.28.1/Drivers/STM32F4xx_HAL_Driver/Inc -I/Users/apple/STM32Cube/Repository/STM32Cube_FW_F4_V1.28.1/Drivers/STM32F4xx_HAL_Driver/Inc/Legacy -I/Users/apple/STM32Cube/Repository/STM32Cube_FW_F4_V1.28.1/Drivers/CMSIS/Device/ST/STM32F4xx/Include -I/Users/apple/STM32Cube/Repository/STM32Cube_FW_F4_V1.28.1/Drivers/CMSIS/Include -O0 -ffunction-sections -fdata-sections -Wall -fstack-usage -fcyclomatic-complexity -MMD -MP -MF"Core/Src/main.d" -MT"Core/Src/main.o" --specs=nano.specs -mfpu=fpv4-sp-d16 -mfloat-abi=hard -mthumb -o "Core/Src/main.o"
arm-none-eabi-gcc -o "STM32F405_EPS.elf" @"objects.list"   -mcpu=cortex-m4 -T"/Users/apple/STM32CubeIDE/workspace_1.16.1/STM32F405_EPS/STM32F405RGTX_FLASH.ld" --specs=nosys.specs -Wl,-Map="STM32F405_EPS.map" -Wl,--gc-sections -static --specs=nano.specs -mfpu=fpv4-sp-d16 -mfloat-abi=hard -mthumb -u _printf_float -Wl,--start-group -lc -lm -Wl,--end-group
Finished building target: STM32F405_EPS.elf
 
arm-none-eabi-size  STM32F405_EPS.elf 
arm-none-eabi-objdump -h -S STM32F405_EPS.elf  > "STM32F405_EPS.list"
arm-none-eabi-objcopy  -O ihex STM32F405_EPS.elf  "STM32F405_EPS.hex"
arm-none-eabi-objcopy  -O binary STM32F405_EPS.elf  "STM32F405_EPS.bin"
   text	   data	    bss	    dec	    hex	filename
  41976	    468	   3828	  46272	   b4c0	STM32F405_EPS.elf
Finished building: default.size.stdout
 
Finished building: STM32F405_EPS.hex
Finished building: STM32F405_EPS.bin
 
 
Finished building: STM32F405_EPS.list
 
17:59:37 **** Incremental Build of configuration Debug for project STM32F405_EPS ****
make -j7 all 
arm-none-eabi-gcc "../Core/Src/main.c" -mcpu=cortex-m4 -std=gnu11 -g3 -DDEBUG -DUSE_HAL_DRIVER -DSTM32F405xx -c -I../Core/Inc -I/Users/apple/STM32Cube/Repository/STM32Cube_FW_F4_V1.28.1/Drivers/STM32F4xx_HAL_Driver/Inc -I/Users/apple/STM32Cube/Repository/STM32Cube_FW_F4_V1.28.1/Drivers/STM32F4xx_HAL_Driver/Inc/Legacy -I/Users/apple/STM32Cube/Repository/STM32Cube_FW_F4_V1.28.1/Drivers/CMSIS/Device/ST/STM32F4xx/Include -I/Users/apple/STM32Cube/Repository/STM32Cube_FW_F4_V1.28.1/Drivers/CMSIS/Include -O0 -ffunction-sections -fdata-sections -Wall -fstack-usage -fcyclomatic-complexity -MMD -MP -MF"Core/Src/main.d" -MT"Core/Src/main.o" --specs=nano.specs -mfpu=fpv4-sp-d16 -mfloat-abi=hard -mthumb -o "Core/Src/main.o"
arm-none-eabi-gcc -o "STM32F405_EPS.elf" @"objects.list"   -mcpu=cortex-m4 -T"/Users/apple/STM32CubeIDE/workspace_1.16.1/STM32F405_EPS/STM32F405RGTX_FLASH.ld" --specs=nosys.specs -Wl,-Map="STM32F405_EPS.map" -Wl,--gc-sections -static --specs=nano.specs -mfpu=fpv4-sp-d16 -mfloat-abi=hard -mthumb -u _printf_float -Wl,--start-group -lc -lm -Wl,--end-group
Finished building target: STM32F405_EPS.elf
 
arm-none-eabi-size  STM32F405_EPS.elf 
arm-none-eabi-objdump -h -S STM32F405_EPS.elf  > "STM32F405_EPS.list"
arm-none-eabi-objcopy  -O ihex STM32F405_EPS.elf  "STM32F405_EPS.hex"
arm-none-eabi-objcopy  -O binary STM32F405_EPS.elf  "STM32F405_EPS.bin"
   text	   data	    bss	    dec	    hex	filename
  41968	    468	   3828	  46264	   b4b8	STM32F405_EPS.elf
Finished building: default.size.stdout
 
Finished building: STM32F405_EPS.hex
Finished building: STM32F405_EPS.bin
 
 
Finished building: STM32F405_EPS.list
 
18:01:33 **** Incremental Build of configuration Debug for project STM32F405_EPS ****
make -j7 all 
arm-none-eabi-gcc "../Core/Src/main.c" -mcpu=cortex-m4 -std=gnu11 -g3 -DDEBUG -DUSE_HAL_DRIVER -DSTM32F405xx -c -I../Core/Inc -I/Users/apple/STM32Cube/Repository/STM32Cube_FW_F4_V1.28.1/Drivers/STM32F4xx_HAL_Driver/Inc -I/Users/apple/STM32Cube/Repository/STM32Cube_FW_F4_V1.28.1/Drivers/STM32F4xx_HAL_Driver/Inc/Legacy -I/Users/apple/STM32Cube/Repository/STM32Cube_FW_F4_V1.28.1/Drivers/CMSIS/Device/ST/STM32F4xx/Include -I/Users/apple/STM32Cube/Repository/STM32Cube_FW_F4_V1.28.1/Drivers/CMSIS/Include -O0 -ffunction-sections -fdata-sections -Wall -fstack-usage -fcyclomatic-complexity -MMD -MP -MF"Core/Src/main.d" -MT"Core/Src/main.o" --specs=nano.specs -mfpu=fpv4-sp-d16 -mfloat-abi=hard -mthumb -o "Core/Src/main.o"
arm-none-eabi-gcc -o "STM32F405_EPS.elf" @"objects.list"   -mcpu=cortex-m4 -T"/Users/apple/STM32CubeIDE/workspace_1.16.1/STM32F405_EPS/STM32F405RGTX_FLASH.ld" --specs=nosys.specs -Wl,-Map="STM32F405_EPS.map" -Wl,--gc-sections -static --specs=nano.specs -mfpu=fpv4-sp-d16 -mfloat-abi=hard -mthumb -u _printf_float -Wl,--start-group -lc -lm -Wl,--end-group
Finished building target: STM32F405_EPS.elf
 
arm-none-eabi-size  STM32F405_EPS.elf 
arm-none-eabi-objdump -h -S STM32F405_EPS.elf  > "STM32F405_EPS.list"
arm-none-eabi-objcopy  -O ihex STM32F405_EPS.elf  "STM32F405_EPS.hex"
arm-none-eabi-objcopy  -O binary STM32F405_EPS.elf  "STM32F405_EPS.bin"
   text	   data	    bss	    dec	    hex	filename
  41952	    468	   3828	  46248	   b4a8	STM32F405_EPS.elf
Finished building: default.size.stdout
 
Finished building: STM32F405_EPS.hex
Finished building: STM32F405_EPS.bin
 
 
Finished building: STM32F405_EPS.list
 
18:01:55 **** Incremental Build of configuration Debug for project STM32F405_EPS ****
make -j7 all 
arm-none-eabi-gcc "../Core/Src/main.c" -mcpu=cortex-m4 -std=gnu11 -g3 -DDEBUG -DUSE_HAL_DRIVER -DSTM32F405xx -c -I../Core/Inc -I/Users/apple/STM32Cube/Repository/STM32Cube_FW_F4_V1.28.1/Drivers/STM32F4xx_HAL_Driver/Inc -I/Users/apple/STM32Cube/Repository/STM32Cube_FW_F4_V1.28.1/Drivers/STM32F4xx_HAL_Driver/Inc/Legacy -I/Users/apple/STM32Cube/Repository/STM32Cube_FW_F4_V1.28.1/Drivers/CMSIS/Device/ST/STM32F4xx/Include -I/Users/apple/STM32Cube/Repository/STM32Cube_FW_F4_V1.28.1/Drivers/CMSIS/Include -O0 -ffunction-sections -fdata-sections -Wall -fstack-usage -fcyclomatic-complexity -MMD -MP -MF"Core/Src/main.d" -MT"Core/Src/main.o" --specs=nano.specs -mfpu=fpv4-sp-d16 -mfloat-abi=hard -mthumb -o "Core/Src/main.o"
arm-none-eabi-gcc -o "STM32F405_EPS.elf" @"objects.list"   -mcpu=cortex-m4 -T"/Users/apple/STM32CubeIDE/workspace_1.16.1/STM32F405_EPS/STM32F405RGTX_FLASH.ld" --specs=nosys.specs -Wl,-Map="STM32F405_EPS.map" -Wl,--gc-sections -static --specs=nano.specs -mfpu=fpv4-sp-d16 -mfloat-abi=hard -mthumb -u _printf_float -Wl,--start-group -lc -lm -Wl,--end-group
Finished building target: STM32F405_EPS.elf
 
arm-none-eabi-size  STM32F405_EPS.elf 
arm-none-eabi-objdump -h -S STM32F405_EPS.elf  > "STM32F405_EPS.list"
arm-none-eabi-objcopy  -O ihex STM32F405_EPS.elf  "STM32F405_EPS.hex"
arm-none-eabi-objcopy  -O binary STM32F405_EPS.elf  "STM32F405_EPS.bin"
   text	   data	    bss	    dec	    hex	filename
  41952	    468	   3828	  46248	   b4a8	STM32F405_EPS.elf
Finished building: default.size.stdout
 
Finished building: STM32F405_EPS.hex
Finished building: STM32F405_EPS.bin
 
 
Finished building: STM32F405_EPS.list
 
18:20:04 **** Incremental Build of configuration Debug for project STM32F405_EPS ****
make -j7 all 
arm-none-eabi-gcc "../Core/Src/bms.c" -mcpu=cortex-m4 -std=gnu11 -g3 -DDEBUG -DUSE_HAL_DRIVER -DSTM32F405xx -c -I../Core/Inc -I/Users/apple/STM32Cube/Repository/STM32Cube_FW_F4_V1.28.1/Drivers/STM32F4xx_HAL_Driver/Inc -I/Users/apple/STM32Cube/Repository/STM32Cube_FW_F4_V1.28.1/Drivers/STM32F4xx_HAL_Driver/Inc/Legacy -I/Users/apple/STM32Cube/Repository/STM32Cube_FW_F4_V1.28.1/Drivers/CMSIS/Device/ST/STM32F4xx/Include -I/Users/apple/STM32Cube/Repository/STM32Cube_FW_F4_V1.28.1/Drivers/CMSIS/Include -O0 -ffunction-sections -fdata-sections -Wall -fstack-usage -fcyclomatic-complexity -MMD -MP -MF"Core/Src/bms.d" -MT"Core/Src/bms.o" --specs=nano.specs -mfpu=fpv4-sp-d16 -mfloat-abi=hard -mthumb -o "Core/Src/bms.o"
arm-none-eabi-gcc "../Core/Src/main.c" -mcpu=cortex-m4 -std=gnu11 -g3 -DDEBUG -DUSE_HAL_DRIVER -DSTM32F405xx -c -I../Core/Inc -I/Users/apple/STM32Cube/Repository/STM32Cube_FW_F4_V1.28.1/Drivers/STM32F4xx_HAL_Driver/Inc -I/Users/apple/STM32Cube/Repository/STM32Cube_FW_F4_V1.28.1/Drivers/STM32F4xx_HAL_Driver/Inc/Legacy -I/Users/apple/STM32Cube/Repository/STM32Cube_FW_F4_V1.28.1/Drivers/CMSIS/Device/ST/STM32F4xx/Include -I/Users/apple/STM32Cube/Repository/STM32Cube_FW_F4_V1.28.1/Drivers/CMSIS/Include -O0 -ffunction-sections -fdata-sections -Wall -fstack-usage -fcyclomatic-complexity -MMD -MP -MF"Core/Src/main.d" -MT"Core/Src/main.o" --specs=nano.specs -mfpu=fpv4-sp-d16 -mfloat-abi=hard -mthumb -o "Core/Src/main.o"
../Core/Src/main.c: In function 'main':
../Core/Src/main.c:130:22: warning: unused variable 'mpptZ' [-Wunused-variable]
  130 |         MPPT_Channel mpptZ = {
      |                      ^~~~~
../Core/Src/main.c:117:22: warning: unused variable 'mpptY' [-Wunused-variable]
  117 |         MPPT_Channel mpptY = {
      |                      ^~~~~
../Core/Src/main.c:104:22: warning: unused variable 'mpptX' [-Wunused-variable]
  104 |         MPPT_Channel mpptX = {
      |                      ^~~~~
arm-none-eabi-gcc -o "STM32F405_EPS.elf" @"objects.list"   -mcpu=cortex-m4 -T"/Users/apple/STM32CubeIDE/workspace_1.16.1/STM32F405_EPS/STM32F405RGTX_FLASH.ld" --specs=nosys.specs -Wl,-Map="STM32F405_EPS.map" -Wl,--gc-sections -static --specs=nano.specs -mfpu=fpv4-sp-d16 -mfloat-abi=hard -mthumb -u _printf_float -Wl,--start-group -lc -lm -Wl,--end-group
Finished building target: STM32F405_EPS.elf
 
arm-none-eabi-size  STM32F405_EPS.elf 
arm-none-eabi-objdump -h -S STM32F405_EPS.elf  > "STM32F405_EPS.list"
arm-none-eabi-objcopy  -O ihex STM32F405_EPS.elf  "STM32F405_EPS.hex"
arm-none-eabi-objcopy  -O binary STM32F405_EPS.elf  "STM32F405_EPS.bin"
   text	   data	    bss	    dec	    hex	filename
  40736	    468	   3828	  45032	   afe8	STM32F405_EPS.elf
Finished building: default.size.stdout
 
Finished building: STM32F405_EPS.bin
Finished building: STM32F405_EPS.hex
 
 
Finished building: STM32F405_EPS.list
 
18:20:22 **** Incremental Build of configuration Debug for project STM32F405_EPS ****
make -j7 all 
arm-none-eabi-size  STM32F405_EPS.elf 
   text	   data	    bss	    dec	    hex	filename
  40736	    468	   3828	  45032	   afe8	STM32F405_EPS.elf
Finished building: default.size.stdout
 
18:26:35 **** Incremental Build of configuration Debug for project STM32F405_EPS ****
make -j7 all 
arm-none-eabi-gcc "../Core/Src/bms.c" -mcpu=cortex-m4 -std=gnu11 -g3 -DDEBUG -DUSE_HAL_DRIVER -DSTM32F405xx -c -I../Core/Inc -I/Users/apple/STM32Cube/Repository/STM32Cube_FW_F4_V1.28.1/Drivers/STM32F4xx_HAL_Driver/Inc -I/Users/apple/STM32Cube/Repository/STM32Cube_FW_F4_V1.28.1/Drivers/STM32F4xx_HAL_Driver/Inc/Legacy -I/Users/apple/STM32Cube/Repository/STM32Cube_FW_F4_V1.28.1/Drivers/CMSIS/Device/ST/STM32F4xx/Include -I/Users/apple/STM32Cube/Repository/STM32Cube_FW_F4_V1.28.1/Drivers/CMSIS/Include -O0 -ffunction-sections -fdata-sections -Wall -fstack-usage -fcyclomatic-complexity -MMD -MP -MF"Core/Src/bms.d" -MT"Core/Src/bms.o" --specs=nano.specs -mfpu=fpv4-sp-d16 -mfloat-abi=hard -mthumb -o "Core/Src/bms.o"
arm-none-eabi-gcc -o "STM32F405_EPS.elf" @"objects.list"   -mcpu=cortex-m4 -T"/Users/apple/STM32CubeIDE/workspace_1.16.1/STM32F405_EPS/STM32F405RGTX_FLASH.ld" --specs=nosys.specs -Wl,-Map="STM32F405_EPS.map" -Wl,--gc-sections -static --specs=nano.specs -mfpu=fpv4-sp-d16 -mfloat-abi=hard -mthumb -u _printf_float -Wl,--start-group -lc -lm -Wl,--end-group
Finished building target: STM32F405_EPS.elf
 
arm-none-eabi-size  STM32F405_EPS.elf 
arm-none-eabi-objdump -h -S STM32F405_EPS.elf  > "STM32F405_EPS.list"
arm-none-eabi-objcopy  -O ihex STM32F405_EPS.elf  "STM32F405_EPS.hex"
arm-none-eabi-objcopy  -O binary STM32F405_EPS.elf  "STM32F405_EPS.bin"
   text	   data	    bss	    dec	    hex	filename
  40768	    468	   3828	  45064	   b008	STM32F405_EPS.elf
Finished building: default.size.stdout
 
Finished building: STM32F405_EPS.hex
Finished building: STM32F405_EPS.bin
 
 
Finished building: STM32F405_EPS.list
 
18:27:19 **** Incremental Build of configuration Debug for project STM32F405_EPS ****
make -j7 all 
arm-none-eabi-size  STM32F405_EPS.elf 
   text	   data	    bss	    dec	    hex	filename
  40768	    468	   3828	  45064	   b008	STM32F405_EPS.elf
Finished building: default.size.stdout
 
18:33:53 **** Incremental Build of configuration Debug for project STM32F405_EPS ****
make -j7 all 
arm-none-eabi-gcc "../Core/Src/bms.c" -mcpu=cortex-m4 -std=gnu11 -g3 -DDEBUG -DUSE_HAL_DRIVER -DSTM32F405xx -c -I../Core/Inc -I/Users/apple/STM32Cube/Repository/STM32Cube_FW_F4_V1.28.1/Drivers/STM32F4xx_HAL_Driver/Inc -I/Users/apple/STM32Cube/Repository/STM32Cube_FW_F4_V1.28.1/Drivers/STM32F4xx_HAL_Driver/Inc/Legacy -I/Users/apple/STM32Cube/Repository/STM32Cube_FW_F4_V1.28.1/Drivers/CMSIS/Device/ST/STM32F4xx/Include -I/Users/apple/STM32Cube/Repository/STM32Cube_FW_F4_V1.28.1/Drivers/CMSIS/Include -O0 -ffunction-sections -fdata-sections -Wall -fstack-usage -fcyclomatic-complexity -MMD -MP -MF"Core/Src/bms.d" -MT"Core/Src/bms.o" --specs=nano.specs -mfpu=fpv4-sp-d16 -mfloat-abi=hard -mthumb -o "Core/Src/bms.o"
arm-none-eabi-gcc "../Core/Src/main.c" -mcpu=cortex-m4 -std=gnu11 -g3 -DDEBUG -DUSE_HAL_DRIVER -DSTM32F405xx -c -I../Core/Inc -I/Users/apple/STM32Cube/Repository/STM32Cube_FW_F4_V1.28.1/Drivers/STM32F4xx_HAL_Driver/Inc -I/Users/apple/STM32Cube/Repository/STM32Cube_FW_F4_V1.28.1/Drivers/STM32F4xx_HAL_Driver/Inc/Legacy -I/Users/apple/STM32Cube/Repository/STM32Cube_FW_F4_V1.28.1/Drivers/CMSIS/Device/ST/STM32F4xx/Include -I/Users/apple/STM32Cube/Repository/STM32Cube_FW_F4_V1.28.1/Drivers/CMSIS/Include -O0 -ffunction-sections -fdata-sections -Wall -fstack-usage -fcyclomatic-complexity -MMD -MP -MF"Core/Src/main.d" -MT"Core/Src/main.o" --specs=nano.specs -mfpu=fpv4-sp-d16 -mfloat-abi=hard -mthumb -o "Core/Src/main.o"
../Core/Src/main.c: In function 'main':
../Core/Src/main.c:130:22: warning: unused variable 'mpptZ' [-Wunused-variable]
  130 |         MPPT_Channel mpptZ = {
      |                      ^~~~~
../Core/Src/main.c:117:22: warning: unused variable 'mpptY' [-Wunused-variable]
  117 |         MPPT_Channel mpptY = {
      |                      ^~~~~
../Core/Src/main.c:104:22: warning: unused variable 'mpptX' [-Wunused-variable]
  104 |         MPPT_Channel mpptX = {
      |                      ^~~~~
arm-none-eabi-gcc -o "STM32F405_EPS.elf" @"objects.list"   -mcpu=cortex-m4 -T"/Users/apple/STM32CubeIDE/workspace_1.16.1/STM32F405_EPS/STM32F405RGTX_FLASH.ld" --specs=nosys.specs -Wl,-Map="STM32F405_EPS.map" -Wl,--gc-sections -static --specs=nano.specs -mfpu=fpv4-sp-d16 -mfloat-abi=hard -mthumb -u _printf_float -Wl,--start-group -lc -lm -Wl,--end-group
Finished building target: STM32F405_EPS.elf
 
arm-none-eabi-size  STM32F405_EPS.elf 
arm-none-eabi-objdump -h -S STM32F405_EPS.elf  > "STM32F405_EPS.list"
arm-none-eabi-objcopy  -O ihex STM32F405_EPS.elf  "STM32F405_EPS.hex"
arm-none-eabi-objcopy  -O binary STM32F405_EPS.elf  "STM32F405_EPS.bin"
   text	   data	    bss	    dec	    hex	filename
  40864	    468	   3828	  45160	   b068	STM32F405_EPS.elf
Finished building: default.size.stdout
 
Finished building: STM32F405_EPS.hex
Finished building: STM32F405_EPS.bin
 
 
Finished building: STM32F405_EPS.list
 
18:41:38 **** Incremental Build of configuration Debug for project STM32F405_EPS ****
make -j7 all 
arm-none-eabi-gcc "../Core/Src/bms.c" -mcpu=cortex-m4 -std=gnu11 -g3 -DDEBUG -DUSE_HAL_DRIVER -DSTM32F405xx -c -I../Core/Inc -I/Users/apple/STM32Cube/Repository/STM32Cube_FW_F4_V1.28.1/Drivers/STM32F4xx_HAL_Driver/Inc -I/Users/apple/STM32Cube/Repository/STM32Cube_FW_F4_V1.28.1/Drivers/STM32F4xx_HAL_Driver/Inc/Legacy -I/Users/apple/STM32Cube/Repository/STM32Cube_FW_F4_V1.28.1/Drivers/CMSIS/Device/ST/STM32F4xx/Include -I/Users/apple/STM32Cube/Repository/STM32Cube_FW_F4_V1.28.1/Drivers/CMSIS/Include -O0 -ffunction-sections -fdata-sections -Wall -fstack-usage -fcyclomatic-complexity -MMD -MP -MF"Core/Src/bms.d" -MT"Core/Src/bms.o" --specs=nano.specs -mfpu=fpv4-sp-d16 -mfloat-abi=hard -mthumb -o "Core/Src/bms.o"
arm-none-eabi-gcc "../Core/Src/main.c" -mcpu=cortex-m4 -std=gnu11 -g3 -DDEBUG -DUSE_HAL_DRIVER -DSTM32F405xx -c -I../Core/Inc -I/Users/apple/STM32Cube/Repository/STM32Cube_FW_F4_V1.28.1/Drivers/STM32F4xx_HAL_Driver/Inc -I/Users/apple/STM32Cube/Repository/STM32Cube_FW_F4_V1.28.1/Drivers/STM32F4xx_HAL_Driver/Inc/Legacy -I/Users/apple/STM32Cube/Repository/STM32Cube_FW_F4_V1.28.1/Drivers/CMSIS/Device/ST/STM32F4xx/Include -I/Users/apple/STM32Cube/Repository/STM32Cube_FW_F4_V1.28.1/Drivers/CMSIS/Include -O0 -ffunction-sections -fdata-sections -Wall -fstack-usage -fcyclomatic-complexity -MMD -MP -MF"Core/Src/main.d" -MT"Core/Src/main.o" --specs=nano.specs -mfpu=fpv4-sp-d16 -mfloat-abi=hard -mthumb -o "Core/Src/main.o"
../Core/Src/main.c: In function 'main':
../Core/Src/main.c:247:54: error: invalid type argument of '->' (have 'BQ76905_Device')
  247 |         HAL_I2C_Master_Receive(&hi2c1, 0x10,0x68 ,bms->fet_control, 3, 100);
      |                                                      ^~
../Core/Src/main.c:247:45: warning: passing argument 3 of 'HAL_I2C_Master_Receive' makes pointer from integer without a cast [-Wint-conversion]
  247 |         HAL_I2C_Master_Receive(&hi2c1, 0x10,0x68 ,bms->fet_control, 3, 100);
      |                                             ^~~~
      |                                             |
      |                                             int
In file included from ../Core/Inc/stm32f4xx_hal_conf.h:363,
                 from /Users/apple/STM32Cube/Repository/STM32Cube_FW_F4_V1.28.1/Drivers/STM32F4xx_HAL_Driver/Inc/stm32f4xx_hal.h:29,
                 from ../Core/Inc/main.h:30,
                 from ../Core/Src/main.c:3:
/Users/apple/STM32Cube/Repository/STM32Cube_FW_F4_V1.28.1/Drivers/STM32F4xx_HAL_Driver/Inc/stm32f4xx_hal_i2c.h:567:97: note: expected 'uint8_t *' {aka 'unsigned char *'} but argument is of type 'int'
  567 | HAL_StatusTypeDef HAL_I2C_Master_Receive(I2C_HandleTypeDef *hi2c, uint16_t DevAddress, uint8_t *pData, uint16_t Size, uint32_t Timeout);
      |                                                                                        ~~~~~~~~~^~~~~
../Core/Src/main.c:247:9: error: too many arguments to function 'HAL_I2C_Master_Receive'
  247 |         HAL_I2C_Master_Receive(&hi2c1, 0x10,0x68 ,bms->fet_control, 3, 100);
      |         ^~~~~~~~~~~~~~~~~~~~~~
/Users/apple/STM32Cube/Repository/STM32Cube_FW_F4_V1.28.1/Drivers/STM32F4xx_HAL_Driver/Inc/stm32f4xx_hal_i2c.h:567:19: note: declared here
  567 | HAL_StatusTypeDef HAL_I2C_Master_Receive(I2C_HandleTypeDef *hi2c, uint16_t DevAddress, uint8_t *pData, uint16_t Size, uint32_t Timeout);
      |                   ^~~~~~~~~~~~~~~~~~~~~~
../Core/Src/main.c:248:9: warning: implicit declaration of function 'snprintf' [-Wimplicit-function-declaration]
  248 |         snprintf(buffer, BUFFER_SIZE, "Fet_control register: %d mA\n", bms->overcurrent_discharge_1 * 10);
      |         ^~~~~~~~
../Core/Src/main.c:16:1: note: include '<stdio.h>' or provide a declaration of 'snprintf'
   15 | #include "pdu.h"
  +++ |+#include <stdio.h>
   16 | 
../Core/Src/main.c:248:9: warning: incompatible implicit declaration of built-in function 'snprintf' [-Wbuiltin-declaration-mismatch]
  248 |         snprintf(buffer, BUFFER_SIZE, "Fet_control register: %d mA\n", bms->overcurrent_discharge_1 * 10);
      |         ^~~~~~~~
../Core/Src/main.c:248:9: note: include '<stdio.h>' or provide a declaration of 'snprintf'
../Core/Src/main.c:248:75: error: invalid type argument of '->' (have 'BQ76905_Device')
  248 |         snprintf(buffer, BUFFER_SIZE, "Fet_control register: %d mA\n", bms->overcurrent_discharge_1 * 10);
      |                                                                           ^~
../Core/Src/main.c:249:85: warning: implicit declaration of function 'strlen' [-Wimplicit-function-declaration]
  249 |         HAL_I2C_Master_Transmit(&hi2c3, ARDUINO_I2C_ADDRESS << 1, (uint8_t*)buffer, strlen(buffer), HAL_MAX_DELAY);
      |                                                                                     ^~~~~~
../Core/Src/main.c:16:1: note: include '<string.h>' or provide a declaration of 'strlen'
   15 | #include "pdu.h"
  +++ |+#include <string.h>
   16 | 
../Core/Src/main.c:249:85: warning: incompatible implicit declaration of built-in function 'strlen' [-Wbuiltin-declaration-mismatch]
  249 |         HAL_I2C_Master_Transmit(&hi2c3, ARDUINO_I2C_ADDRESS << 1, (uint8_t*)buffer, strlen(buffer), HAL_MAX_DELAY);
      |                                                                                     ^~~~~~
../Core/Src/main.c:249:85: note: include '<string.h>' or provide a declaration of 'strlen'
../Core/Src/main.c:130:22: warning: unused variable 'mpptZ' [-Wunused-variable]
  130 |         MPPT_Channel mpptZ = {
      |                      ^~~~~
../Core/Src/main.c:117:22: warning: unused variable 'mpptY' [-Wunused-variable]
  117 |         MPPT_Channel mpptY = {
      |                      ^~~~~
../Core/Src/main.c:104:22: warning: unused variable 'mpptX' [-Wunused-variable]
  104 |         MPPT_Channel mpptX = {
      |                      ^~~~~
make: *** [Core/Src/subdir.mk:61: Core/Src/main.o] Error 1
make: *** Waiting for unfinished jobs....
"make -j7 all" terminated with exit code 2. Build might be incomplete.
18:43:27 **** Incremental Build of configuration Debug for project STM32F405_EPS ****
make -j7 all 
arm-none-eabi-gcc "../Core/Src/main.c" -mcpu=cortex-m4 -std=gnu11 -g3 -DDEBUG -DUSE_HAL_DRIVER -DSTM32F405xx -c -I../Core/Inc -I/Users/apple/STM32Cube/Repository/STM32Cube_FW_F4_V1.28.1/Drivers/STM32F4xx_HAL_Driver/Inc -I/Users/apple/STM32Cube/Repository/STM32Cube_FW_F4_V1.28.1/Drivers/STM32F4xx_HAL_Driver/Inc/Legacy -I/Users/apple/STM32Cube/Repository/STM32Cube_FW_F4_V1.28.1/Drivers/CMSIS/Device/ST/STM32F4xx/Include -I/Users/apple/STM32Cube/Repository/STM32Cube_FW_F4_V1.28.1/Drivers/CMSIS/Include -O0 -ffunction-sections -fdata-sections -Wall -fstack-usage -fcyclomatic-complexity -MMD -MP -MF"Core/Src/main.d" -MT"Core/Src/main.o" --specs=nano.specs -mfpu=fpv4-sp-d16 -mfloat-abi=hard -mthumb -o "Core/Src/main.o"
../Core/Src/main.c: In function 'main':
../Core/Src/main.c:247:52: error: invalid type argument of '->' (have 'BQ76905_Device')
  247 |         BQ76905_ReadRegister(bms, FET_CONTROL, &bms->fet_control, 1);
      |                                                    ^~
../Core/Src/main.c:247:30: error: incompatible type for argument 1 of 'BQ76905_ReadRegister'
  247 |         BQ76905_ReadRegister(bms, FET_CONTROL, &bms->fet_control, 1);
      |                              ^~~
      |                              |
      |                              BQ76905_Device
In file included from ../Core/Src/main.c:14:
../Core/Inc/bms.h:165:56: note: expected 'BQ76905_Device *' but argument is of type 'BQ76905_Device'
  165 | HAL_StatusTypeDef BQ76905_ReadRegister(BQ76905_Device *bms, BQ76905_Registers reg, uint8_t *rxData, uint8_t len);
      |                                        ~~~~~~~~~~~~~~~~^~~
../Core/Src/main.c:248:9: warning: implicit declaration of function 'snprintf' [-Wimplicit-function-declaration]
  248 |         snprintf(buffer, BUFFER_SIZE, "Fet_control register: %d mA\n", bms->fet_control * 10);
      |         ^~~~~~~~
../Core/Src/main.c:16:1: note: include '<stdio.h>' or provide a declaration of 'snprintf'
   15 | #include "pdu.h"
  +++ |+#include <stdio.h>
   16 | 
../Core/Src/main.c:248:9: warning: incompatible implicit declaration of built-in function 'snprintf' [-Wbuiltin-declaration-mismatch]
  248 |         snprintf(buffer, BUFFER_SIZE, "Fet_control register: %d mA\n", bms->fet_control * 10);
      |         ^~~~~~~~
../Core/Src/main.c:248:9: note: include '<stdio.h>' or provide a declaration of 'snprintf'
../Core/Src/main.c:248:75: error: invalid type argument of '->' (have 'BQ76905_Device')
  248 |         snprintf(buffer, BUFFER_SIZE, "Fet_control register: %d mA\n", bms->fet_control * 10);
      |                                                                           ^~
../Core/Src/main.c:249:85: warning: implicit declaration of function 'strlen' [-Wimplicit-function-declaration]
  249 |         HAL_I2C_Master_Transmit(&hi2c3, ARDUINO_I2C_ADDRESS << 1, (uint8_t*)buffer, strlen(buffer), HAL_MAX_DELAY);
      |                                                                                     ^~~~~~
../Core/Src/main.c:16:1: note: include '<string.h>' or provide a declaration of 'strlen'
   15 | #include "pdu.h"
  +++ |+#include <string.h>
   16 | 
../Core/Src/main.c:249:85: warning: incompatible implicit declaration of built-in function 'strlen' [-Wbuiltin-declaration-mismatch]
  249 |         HAL_I2C_Master_Transmit(&hi2c3, ARDUINO_I2C_ADDRESS << 1, (uint8_t*)buffer, strlen(buffer), HAL_MAX_DELAY);
      |                                                                                     ^~~~~~
../Core/Src/main.c:249:85: note: include '<string.h>' or provide a declaration of 'strlen'
../Core/Src/main.c:130:22: warning: unused variable 'mpptZ' [-Wunused-variable]
  130 |         MPPT_Channel mpptZ = {
      |                      ^~~~~
../Core/Src/main.c:117:22: warning: unused variable 'mpptY' [-Wunused-variable]
  117 |         MPPT_Channel mpptY = {
      |                      ^~~~~
../Core/Src/main.c:104:22: warning: unused variable 'mpptX' [-Wunused-variable]
  104 |         MPPT_Channel mpptX = {
      |                      ^~~~~
make: *** [Core/Src/subdir.mk:61: Core/Src/main.o] Error 1
"make -j7 all" terminated with exit code 2. Build might be incomplete.
18:44:18 **** Incremental Build of configuration Debug for project STM32F405_EPS ****
make -j7 all 
arm-none-eabi-gcc "../Core/Src/main.c" -mcpu=cortex-m4 -std=gnu11 -g3 -DDEBUG -DUSE_HAL_DRIVER -DSTM32F405xx -c -I../Core/Inc -I/Users/apple/STM32Cube/Repository/STM32Cube_FW_F4_V1.28.1/Drivers/STM32F4xx_HAL_Driver/Inc -I/Users/apple/STM32Cube/Repository/STM32Cube_FW_F4_V1.28.1/Drivers/STM32F4xx_HAL_Driver/Inc/Legacy -I/Users/apple/STM32Cube/Repository/STM32Cube_FW_F4_V1.28.1/Drivers/CMSIS/Device/ST/STM32F4xx/Include -I/Users/apple/STM32Cube/Repository/STM32Cube_FW_F4_V1.28.1/Drivers/CMSIS/Include -O0 -ffunction-sections -fdata-sections -Wall -fstack-usage -fcyclomatic-complexity -MMD -MP -MF"Core/Src/main.d" -MT"Core/Src/main.o" --specs=nano.specs -mfpu=fpv4-sp-d16 -mfloat-abi=hard -mthumb -o "Core/Src/main.o"
../Core/Src/main.c: In function 'main':
../Core/Src/main.c:247:52: error: invalid type argument of '->' (have 'BQ76905_Device')
  247 |         BQ76905_ReadRegister(bms, FET_CONTROL, &bms->fet_control, 1);
      |                                                    ^~
../Core/Src/main.c:247:30: error: incompatible type for argument 1 of 'BQ76905_ReadRegister'
  247 |         BQ76905_ReadRegister(bms, FET_CONTROL, &bms->fet_control, 1);
      |                              ^~~
      |                              |
      |                              BQ76905_Device
In file included from ../Core/Src/main.c:14:
../Core/Inc/bms.h:165:56: note: expected 'BQ76905_Device *' but argument is of type 'BQ76905_Device'
  165 | HAL_StatusTypeDef BQ76905_ReadRegister(BQ76905_Device *bms, BQ76905_Registers reg, uint8_t *rxData, uint8_t len);
      |                                        ~~~~~~~~~~~~~~~~^~~
../Core/Src/main.c:248:9: warning: implicit declaration of function 'snprintf' [-Wimplicit-function-declaration]
  248 |         snprintf(buffer, BUFFER_SIZE, "Fet_control register: %d mA\n", &bms->fet_control * 10);
      |         ^~~~~~~~
../Core/Src/main.c:16:1: note: include '<stdio.h>' or provide a declaration of 'snprintf'
   15 | #include "pdu.h"
  +++ |+#include <stdio.h>
   16 | 
../Core/Src/main.c:248:9: warning: incompatible implicit declaration of built-in function 'snprintf' [-Wbuiltin-declaration-mismatch]
  248 |         snprintf(buffer, BUFFER_SIZE, "Fet_control register: %d mA\n", &bms->fet_control * 10);
      |         ^~~~~~~~
../Core/Src/main.c:248:9: note: include '<stdio.h>' or provide a declaration of 'snprintf'
../Core/Src/main.c:248:76: error: invalid type argument of '->' (have 'BQ76905_Device')
  248 |         snprintf(buffer, BUFFER_SIZE, "Fet_control register: %d mA\n", &bms->fet_control * 10);
      |                                                                            ^~
../Core/Src/main.c:249:85: warning: implicit declaration of function 'strlen' [-Wimplicit-function-declaration]
  249 |         HAL_I2C_Master_Transmit(&hi2c3, ARDUINO_I2C_ADDRESS << 1, (uint8_t*)buffer, strlen(buffer), HAL_MAX_DELAY);
      |                                                                                     ^~~~~~
../Core/Src/main.c:16:1: note: include '<string.h>' or provide a declaration of 'strlen'
   15 | #include "pdu.h"
  +++ |+#include <string.h>
   16 | 
../Core/Src/main.c:249:85: warning: incompatible implicit declaration of built-in function 'strlen' [-Wbuiltin-declaration-mismatch]
  249 |         HAL_I2C_Master_Transmit(&hi2c3, ARDUINO_I2C_ADDRESS << 1, (uint8_t*)buffer, strlen(buffer), HAL_MAX_DELAY);
      |                                                                                     ^~~~~~
../Core/Src/main.c:249:85: note: include '<string.h>' or provide a declaration of 'strlen'
../Core/Src/main.c:130:22: warning: unused variable 'mpptZ' [-Wunused-variable]
  130 |         MPPT_Channel mpptZ = {
      |                      ^~~~~
../Core/Src/main.c:117:22: warning: unused variable 'mpptY' [-Wunused-variable]
  117 |         MPPT_Channel mpptY = {
      |                      ^~~~~
../Core/Src/main.c:104:22: warning: unused variable 'mpptX' [-Wunused-variable]
  104 |         MPPT_Channel mpptX = {
      |                      ^~~~~
make: *** [Core/Src/subdir.mk:61: Core/Src/main.o] Error 1
"make -j7 all" terminated with exit code 2. Build might be incomplete.
18:46:09 **** Incremental Build of configuration Debug for project STM32F405_EPS ****
make -j7 all 
arm-none-eabi-gcc "../Core/Src/adc.c" -mcpu=cortex-m4 -std=gnu11 -g3 -DDEBUG -DUSE_HAL_DRIVER -DSTM32F405xx -c -I../Core/Inc -I/Users/apple/STM32Cube/Repository/STM32Cube_FW_F4_V1.28.1/Drivers/STM32F4xx_HAL_Driver/Inc -I/Users/apple/STM32Cube/Repository/STM32Cube_FW_F4_V1.28.1/Drivers/STM32F4xx_HAL_Driver/Inc/Legacy -I/Users/apple/STM32Cube/Repository/STM32Cube_FW_F4_V1.28.1/Drivers/CMSIS/Device/ST/STM32F4xx/Include -I/Users/apple/STM32Cube/Repository/STM32Cube_FW_F4_V1.28.1/Drivers/CMSIS/Include -O0 -ffunction-sections -fdata-sections -Wall -fstack-usage -fcyclomatic-complexity -MMD -MP -MF"Core/Src/adc.d" -MT"Core/Src/adc.o" --specs=nano.specs -mfpu=fpv4-sp-d16 -mfloat-abi=hard -mthumb -o "Core/Src/adc.o"
arm-none-eabi-gcc "../Core/Src/bms.c" -mcpu=cortex-m4 -std=gnu11 -g3 -DDEBUG -DUSE_HAL_DRIVER -DSTM32F405xx -c -I../Core/Inc -I/Users/apple/STM32Cube/Repository/STM32Cube_FW_F4_V1.28.1/Drivers/STM32F4xx_HAL_Driver/Inc -I/Users/apple/STM32Cube/Repository/STM32Cube_FW_F4_V1.28.1/Drivers/STM32F4xx_HAL_Driver/Inc/Legacy -I/Users/apple/STM32Cube/Repository/STM32Cube_FW_F4_V1.28.1/Drivers/CMSIS/Device/ST/STM32F4xx/Include -I/Users/apple/STM32Cube/Repository/STM32Cube_FW_F4_V1.28.1/Drivers/CMSIS/Include -O0 -ffunction-sections -fdata-sections -Wall -fstack-usage -fcyclomatic-complexity -MMD -MP -MF"Core/Src/bms.d" -MT"Core/Src/bms.o" --specs=nano.specs -mfpu=fpv4-sp-d16 -mfloat-abi=hard -mthumb -o "Core/Src/bms.o"
arm-none-eabi-gcc "../Core/Src/gpio.c" -mcpu=cortex-m4 -std=gnu11 -g3 -DDEBUG -DUSE_HAL_DRIVER -DSTM32F405xx -c -I../Core/Inc -I/Users/apple/STM32Cube/Repository/STM32Cube_FW_F4_V1.28.1/Drivers/STM32F4xx_HAL_Driver/Inc -I/Users/apple/STM32Cube/Repository/STM32Cube_FW_F4_V1.28.1/Drivers/STM32F4xx_HAL_Driver/Inc/Legacy -I/Users/apple/STM32Cube/Repository/STM32Cube_FW_F4_V1.28.1/Drivers/CMSIS/Device/ST/STM32F4xx/Include -I/Users/apple/STM32Cube/Repository/STM32Cube_FW_F4_V1.28.1/Drivers/CMSIS/Include -O0 -ffunction-sections -fdata-sections -Wall -fstack-usage -fcyclomatic-complexity -MMD -MP -MF"Core/Src/gpio.d" -MT"Core/Src/gpio.o" --specs=nano.specs -mfpu=fpv4-sp-d16 -mfloat-abi=hard -mthumb -o "Core/Src/gpio.o"
arm-none-eabi-gcc "../Core/Src/i2c.c" -mcpu=cortex-m4 -std=gnu11 -g3 -DDEBUG -DUSE_HAL_DRIVER -DSTM32F405xx -c -I../Core/Inc -I/Users/apple/STM32Cube/Repository/STM32Cube_FW_F4_V1.28.1/Drivers/STM32F4xx_HAL_Driver/Inc -I/Users/apple/STM32Cube/Repository/STM32Cube_FW_F4_V1.28.1/Drivers/STM32F4xx_HAL_Driver/Inc/Legacy -I/Users/apple/STM32Cube/Repository/STM32Cube_FW_F4_V1.28.1/Drivers/CMSIS/Device/ST/STM32F4xx/Include -I/Users/apple/STM32Cube/Repository/STM32Cube_FW_F4_V1.28.1/Drivers/CMSIS/Include -O0 -ffunction-sections -fdata-sections -Wall -fstack-usage -fcyclomatic-complexity -MMD -MP -MF"Core/Src/i2c.d" -MT"Core/Src/i2c.o" --specs=nano.specs -mfpu=fpv4-sp-d16 -mfloat-abi=hard -mthumb -o "Core/Src/i2c.o"
arm-none-eabi-gcc "../Core/Src/main.c" -mcpu=cortex-m4 -std=gnu11 -g3 -DDEBUG -DUSE_HAL_DRIVER -DSTM32F405xx -c -I../Core/Inc -I/Users/apple/STM32Cube/Repository/STM32Cube_FW_F4_V1.28.1/Drivers/STM32F4xx_HAL_Driver/Inc -I/Users/apple/STM32Cube/Repository/STM32Cube_FW_F4_V1.28.1/Drivers/STM32F4xx_HAL_Driver/Inc/Legacy -I/Users/apple/STM32Cube/Repository/STM32Cube_FW_F4_V1.28.1/Drivers/CMSIS/Device/ST/STM32F4xx/Include -I/Users/apple/STM32Cube/Repository/STM32Cube_FW_F4_V1.28.1/Drivers/CMSIS/Include -O0 -ffunction-sections -fdata-sections -Wall -fstack-usage -fcyclomatic-complexity -MMD -MP -MF"Core/Src/main.d" -MT"Core/Src/main.o" --specs=nano.specs -mfpu=fpv4-sp-d16 -mfloat-abi=hard -mthumb -o "Core/Src/main.o"
arm-none-eabi-gcc "../Core/Src/mppt.c" -mcpu=cortex-m4 -std=gnu11 -g3 -DDEBUG -DUSE_HAL_DRIVER -DSTM32F405xx -c -I../Core/Inc -I/Users/apple/STM32Cube/Repository/STM32Cube_FW_F4_V1.28.1/Drivers/STM32F4xx_HAL_Driver/Inc -I/Users/apple/STM32Cube/Repository/STM32Cube_FW_F4_V1.28.1/Drivers/STM32F4xx_HAL_Driver/Inc/Legacy -I/Users/apple/STM32Cube/Repository/STM32Cube_FW_F4_V1.28.1/Drivers/CMSIS/Device/ST/STM32F4xx/Include -I/Users/apple/STM32Cube/Repository/STM32Cube_FW_F4_V1.28.1/Drivers/CMSIS/Include -O0 -ffunction-sections -fdata-sections -Wall -fstack-usage -fcyclomatic-complexity -MMD -MP -MF"Core/Src/mppt.d" -MT"Core/Src/mppt.o" --specs=nano.specs -mfpu=fpv4-sp-d16 -mfloat-abi=hard -mthumb -o "Core/Src/mppt.o"
arm-none-eabi-gcc "../Core/Src/pdu.c" -mcpu=cortex-m4 -std=gnu11 -g3 -DDEBUG -DUSE_HAL_DRIVER -DSTM32F405xx -c -I../Core/Inc -I/Users/apple/STM32Cube/Repository/STM32Cube_FW_F4_V1.28.1/Drivers/STM32F4xx_HAL_Driver/Inc -I/Users/apple/STM32Cube/Repository/STM32Cube_FW_F4_V1.28.1/Drivers/STM32F4xx_HAL_Driver/Inc/Legacy -I/Users/apple/STM32Cube/Repository/STM32Cube_FW_F4_V1.28.1/Drivers/CMSIS/Device/ST/STM32F4xx/Include -I/Users/apple/STM32Cube/Repository/STM32Cube_FW_F4_V1.28.1/Drivers/CMSIS/Include -O0 -ffunction-sections -fdata-sections -Wall -fstack-usage -fcyclomatic-complexity -MMD -MP -MF"Core/Src/pdu.d" -MT"Core/Src/pdu.o" --specs=nano.specs -mfpu=fpv4-sp-d16 -mfloat-abi=hard -mthumb -o "Core/Src/pdu.o"
In file included from ../Core/Inc/pdu.h:15,
                 from ../Core/Src/pdu.c:7:
../Core/Inc/main.h:34:10: fatal error: strlen.h: No such file or directory
   34 | #include "strlen.h"
      |          ^~~~~~~~~~
In file included from ../Core/Src/main.c:3:
../Core/Inc/main.h:34:10: fatal error: strlen.h: No such file or directory
   34 | #include "strlen.h"
      |          ^~~~~~~~~~
compilation terminated.
In file included from ../Core/Inc/i2c.h:29,
                 from ../Core/Inc/bms.h:15,
                 from ../Core/Src/bms.c:2:
../Core/Inc/main.h:34:10: fatal error: strlen.h: No such file or directory
   34 | #include "strlen.h"
      |          ^~~~~~~~~~
compilation terminated.
compilation terminated.
make: *** [Core/Src/subdir.mk:61: Core/Src/main.o] Error 1
make: *** Waiting for unfinished jobs....
make: *** [Core/Src/subdir.mk:61: Core/Src/pdu.o] Error 1
make: *** [Core/Src/subdir.mk:61: Core/Src/bms.o] Error 1
In file included from ../Core/Inc/i2c.h:29,
                 from ../Core/Src/i2c.c:21:
../Core/Inc/main.h:34:10: fatal error: strlen.h: No such file or directory
   34 | #include "strlen.h"
      |          ^~~~~~~~~~
compilation terminated.
In file included from ../Core/Inc/mppt.h:15,
                 from ../Core/Src/mppt.c:8:
../Core/Inc/main.h:34:10: fatal error: strlen.h: No such file or directory
   34 | #include "strlen.h"
      |          ^~~~~~~~~~
compilation terminated.
In file included from ../Core/Inc/adc.h:29,
                 from ../Core/Src/adc.c:21:
../Core/Inc/main.h:34:10: fatal error: strlen.h: No such file or directory
   34 | #include "strlen.h"
      |          ^~~~~~~~~~
compilation terminated.
make: *** [Core/Src/subdir.mk:61: Core/Src/i2c.o] Error 1
make: *** [Core/Src/subdir.mk:61: Core/Src/mppt.o] Error 1
In file included from ../Core/Inc/gpio.h:29,
                 from ../Core/Src/gpio.c:22:
../Core/Inc/main.h:34:10: fatal error: strlen.h: No such file or directory
   34 | #include "strlen.h"
      |          ^~~~~~~~~~
compilation terminated.
make: *** [Core/Src/subdir.mk:61: Core/Src/adc.o] Error 1
make: *** [Core/Src/subdir.mk:61: Core/Src/gpio.o] Error 1
"make -j7 all" terminated with exit code 2. Build might be incomplete.
18:46:32 **** Incremental Build of configuration Debug for project STM32F405_EPS ****
make -j7 all 
arm-none-eabi-gcc "../Core/Src/adc.c" -mcpu=cortex-m4 -std=gnu11 -g3 -DDEBUG -DUSE_HAL_DRIVER -DSTM32F405xx -c -I../Core/Inc -I/Users/apple/STM32Cube/Repository/STM32Cube_FW_F4_V1.28.1/Drivers/STM32F4xx_HAL_Driver/Inc -I/Users/apple/STM32Cube/Repository/STM32Cube_FW_F4_V1.28.1/Drivers/STM32F4xx_HAL_Driver/Inc/Legacy -I/Users/apple/STM32Cube/Repository/STM32Cube_FW_F4_V1.28.1/Drivers/CMSIS/Device/ST/STM32F4xx/Include -I/Users/apple/STM32Cube/Repository/STM32Cube_FW_F4_V1.28.1/Drivers/CMSIS/Include -O0 -ffunction-sections -fdata-sections -Wall -fstack-usage -fcyclomatic-complexity -MMD -MP -MF"Core/Src/adc.d" -MT"Core/Src/adc.o" --specs=nano.specs -mfpu=fpv4-sp-d16 -mfloat-abi=hard -mthumb -o "Core/Src/adc.o"
arm-none-eabi-gcc "../Core/Src/bms.c" -mcpu=cortex-m4 -std=gnu11 -g3 -DDEBUG -DUSE_HAL_DRIVER -DSTM32F405xx -c -I../Core/Inc -I/Users/apple/STM32Cube/Repository/STM32Cube_FW_F4_V1.28.1/Drivers/STM32F4xx_HAL_Driver/Inc -I/Users/apple/STM32Cube/Repository/STM32Cube_FW_F4_V1.28.1/Drivers/STM32F4xx_HAL_Driver/Inc/Legacy -I/Users/apple/STM32Cube/Repository/STM32Cube_FW_F4_V1.28.1/Drivers/CMSIS/Device/ST/STM32F4xx/Include -I/Users/apple/STM32Cube/Repository/STM32Cube_FW_F4_V1.28.1/Drivers/CMSIS/Include -O0 -ffunction-sections -fdata-sections -Wall -fstack-usage -fcyclomatic-complexity -MMD -MP -MF"Core/Src/bms.d" -MT"Core/Src/bms.o" --specs=nano.specs -mfpu=fpv4-sp-d16 -mfloat-abi=hard -mthumb -o "Core/Src/bms.o"
arm-none-eabi-gcc "../Core/Src/gpio.c" -mcpu=cortex-m4 -std=gnu11 -g3 -DDEBUG -DUSE_HAL_DRIVER -DSTM32F405xx -c -I../Core/Inc -I/Users/apple/STM32Cube/Repository/STM32Cube_FW_F4_V1.28.1/Drivers/STM32F4xx_HAL_Driver/Inc -I/Users/apple/STM32Cube/Repository/STM32Cube_FW_F4_V1.28.1/Drivers/STM32F4xx_HAL_Driver/Inc/Legacy -I/Users/apple/STM32Cube/Repository/STM32Cube_FW_F4_V1.28.1/Drivers/CMSIS/Device/ST/STM32F4xx/Include -I/Users/apple/STM32Cube/Repository/STM32Cube_FW_F4_V1.28.1/Drivers/CMSIS/Include -O0 -ffunction-sections -fdata-sections -Wall -fstack-usage -fcyclomatic-complexity -MMD -MP -MF"Core/Src/gpio.d" -MT"Core/Src/gpio.o" --specs=nano.specs -mfpu=fpv4-sp-d16 -mfloat-abi=hard -mthumb -o "Core/Src/gpio.o"
arm-none-eabi-gcc "../Core/Src/i2c.c" -mcpu=cortex-m4 -std=gnu11 -g3 -DDEBUG -DUSE_HAL_DRIVER -DSTM32F405xx -c -I../Core/Inc -I/Users/apple/STM32Cube/Repository/STM32Cube_FW_F4_V1.28.1/Drivers/STM32F4xx_HAL_Driver/Inc -I/Users/apple/STM32Cube/Repository/STM32Cube_FW_F4_V1.28.1/Drivers/STM32F4xx_HAL_Driver/Inc/Legacy -I/Users/apple/STM32Cube/Repository/STM32Cube_FW_F4_V1.28.1/Drivers/CMSIS/Device/ST/STM32F4xx/Include -I/Users/apple/STM32Cube/Repository/STM32Cube_FW_F4_V1.28.1/Drivers/CMSIS/Include -O0 -ffunction-sections -fdata-sections -Wall -fstack-usage -fcyclomatic-complexity -MMD -MP -MF"Core/Src/i2c.d" -MT"Core/Src/i2c.o" --specs=nano.specs -mfpu=fpv4-sp-d16 -mfloat-abi=hard -mthumb -o "Core/Src/i2c.o"
arm-none-eabi-gcc "../Core/Src/main.c" -mcpu=cortex-m4 -std=gnu11 -g3 -DDEBUG -DUSE_HAL_DRIVER -DSTM32F405xx -c -I../Core/Inc -I/Users/apple/STM32Cube/Repository/STM32Cube_FW_F4_V1.28.1/Drivers/STM32F4xx_HAL_Driver/Inc -I/Users/apple/STM32Cube/Repository/STM32Cube_FW_F4_V1.28.1/Drivers/STM32F4xx_HAL_Driver/Inc/Legacy -I/Users/apple/STM32Cube/Repository/STM32Cube_FW_F4_V1.28.1/Drivers/CMSIS/Device/ST/STM32F4xx/Include -I/Users/apple/STM32Cube/Repository/STM32Cube_FW_F4_V1.28.1/Drivers/CMSIS/Include -O0 -ffunction-sections -fdata-sections -Wall -fstack-usage -fcyclomatic-complexity -MMD -MP -MF"Core/Src/main.d" -MT"Core/Src/main.o" --specs=nano.specs -mfpu=fpv4-sp-d16 -mfloat-abi=hard -mthumb -o "Core/Src/main.o"
arm-none-eabi-gcc "../Core/Src/mppt.c" -mcpu=cortex-m4 -std=gnu11 -g3 -DDEBUG -DUSE_HAL_DRIVER -DSTM32F405xx -c -I../Core/Inc -I/Users/apple/STM32Cube/Repository/STM32Cube_FW_F4_V1.28.1/Drivers/STM32F4xx_HAL_Driver/Inc -I/Users/apple/STM32Cube/Repository/STM32Cube_FW_F4_V1.28.1/Drivers/STM32F4xx_HAL_Driver/Inc/Legacy -I/Users/apple/STM32Cube/Repository/STM32Cube_FW_F4_V1.28.1/Drivers/CMSIS/Device/ST/STM32F4xx/Include -I/Users/apple/STM32Cube/Repository/STM32Cube_FW_F4_V1.28.1/Drivers/CMSIS/Include -O0 -ffunction-sections -fdata-sections -Wall -fstack-usage -fcyclomatic-complexity -MMD -MP -MF"Core/Src/mppt.d" -MT"Core/Src/mppt.o" --specs=nano.specs -mfpu=fpv4-sp-d16 -mfloat-abi=hard -mthumb -o "Core/Src/mppt.o"
arm-none-eabi-gcc "../Core/Src/pdu.c" -mcpu=cortex-m4 -std=gnu11 -g3 -DDEBUG -DUSE_HAL_DRIVER -DSTM32F405xx -c -I../Core/Inc -I/Users/apple/STM32Cube/Repository/STM32Cube_FW_F4_V1.28.1/Drivers/STM32F4xx_HAL_Driver/Inc -I/Users/apple/STM32Cube/Repository/STM32Cube_FW_F4_V1.28.1/Drivers/STM32F4xx_HAL_Driver/Inc/Legacy -I/Users/apple/STM32Cube/Repository/STM32Cube_FW_F4_V1.28.1/Drivers/CMSIS/Device/ST/STM32F4xx/Include -I/Users/apple/STM32Cube/Repository/STM32Cube_FW_F4_V1.28.1/Drivers/CMSIS/Include -O0 -ffunction-sections -fdata-sections -Wall -fstack-usage -fcyclomatic-complexity -MMD -MP -MF"Core/Src/pdu.d" -MT"Core/Src/pdu.o" --specs=nano.specs -mfpu=fpv4-sp-d16 -mfloat-abi=hard -mthumb -o "Core/Src/pdu.o"
../Core/Src/main.c: In function 'main':
../Core/Src/main.c:247:52: error: invalid type argument of '->' (have 'BQ76905_Device')
  247 |         BQ76905_ReadRegister(bms, FET_CONTROL, &bms->fet_control, 1);
      |                                                    ^~
../Core/Src/main.c:247:30: error: incompatible type for argument 1 of 'BQ76905_ReadRegister'
  247 |         BQ76905_ReadRegister(bms, FET_CONTROL, &bms->fet_control, 1);
      |                              ^~~
      |                              |
      |                              BQ76905_Device
In file included from ../Core/Src/main.c:14:
../Core/Inc/bms.h:165:56: note: expected 'BQ76905_Device *' but argument is of type 'BQ76905_Device'
  165 | HAL_StatusTypeDef BQ76905_ReadRegister(BQ76905_Device *bms, BQ76905_Registers reg, uint8_t *rxData, uint8_t len);
      |                                        ~~~~~~~~~~~~~~~~^~~
../Core/Src/main.c:248:9: warning: implicit declaration of function 'snprintf' [-Wimplicit-function-declaration]
  248 |         snprintf(buffer, BUFFER_SIZE, "Fet_control register: %d mA\n", &bms->fet_control * 10);
      |         ^~~~~~~~
../Core/Src/main.c:16:1: note: include '<stdio.h>' or provide a declaration of 'snprintf'
   15 | #include "pdu.h"
  +++ |+#include <stdio.h>
   16 | 
../Core/Src/main.c:248:9: warning: incompatible implicit declaration of built-in function 'snprintf' [-Wbuiltin-declaration-mismatch]
  248 |         snprintf(buffer, BUFFER_SIZE, "Fet_control register: %d mA\n", &bms->fet_control * 10);
      |         ^~~~~~~~
../Core/Src/main.c:248:9: note: include '<stdio.h>' or provide a declaration of 'snprintf'
../Core/Src/main.c:248:76: error: invalid type argument of '->' (have 'BQ76905_Device')
  248 |         snprintf(buffer, BUFFER_SIZE, "Fet_control register: %d mA\n", &bms->fet_control * 10);
      |                                                                            ^~
../Core/Src/main.c:130:22: warning: unused variable 'mpptZ' [-Wunused-variable]
  130 |         MPPT_Channel mpptZ = {
      |                      ^~~~~
../Core/Src/main.c:117:22: warning: unused variable 'mpptY' [-Wunused-variable]
  117 |         MPPT_Channel mpptY = {
      |                      ^~~~~
../Core/Src/main.c:104:22: warning: unused variable 'mpptX' [-Wunused-variable]
  104 |         MPPT_Channel mpptX = {
      |                      ^~~~~
../Core/Src/mppt.c: In function 'printMPPTData':
../Core/Src/mppt.c:59:5: warning: implicit declaration of function 'snprintf' [-Wimplicit-function-declaration]
   59 |     snprintf(buffer, STR_LEN, "%s: %.2f V, %.2f A, %.2f W\n",
      |     ^~~~~~~~
../Core/Src/mppt.c:12:1: note: include '<stdio.h>' or provide a declaration of 'snprintf'
   11 | #include "usart.h"
  +++ |+#include <stdio.h>
   12 | 
../Core/Src/mppt.c:59:5: warning: incompatible implicit declaration of built-in function 'snprintf' [-Wbuiltin-declaration-mismatch]
   59 |     snprintf(buffer, STR_LEN, "%s: %.2f V, %.2f A, %.2f W\n",
      |     ^~~~~~~~
../Core/Src/mppt.c:59:5: note: include '<stdio.h>' or provide a declaration of 'snprintf'
make: *** [Core/Src/subdir.mk:61: Core/Src/main.o] Error 1
make: *** Waiting for unfinished jobs....
"make -j7 all" terminated with exit code 2. Build might be incomplete.
18:46:56 **** Incremental Build of configuration Debug for project STM32F405_EPS ****
make -j7 all 
../Core/Src/main.c: In function 'main':
[...]
../Core/Src/main.c: In function 'main':
../Core/Src/main.c:213:21: warning: unused variable 'pdu_BatOut' [-Wunused-variable]
  213 |         PDU_Channel pdu_BatOut = {
      |                     ^~~~~~~~~~
../Core/Src/main.c:202:21: warning: unused variable 'pdu_V3bis' [-Wunused-variable]
  202 |         PDU_Channel pdu_V3bis = {
      |                     ^~~~~~~~~
../Core/Src/main.c:169:21: warning: unused variable 'pdu_V5' [-Wunused-variable]
  169 |         PDU_Channel pdu_V5 = {
      |                     ^~~~~~
arm-none-eabi-gcc -o "STM32F405_EPS.elf" @"objects.list"   -mcpu=cortex-m4 -T"/Users/apple/STM32CubeIDE/workspace_1.16.1/STM32F405_EPS/STM32F405RGTX_FLASH.ld" --specs=nosys.specs -Wl,-Map="STM32F405_EPS.map" -Wl,--gc-sections -static --specs=nano.specs -mfpu=fpv4-sp-d16 -mfloat-abi=hard -mthumb -u _printf_float -Wl,--start-group -lc -lm -Wl,--end-group
Finished building target: STM32F405_EPS.elf
 
arm-none-eabi-size  STM32F405_EPS.elf 
arm-none-eabi-objdump -h -S STM32F405_EPS.elf  > "STM32F405_EPS.list"
arm-none-eabi-objcopy  -O ihex STM32F405_EPS.elf  "STM32F405_EPS.hex"
arm-none-eabi-objcopy  -O binary STM32F405_EPS.elf  "STM32F405_EPS.bin"
   text	   data	    bss	    dec	    hex	filename
  39728	    468	   3828	  44024	   abf8	STM32F405_EPS.elf
Finished building: default.size.stdout
 
Finished building: STM32F405_EPS.hex
Finished building: STM32F405_EPS.bin
 
 
Finished building: STM32F405_EPS.list
 
18:57:43 **** Incremental Build of configuration Debug for project STM32F405_EPS ****
make -j7 all 
arm-none-eabi-size  STM32F405_EPS.elf 
   text	   data	    bss	    dec	    hex	filename
  39728	    468	   3828	  44024	   abf8	STM32F405_EPS.elf
Finished building: default.size.stdout
 
18:58:14 **** Incremental Build of configuration Debug for project STM32F405_EPS ****
make -j7 all 
arm-none-eabi-gcc "../Core/Src/main.c" -mcpu=cortex-m4 -std=gnu11 -g3 -DDEBUG -DUSE_HAL_DRIVER -DSTM32F405xx -c -I../Core/Inc -I/Users/apple/STM32Cube/Repository/STM32Cube_FW_F4_V1.28.1/Drivers/STM32F4xx_HAL_Driver/Inc -I/Users/apple/STM32Cube/Repository/STM32Cube_FW_F4_V1.28.1/Drivers/STM32F4xx_HAL_Driver/Inc/Legacy -I/Users/apple/STM32Cube/Repository/STM32Cube_FW_F4_V1.28.1/Drivers/CMSIS/Device/ST/STM32F4xx/Include -I/Users/apple/STM32Cube/Repository/STM32Cube_FW_F4_V1.28.1/Drivers/CMSIS/Include -O0 -ffunction-sections -fdata-sections -Wall -fstack-usage -fcyclomatic-complexity -MMD -MP -MF"Core/Src/main.d" -MT"Core/Src/main.o" --specs=nano.specs -mfpu=fpv4-sp-d16 -mfloat-abi=hard -mthumb -o "Core/Src/main.o"
../Core/Src/main.c: In function 'main':
../Core/Src/main.c:213:21: warning: unused variable 'pdu_BatOut' [-Wunused-variable]
  213 |         PDU_Channel pdu_BatOut = {
      |                     ^~~~~~~~~~
../Core/Src/main.c:202:21: warning: unused variable 'pdu_V3bis' [-Wunused-variable]
  202 |         PDU_Channel pdu_V3bis = {
      |                     ^~~~~~~~~
../Core/Src/main.c:191:21: warning: unused variable 'pdu_V3' [-Wunused-variable]
  191 |         PDU_Channel pdu_V3 = {
      |                     ^~~~~~
../Core/Src/main.c:180:21: warning: unused variable 'pdu_V5bis' [-Wunused-variable]
  180 |         PDU_Channel pdu_V5bis = {
      |                     ^~~~~~~~~
../Core/Src/main.c:169:21: warning: unused variable 'pdu_V5' [-Wunused-variable]
  169 |         PDU_Channel pdu_V5 = {
      |                     ^~~~~~
arm-none-eabi-gcc -o "STM32F405_EPS.elf" @"objects.list"   -mcpu=cortex-m4 -T"/Users/apple/STM32CubeIDE/workspace_1.16.1/STM32F405_EPS/STM32F405RGTX_FLASH.ld" --specs=nosys.specs -Wl,-Map="STM32F405_EPS.map" -Wl,--gc-sections -static --specs=nano.specs -mfpu=fpv4-sp-d16 -mfloat-abi=hard -mthumb -u _printf_float -Wl,--start-group -lc -lm -Wl,--end-group
Finished building target: STM32F405_EPS.elf
 
arm-none-eabi-size  STM32F405_EPS.elf 
arm-none-eabi-objdump -h -S STM32F405_EPS.elf  > "STM32F405_EPS.list"
arm-none-eabi-objcopy  -O ihex STM32F405_EPS.elf  "STM32F405_EPS.hex"
arm-none-eabi-objcopy  -O binary STM32F405_EPS.elf  "STM32F405_EPS.bin"
   text	   data	    bss	    dec	    hex	filename
  39672	    468	   3828	  43968	   abc0	STM32F405_EPS.elf
Finished building: default.size.stdout
 
Finished building: STM32F405_EPS.hex
Finished building: STM32F405_EPS.bin
 
 
Finished building: STM32F405_EPS.list
 
18:58:31 **** Incremental Build of configuration Debug for project STM32F405_EPS ****
make -j7 all 
arm-none-eabi-size  STM32F405_EPS.elf 
   text	   data	    bss	    dec	    hex	filename
  39672	    468	   3828	  43968	   abc0	STM32F405_EPS.elf
Finished building: default.size.stdout
 
19:22:10 **** Incremental Build of configuration Debug for project STM32F405_EPS ****
make -j7 all 
arm-none-eabi-gcc "../Core/Src/main.c" -mcpu=cortex-m4 -std=gnu11 -g3 -DDEBUG -DUSE_HAL_DRIVER -DSTM32F405xx -c -I../Core/Inc -I/Users/apple/STM32Cube/Repository/STM32Cube_FW_F4_V1.28.1/Drivers/STM32F4xx_HAL_Driver/Inc -I/Users/apple/STM32Cube/Repository/STM32Cube_FW_F4_V1.28.1/Drivers/STM32F4xx_HAL_Driver/Inc/Legacy -I/Users/apple/STM32Cube/Repository/STM32Cube_FW_F4_V1.28.1/Drivers/CMSIS/Device/ST/STM32F4xx/Include -I/Users/apple/STM32Cube/Repository/STM32Cube_FW_F4_V1.28.1/Drivers/CMSIS/Include -O0 -ffunction-sections -fdata-sections -Wall -fstack-usage -fcyclomatic-complexity -MMD -MP -MF"Core/Src/main.d" -MT"Core/Src/main.o" --specs=nano.specs -mfpu=fpv4-sp-d16 -mfloat-abi=hard -mthumb -o "Core/Src/main.o"
../Core/Src/main.c: In function 'main':
../Core/Src/main.c:213:21: warning: unused variable 'pdu_BatOut' [-Wunused-variable]
  213 |         PDU_Channel pdu_BatOut = {
      |                     ^~~~~~~~~~
../Core/Src/main.c:202:21: warning: unused variable 'pdu_V3bis' [-Wunused-variable]
  202 |         PDU_Channel pdu_V3bis = {
      |                     ^~~~~~~~~
../Core/Src/main.c:191:21: warning: unused variable 'pdu_V3' [-Wunused-variable]
  191 |         PDU_Channel pdu_V3 = {
      |                     ^~~~~~
../Core/Src/main.c:180:21: warning: unused variable 'pdu_V5bis' [-Wunused-variable]
  180 |         PDU_Channel pdu_V5bis = {
      |                     ^~~~~~~~~
../Core/Src/main.c:169:21: warning: unused variable 'pdu_V5' [-Wunused-variable]
  169 |         PDU_Channel pdu_V5 = {
      |                     ^~~~~~
arm-none-eabi-gcc -o "STM32F405_EPS.elf" @"objects.list"   -mcpu=cortex-m4 -T"/Users/apple/STM32CubeIDE/workspace_1.16.1/STM32F405_EPS/STM32F405RGTX_FLASH.ld" --specs=nosys.specs -Wl,-Map="STM32F405_EPS.map" -Wl,--gc-sections -static --specs=nano.specs -mfpu=fpv4-sp-d16 -mfloat-abi=hard -mthumb -u _printf_float -Wl,--start-group -lc -lm -Wl,--end-group
Finished building target: STM32F405_EPS.elf
 
arm-none-eabi-size  STM32F405_EPS.elf 
arm-none-eabi-objdump -h -S STM32F405_EPS.elf  > "STM32F405_EPS.list"
arm-none-eabi-objcopy  -O ihex STM32F405_EPS.elf  "STM32F405_EPS.hex"
arm-none-eabi-objcopy  -O binary STM32F405_EPS.elf  "STM32F405_EPS.bin"
   text	   data	    bss	    dec	    hex	filename
  39536	    468	   3828	  43832	   ab38	STM32F405_EPS.elf
Finished building: default.size.stdout
 
Finished building: STM32F405_EPS.bin
Finished building: STM32F405_EPS.hex
 
 
Finished building: STM32F405_EPS.list
 
19:23:46 **** Incremental Build of configuration Debug for project STM32F405_EPS ****
make -j7 all 
arm-none-eabi-gcc "../Core/Src/main.c" -mcpu=cortex-m4 -std=gnu11 -g3 -DDEBUG -DUSE_HAL_DRIVER -DSTM32F405xx -c -I../Core/Inc -I/Users/apple/STM32Cube/Repository/STM32Cube_FW_F4_V1.28.1/Drivers/STM32F4xx_HAL_Driver/Inc -I/Users/apple/STM32Cube/Repository/STM32Cube_FW_F4_V1.28.1/Drivers/STM32F4xx_HAL_Driver/Inc/Legacy -I/Users/apple/STM32Cube/Repository/STM32Cube_FW_F4_V1.28.1/Drivers/CMSIS/Device/ST/STM32F4xx/Include -I/Users/apple/STM32Cube/Repository/STM32Cube_FW_F4_V1.28.1/Drivers/CMSIS/Include -O0 -ffunction-sections -fdata-sections -Wall -fstack-usage -fcyclomatic-complexity -MMD -MP -MF"Core/Src/main.d" -MT"Core/Src/main.o" --specs=nano.specs -mfpu=fpv4-sp-d16 -mfloat-abi=hard -mthumb -o "Core/Src/main.o"
../Core/Src/main.c: In function 'main':
../Core/Src/main.c:213:21: warning: unused variable 'pdu_BatOut' [-Wunused-variable]
  213 |         PDU_Channel pdu_BatOut = {
      |                     ^~~~~~~~~~
../Core/Src/main.c:202:21: warning: unused variable 'pdu_V3bis' [-Wunused-variable]
  202 |         PDU_Channel pdu_V3bis = {
      |                     ^~~~~~~~~
../Core/Src/main.c:169:21: warning: unused variable 'pdu_V5' [-Wunused-variable]
  169 |         PDU_Channel pdu_V5 = {
      |                     ^~~~~~
arm-none-eabi-gcc -o "STM32F405_EPS.elf" @"objects.list"   -mcpu=cortex-m4 -T"/Users/apple/STM32CubeIDE/workspace_1.16.1/STM32F405_EPS/STM32F405RGTX_FLASH.ld" --specs=nosys.specs -Wl,-Map="STM32F405_EPS.map" -Wl,--gc-sections -static --specs=nano.specs -mfpu=fpv4-sp-d16 -mfloat-abi=hard -mthumb -u _printf_float -Wl,--start-group -lc -lm -Wl,--end-group
Finished building target: STM32F405_EPS.elf
 
arm-none-eabi-size  STM32F405_EPS.elf 
arm-none-eabi-objdump -h -S STM32F405_EPS.elf  > "STM32F405_EPS.list"
arm-none-eabi-objcopy  -O ihex STM32F405_EPS.elf  "STM32F405_EPS.hex"
arm-none-eabi-objcopy  -O binary STM32F405_EPS.elf  "STM32F405_EPS.bin"
   text	   data	    bss	    dec	    hex	filename
  39584	    468	   3828	  43880	   ab68	STM32F405_EPS.elf
Finished building: default.size.stdout
 
Finished building: STM32F405_EPS.bin
Finished building: STM32F405_EPS.hex
 
 
Finished building: STM32F405_EPS.list
 
19:35:46 **** Incremental Build of configuration Debug for project STM32F405_EPS ****
make -j7 all 
arm-none-eabi-gcc "../Core/Src/main.c" -mcpu=cortex-m4 -std=gnu11 -g3 -DDEBUG -DUSE_HAL_DRIVER -DSTM32F405xx -c -I../Core/Inc -I/Users/apple/STM32Cube/Repository/STM32Cube_FW_F4_V1.28.1/Drivers/STM32F4xx_HAL_Driver/Inc -I/Users/apple/STM32Cube/Repository/STM32Cube_FW_F4_V1.28.1/Drivers/STM32F4xx_HAL_Driver/Inc/Legacy -I/Users/apple/STM32Cube/Repository/STM32Cube_FW_F4_V1.28.1/Drivers/CMSIS/Device/ST/STM32F4xx/Include -I/Users/apple/STM32Cube/Repository/STM32Cube_FW_F4_V1.28.1/Drivers/CMSIS/Include -O0 -ffunction-sections -fdata-sections -Wall -fstack-usage -fcyclomatic-complexity -MMD -MP -MF"Core/Src/main.d" -MT"Core/Src/main.o" --specs=nano.specs -mfpu=fpv4-sp-d16 -mfloat-abi=hard -mthumb -o "Core/Src/main.o"
arm-none-eabi-gcc "../Core/Src/mppt.c" -mcpu=cortex-m4 -std=gnu11 -g3 -DDEBUG -DUSE_HAL_DRIVER -DSTM32F405xx -c -I../Core/Inc -I/Users/apple/STM32Cube/Repository/STM32Cube_FW_F4_V1.28.1/Drivers/STM32F4xx_HAL_Driver/Inc -I/Users/apple/STM32Cube/Repository/STM32Cube_FW_F4_V1.28.1/Drivers/STM32F4xx_HAL_Driver/Inc/Legacy -I/Users/apple/STM32Cube/Repository/STM32Cube_FW_F4_V1.28.1/Drivers/CMSIS/Device/ST/STM32F4xx/Include -I/Users/apple/STM32Cube/Repository/STM32Cube_FW_F4_V1.28.1/Drivers/CMSIS/Include -O0 -ffunction-sections -fdata-sections -Wall -fstack-usage -fcyclomatic-complexity -MMD -MP -MF"Core/Src/mppt.d" -MT"Core/Src/mppt.o" --specs=nano.specs -mfpu=fpv4-sp-d16 -mfloat-abi=hard -mthumb -o "Core/Src/mppt.o"
../Core/Src/main.c: In function 'main':
../Core/Src/main.c:213:21: warning: unused variable 'pdu_BatOut' [-Wunused-variable]
  213 |         PDU_Channel pdu_BatOut = {
      |                     ^~~~~~~~~~
../Core/Src/main.c:202:21: warning: unused variable 'pdu_V3bis' [-Wunused-variable]
  202 |         PDU_Channel pdu_V3bis = {
      |                     ^~~~~~~~~
../Core/Src/main.c:169:21: warning: unused variable 'pdu_V5' [-Wunused-variable]
  169 |         PDU_Channel pdu_V5 = {
      |                     ^~~~~~
arm-none-eabi-gcc -o "STM32F405_EPS.elf" @"objects.list"   -mcpu=cortex-m4 -T"/Users/apple/STM32CubeIDE/workspace_1.16.1/STM32F405_EPS/STM32F405RGTX_FLASH.ld" --specs=nosys.specs -Wl,-Map="STM32F405_EPS.map" -Wl,--gc-sections -static --specs=nano.specs -mfpu=fpv4-sp-d16 -mfloat-abi=hard -mthumb -u _printf_float -Wl,--start-group -lc -lm -Wl,--end-group
Finished building target: STM32F405_EPS.elf
 
arm-none-eabi-size  STM32F405_EPS.elf 
arm-none-eabi-objdump -h -S STM32F405_EPS.elf  > "STM32F405_EPS.list"
arm-none-eabi-objcopy  -O ihex STM32F405_EPS.elf  "STM32F405_EPS.hex"
arm-none-eabi-objcopy  -O binary STM32F405_EPS.elf  "STM32F405_EPS.bin"
   text	   data	    bss	    dec	    hex	filename
  39544	    468	   3828	  43840	   ab40	STM32F405_EPS.elf
Finished building: default.size.stdout
 
Finished building: STM32F405_EPS.hex
Finished building: STM32F405_EPS.bin
 
 
Finished building: STM32F405_EPS.list
 
19:49:13 **** Incremental Build of configuration Debug for project STM32F405_EPS ****
make -j7 all 
arm-none-eabi-gcc "../Core/Src/adc.c" -mcpu=cortex-m4 -std=gnu11 -g3 -DDEBUG -DUSE_HAL_DRIVER -DSTM32F405xx -c -I../Core/Inc -I/Users/apple/STM32Cube/Repository/STM32Cube_FW_F4_V1.28.1/Drivers/STM32F4xx_HAL_Driver/Inc -I/Users/apple/STM32Cube/Repository/STM32Cube_FW_F4_V1.28.1/Drivers/STM32F4xx_HAL_Driver/Inc/Legacy -I/Users/apple/STM32Cube/Repository/STM32Cube_FW_F4_V1.28.1/Drivers/CMSIS/Device/ST/STM32F4xx/Include -I/Users/apple/STM32Cube/Repository/STM32Cube_FW_F4_V1.28.1/Drivers/CMSIS/Include -O0 -ffunction-sections -fdata-sections -Wall -fstack-usage -fcyclomatic-complexity -MMD -MP -MF"Core/Src/adc.d" -MT"Core/Src/adc.o" --specs=nano.specs -mfpu=fpv4-sp-d16 -mfloat-abi=hard -mthumb -o "Core/Src/adc.o"
arm-none-eabi-gcc "../Core/Src/main.c" -mcpu=cortex-m4 -std=gnu11 -g3 -DDEBUG -DUSE_HAL_DRIVER -DSTM32F405xx -c -I../Core/Inc -I/Users/apple/STM32Cube/Repository/STM32Cube_FW_F4_V1.28.1/Drivers/STM32F4xx_HAL_Driver/Inc -I/Users/apple/STM32Cube/Repository/STM32Cube_FW_F4_V1.28.1/Drivers/STM32F4xx_HAL_Driver/Inc/Legacy -I/Users/apple/STM32Cube/Repository/STM32Cube_FW_F4_V1.28.1/Drivers/CMSIS/Device/ST/STM32F4xx/Include -I/Users/apple/STM32Cube/Repository/STM32Cube_FW_F4_V1.28.1/Drivers/CMSIS/Include -O0 -ffunction-sections -fdata-sections -Wall -fstack-usage -fcyclomatic-complexity -MMD -MP -MF"Core/Src/main.d" -MT"Core/Src/main.o" --specs=nano.specs -mfpu=fpv4-sp-d16 -mfloat-abi=hard -mthumb -o "Core/Src/main.o"
../Core/Src/main.c: In function 'main':
../Core/Src/main.c:213:21: warning: unused variable 'pdu_BatOut' [-Wunused-variable]
  213 |         PDU_Channel pdu_BatOut = {
      |                     ^~~~~~~~~~
../Core/Src/main.c:202:21: warning: unused variable 'pdu_V3bis' [-Wunused-variable]
  202 |         PDU_Channel pdu_V3bis = {
      |                     ^~~~~~~~~
../Core/Src/main.c:169:21: warning: unused variable 'pdu_V5' [-Wunused-variable]
  169 |         PDU_Channel pdu_V5 = {
      |                     ^~~~~~
arm-none-eabi-gcc -o "STM32F405_EPS.elf" @"objects.list"   -mcpu=cortex-m4 -T"/Users/apple/STM32CubeIDE/workspace_1.16.1/STM32F405_EPS/STM32F405RGTX_FLASH.ld" --specs=nosys.specs -Wl,-Map="STM32F405_EPS.map" -Wl,--gc-sections -static --specs=nano.specs -mfpu=fpv4-sp-d16 -mfloat-abi=hard -mthumb -u _printf_float -Wl,--start-group -lc -lm -Wl,--end-group
Finished building target: STM32F405_EPS.elf
 
arm-none-eabi-size  STM32F405_EPS.elf 
arm-none-eabi-objdump -h -S STM32F405_EPS.elf  > "STM32F405_EPS.list"
arm-none-eabi-objcopy  -O ihex STM32F405_EPS.elf  "STM32F405_EPS.hex"
arm-none-eabi-objcopy  -O binary STM32F405_EPS.elf  "STM32F405_EPS.bin"
   text	   data	    bss	    dec	    hex	filename
  38656	    468	   3828	  42952	   a7c8	STM32F405_EPS.elf
Finished building: default.size.stdout
 
Finished building: STM32F405_EPS.bin
Finished building: STM32F405_EPS.hex
 
 
Finished building: STM32F405_EPS.list
 
19:56:02 **** Incremental Build of configuration Debug for project STM32F405_EPS ****
make -j7 all 
arm-none-eabi-gcc "../Core/Src/tim.c" -mcpu=cortex-m4 -std=gnu11 -g3 -DDEBUG -DUSE_HAL_DRIVER -DSTM32F405xx -c -I../Core/Inc -I/Users/apple/STM32Cube/Repository/STM32Cube_FW_F4_V1.28.1/Drivers/STM32F4xx_HAL_Driver/Inc -I/Users/apple/STM32Cube/Repository/STM32Cube_FW_F4_V1.28.1/Drivers/STM32F4xx_HAL_Driver/Inc/Legacy -I/Users/apple/STM32Cube/Repository/STM32Cube_FW_F4_V1.28.1/Drivers/CMSIS/Device/ST/STM32F4xx/Include -I/Users/apple/STM32Cube/Repository/STM32Cube_FW_F4_V1.28.1/Drivers/CMSIS/Include -O0 -ffunction-sections -fdata-sections -Wall -fstack-usage -fcyclomatic-complexity -MMD -MP -MF"Core/Src/tim.d" -MT"Core/Src/tim.o" --specs=nano.specs -mfpu=fpv4-sp-d16 -mfloat-abi=hard -mthumb -o "Core/Src/tim.o"
arm-none-eabi-gcc -o "STM32F405_EPS.elf" @"objects.list"   -mcpu=cortex-m4 -T"/Users/apple/STM32CubeIDE/workspace_1.16.1/STM32F405_EPS/STM32F405RGTX_FLASH.ld" --specs=nosys.specs -Wl,-Map="STM32F405_EPS.map" -Wl,--gc-sections -static --specs=nano.specs -mfpu=fpv4-sp-d16 -mfloat-abi=hard -mthumb -u _printf_float -Wl,--start-group -lc -lm -Wl,--end-group
Finished building target: STM32F405_EPS.elf
 
arm-none-eabi-size  STM32F405_EPS.elf 
arm-none-eabi-objdump -h -S STM32F405_EPS.elf  > "STM32F405_EPS.list"
arm-none-eabi-objcopy  -O ihex STM32F405_EPS.elf  "STM32F405_EPS.hex"
arm-none-eabi-objcopy  -O binary STM32F405_EPS.elf  "STM32F405_EPS.bin"
   text	   data	    bss	    dec	    hex	filename
  38656	    468	   3828	  42952	   a7c8	STM32F405_EPS.elf
Finished building: default.size.stdout
 
Finished building: STM32F405_EPS.bin
Finished building: STM32F405_EPS.hex
 
 
Finished building: STM32F405_EPS.list
 
19:56:45 **** Incremental Build of configuration Debug for project STM32F405_EPS ****
make -j7 all 
arm-none-eabi-gcc "../Core/Src/main.c" -mcpu=cortex-m4 -std=gnu11 -g3 -DDEBUG -DUSE_HAL_DRIVER -DSTM32F405xx -c -I../Core/Inc -I/Users/apple/STM32Cube/Repository/STM32Cube_FW_F4_V1.28.1/Drivers/STM32F4xx_HAL_Driver/Inc -I/Users/apple/STM32Cube/Repository/STM32Cube_FW_F4_V1.28.1/Drivers/STM32F4xx_HAL_Driver/Inc/Legacy -I/Users/apple/STM32Cube/Repository/STM32Cube_FW_F4_V1.28.1/Drivers/CMSIS/Device/ST/STM32F4xx/Include -I/Users/apple/STM32Cube/Repository/STM32Cube_FW_F4_V1.28.1/Drivers/CMSIS/Include -O0 -ffunction-sections -fdata-sections -Wall -fstack-usage -fcyclomatic-complexity -MMD -MP -MF"Core/Src/main.d" -MT"Core/Src/main.o" --specs=nano.specs -mfpu=fpv4-sp-d16 -mfloat-abi=hard -mthumb -o "Core/Src/main.o"
../Core/Src/main.c: In function 'main':
../Core/Src/main.c:213:21: warning: unused variable 'pdu_BatOut' [-Wunused-variable]
  213 |         PDU_Channel pdu_BatOut = {
      |                     ^~~~~~~~~~
../Core/Src/main.c:202:21: warning: unused variable 'pdu_V3bis' [-Wunused-variable]
  202 |         PDU_Channel pdu_V3bis = {
      |                     ^~~~~~~~~
../Core/Src/main.c:169:21: warning: unused variable 'pdu_V5' [-Wunused-variable]
  169 |         PDU_Channel pdu_V5 = {
      |                     ^~~~~~
arm-none-eabi-gcc -o "STM32F405_EPS.elf" @"objects.list"   -mcpu=cortex-m4 -T"/Users/apple/STM32CubeIDE/workspace_1.16.1/STM32F405_EPS/STM32F405RGTX_FLASH.ld" --specs=nosys.specs -Wl,-Map="STM32F405_EPS.map" -Wl,--gc-sections -static --specs=nano.specs -mfpu=fpv4-sp-d16 -mfloat-abi=hard -mthumb -u _printf_float -Wl,--start-group -lc -lm -Wl,--end-group
Finished building target: STM32F405_EPS.elf
 
arm-none-eabi-size  STM32F405_EPS.elf 
arm-none-eabi-objdump -h -S STM32F405_EPS.elf  > "STM32F405_EPS.list"
arm-none-eabi-objcopy  -O ihex STM32F405_EPS.elf  "STM32F405_EPS.hex"
arm-none-eabi-objcopy  -O binary STM32F405_EPS.elf  "STM32F405_EPS.bin"
   text	   data	    bss	    dec	    hex	filename
  38656	    468	   3828	  42952	   a7c8	STM32F405_EPS.elf
Finished building: default.size.stdout
 
Finished building: STM32F405_EPS.bin
Finished building: STM32F405_EPS.hex
 
 
Finished building: STM32F405_EPS.list
 
