14:55:30 **** Incremental Build of configuration Debug for project STM32F405_EPS ****
make -j7 all 
arm-none-eabi-gcc "../Core/Src/mppt.c" -mcpu=cortex-m4 -std=gnu11 -g3 -DDEBUG -DUSE_HAL_DRIVER -DSTM32F405xx -c -I../Core/Inc -I/Users/apple/STM32Cube/Repository/STM32Cube_FW_F4_V1.28.1/Drivers/STM32F4xx_HAL_Driver/Inc -I/Users/apple/STM32Cube/Repository/STM32Cube_FW_F4_V1.28.1/Drivers/STM32F4xx_HAL_Driver/Inc/Legacy -I/Users/apple/STM32Cube/Repository/STM32Cube_FW_F4_V1.28.1/Drivers/CMSIS/Device/ST/STM32F4xx/Include -I/Users/apple/STM32Cube/Repository/STM32Cube_FW_F4_V1.28.1/Drivers/CMSIS/Include -O0 -ffunction-sections -fdata-sections -Wall -fstack-usage -fcyclomatic-complexity -MMD -MP -MF"Core/Src/mppt.d" -MT"Core/Src/mppt.o" --specs=nano.specs -mfpu=fpv4-sp-d16 -mfloat-abi=hard -mthumb -o "Core/Src/mppt.o"
arm-none-eabi-gcc "../Core/Src/stm32f4xx_hal_msp.c" -mcpu=cortex-m4 -std=gnu11 -g3 -DDEBUG -DUSE_HAL_DRIVER -DSTM32F405xx -c -I../Core/Inc -I/Users/apple/STM32Cube/Repository/STM32Cube_FW_F4_V1.28.1/Drivers/STM32F4xx_HAL_Driver/Inc -I/Users/apple/STM32Cube/Repository/STM32Cube_FW_F4_V1.28.1/Drivers/STM32F4xx_HAL_Driver/Inc/Legacy -I/Users/apple/STM32Cube/Repository/STM32Cube_FW_F4_V1.28.1/Drivers/CMSIS/Device/ST/STM32F4xx/Include -I/Users/apple/STM32Cube/Repository/STM32Cube_FW_F4_V1.28.1/Drivers/CMSIS/Include -O0 -ffunction-sections -fdata-sections -Wall -fstack-usage -fcyclomatic-complexity -MMD -MP -MF"Core/Src/stm32f4xx_hal_msp.d" -MT"Core/Src/stm32f4xx_hal_msp.o" --specs=nano.specs -mfpu=fpv4-sp-d16 -mfloat-abi=hard -mthumb -o "Core/Src/stm32f4xx_hal_msp.o"
arm-none-eabi-gcc "../Core/Src/stm32f4xx_it.c" -mcpu=cortex-m4 -std=gnu11 -g3 -DDEBUG -DUSE_HAL_DRIVER -DSTM32F405xx -c -I../Core/Inc -I/Users/apple/STM32Cube/Repository/STM32Cube_FW_F4_V1.28.1/Drivers/STM32F4xx_HAL_Driver/Inc -I/Users/apple/STM32Cube/Repository/STM32Cube_FW_F4_V1.28.1/Drivers/STM32F4xx_HAL_Driver/Inc/Legacy -I/Users/apple/STM32Cube/Repository/STM32Cube_FW_F4_V1.28.1/Drivers/CMSIS/Device/ST/STM32F4xx/Include -I/Users/apple/STM32Cube/Repository/STM32Cube_FW_F4_V1.28.1/Drivers/CMSIS/Include -O0 -ffunction-sections -fdata-sections -Wall -fstack-usage -fcyclomatic-complexity -MMD -MP -MF"Core/Src/stm32f4xx_it.d" -MT"Core/Src/stm32f4xx_it.o" --specs=nano.specs -mfpu=fpv4-sp-d16 -mfloat-abi=hard -mthumb -o "Core/Src/stm32f4xx_it.o"
arm-none-eabi-gcc "../Core/Src/tim.c" -mcpu=cortex-m4 -std=gnu11 -g3 -DDEBUG -DUSE_HAL_DRIVER -DSTM32F405xx -c -I../Core/Inc -I/Users/apple/STM32Cube/Repository/STM32Cube_FW_F4_V1.28.1/Drivers/STM32F4xx_HAL_Driver/Inc -I/Users/apple/STM32Cube/Repository/STM32Cube_FW_F4_V1.28.1/Drivers/STM32F4xx_HAL_Driver/Inc/Legacy -I/Users/apple/STM32Cube/Repository/STM32Cube_FW_F4_V1.28.1/Drivers/CMSIS/Device/ST/STM32F4xx/Include -I/Users/apple/STM32Cube/Repository/STM32Cube_FW_F4_V1.28.1/Drivers/CMSIS/Include -O0 -ffunction-sections -fdata-sections -Wall -fstack-usage -fcyclomatic-complexity -MMD -MP -MF"Core/Src/tim.d" -MT"Core/Src/tim.o" --specs=nano.specs -mfpu=fpv4-sp-d16 -mfloat-abi=hard -mthumb -o "Core/Src/tim.o"
arm-none-eabi-gcc "../Core/Src/usart.c" -mcpu=cortex-m4 -std=gnu11 -g3 -DDEBUG -DUSE_HAL_DRIVER -DSTM32F405xx -c -I../Core/Inc -I/Users/apple/STM32Cube/Repository/STM32Cube_FW_F4_V1.28.1/Drivers/STM32F4xx_HAL_Driver/Inc -I/Users/apple/STM32Cube/Repository/STM32Cube_FW_F4_V1.28.1/Drivers/STM32F4xx_HAL_Driver/Inc/Legacy -I/Users/apple/STM32Cube/Repository/STM32Cube_FW_F4_V1.28.1/Drivers/CMSIS/Device/ST/STM32F4xx/Include -I/Users/apple/STM32Cube/Repository/STM32Cube_FW_F4_V1.28.1/Drivers/CMSIS/Include -O0 -ffunction-sections -fdata-sections -Wall -fstack-usage -fcyclomatic-complexity -MMD -MP -MF"Core/Src/usart.d" -MT"Core/Src/usart.o" --specs=nano.specs -mfpu=fpv4-sp-d16 -mfloat-abi=hard -mthumb -o "Core/Src/usart.o"
arm-none-eabi-gcc "../Core/Src/usb_otg.c" -mcpu=cortex-m4 -std=gnu11 -g3 -DDEBUG -DUSE_HAL_DRIVER -DSTM32F405xx -c -I../Core/Inc -I/Users/apple/STM32Cube/Repository/STM32Cube_FW_F4_V1.28.1/Drivers/STM32F4xx_HAL_Driver/Inc -I/Users/apple/STM32Cube/Repository/STM32Cube_FW_F4_V1.28.1/Drivers/STM32F4xx_HAL_Driver/Inc/Legacy -I/Users/apple/STM32Cube/Repository/STM32Cube_FW_F4_V1.28.1/Drivers/CMSIS/Device/ST/STM32F4xx/Include -I/Users/apple/STM32Cube/Repository/STM32Cube_FW_F4_V1.28.1/Drivers/CMSIS/Include -O0 -ffunction-sections -fdata-sections -Wall -fstack-usage -fcyclomatic-complexity -MMD -MP -MF"Core/Src/usb_otg.d" -MT"Core/Src/usb_otg.o" --specs=nano.specs -mfpu=fpv4-sp-d16 -mfloat-abi=hard -mthumb -o "Core/Src/usb_otg.o"
arm-none-eabi-gcc -o "STM32F405_EPS.elf" @"objects.list"   -mcpu=cortex-m4 -T"/Users/apple/STM32CubeIDE/workspace_1.16.1/STM32F405_EPS/STM32F405RGTX_FLASH.ld" --specs=nosys.specs -Wl,-Map="STM32F405_EPS.map" -Wl,--gc-sections -static --specs=nano.specs -mfpu=fpv4-sp-d16 -mfloat-abi=hard -mthumb -u _printf_float -Wl,--start-group -lc -lm -Wl,--end-group
Finished building target: STM32F405_EPS.elf
 
arm-none-eabi-size  STM32F405_EPS.elf 
arm-none-eabi-objdump -h -S STM32F405_EPS.elf  > "STM32F405_EPS.list"
arm-none-eabi-objcopy  -O ihex STM32F405_EPS.elf  "STM32F405_EPS.hex"
arm-none-eabi-objcopy  -O binary STM32F405_EPS.elf  "STM32F405_EPS.bin"
   text	   data	    bss	    dec	    hex	filename
  39992	    468	   3828	  44288	   ad00	STM32F405_EPS.elf
Finished building: default.size.stdout
 
Finished building: STM32F405_EPS.hex
Finished building: STM32F405_EPS.bin
 
 
Finished building: STM32F405_EPS.list
 
15:04:36 **** Incremental Build of configuration Debug for project STM32F405_EPS ****
make -j7 all 
arm-none-eabi-gcc "../Core/Src/main.c" -mcpu=cortex-m4 -std=gnu11 -g3 -DDEBUG -DUSE_HAL_DRIVER -DSTM32F405xx -c -I../Core/Inc -I/Users/apple/STM32Cube/Repository/STM32Cube_FW_F4_V1.28.1/Drivers/STM32F4xx_HAL_Driver/Inc -I/Users/apple/STM32Cube/Repository/STM32Cube_FW_F4_V1.28.1/Drivers/STM32F4xx_HAL_Driver/Inc/Legacy -I/Users/apple/STM32Cube/Repository/STM32Cube_FW_F4_V1.28.1/Drivers/CMSIS/Device/ST/STM32F4xx/Include -I/Users/apple/STM32Cube/Repository/STM32Cube_FW_F4_V1.28.1/Drivers/CMSIS/Include -O0 -ffunction-sections -fdata-sections -Wall -fstack-usage -fcyclomatic-complexity -MMD -MP -MF"Core/Src/main.d" -MT"Core/Src/main.o" --specs=nano.specs -mfpu=fpv4-sp-d16 -mfloat-abi=hard -mthumb -o "Core/Src/main.o"
arm-none-eabi-gcc -o "STM32F405_EPS.elf" @"objects.list"   -mcpu=cortex-m4 -T"/Users/apple/STM32CubeIDE/workspace_1.16.1/STM32F405_EPS/STM32F405RGTX_FLASH.ld" --specs=nosys.specs -Wl,-Map="STM32F405_EPS.map" -Wl,--gc-sections -static --specs=nano.specs -mfpu=fpv4-sp-d16 -mfloat-abi=hard -mthumb -u _printf_float -Wl,--start-group -lc -lm -Wl,--end-group
Finished building target: STM32F405_EPS.elf
 
arm-none-eabi-size  STM32F405_EPS.elf 
arm-none-eabi-objdump -h -S STM32F405_EPS.elf  > "STM32F405_EPS.list"
arm-none-eabi-objcopy  -O ihex STM32F405_EPS.elf  "STM32F405_EPS.hex"
arm-none-eabi-objcopy  -O binary STM32F405_EPS.elf  "STM32F405_EPS.bin"
   text	   data	    bss	    dec	    hex	filename
  39992	    468	   3828	  44288	   ad00	STM32F405_EPS.elf
Finished building: default.size.stdout
 
Finished building: STM32F405_EPS.bin
Finished building: STM32F405_EPS.hex
 
 
Finished building: STM32F405_EPS.list
 
15:16:43 **** Incremental Build of configuration Debug for project STM32F405_EPS ****
make -j7 all 
arm-none-eabi-gcc "../Core/Src/gpio.c" -mcpu=cortex-m4 -std=gnu11 -g3 -DDEBUG -DUSE_HAL_DRIVER -DSTM32F405xx -c -I../Core/Inc -I/Users/apple/STM32Cube/Repository/STM32Cube_FW_F4_V1.28.1/Drivers/STM32F4xx_HAL_Driver/Inc -I/Users/apple/STM32Cube/Repository/STM32Cube_FW_F4_V1.28.1/Drivers/STM32F4xx_HAL_Driver/Inc/Legacy -I/Users/apple/STM32Cube/Repository/STM32Cube_FW_F4_V1.28.1/Drivers/CMSIS/Device/ST/STM32F4xx/Include -I/Users/apple/STM32Cube/Repository/STM32Cube_FW_F4_V1.28.1/Drivers/CMSIS/Include -O0 -ffunction-sections -fdata-sections -Wall -fstack-usage -fcyclomatic-complexity -MMD -MP -MF"Core/Src/gpio.d" -MT"Core/Src/gpio.o" --specs=nano.specs -mfpu=fpv4-sp-d16 -mfloat-abi=hard -mthumb -o "Core/Src/gpio.o"
../Core/Src/gpio.c: In function 'MX_GPIO_Init':
../Core/Src/gpio.c:58:27: error: expected expression before '|' token
   58 |                           |EnableCalefactor_Pin, GPIO_PIN_RESET);
      |                           ^
../Core/Src/gpio.c:58:64: error: expected statement before ')' token
   58 |                           |EnableCalefactor_Pin, GPIO_PIN_RESET);
      |                                                                ^
make: *** [Core/Src/subdir.mk:61: Core/Src/gpio.o] Error 1
"make -j7 all" terminated with exit code 2. Build might be incomplete.
15:16:58 **** Incremental Build of configuration Debug for project STM32F405_EPS ****
make -j7 all 
arm-none-eabi-gcc "../Core/Src/gpio.c" -mcpu=cortex-m4 -std=gnu11 -g3 -DDEBUG -DUSE_HAL_DRIVER -DSTM32F405xx -c -I../Core/Inc -I/Users/apple/STM32Cube/Repository/STM32Cube_FW_F4_V1.28.1/Drivers/STM32F4xx_HAL_Driver/Inc -I/Users/apple/STM32Cube/Repository/STM32Cube_FW_F4_V1.28.1/Drivers/STM32F4xx_HAL_Driver/Inc/Legacy -I/Users/apple/STM32Cube/Repository/STM32Cube_FW_F4_V1.28.1/Drivers/CMSIS/Device/ST/STM32F4xx/Include -I/Users/apple/STM32Cube/Repository/STM32Cube_FW_F4_V1.28.1/Drivers/CMSIS/Include -O0 -ffunction-sections -fdata-sections -Wall -fstack-usage -fcyclomatic-complexity -MMD -MP -MF"Core/Src/gpio.d" -MT"Core/Src/gpio.o" --specs=nano.specs -mfpu=fpv4-sp-d16 -mfloat-abi=hard -mthumb -o "Core/Src/gpio.o"
arm-none-eabi-gcc -o "STM32F405_EPS.elf" @"objects.list"   -mcpu=cortex-m4 -T"/Users/apple/STM32CubeIDE/workspace_1.16.1/STM32F405_EPS/STM32F405RGTX_FLASH.ld" --specs=nosys.specs -Wl,-Map="STM32F405_EPS.map" -Wl,--gc-sections -static --specs=nano.specs -mfpu=fpv4-sp-d16 -mfloat-abi=hard -mthumb -u _printf_float -Wl,--start-group -lc -lm -Wl,--end-group
Finished building target: STM32F405_EPS.elf
 
arm-none-eabi-size  STM32F405_EPS.elf 
arm-none-eabi-objdump -h -S STM32F405_EPS.elf  > "STM32F405_EPS.list"
arm-none-eabi-objcopy  -O ihex STM32F405_EPS.elf  "STM32F405_EPS.hex"
arm-none-eabi-objcopy  -O binary STM32F405_EPS.elf  "STM32F405_EPS.bin"
   text	   data	    bss	    dec	    hex	filename
  39968	    468	   3828	  44264	   ace8	STM32F405_EPS.elf
Finished building: default.size.stdout
 
Finished building: STM32F405_EPS.hex
Finished building: STM32F405_EPS.bin
 
 
Finished building: STM32F405_EPS.list
 
15:17:33 **** Incremental Build of configuration Debug for project STM32F405_EPS ****
make -j7 all 
arm-none-eabi-gcc "../Core/Src/gpio.c" -mcpu=cortex-m4 -std=gnu11 -g3 -DDEBUG -DUSE_HAL_DRIVER -DSTM32F405xx -c -I../Core/Inc -I/Users/apple/STM32Cube/Repository/STM32Cube_FW_F4_V1.28.1/Drivers/STM32F4xx_HAL_Driver/Inc -I/Users/apple/STM32Cube/Repository/STM32Cube_FW_F4_V1.28.1/Drivers/STM32F4xx_HAL_Driver/Inc/Legacy -I/Users/apple/STM32Cube/Repository/STM32Cube_FW_F4_V1.28.1/Drivers/CMSIS/Device/ST/STM32F4xx/Include -I/Users/apple/STM32Cube/Repository/STM32Cube_FW_F4_V1.28.1/Drivers/CMSIS/Include -O0 -ffunction-sections -fdata-sections -Wall -fstack-usage -fcyclomatic-complexity -MMD -MP -MF"Core/Src/gpio.d" -MT"Core/Src/gpio.o" --specs=nano.specs -mfpu=fpv4-sp-d16 -mfloat-abi=hard -mthumb -o "Core/Src/gpio.o"
arm-none-eabi-gcc "../Core/Src/main.c" -mcpu=cortex-m4 -std=gnu11 -g3 -DDEBUG -DUSE_HAL_DRIVER -DSTM32F405xx -c -I../Core/Inc -I/Users/apple/STM32Cube/Repository/STM32Cube_FW_F4_V1.28.1/Drivers/STM32F4xx_HAL_Driver/Inc -I/Users/apple/STM32Cube/Repository/STM32Cube_FW_F4_V1.28.1/Drivers/STM32F4xx_HAL_Driver/Inc/Legacy -I/Users/apple/STM32Cube/Repository/STM32Cube_FW_F4_V1.28.1/Drivers/CMSIS/Device/ST/STM32F4xx/Include -I/Users/apple/STM32Cube/Repository/STM32Cube_FW_F4_V1.28.1/Drivers/CMSIS/Include -O0 -ffunction-sections -fdata-sections -Wall -fstack-usage -fcyclomatic-complexity -MMD -MP -MF"Core/Src/main.d" -MT"Core/Src/main.o" --specs=nano.specs -mfpu=fpv4-sp-d16 -mfloat-abi=hard -mthumb -o "Core/Src/main.o"
arm-none-eabi-gcc -o "STM32F405_EPS.elf" @"objects.list"   -mcpu=cortex-m4 -T"/Users/apple/STM32CubeIDE/workspace_1.16.1/STM32F405_EPS/STM32F405RGTX_FLASH.ld" --specs=nosys.specs -Wl,-Map="STM32F405_EPS.map" -Wl,--gc-sections -static --specs=nano.specs -mfpu=fpv4-sp-d16 -mfloat-abi=hard -mthumb -u _printf_float -Wl,--start-group -lc -lm -Wl,--end-group
Finished building target: STM32F405_EPS.elf
 
arm-none-eabi-size  STM32F405_EPS.elf 
arm-none-eabi-objdump -h -S STM32F405_EPS.elf  > "STM32F405_EPS.list"
arm-none-eabi-objcopy  -O ihex STM32F405_EPS.elf  "STM32F405_EPS.hex"
arm-none-eabi-objcopy  -O binary STM32F405_EPS.elf  "STM32F405_EPS.bin"
   text	   data	    bss	    dec	    hex	filename
  40008	    468	   3828	  44304	   ad10	STM32F405_EPS.elf
Finished building: default.size.stdout
 
Finished building: STM32F405_EPS.bin
Finished building: STM32F405_EPS.hex
 
 
Finished building: STM32F405_EPS.list
 
15:18:15 **** Incremental Build of configuration Debug for project STM32F405_EPS ****
make -j7 all 
arm-none-eabi-size  STM32F405_EPS.elf 
   text	   data	    bss	    dec	    hex	filename
  40008	    468	   3828	  44304	   ad10	STM32F405_EPS.elf
Finished building: default.size.stdout
 
15:18:40 **** Incremental Build of configuration Debug for project STM32F405_EPS ****
make -j7 all 
arm-none-eabi-gcc "../Core/Src/main.c" -mcpu=cortex-m4 -std=gnu11 -g3 -DDEBUG -DUSE_HAL_DRIVER -DSTM32F405xx -c -I../Core/Inc -I/Users/apple/STM32Cube/Repository/STM32Cube_FW_F4_V1.28.1/Drivers/STM32F4xx_HAL_Driver/Inc -I/Users/apple/STM32Cube/Repository/STM32Cube_FW_F4_V1.28.1/Drivers/STM32F4xx_HAL_Driver/Inc/Legacy -I/Users/apple/STM32Cube/Repository/STM32Cube_FW_F4_V1.28.1/Drivers/CMSIS/Device/ST/STM32F4xx/Include -I/Users/apple/STM32Cube/Repository/STM32Cube_FW_F4_V1.28.1/Drivers/CMSIS/Include -O0 -ffunction-sections -fdata-sections -Wall -fstack-usage -fcyclomatic-complexity -MMD -MP -MF"Core/Src/main.d" -MT"Core/Src/main.o" --specs=nano.specs -mfpu=fpv4-sp-d16 -mfloat-abi=hard -mthumb -o "Core/Src/main.o"
arm-none-eabi-gcc -o "STM32F405_EPS.elf" @"objects.list"   -mcpu=cortex-m4 -T"/Users/apple/STM32CubeIDE/workspace_1.16.1/STM32F405_EPS/STM32F405RGTX_FLASH.ld" --specs=nosys.specs -Wl,-Map="STM32F405_EPS.map" -Wl,--gc-sections -static --specs=nano.specs -mfpu=fpv4-sp-d16 -mfloat-abi=hard -mthumb -u _printf_float -Wl,--start-group -lc -lm -Wl,--end-group
Finished building target: STM32F405_EPS.elf
 
arm-none-eabi-size  STM32F405_EPS.elf 
arm-none-eabi-objdump -h -S STM32F405_EPS.elf  > "STM32F405_EPS.list"
arm-none-eabi-objcopy  -O ihex STM32F405_EPS.elf  "STM32F405_EPS.hex"
arm-none-eabi-objcopy  -O binary STM32F405_EPS.elf  "STM32F405_EPS.bin"
   text	   data	    bss	    dec	    hex	filename
  40008	    468	   3828	  44304	   ad10	STM32F405_EPS.elf
Finished building: default.size.stdout
 
Finished building: STM32F405_EPS.hex
Finished building: STM32F405_EPS.bin
 
 
Finished building: STM32F405_EPS.list
 
15:20:30 **** Incremental Build of configuration Debug for project STM32F405_EPS ****
make -j7 all 
arm-none-eabi-gcc "../Core/Src/main.c" -mcpu=cortex-m4 -std=gnu11 -g3 -DDEBUG -DUSE_HAL_DRIVER -DSTM32F405xx -c -I../Core/Inc -I/Users/apple/STM32Cube/Repository/STM32Cube_FW_F4_V1.28.1/Drivers/STM32F4xx_HAL_Driver/Inc -I/Users/apple/STM32Cube/Repository/STM32Cube_FW_F4_V1.28.1/Drivers/STM32F4xx_HAL_Driver/Inc/Legacy -I/Users/apple/STM32Cube/Repository/STM32Cube_FW_F4_V1.28.1/Drivers/CMSIS/Device/ST/STM32F4xx/Include -I/Users/apple/STM32Cube/Repository/STM32Cube_FW_F4_V1.28.1/Drivers/CMSIS/Include -O0 -ffunction-sections -fdata-sections -Wall -fstack-usage -fcyclomatic-complexity -MMD -MP -MF"Core/Src/main.d" -MT"Core/Src/main.o" --specs=nano.specs -mfpu=fpv4-sp-d16 -mfloat-abi=hard -mthumb -o "Core/Src/main.o"
arm-none-eabi-gcc -o "STM32F405_EPS.elf" @"objects.list"   -mcpu=cortex-m4 -T"/Users/apple/STM32CubeIDE/workspace_1.16.1/STM32F405_EPS/STM32F405RGTX_FLASH.ld" --specs=nosys.specs -Wl,-Map="STM32F405_EPS.map" -Wl,--gc-sections -static --specs=nano.specs -mfpu=fpv4-sp-d16 -mfloat-abi=hard -mthumb -u _printf_float -Wl,--start-group -lc -lm -Wl,--end-group
Finished building target: STM32F405_EPS.elf
 
arm-none-eabi-size  STM32F405_EPS.elf 
arm-none-eabi-objdump -h -S STM32F405_EPS.elf  > "STM32F405_EPS.list"
arm-none-eabi-objcopy  -O ihex STM32F405_EPS.elf  "STM32F405_EPS.hex"
arm-none-eabi-objcopy  -O binary STM32F405_EPS.elf  "STM32F405_EPS.bin"
   text	   data	    bss	    dec	    hex	filename
  40008	    468	   3828	  44304	   ad10	STM32F405_EPS.elf
Finished building: default.size.stdout
 
Finished building: STM32F405_EPS.hex
Finished building: STM32F405_EPS.bin
 
 
Finished building: STM32F405_EPS.list
 
