00:26:46 **** Build of configuration Debug for project HelloWorldSTM32 ****
make -j7 all 
arm-none-eabi-gcc -mcpu=cortex-m3 -g3 -DDEBUG -c -x assembler-with-cpp -MMD -MP -MF"Startup/startup_stm32f103c8tx.d" -MT"Startup/startup_stm32f103c8tx.o" --specs=nano.specs -mfloat-abi=soft -mthumb -o "Startup/startup_stm32f103c8tx.o" "../Startup/startup_stm32f103c8tx.s"
arm-none-eabi-gcc "../Src/main.c" -mcpu=cortex-m3 -std=gnu11 -g3 -DDEBUG -DSTM32 -DSTM32F1 -DSTM32F103C8Tx -c -I../Inc -O0 -ffunction-sections -fdata-sections -Wall -fstack-usage -fcyclomatic-complexity -MMD -MP -MF"Src/main.d" -MT"Src/main.o" --specs=nano.specs -mfloat-abi=soft -mthumb -o "Src/main.o"
arm-none-eabi-gcc "../Src/syscalls.c" -mcpu=cortex-m3 -std=gnu11 -g3 -DDEBUG -DSTM32 -DSTM32F1 -DSTM32F103C8Tx -c -I../Inc -O0 -ffunction-sections -fdata-sections -Wall -fstack-usage -fcyclomatic-complexity -MMD -MP -MF"Src/syscalls.d" -MT"Src/syscalls.o" --specs=nano.specs -mfloat-abi=soft -mthumb -o "Src/syscalls.o"
arm-none-eabi-gcc "../Src/sysmem.c" -mcpu=cortex-m3 -std=gnu11 -g3 -DDEBUG -DSTM32 -DSTM32F1 -DSTM32F103C8Tx -c -I../Inc -O0 -ffunction-sections -fdata-sections -Wall -fstack-usage -fcyclomatic-complexity -MMD -MP -MF"Src/sysmem.d" -MT"Src/sysmem.o" --specs=nano.specs -mfloat-abi=soft -mthumb -o "Src/sysmem.o"
arm-none-eabi-gcc -o "HelloWorldSTM32.elf" @"objects.list"   -mcpu=cortex-m3 -T"/Users/apple/STM32CubeIDE/workspace_1.16.1/HelloWorldSTM32/STM32F103C8TX_FLASH.ld" --specs=nosys.specs -Wl,-Map="HelloWorldSTM32.map" -Wl,--gc-sections -static --specs=nano.specs -mfloat-abi=soft -mthumb -Wl,--start-group -lc -lm -Wl,--end-group
Finished building target: HelloWorldSTM32.elf
 
arm-none-eabi-size  HelloWorldSTM32.elf 
arm-none-eabi-objdump -h -S HelloWorldSTM32.elf  > "HelloWorldSTM32.list"
   text	   data	    bss	    dec	    hex	filename
    564	      0	   1568	   2132	    854	HelloWorldSTM32.elf
Finished building: default.size.stdout
 
Finished building: HelloWorldSTM32.list
 
00:39:26 **** Incremental Build of configuration Debug for project HelloWorldSTM32 ****
make -j7 all 
arm-none-eabi-gcc "../Src/main.c" -mcpu=cortex-m3 -std=gnu11 -g3 -DDEBUG -DSTM32 -DSTM32F1 -DSTM32F103C8Tx -c -I../Inc -O0 -ffunction-sections -fdata-sections -Wall -fstack-usage -fcyclomatic-complexity -MMD -MP -MF"Src/main.d" -MT"Src/main.o" --specs=nano.specs -mfloat-abi=soft -mthumb -o "Src/main.o"
../Src/main.c:20:10: fatal error: main.h: No such file or directory
   20 | #include "main.h"
      |          ^~~~~~~~
compilation terminated.
make: *** [Src/subdir.mk:25: Src/main.o] Error 1
"make -j7 all" terminated with exit code 2. Build might be incomplete.
00:39:58 **** Incremental Build of configuration Debug for project HelloWorldSTM32 ****
make -j7 all 
arm-none-eabi-gcc "../Src/main.c" -mcpu=cortex-m3 -std=gnu11 -g3 -DDEBUG -DSTM32 -DSTM32F1 -DSTM32F103C8Tx -c -I../Inc -O0 -ffunction-sections -fdata-sections -Wall -fstack-usage -fcyclomatic-complexity -MMD -MP -MF"Src/main.d" -MT"Src/main.o" --specs=nano.specs -mfloat-abi=soft -mthumb -o "Src/main.o"
../Src/main.c:21:10: fatal error: gpio.h: No such file or directory
   21 | #include "gpio.h"
      |          ^~~~~~~~
compilation terminated.
make: *** [Src/subdir.mk:25: Src/main.o] Error 1
"make -j7 all" terminated with exit code 2. Build might be incomplete.
00:40:08 **** Incremental Build of configuration Debug for project HelloWorldSTM32 ****
make -j7 all 
arm-none-eabi-gcc "../Src/main.c" -mcpu=cortex-m3 -std=gnu11 -g3 -DDEBUG -DSTM32 -DSTM32F1 -DSTM32F103C8Tx -c -I../Inc -O0 -ffunction-sections -fdata-sections -Wall -fstack-usage -fcyclomatic-complexity -MMD -MP -MF"Src/main.d" -MT"Src/main.o" --specs=nano.specs -mfloat-abi=soft -mthumb -o "Src/main.o"
../Src/main.c: In function 'main':
../Src/main.c:30:9: warning: implicit declaration of function 'HAL_Init' [-Wimplicit-function-declaration]
   30 |         HAL_Init();  // Inicializar HAL
      |         ^~~~~~~~
../Src/main.c:33:11: error: unknown type name 'GPIO_InitTypeDef'
   33 |           GPIO_InitTypeDef GPIO_InitStruct = {0};
      |           ^~~~~~~~~~~~~~~~
../Src/main.c:34:11: warning: implicit declaration of function '__HAL_RCC_GPIOA_CLK_ENABLE' [-Wimplicit-function-declaration]
   34 |           __HAL_RCC_GPIOA_CLK_ENABLE();  // Habilitar el reloj de GPIOA
      |           ^~~~~~~~~~~~~~~~~~~~~~~~~~
../Src/main.c:36:26: error: request for member 'Pin' in something not a structure or union
   36 |           GPIO_InitStruct.Pin = GPIO_PIN_5;
      |                          ^
../Src/main.c:36:33: error: 'GPIO_PIN_5' undeclared (first use in this function)
   36 |           GPIO_InitStruct.Pin = GPIO_PIN_5;
      |                                 ^~~~~~~~~~
../Src/main.c:36:33: note: each undeclared identifier is reported only once for each function it appears in
../Src/main.c:37:26: error: request for member 'Mode' in something not a structure or union
   37 |           GPIO_InitStruct.Mode = GPIO_MODE_OUTPUT_PP;
      |                          ^
../Src/main.c:37:34: error: 'GPIO_MODE_OUTPUT_PP' undeclared (first use in this function)
   37 |           GPIO_InitStruct.Mode = GPIO_MODE_OUTPUT_PP;
      |                                  ^~~~~~~~~~~~~~~~~~~
../Src/main.c:38:26: error: request for member 'Pull' in something not a structure or union
   38 |           GPIO_InitStruct.Pull = GPIO_NOPULL;
      |                          ^
../Src/main.c:38:34: error: 'GPIO_NOPULL' undeclared (first use in this function)
   38 |           GPIO_InitStruct.Pull = GPIO_NOPULL;
      |                                  ^~~~~~~~~~~
../Src/main.c:39:26: error: request for member 'Speed' in something not a structure or union
   39 |           GPIO_InitStruct.Speed = GPIO_SPEED_FREQ_LOW;
      |                          ^
../Src/main.c:39:35: error: 'GPIO_SPEED_FREQ_LOW' undeclared (first use in this function)
   39 |           GPIO_InitStruct.Speed = GPIO_SPEED_FREQ_LOW;
      |                                   ^~~~~~~~~~~~~~~~~~~
../Src/main.c:40:11: warning: implicit declaration of function 'HAL_GPIO_Init' [-Wimplicit-function-declaration]
   40 |           HAL_GPIO_Init(GPIOA, &GPIO_InitStruct);
      |           ^~~~~~~~~~~~~
../Src/main.c:40:25: error: 'GPIOA' undeclared (first use in this function)
   40 |           HAL_GPIO_Init(GPIOA, &GPIO_InitStruct);
      |                         ^~~~~
../Src/main.c:43:11: warning: implicit declaration of function 'HAL_GPIO_WritePin' [-Wimplicit-function-declaration]
   43 |           HAL_GPIO_WritePin(GPIOA, GPIO_PIN_5, GPIO_PIN_SET);
      |           ^~~~~~~~~~~~~~~~~
../Src/main.c:43:48: error: 'GPIO_PIN_SET' undeclared (first use in this function)
   43 |           HAL_GPIO_WritePin(GPIOA, GPIO_PIN_5, GPIO_PIN_SET);
      |                                                ^~~~~~~~~~~~
make: *** [Src/subdir.mk:25: Src/main.o] Error 1
"make -j7 all" terminated with exit code 2. Build might be incomplete.
00:43:18 **** Incremental Build of configuration Debug for project HelloWorldSTM32 ****
make -j7 all 
arm-none-eabi-gcc "../Src/main.c" -mcpu=cortex-m3 -std=gnu11 -g3 -DDEBUG -DSTM32 -DSTM32F1 -DSTM32F103C8Tx -c -I../Inc -O0 -ffunction-sections -fdata-sections -Wall -fstack-usage -fcyclomatic-complexity -MMD -MP -MF"Src/main.d" -MT"Src/main.o" --specs=nano.specs -mfloat-abi=soft -mthumb -o "Src/main.o"
../Src/main.c:26:10: fatal error: main.h: No such file or directory
   26 | #include "main.h"
      |          ^~~~~~~~
compilation terminated.
make: *** [Src/subdir.mk:25: Src/main.o] Error 1
"make -j7 all" terminated with exit code 2. Build might be incomplete.
00:43:21 **** Incremental Build of configuration Debug for project HelloWorldSTM32 ****
make -j7 all 
arm-none-eabi-gcc "../Src/main.c" -mcpu=cortex-m3 -std=gnu11 -g3 -DDEBUG -DSTM32 -DSTM32F1 -DSTM32F103C8Tx -c -I../Inc -O0 -ffunction-sections -fdata-sections -Wall -fstack-usage -fcyclomatic-complexity -MMD -MP -MF"Src/main.d" -MT"Src/main.o" --specs=nano.specs -mfloat-abi=soft -mthumb -o "Src/main.o"
../Src/main.c:26:10: fatal error: main.h: No such file or directory
   26 | #include "main.h"
      |          ^~~~~~~~
compilation terminated.
make: *** [Src/subdir.mk:25: Src/main.o] Error 1
"make -j7 all" terminated with exit code 2. Build might be incomplete.
00:43:39 **** Incremental Build of configuration Debug for project HelloWorldSTM32 ****
make -j7 all 
arm-none-eabi-gcc "../Src/main.c" -mcpu=cortex-m3 -std=gnu11 -g3 -DDEBUG -DSTM32 -DSTM32F1 -DSTM32F103C8Tx -c -I../Inc -O0 -ffunction-sections -fdata-sections -Wall -fstack-usage -fcyclomatic-complexity -MMD -MP -MF"Src/main.d" -MT"Src/main.o" --specs=nano.specs -mfloat-abi=soft -mthumb -o "Src/main.o"
../Src/main.c: In function 'main':
../Src/main.c:29:3: warning: implicit declaration of function 'HAL_Init' [-Wimplicit-function-declaration]
   29 |   HAL_Init();  // Inicializar HAL
      |   ^~~~~~~~
../Src/main.c:32:3: error: unknown type name 'GPIO_InitTypeDef'
   32 |   GPIO_InitTypeDef GPIO_InitStruct = {0};
      |   ^~~~~~~~~~~~~~~~
../Src/main.c:35:3: warning: implicit declaration of function '__HAL_RCC_GPIOA_CLK_ENABLE' [-Wimplicit-function-declaration]
   35 |   __HAL_RCC_GPIOA_CLK_ENABLE();
      |   ^~~~~~~~~~~~~~~~~~~~~~~~~~
../Src/main.c:38:18: error: request for member 'Pin' in something not a structure or union
   38 |   GPIO_InitStruct.Pin = GPIO_PIN_5;
      |                  ^
../Src/main.c:38:25: error: 'GPIO_PIN_5' undeclared (first use in this function)
   38 |   GPIO_InitStruct.Pin = GPIO_PIN_5;
      |                         ^~~~~~~~~~
../Src/main.c:38:25: note: each undeclared identifier is reported only once for each function it appears in
../Src/main.c:39:18: error: request for member 'Mode' in something not a structure or union
   39 |   GPIO_InitStruct.Mode = GPIO_MODE_OUTPUT_PP;  // Modo de salida push-pull
      |                  ^
../Src/main.c:39:26: error: 'GPIO_MODE_OUTPUT_PP' undeclared (first use in this function)
   39 |   GPIO_InitStruct.Mode = GPIO_MODE_OUTPUT_PP;  // Modo de salida push-pull
      |                          ^~~~~~~~~~~~~~~~~~~
../Src/main.c:40:18: error: request for member 'Pull' in something not a structure or union
   40 |   GPIO_InitStruct.Pull = GPIO_NOPULL;          // Sin resistencias pull-up/pull-down
      |                  ^
../Src/main.c:40:26: error: 'GPIO_NOPULL' undeclared (first use in this function)
   40 |   GPIO_InitStruct.Pull = GPIO_NOPULL;          // Sin resistencias pull-up/pull-down
      |                          ^~~~~~~~~~~
../Src/main.c:41:18: error: request for member 'Speed' in something not a structure or union
   41 |   GPIO_InitStruct.Speed = GPIO_SPEED_FREQ_LOW; // Velocidad baja
      |                  ^
../Src/main.c:41:27: error: 'GPIO_SPEED_FREQ_LOW' undeclared (first use in this function)
   41 |   GPIO_InitStruct.Speed = GPIO_SPEED_FREQ_LOW; // Velocidad baja
      |                           ^~~~~~~~~~~~~~~~~~~
../Src/main.c:42:3: warning: implicit declaration of function 'HAL_GPIO_Init' [-Wimplicit-function-declaration]
   42 |   HAL_GPIO_Init(GPIOA, &GPIO_InitStruct);
      |   ^~~~~~~~~~~~~
../Src/main.c:42:17: error: 'GPIOA' undeclared (first use in this function)
   42 |   HAL_GPIO_Init(GPIOA, &GPIO_InitStruct);
      |                 ^~~~~
../Src/main.c:45:3: warning: implicit declaration of function 'HAL_GPIO_WritePin' [-Wimplicit-function-declaration]
   45 |   HAL_GPIO_WritePin(GPIOA, GPIO_PIN_5, GPIO_PIN_SET);
      |   ^~~~~~~~~~~~~~~~~
../Src/main.c:45:40: error: 'GPIO_PIN_SET' undeclared (first use in this function)
   45 |   HAL_GPIO_WritePin(GPIOA, GPIO_PIN_5, GPIO_PIN_SET);
      |                                        ^~~~~~~~~~~~
make: *** [Src/subdir.mk:25: Src/main.o] Error 1
"make -j7 all" terminated with exit code 2. Build might be incomplete.
00:50:08 **** Incremental Build of configuration Debug for project HelloWorldSTM32 ****
make -j7 all 
arm-none-eabi-gcc "../Src/main.c" -mcpu=cortex-m3 -std=gnu11 -g3 -DDEBUG -DSTM32 -DSTM32F1 -DSTM32F103C8Tx -c -I../Inc -O0 -ffunction-sections -fdata-sections -Wall -fstack-usage -fcyclomatic-complexity -MMD -MP -MF"Src/main.d" -MT"Src/main.o" --specs=nano.specs -mfloat-abi=soft -mthumb -o "Src/main.o"
../Src/main.c: In function 'main':
../Src/main.c:29:3: warning: implicit declaration of function 'HAL_Init' [-Wimplicit-function-declaration]
   29 |   HAL_Init();  // Inicializar HAL
      |   ^~~~~~~~
../Src/main.c:31:3: warning: implicit declaration of function 'SystemClock_Congfig' [-Wimplicit-function-declaration]
   31 |   SystemClock_Congfig();
      |   ^~~~~~~~~~~~~~~~~~~
../Src/main.c:33:3: warning: implicit declaration of function 'MX_GPIO_Init' [-Wimplicit-function-declaration]
   33 |   MX_GPIO_Init();
      |   ^~~~~~~~~~~~
../Src/main.c:39:11: warning: implicit declaration of function 'HAL_GPIO_WritePin' [-Wimplicit-function-declaration]
   39 |           HAL_GPIO_WritePin(GPIOC,GPIO_PIN_13,0);
      |           ^~~~~~~~~~~~~~~~~
../Src/main.c:39:29: error: 'GPIOC' undeclared (first use in this function)
   39 |           HAL_GPIO_WritePin(GPIOC,GPIO_PIN_13,0);
      |                             ^~~~~
../Src/main.c:39:29: note: each undeclared identifier is reported only once for each function it appears in
../Src/main.c:39:35: error: 'GPIO_PIN_13' undeclared (first use in this function)
   39 |           HAL_GPIO_WritePin(GPIOC,GPIO_PIN_13,0);
      |                                   ^~~~~~~~~~~
../Src/main.c:40:11: warning: implicit declaration of function 'HAL_DELAY' [-Wimplicit-function-declaration]
   40 |           HAL_DELAY(1000);
      |           ^~~~~~~~~
make: *** [Src/subdir.mk:25: Src/main.o] Error 1
"make -j7 all" terminated with exit code 2. Build might be incomplete.
00:51:32 **** Incremental Build of configuration Debug for project HelloWorldSTM32 ****
make -j7 all 
arm-none-eabi-gcc "../Src/main.c" -mcpu=cortex-m3 -std=gnu11 -g3 -DDEBUG -DSTM32 -DSTM32F1 -DSTM32F103C8Tx -c -I../Inc -O0 -ffunction-sections -fdata-sections -Wall -fstack-usage -fcyclomatic-complexity -MMD -MP -MF"Src/main.d" -MT"Src/main.o" --specs=nano.specs -mfloat-abi=soft -mthumb -o "Src/main.o"
../Src/main.c: In function 'main':
../Src/main.c:29:3: warning: implicit declaration of function 'HAL_Init' [-Wimplicit-function-declaration]
   29 |   HAL_Init();  // Inicializar HAL
      |   ^~~~~~~~
../Src/main.c:31:3: warning: implicit declaration of function 'SystemClock_Congfig' [-Wimplicit-function-declaration]
   31 |   SystemClock_Congfig();
      |   ^~~~~~~~~~~~~~~~~~~
../Src/main.c:33:3: warning: implicit declaration of function 'MX_GPIO_Init' [-Wimplicit-function-declaration]
   33 |   MX_GPIO_Init();
      |   ^~~~~~~~~~~~
../Src/main.c:39:11: warning: implicit declaration of function 'HAL_GPIO_WritePin' [-Wimplicit-function-declaration]
   39 |           HAL_GPIO_WritePin(GPIOC, GPIO_PIN_13, 0);
      |           ^~~~~~~~~~~~~~~~~
../Src/main.c:39:29: error: 'GPIOC' undeclared (first use in this function)
   39 |           HAL_GPIO_WritePin(GPIOC, GPIO_PIN_13, 0);
      |                             ^~~~~
../Src/main.c:39:29: note: each undeclared identifier is reported only once for each function it appears in
../Src/main.c:39:36: error: 'GPIO_PIN_13' undeclared (first use in this function)
   39 |           HAL_GPIO_WritePin(GPIOC, GPIO_PIN_13, 0);
      |                                    ^~~~~~~~~~~
../Src/main.c:40:11: warning: implicit declaration of function 'HAL_DELAY' [-Wimplicit-function-declaration]
   40 |           HAL_DELAY(1000);
      |           ^~~~~~~~~
make: *** [Src/subdir.mk:25: Src/main.o] Error 1
"make -j7 all" terminated with exit code 2. Build might be incomplete.
00:56:03 **** Incremental Build of configuration Debug for project HelloWorldSTM32 ****
make -j7 all 
arm-none-eabi-gcc "../Src/main.c" -mcpu=cortex-m3 -std=gnu11 -g3 -DDEBUG -DSTM32 -DSTM32F1 -DSTM32F103C8Tx -c -I../Inc -O0 -ffunction-sections -fdata-sections -Wall -fstack-usage -fcyclomatic-complexity -MMD -MP -MF"Src/main.d" -MT"Src/main.o" --specs=nano.specs -mfloat-abi=soft -mthumb -o "Src/main.o"
../Src/main.c: In function 'main':
../Src/main.c:29:3: warning: implicit declaration of function 'HAL_Init' [-Wimplicit-function-declaration]
   29 |   HAL_Init();  // Inicializar HAL
      |   ^~~~~~~~
../Src/main.c:31:3: warning: implicit declaration of function 'SystemClock_Congfig' [-Wimplicit-function-declaration]
   31 |   SystemClock_Congfig();
      |   ^~~~~~~~~~~~~~~~~~~
../Src/main.c:33:3: warning: implicit declaration of function 'MX_GPIO_Init' [-Wimplicit-function-declaration]
   33 |   MX_GPIO_Init();
      |   ^~~~~~~~~~~~
../Src/main.c:39:11: warning: implicit declaration of function 'HAL_GPIO_WritePin' [-Wimplicit-function-declaration]
   39 |           HAL_GPIO_WritePin(GPIOC, GPIO_PIN_13, 0);
      |           ^~~~~~~~~~~~~~~~~
../Src/main.c:39:29: error: 'GPIOC' undeclared (first use in this function)
   39 |           HAL_GPIO_WritePin(GPIOC, GPIO_PIN_13, 0);
      |                             ^~~~~
../Src/main.c:39:29: note: each undeclared identifier is reported only once for each function it appears in
../Src/main.c:39:36: error: 'GPIO_PIN_13' undeclared (first use in this function)
   39 |           HAL_GPIO_WritePin(GPIOC, GPIO_PIN_13, 0);
      |                                    ^~~~~~~~~~~
../Src/main.c:40:11: warning: implicit declaration of function 'HAL_DELAY' [-Wimplicit-function-declaration]
   40 |           HAL_DELAY(1000);
      |           ^~~~~~~~~
make: *** [Src/subdir.mk:25: Src/main.o] Error 1
"make -j7 all" terminated with exit code 2. Build might be incomplete.
01:01:36 **** Incremental Build of configuration Debug for project HelloWorldSTM32 ****
make -j7 all 
arm-none-eabi-gcc "../Src/main.c" -mcpu=cortex-m3 -std=gnu11 -g3 -DDEBUG -DSTM32 -DSTM32F1 -DSTM32F103C8Tx -c -I../Inc -O0 -ffunction-sections -fdata-sections -Wall -fstack-usage -fcyclomatic-complexity -MMD -MP -MF"Src/main.d" -MT"Src/main.o" --specs=nano.specs -mfloat-abi=soft -mthumb -o "Src/main.o"
../Src/main.c: In function 'main':
../Src/main.c:29:3: warning: implicit declaration of function 'HAL_Init' [-Wimplicit-function-declaration]
   29 |   HAL_Init();  // Inicializar HAL
      |   ^~~~~~~~
../Src/main.c:31:3: warning: implicit declaration of function 'SystemClock_Congfig' [-Wimplicit-function-declaration]
   31 |   SystemClock_Congfig();
      |   ^~~~~~~~~~~~~~~~~~~
../Src/main.c:33:3: warning: implicit declaration of function 'MX_GPIO_Init' [-Wimplicit-function-declaration]
   33 |   MX_GPIO_Init();
      |   ^~~~~~~~~~~~
../Src/main.c:39:11: warning: implicit declaration of function 'HAL_GPIO_WritePin' [-Wimplicit-function-declaration]
   39 |           HAL_GPIO_WritePin(GPIOC, GPIO_PIN_13, 0);
      |           ^~~~~~~~~~~~~~~~~
../Src/main.c:39:29: error: 'GPIOC' undeclared (first use in this function)
   39 |           HAL_GPIO_WritePin(GPIOC, GPIO_PIN_13, 0);
      |                             ^~~~~
../Src/main.c:39:29: note: each undeclared identifier is reported only once for each function it appears in
../Src/main.c:39:36: error: 'GPIO_PIN_13' undeclared (first use in this function)
   39 |           HAL_GPIO_WritePin(GPIOC, GPIO_PIN_13, 0);
      |                                    ^~~~~~~~~~~
../Src/main.c:40:11: warning: implicit declaration of function 'HAL_DELAY' [-Wimplicit-function-declaration]
   40 |           HAL_DELAY(1000);
      |           ^~~~~~~~~
make: *** [Src/subdir.mk:25: Src/main.o] Error 1
"make -j7 all" terminated with exit code 2. Build might be incomplete.
