../Core/Src/main.c:110:10:readADC	32	static
../Core/Src/main.c:135:6:mppt	32	static
../Core/Src/main.c:155:19:BQ76905_ReadRegister	32	static
../Core/Src/main.c:169:13:ReadBatteryData	32	static
../Core/Src/main.c:223:5:main	144	static
../Core/Src/main.c:346:6:SystemClock_Config	88	static
../Core/Src/main.c:392:13:MX_ADC1_Init	24	static
../Core/Src/main.c:444:13:MX_ADC2_Init	24	static
../Core/Src/main.c:496:13:MX_ADC3_Init	24	static
../Core/Src/main.c:548:13:MX_I2C1_Init	8	static
../Core/Src/main.c:583:13:MX_I2C3_Init	8	static
../Core/Src/main.c:617:13:MX_TIM2_Init	48	static
../Core/Src/main.c:666:13:MX_TIM4_Init	48	static
../Core/Src/main.c:715:13:MX_TIM5_Init	48	static
../Core/Src/main.c:764:13:MX_UART4_Init	8	static
../Core/Src/main.c:797:13:MX_GPIO_Init	48	static
../Core/Src/main.c:840:6:Error_Handler	4	static,ignoring_inline_asm
