Archive member included to satisfy reference by file (symbol)

/Applications/STM32CubeIDE.app/Contents/Eclipse/plugins/com.st.stm32cube.ide.mcu.externaltools.gnu-tools-for-stm32.12.3.rel1.macos64_1.0.200.202406191456/tools/bin/../lib/gcc/arm-none-eabi/12.3.1/../../../../arm-none-eabi/lib/thumb/v7e-m+fp/hard/libc_nano.a(libc_a-exit.o)
                              /Applications/STM32CubeIDE.app/Contents/Eclipse/plugins/com.st.stm32cube.ide.mcu.externaltools.gnu-tools-for-stm32.12.3.rel1.macos64_1.0.200.202406191456/tools/bin/../lib/gcc/arm-none-eabi/12.3.1/../../../../arm-none-eabi/lib/thumb/v7e-m+fp/hard/crt0.o (exit)
/Applications/STM32CubeIDE.app/Contents/Eclipse/plugins/com.st.stm32cube.ide.mcu.externaltools.gnu-tools-for-stm32.12.3.rel1.macos64_1.0.200.202406191456/tools/bin/../lib/gcc/arm-none-eabi/12.3.1/../../../../arm-none-eabi/lib/thumb/v7e-m+fp/hard/libc_nano.a(libc_a-nano-vfprintf_float.o)
                              (_printf_float)
/Applications/STM32CubeIDE.app/Contents/Eclipse/plugins/com.st.stm32cube.ide.mcu.externaltools.gnu-tools-for-stm32.12.3.rel1.macos64_1.0.200.202406191456/tools/bin/../lib/gcc/arm-none-eabi/12.3.1/../../../../arm-none-eabi/lib/thumb/v7e-m+fp/hard/libc_nano.a(libc_a-nano-vfprintf_i.o)
                              /Applications/STM32CubeIDE.app/Contents/Eclipse/plugins/com.st.stm32cube.ide.mcu.externaltools.gnu-tools-for-stm32.12.3.rel1.macos64_1.0.200.202406191456/tools/bin/../lib/gcc/arm-none-eabi/12.3.1/../../../../arm-none-eabi/lib/thumb/v7e-m+fp/hard/libc_nano.a(libc_a-nano-vfprintf_float.o) (_printf_common)
/Applications/STM32CubeIDE.app/Contents/Eclipse/plugins/com.st.stm32cube.ide.mcu.externaltools.gnu-tools-for-stm32.12.3.rel1.macos64_1.0.200.202406191456/tools/bin/../lib/gcc/arm-none-eabi/12.3.1/../../../../arm-none-eabi/lib/thumb/v7e-m+fp/hard/libc_nano.a(libc_a-sprintf.o)
                              ./Core/Src/main.o (sprintf)
/Applications/STM32CubeIDE.app/Contents/Eclipse/plugins/com.st.stm32cube.ide.mcu.externaltools.gnu-tools-for-stm32.12.3.rel1.macos64_1.0.200.202406191456/tools/bin/../lib/gcc/arm-none-eabi/12.3.1/../../../../arm-none-eabi/lib/thumb/v7e-m+fp/hard/libc_nano.a(libc_a-findfp.o)
                              /Applications/STM32CubeIDE.app/Contents/Eclipse/plugins/com.st.stm32cube.ide.mcu.externaltools.gnu-tools-for-stm32.12.3.rel1.macos64_1.0.200.202406191456/tools/bin/../lib/gcc/arm-none-eabi/12.3.1/../../../../arm-none-eabi/lib/thumb/v7e-m+fp/hard/libc_nano.a(libc_a-exit.o) (__stdio_exit_handler)
/Applications/STM32CubeIDE.app/Contents/Eclipse/plugins/com.st.stm32cube.ide.mcu.externaltools.gnu-tools-for-stm32.12.3.rel1.macos64_1.0.200.202406191456/tools/bin/../lib/gcc/arm-none-eabi/12.3.1/../../../../arm-none-eabi/lib/thumb/v7e-m+fp/hard/libc_nano.a(libc_a-fwalk.o)
                              /Applications/STM32CubeIDE.app/Contents/Eclipse/plugins/com.st.stm32cube.ide.mcu.externaltools.gnu-tools-for-stm32.12.3.rel1.macos64_1.0.200.202406191456/tools/bin/../lib/gcc/arm-none-eabi/12.3.1/../../../../arm-none-eabi/lib/thumb/v7e-m+fp/hard/libc_nano.a(libc_a-findfp.o) (_fwalk_sglue)
/Applications/STM32CubeIDE.app/Contents/Eclipse/plugins/com.st.stm32cube.ide.mcu.externaltools.gnu-tools-for-stm32.12.3.rel1.macos64_1.0.200.202406191456/tools/bin/../lib/gcc/arm-none-eabi/12.3.1/../../../../arm-none-eabi/lib/thumb/v7e-m+fp/hard/libc_nano.a(libc_a-printf.o)
                              ./Core/Src/main.o (printf)
/Applications/STM32CubeIDE.app/Contents/Eclipse/plugins/com.st.stm32cube.ide.mcu.externaltools.gnu-tools-for-stm32.12.3.rel1.macos64_1.0.200.202406191456/tools/bin/../lib/gcc/arm-none-eabi/12.3.1/../../../../arm-none-eabi/lib/thumb/v7e-m+fp/hard/libc_nano.a(libc_a-memset.o)
                              /Applications/STM32CubeIDE.app/Contents/Eclipse/plugins/com.st.stm32cube.ide.mcu.externaltools.gnu-tools-for-stm32.12.3.rel1.macos64_1.0.200.202406191456/tools/bin/../lib/gcc/arm-none-eabi/12.3.1/../../../../arm-none-eabi/lib/thumb/v7e-m+fp/hard/crt0.o (memset)
/Applications/STM32CubeIDE.app/Contents/Eclipse/plugins/com.st.stm32cube.ide.mcu.externaltools.gnu-tools-for-stm32.12.3.rel1.macos64_1.0.200.202406191456/tools/bin/../lib/gcc/arm-none-eabi/12.3.1/../../../../arm-none-eabi/lib/thumb/v7e-m+fp/hard/libc_nano.a(libc_a-localeconv.o)
                              /Applications/STM32CubeIDE.app/Contents/Eclipse/plugins/com.st.stm32cube.ide.mcu.externaltools.gnu-tools-for-stm32.12.3.rel1.macos64_1.0.200.202406191456/tools/bin/../lib/gcc/arm-none-eabi/12.3.1/../../../../arm-none-eabi/lib/thumb/v7e-m+fp/hard/libc_nano.a(libc_a-nano-vfprintf_float.o) (_localeconv_r)
/Applications/STM32CubeIDE.app/Contents/Eclipse/plugins/com.st.stm32cube.ide.mcu.externaltools.gnu-tools-for-stm32.12.3.rel1.macos64_1.0.200.202406191456/tools/bin/../lib/gcc/arm-none-eabi/12.3.1/../../../../arm-none-eabi/lib/thumb/v7e-m+fp/hard/libc_nano.a(libc_a-impure.o)
[...]
Memory Configuration

Name             Origin             Length             Attributes
CCMRAM           0x10000000         0x00010000         xrw
RAM              0x20000000         0x00020000         xrw
FLASH            0x08000000         0x00100000         xr
*default*        0x00000000         0xffffffff

Linker script and memory map

LOAD /Applications/STM32CubeIDE.app/Contents/Eclipse/plugins/com.st.stm32cube.ide.mcu.externaltools.gnu-tools-for-stm32.12.3.rel1.macos64_1.0.200.202406191456/tools/bin/../lib/gcc/arm-none-eabi/12.3.1/thumb/v7e-m+fp/hard/crti.o
LOAD /Applications/STM32CubeIDE.app/Contents/Eclipse/plugins/com.st.stm32cube.ide.mcu.externaltools.gnu-tools-for-stm32.12.3.rel1.macos64_1.0.200.202406191456/tools/bin/../lib/gcc/arm-none-eabi/12.3.1/thumb/v7e-m+fp/hard/crtbegin.o
LOAD /Applications/STM32CubeIDE.app/Contents/Eclipse/plugins/com.st.stm32cube.ide.mcu.externaltools.gnu-tools-for-stm32.12.3.rel1.macos64_1.0.200.202406191456/tools/bin/../lib/gcc/arm-none-eabi/12.3.1/../../../../arm-none-eabi/lib/thumb/v7e-m+fp/hard/crt0.o
LOAD ./Core/Src/main.o
LOAD ./Core/Src/stm32f4xx_hal_msp.o
LOAD ./Core/Src/stm32f4xx_it.o
LOAD ./Core/Src/syscalls.o
LOAD ./Core/Src/sysmem.o
LOAD ./Core/Src/system_stm32f4xx.o
LOAD ./Core/Startup/startup_stm32f405rgtx.o
LOAD ./Drivers/STM32F4xx_HAL_Driver/stm32f4xx_hal.o
LOAD ./Drivers/STM32F4xx_HAL_Driver/stm32f4xx_hal_adc.o
LOAD ./Drivers/STM32F4xx_HAL_Driver/stm32f4xx_hal_adc_ex.o
LOAD ./Drivers/STM32F4xx_HAL_Driver/stm32f4xx_hal_cortex.o
LOAD ./Drivers/STM32F4xx_HAL_Driver/stm32f4xx_hal_dma.o
LOAD ./Drivers/STM32F4xx_HAL_Driver/stm32f4xx_hal_dma_ex.o
LOAD ./Drivers/STM32F4xx_HAL_Driver/stm32f4xx_hal_exti.o
LOAD ./Drivers/STM32F4xx_HAL_Driver/stm32f4xx_hal_flash.o
LOAD ./Drivers/STM32F4xx_HAL_Driver/stm32f4xx_hal_flash_ex.o
LOAD ./Drivers/STM32F4xx_HAL_Driver/stm32f4xx_hal_flash_ramfunc.o
LOAD ./Drivers/STM32F4xx_HAL_Driver/stm32f4xx_hal_gpio.o
LOAD ./Drivers/STM32F4xx_HAL_Driver/stm32f4xx_hal_i2c.o
LOAD ./Drivers/STM32F4xx_HAL_Driver/stm32f4xx_hal_i2c_ex.o
LOAD ./Drivers/STM32F4xx_HAL_Driver/stm32f4xx_hal_pcd.o
LOAD ./Drivers/STM32F4xx_HAL_Driver/stm32f4xx_hal_pcd_ex.o
LOAD ./Drivers/STM32F4xx_HAL_Driver/stm32f4xx_hal_pwr.o
LOAD ./Drivers/STM32F4xx_HAL_Driver/stm32f4xx_hal_pwr_ex.o
LOAD ./Drivers/STM32F4xx_HAL_Driver/stm32f4xx_hal_rcc.o
LOAD ./Drivers/STM32F4xx_HAL_Driver/stm32f4xx_hal_rcc_ex.o
LOAD ./Drivers/STM32F4xx_HAL_Driver/stm32f4xx_hal_tim.o
LOAD ./Drivers/STM32F4xx_HAL_Driver/stm32f4xx_hal_tim_ex.o
LOAD ./Drivers/STM32F4xx_HAL_Driver/stm32f4xx_hal_uart.o
LOAD ./Drivers/STM32F4xx_HAL_Driver/stm32f4xx_ll_adc.o
LOAD ./Drivers/STM32F4xx_HAL_Driver/stm32f4xx_ll_usb.o
LOAD ./Middlewares/USB_Device_Library/usbd_cdc.o
LOAD ./Middlewares/USB_Device_Library/usbd_core.o
LOAD ./Middlewares/USB_Device_Library/usbd_ctlreq.o
LOAD ./Middlewares/USB_Device_Library/usbd_ioreq.o
LOAD ./USB_DEVICE/App/usb_device.o
LOAD ./USB_DEVICE/App/usbd_cdc_if.o
LOAD ./USB_DEVICE/App/usbd_desc.o
LOAD ./USB_DEVICE/Target/usbd_conf.o
START GROUP
LOAD /Applications/STM32CubeIDE.app/Contents/Eclipse/plugins/com.st.stm32cube.ide.mcu.externaltools.gnu-tools-for-stm32.12.3.rel1.macos64_1.0.200.202406191456/tools/bin/../lib/gcc/arm-none-eabi/12.3.1/../../../../arm-none-eabi/lib/thumb/v7e-m+fp/hard/libc_nano.a
LOAD /Applications/STM32CubeIDE.app/Contents/Eclipse/plugins/com.st.stm32cube.ide.mcu.externaltools.gnu-tools-for-stm32.12.3.rel1.macos64_1.0.200.202406191456/tools/bin/../lib/gcc/arm-none-eabi/12.3.1/../../../../arm-none-eabi/lib/thumb/v7e-m+fp/hard/libm.a
END GROUP
START GROUP
LOAD /Applications/STM32CubeIDE.app/Contents/Eclipse/plugins/com.st.stm32cube.ide.mcu.externaltools.gnu-tools-for-stm32.12.3.rel1.macos64_1.0.200.202406191456/tools/bin/../lib/gcc/arm-none-eabi/12.3.1/thumb/v7e-m+fp/hard/libgcc.a
LOAD /Applications/STM32CubeIDE.app/Contents/Eclipse/plugins/com.st.stm32cube.ide.mcu.externaltools.gnu-tools-for-stm32.12.3.rel1.macos64_1.0.200.202406191456/tools/bin/../lib/gcc/arm-none-eabi/12.3.1/../../../../arm-none-eabi/lib/thumb/v7e-m+fp/hard/libc_nano.a
END GROUP
START GROUP
LOAD /Applications/STM32CubeIDE.app/Contents/Eclipse/plugins/com.st.stm32cube.ide.mcu.externaltools.gnu-tools-for-stm32.12.3.rel1.macos64_1.0.200.202406191456/tools/bin/../lib/gcc/arm-none-eabi/12.3.1/thumb/v7e-m+fp/hard/libgcc.a
LOAD /Applications/STM32CubeIDE.app/Contents/Eclipse/plugins/com.st.stm32cube.ide.mcu.externaltools.gnu-tools-for-stm32.12.3.rel1.macos64_1.0.200.202406191456/tools/bin/../lib/gcc/arm-none-eabi/12.3.1/../../../../arm-none-eabi/lib/thumb/v7e-m+fp/hard/libc_nano.a
LOAD /Applications/STM32CubeIDE.app/Contents/Eclipse/plugins/com.st.stm32cube.ide.mcu.externaltools.gnu-tools-for-stm32.12.3.rel1.macos64_1.0.200.202406191456/tools/bin/../lib/gcc/arm-none-eabi/12.3.1/../../../../arm-none-eabi/lib/thumb/v7e-m+fp/hard/libnosys.a
END GROUP
START GROUP
LOAD /Applications/STM32CubeIDE.app/Contents/Eclipse/plugins/com.st.stm32cube.ide.mcu.externaltools.gnu-tools-for-stm32.12.3.rel1.macos64_1.0.200.202406191456/tools/bin/../lib/gcc/arm-none-eabi/12.3.1/thumb/v7e-m+fp/hard/libgcc.a
LOAD /Applications/STM32CubeIDE.app/Contents/Eclipse/plugins/com.st.stm32cube.ide.mcu.externaltools.gnu-tools-for-stm32.12.3.rel1.macos64_1.0.200.202406191456/tools/bin/../lib/gcc/arm-none-eabi/12.3.1/../../../../arm-none-eabi/lib/thumb/v7e-m+fp/hard/libc_nano.a
LOAD /Applications/STM32CubeIDE.app/Contents/Eclipse/plugins/com.st.stm32cube.ide.mcu.externaltools.gnu-tools-for-stm32.12.3.rel1.macos64_1.0.200.202406191456/tools/bin/../lib/gcc/arm-none-eabi/12.3.1/../../../../arm-none-eabi/lib/thumb/v7e-m+fp/hard/libnosys.a
END GROUP
LOAD /Applications/STM32CubeIDE.app/Contents/Eclipse/plugins/com.st.stm32cube.ide.mcu.externaltools.gnu-tools-for-stm32.12.3.rel1.macos64_1.0.200.202406191456/tools/bin/../lib/gcc/arm-none-eabi/12.3.1/thumb/v7e-m+fp/hard/crtend.o
LOAD /Applications/STM32CubeIDE.app/Contents/Eclipse/plugins/com.st.stm32cube.ide.mcu.externaltools.gnu-tools-for-stm32.12.3.rel1.macos64_1.0.200.202406191456/tools/bin/../lib/gcc/arm-none-eabi/12.3.1/thumb/v7e-m+fp/hard/crtn.o
                0x20020000                        _estack = (ORIGIN (RAM) + LENGTH (RAM))
                0x00000200                        _Min_Heap_Size = 0x200
                0x00000400                        _Min_Stack_Size = 0x400

.isr_vector     0x08000000      0x188
                0x08000000                        . = ALIGN (0x4)
 *(.isr_vector)
 .isr_vector    0x08000000      0x188 ./Core/Startup/startup_stm32f405rgtx.o
                0x08000000                g_pfnVectors
                0x08000188                        . = ALIGN (0x4)

.text           0x08000190    0x1006c
                0x08000190                        . = ALIGN (0x4)
 *(.text)
 .text          0x08000190       0x40 /Applications/STM32CubeIDE.app/Contents/Eclipse/plugins/com.st.stm32cube.ide.mcu.externaltools.gnu-tools-for-stm32.12.3.rel1.macos64_1.0.200.202406191456/tools/bin/../lib/gcc/arm-none-eabi/12.3.1/thumb/v7e-m+fp/hard/crtbegin.o
 .text          0x080001d0       0xa0 /Applications/STM32CubeIDE.app/Contents/Eclipse/plugins/com.st.stm32cube.ide.mcu.externaltools.gnu-tools-for-stm32.12.3.rel1.macos64_1.0.200.202406191456/tools/bin/../lib/gcc/arm-none-eabi/12.3.1/../../../../arm-none-eabi/lib/thumb/v7e-m+fp/hard/libc_nano.a(libc_a-memchr.o)
                0x080001d0                memchr
 .text          0x08000270       0x10 /Applications/STM32CubeIDE.app/Contents/Eclipse/plugins/com.st.stm32cube.ide.mcu.externaltools.gnu-tools-for-stm32.12.3.rel1.macos64_1.0.200.202406191456/tools/bin/../lib/gcc/arm-none-eabi/12.3.1/../../../../arm-none-eabi/lib/thumb/v7e-m+fp/hard/libc_nano.a(libc_a-strlen.o)
                0x08000270                strlen
 .text          0x08000280      0x378 /Applications/STM32CubeIDE.app/Contents/Eclipse/plugins/com.st.stm32cube.ide.mcu.externaltools.gnu-tools-for-stm32.12.3.rel1.macos64_1.0.200.202406191456/tools/bin/../lib/gcc/arm-none-eabi/12.3.1/thumb/v7e-m+fp/hard/libgcc.a(_arm_addsubdf3.o)
                0x08000280                __aeabi_drsub
                0x08000288                __subdf3
                0x08000288                __aeabi_dsub
                0x0800028c                __aeabi_dadd
                0x0800028c                __adddf3
                0x08000504                __aeabi_ui2d
                0x08000504                __floatunsidf
                0x08000524                __floatsidf
                0x08000524                __aeabi_i2d
                0x08000548                __extendsfdf2
                0x08000548                __aeabi_f2d
                0x0800058c                __aeabi_ul2d
                0x0800058c                __floatundidf
                0x0800059c                __aeabi_l2d
                0x0800059c                __floatdidf
 .text          0x080005f8      0x424 /Applications/STM32CubeIDE.app/Contents/Eclipse/plugins/com.st.stm32cube.ide.mcu.externaltools.gnu-tools-for-stm32.12.3.rel1.macos64_1.0.200.202406191456/tools/bin/../lib/gcc/arm-none-eabi/12.3.1/thumb/v7e-m+fp/hard/libgcc.a(_arm_muldivdf3.o)
                0x080005f8                __aeabi_dmul
                0x080005f8                __muldf3
                0x0800084c                __aeabi_ddiv
                0x0800084c                __divdf3
 .text          0x08000a1c      0x110 /Applications/STM32CubeIDE.app/Contents/Eclipse/plugins/com.st.stm32cube.ide.mcu.externaltools.gnu-tools-for-stm32.12.3.rel1.macos64_1.0.200.202406191456/tools/bin/../lib/gcc/arm-none-eabi/12.3.1/thumb/v7e-m+fp/hard/libgcc.a(_arm_cmpdf2.o)
                0x08000a1c                __gedf2
                0x08000a1c                __gtdf2
                0x08000a24                __ledf2
                0x08000a24                __ltdf2
                0x08000a2c                __cmpdf2
                0x08000a2c                __eqdf2
                0x08000a2c                __nedf2
                0x08000aa8                __aeabi_cdrcmple
                0x08000ab8                __aeabi_cdcmple
                0x08000ab8                __aeabi_cdcmpeq
                0x08000ac8                __aeabi_dcmpeq
                0x08000adc                __aeabi_dcmplt
                0x08000af0                __aeabi_dcmple
                0x08000b04                __aeabi_dcmpge
                0x08000b18                __aeabi_dcmpgt
 .text          0x08000b2c       0x2c /Applications/STM32CubeIDE.app/Contents/Eclipse/plugins/com.st.stm32cube.ide.mcu.externaltools.gnu-tools-for-stm32.12.3.rel1.macos64_1.0.200.202406191456/tools/bin/../lib/gcc/arm-none-eabi/12.3.1/thumb/v7e-m+fp/hard/libgcc.a(_arm_unorddf2.o)
                0x08000b2c                __aeabi_dcmpun
                0x08000b2c                __unorddf2
 .text          0x08000b58       0x50 /Applications/STM32CubeIDE.app/Contents/Eclipse/plugins/com.st.stm32cube.ide.mcu.externaltools.gnu-tools-for-stm32.12.3.rel1.macos64_1.0.200.202406191456/tools/bin/../lib/gcc/arm-none-eabi/12.3.1/thumb/v7e-m+fp/hard/libgcc.a(_arm_fixdfsi.o)
                0x08000b58                __fixdfsi
                0x08000b58                __aeabi_d2iz
 .text          0x08000ba8       0x40 /Applications/STM32CubeIDE.app/Contents/Eclipse/plugins/com.st.stm32cube.ide.mcu.externaltools.gnu-tools-for-stm32.12.3.rel1.macos64_1.0.200.202406191456/tools/bin/../lib/gcc/arm-none-eabi/12.3.1/thumb/v7e-m+fp/hard/libgcc.a(_arm_fixunsdfsi.o)
                0x08000ba8                __fixunsdfsi
                0x08000ba8                __aeabi_d2uiz
 .text          0x08000be8       0x30 /Applications/STM32CubeIDE.app/Contents/Eclipse/plugins/com.st.stm32cube.ide.mcu.externaltools.gnu-tools-for-stm32.12.3.rel1.macos64_1.0.200.202406191456/tools/bin/../lib/gcc/arm-none-eabi/12.3.1/thumb/v7e-m+fp/hard/libgcc.a(_aeabi_uldivmod.o)
                0x08000be8                __aeabi_uldivmod
 .text          0x08000c18      0x2bc /Applications/STM32CubeIDE.app/Contents/Eclipse/plugins/com.st.stm32cube.ide.mcu.externaltools.gnu-tools-for-stm32.12.3.rel1.macos64_1.0.200.202406191456/tools/bin/../lib/gcc/arm-none-eabi/12.3.1/thumb/v7e-m+fp/hard/libgcc.a(_udivmoddi4.o)
                0x08000c18                __udivmoddi4
 .text          0x08000ed4        0x4 /Applications/STM32CubeIDE.app/Contents/Eclipse/plugins/com.st.stm32cube.ide.mcu.externaltools.gnu-tools-for-stm32.12.3.rel1.macos64_1.0.200.202406191456/tools/bin/../lib/gcc/arm-none-eabi/12.3.1/thumb/v7e-m+fp/hard/libgcc.a(_dvmd_tls.o)
                0x08000ed4                __aeabi_ldiv0
                0x08000ed4                __aeabi_idiv0
 *(.text*)
 .text.readADC  0x08000ed8       0x90 ./Core/Src/main.o
                0x08000ed8                readADC
 .text.BQ76905_ReadRegister
                0x08000f68       0x50 ./Core/Src/main.o
                0x08000f68                BQ76905_ReadRegister
 .text.ReadBatteryData
                0x08000fb8      0x10e ./Core/Src/main.o
                0x08000fb8                ReadBatteryData
 *fill*         0x080010c6        0x2 
 .text.HAL_I2C_SlaveRxCpltCallback
                0x080010c8       0x30 ./Core/Src/main.o
                0x080010c8                HAL_I2C_SlaveRxCpltCallback
 .text.HAL_I2C_AddrCallback
                0x080010f8       0x60 ./Core/Src/main.o
                0x080010f8                HAL_I2C_AddrCallback
 .text.HAL_I2C_ErrorCallback
                0x08001158       0x14 ./Core/Src/main.o
                0x08001158                HAL_I2C_ErrorCallback
 .text.main     0x0800116c      0x334 ./Core/Src/main.o
                0x0800116c                main
 .text.SystemClock_Config
                0x080014a0       0xd4 ./Core/Src/main.o
                0x080014a0                SystemClock_Config
 .text.MX_ADC1_Init
                0x08001574       0xa4 ./Core/Src/main.o
 .text.MX_ADC2_Init
                0x08001618       0xa4 ./Core/Src/main.o
 .text.MX_ADC3_Init
                0x080016bc       0xa4 ./Core/Src/main.o
 .text.MX_I2C1_Init
                0x08001760       0x5c ./Core/Src/main.o
 .text.MX_I2C3_Init
                0x080017bc       0x5c ./Core/Src/main.o
 .text.MX_TIM2_Init
                0x08001818       0xb4 ./Core/Src/main.o
 .text.MX_TIM4_Init
                0x080018cc       0xb4 ./Core/Src/main.o
 .text.MX_TIM5_Init
                0x08001980       0xb4 ./Core/Src/main.o
 .text.MX_UART4_Init
                0x08001a34       0x54 ./Core/Src/main.o
 .text.MX_DMA_Init
                0x08001a88       0x50 ./Core/Src/main.o
 .text.MX_GPIO_Init
                0x08001ad8      0x108 ./Core/Src/main.o
 .text.Error_Handler
                0x08001be0        0xc ./Core/Src/main.o
                0x08001be0                Error_Handler
 .text.HAL_MspInit
                0x08001bec       0x50 ./Core/Src/stm32f4xx_hal_msp.o
                0x08001bec                HAL_MspInit
 .text.HAL_ADC_MspInit
                0x08001c3c      0x1ec ./Core/Src/stm32f4xx_hal_msp.o
                0x08001c3c                HAL_ADC_MspInit
 .text.HAL_I2C_MspInit
                0x08001e28      0x248 ./Core/Src/stm32f4xx_hal_msp.o
                0x08001e28                HAL_I2C_MspInit
 .text.HAL_TIM_PWM_MspInit
                0x08002070       0x98 ./Core/Src/stm32f4xx_hal_msp.o
                0x08002070                HAL_TIM_PWM_MspInit
 .text.HAL_TIM_MspPostInit
                0x08002108      0x10c ./Core/Src/stm32f4xx_hal_msp.o
                0x08002108                HAL_TIM_MspPostInit
 .text.HAL_UART_MspInit
                0x08002214       0x90 ./Core/Src/stm32f4xx_hal_msp.o
                0x08002214                HAL_UART_MspInit
 .text.NMI_Handler
                0x080022a4        0x8 ./Core/Src/stm32f4xx_it.o
                0x080022a4                NMI_Handler
 .text.HardFault_Handler
                0x080022ac        0x8 ./Core/Src/stm32f4xx_it.o
                0x080022ac                HardFault_Handler
 .text.MemManage_Handler
                0x080022b4        0x8 ./Core/Src/stm32f4xx_it.o
                0x080022b4                MemManage_Handler
 .text.BusFault_Handler
                0x080022bc        0x8 ./Core/Src/stm32f4xx_it.o
                0x080022bc                BusFault_Handler
 .text.UsageFault_Handler
                0x080022c4        0x8 ./Core/Src/stm32f4xx_it.o
                0x080022c4                UsageFault_Handler
 .text.SVC_Handler
                0x080022cc        0xe ./Core/Src/stm32f4xx_it.o
                0x080022cc                SVC_Handler
 .text.DebugMon_Handler
                0x080022da        0xe ./Core/Src/stm32f4xx_it.o
                0x080022da                DebugMon_Handler
 .text.PendSV_Handler
                0x080022e8        0xe ./Core/Src/stm32f4xx_it.o
                0x080022e8                PendSV_Handler
 .text.SysTick_Handler
                0x080022f6        0xc ./Core/Src/stm32f4xx_it.o
                0x080022f6                SysTick_Handler
 *fill*         0x08002302        0x2 
 .text.DMA1_Stream2_IRQHandler
                0x08002304       0x14 ./Core/Src/stm32f4xx_it.o
                0x08002304                DMA1_Stream2_IRQHandler
 .text.DMA1_Stream4_IRQHandler
                0x08002318       0x14 ./Core/Src/stm32f4xx_it.o
                0x08002318                DMA1_Stream4_IRQHandler
 .text.I2C1_EV_IRQHandler
                0x0800232c       0x14 ./Core/Src/stm32f4xx_it.o
                0x0800232c                I2C1_EV_IRQHandler
 .text.I2C1_ER_IRQHandler
                0x08002340       0x14 ./Core/Src/stm32f4xx_it.o
                0x08002340                I2C1_ER_IRQHandler
 .text.OTG_FS_IRQHandler
                0x08002354       0x14 ./Core/Src/stm32f4xx_it.o
                0x08002354                OTG_FS_IRQHandler
 .text.I2C3_EV_IRQHandler
                0x08002368       0x14 ./Core/Src/stm32f4xx_it.o
                0x08002368                I2C3_EV_IRQHandler
 .text.I2C3_ER_IRQHandler
                0x0800237c       0x14 ./Core/Src/stm32f4xx_it.o
                0x0800237c                I2C3_ER_IRQHandler
 .text._getpid  0x08002390       0x10 ./Core/Src/syscalls.o
                0x08002390                _getpid
 .text._kill    0x080023a0       0x20 ./Core/Src/syscalls.o
                0x080023a0                _kill
 .text._exit    0x080023c0       0x16 ./Core/Src/syscalls.o
                0x080023c0                _exit
 .text._read    0x080023d6       0x3a ./Core/Src/syscalls.o
                0x080023d6                _read
 .text._write   0x08002410       0x38 ./Core/Src/syscalls.o
                0x08002410                _write
 .text._close   0x08002448       0x18 ./Core/Src/syscalls.o
                0x08002448                _close
 .text._fstat   0x08002460       0x20 ./Core/Src/syscalls.o
                0x08002460                _fstat
 .text._isatty  0x08002480       0x16 ./Core/Src/syscalls.o
                0x08002480                _isatty
 .text._lseek   0x08002496       0x1a ./Core/Src/syscalls.o
                0x08002496                _lseek
 .text._sbrk    0x080024b0       0x6c ./Core/Src/sysmem.o
                0x080024b0                _sbrk
 .text.SystemInit
                0x0800251c       0x24 ./Core/Src/system_stm32f4xx.o
                0x0800251c                SystemInit
 .text.Reset_Handler
                0x08002540       0x50 ./Core/Startup/startup_stm32f405rgtx.o
                0x08002540                Reset_Handler
 .text.Default_Handler
                0x08002590        0x2 ./Core/Startup/startup_stm32f405rgtx.o
                0x08002590                DMA1_Stream3_IRQHandler
                0x08002590                HASH_RNG_IRQHandler
                0x08002590                EXTI2_IRQHandler
                0x08002590                TIM8_CC_IRQHandler
                0x08002590                TIM1_CC_IRQHandler
                0x08002590                DMA2_Stream5_IRQHandler
                0x08002590                DMA1_Stream5_IRQHandler
                0x08002590                PVD_IRQHandler
                0x08002590                SDIO_IRQHandler
                0x08002590                TAMP_STAMP_IRQHandler
                0x08002590                CAN2_RX1_IRQHandler
                0x08002590                EXTI3_IRQHandler
                0x08002590                TIM8_TRG_COM_TIM14_IRQHandler
                0x08002590                TIM1_UP_TIM10_IRQHandler
                0x08002590                TIM8_UP_TIM13_IRQHandler
                0x08002590                EXTI0_IRQHandler
                0x08002590                I2C2_EV_IRQHandler
                0x08002590                CAN1_RX0_IRQHandler
                0x08002590                FPU_IRQHandler
                0x08002590                OTG_HS_WKUP_IRQHandler
                0x08002590                CAN2_SCE_IRQHandler
                0x08002590                DMA2_Stream2_IRQHandler
                0x08002590                SPI1_IRQHandler
                0x08002590                TIM6_DAC_IRQHandler
                0x08002590                TIM1_BRK_TIM9_IRQHandler
                0x08002590                CAN2_RX0_IRQHandler
                0x08002590                DMA2_Stream3_IRQHandler
                0x08002590                USART6_IRQHandler
                0x08002590                USART3_IRQHandler
                0x08002590                CAN1_RX1_IRQHandler
                0x08002590                UART5_IRQHandler
                0x08002590                DMA2_Stream0_IRQHandler
                0x08002590                TIM4_IRQHandler
                0x08002590                DMA1_Stream6_IRQHandler
                0x08002590                DMA1_Stream1_IRQHandler
                0x08002590                UART4_IRQHandler
                0x08002590                TIM3_IRQHandler
                0x08002590                RCC_IRQHandler
                0x08002590                TIM8_BRK_TIM12_IRQHandler
                0x08002590                Default_Handler
                0x08002590                EXTI15_10_IRQHandler
                0x08002590                ADC_IRQHandler
                0x08002590                DMA1_Stream7_IRQHandler
                0x08002590                TIM7_IRQHandler
                0x08002590                CAN2_TX_IRQHandler
                0x08002590                TIM5_IRQHandler
                0x08002590                DMA2_Stream7_IRQHandler
                0x08002590                EXTI9_5_IRQHandler
                0x08002590                RTC_WKUP_IRQHandler
                0x08002590                SPI2_IRQHandler
                0x08002590                OTG_HS_EP1_IN_IRQHandler
                0x08002590                DMA1_Stream0_IRQHandler
                0x08002590                CAN1_TX_IRQHandler
                0x08002590                EXTI4_IRQHandler
                0x08002590                FSMC_IRQHandler
                0x08002590                OTG_HS_EP1_OUT_IRQHandler
                0x08002590                WWDG_IRQHandler
                0x08002590                TIM2_IRQHandler
                0x08002590                OTG_FS_WKUP_IRQHandler
                0x08002590                TIM1_TRG_COM_TIM11_IRQHandler
                0x08002590                OTG_HS_IRQHandler
                0x08002590                EXTI1_IRQHandler
                0x08002590                USART2_IRQHandler
                0x08002590                I2C2_ER_IRQHandler
                0x08002590                DMA2_Stream1_IRQHandler
                0x08002590                CAN1_SCE_IRQHandler
                0x08002590                FLASH_IRQHandler
                0x08002590                DMA2_Stream4_IRQHandler
                0x08002590                USART1_IRQHandler
                0x08002590                SPI3_IRQHandler
                0x08002590                DMA2_Stream6_IRQHandler
                0x08002590                RTC_Alarm_IRQHandler
 *fill*         0x08002592        0x2 
 .text.HAL_Init
                0x08002594       0x44 ./Drivers/STM32F4xx_HAL_Driver/stm32f4xx_hal.o
                0x08002594                HAL_Init
 .text.HAL_InitTick
                0x080025d8       0x60 ./Drivers/STM32F4xx_HAL_Driver/stm32f4xx_hal.o
                0x080025d8                HAL_InitTick
 .text.HAL_IncTick
                0x08002638       0x28 ./Drivers/STM32F4xx_HAL_Driver/stm32f4xx_hal.o
                0x08002638                HAL_IncTick
 .text.HAL_GetTick
                0x08002660       0x18 ./Drivers/STM32F4xx_HAL_Driver/stm32f4xx_hal.o
                0x08002660                HAL_GetTick
 .text.HAL_Delay
                0x08002678       0x48 ./Drivers/STM32F4xx_HAL_Driver/stm32f4xx_hal.o
                0x08002678                HAL_Delay
 .text.HAL_ADC_Init
                0x080026c0       0x86 ./Drivers/STM32F4xx_HAL_Driver/stm32f4xx_hal_adc.o
                0x080026c0                HAL_ADC_Init
 *fill*         0x08002746        0x2 
 .text.HAL_ADC_Start
                0x08002748      0x1a4 ./Drivers/STM32F4xx_HAL_Driver/stm32f4xx_hal_adc.o
                0x08002748                HAL_ADC_Start
 .text.HAL_ADC_PollForConversion
                0x080028ec      0x116 ./Drivers/STM32F4xx_HAL_Driver/stm32f4xx_hal_adc.o
                0x080028ec                HAL_ADC_PollForConversion
 .text.HAL_ADC_GetValue
                0x08002a02       0x1a ./Drivers/STM32F4xx_HAL_Driver/stm32f4xx_hal_adc.o
                0x08002a02                HAL_ADC_GetValue
 .text.HAL_ADC_ConfigChannel
                0x08002a1c      0x244 ./Drivers/STM32F4xx_HAL_Driver/stm32f4xx_hal_adc.o
                0x08002a1c                HAL_ADC_ConfigChannel
 .text.ADC_Init
                0x08002c60      0x1f8 ./Drivers/STM32F4xx_HAL_Driver/stm32f4xx_hal_adc.o
 .text.__NVIC_SetPriorityGrouping
                0x08002e58       0x48 ./Drivers/STM32F4xx_HAL_Driver/stm32f4xx_hal_cortex.o
 .text.__NVIC_GetPriorityGrouping
                0x08002ea0       0x1c ./Drivers/STM32F4xx_HAL_Driver/stm32f4xx_hal_cortex.o
 .text.__NVIC_EnableIRQ
                0x08002ebc       0x3c ./Drivers/STM32F4xx_HAL_Driver/stm32f4xx_hal_cortex.o
 .text.__NVIC_SetPriority
                0x08002ef8       0x54 ./Drivers/STM32F4xx_HAL_Driver/stm32f4xx_hal_cortex.o
 .text.NVIC_EncodePriority
                0x08002f4c       0x66 ./Drivers/STM32F4xx_HAL_Driver/stm32f4xx_hal_cortex.o
 *fill*         0x08002fb2        0x2 
 .text.SysTick_Config
                0x08002fb4       0x44 ./Drivers/STM32F4xx_HAL_Driver/stm32f4xx_hal_cortex.o
 .text.HAL_NVIC_SetPriorityGrouping
                0x08002ff8       0x16 ./Drivers/STM32F4xx_HAL_Driver/stm32f4xx_hal_cortex.o
                0x08002ff8                HAL_NVIC_SetPriorityGrouping
 .text.HAL_NVIC_SetPriority
                0x0800300e       0x38 ./Drivers/STM32F4xx_HAL_Driver/stm32f4xx_hal_cortex.o
                0x0800300e                HAL_NVIC_SetPriority
 .text.HAL_NVIC_EnableIRQ
                0x08003046       0x1c ./Drivers/STM32F4xx_HAL_Driver/stm32f4xx_hal_cortex.o
                0x08003046                HAL_NVIC_EnableIRQ
 .text.HAL_SYSTICK_Config
                0x08003062       0x18 ./Drivers/STM32F4xx_HAL_Driver/stm32f4xx_hal_cortex.o
                0x08003062                HAL_SYSTICK_Config
 *fill*         0x0800307a        0x2 
 .text.HAL_DMA_Init
                0x0800307c      0x15c ./Drivers/STM32F4xx_HAL_Driver/stm32f4xx_hal_dma.o
                0x0800307c                HAL_DMA_Init
 .text.HAL_DMA_Abort_IT
                0x080031d8       0x44 ./Drivers/STM32F4xx_HAL_Driver/stm32f4xx_hal_dma.o
                0x080031d8                HAL_DMA_Abort_IT
 .text.HAL_DMA_IRQHandler
                0x0800321c      0x314 ./Drivers/STM32F4xx_HAL_Driver/stm32f4xx_hal_dma.o
                0x0800321c                HAL_DMA_IRQHandler
 .text.HAL_DMA_GetState
                0x08003530       0x1c ./Drivers/STM32F4xx_HAL_Driver/stm32f4xx_hal_dma.o
                0x08003530                HAL_DMA_GetState
 .text.DMA_CalcBaseAndBitshift
                0x0800354c       0x6c ./Drivers/STM32F4xx_HAL_Driver/stm32f4xx_hal_dma.o
 .text.DMA_CheckFifoParam
                0x080035b8       0xf8 ./Drivers/STM32F4xx_HAL_Driver/stm32f4xx_hal_dma.o
 .text.HAL_GPIO_Init
                0x080036b0      0x338 ./Drivers/STM32F4xx_HAL_Driver/stm32f4xx_hal_gpio.o
                0x080036b0                HAL_GPIO_Init
 .text.HAL_GPIO_ReadPin
                0x080039e8       0x30 ./Drivers/STM32F4xx_HAL_Driver/stm32f4xx_hal_gpio.o
                0x080039e8                HAL_GPIO_ReadPin
 .text.HAL_GPIO_WritePin
                0x08003a18       0x32 ./Drivers/STM32F4xx_HAL_Driver/stm32f4xx_hal_gpio.o
                0x08003a18                HAL_GPIO_WritePin
 *fill*         0x08003a4a        0x2 
 .text.HAL_I2C_Init
                0x08003a4c      0x288 ./Drivers/STM32F4xx_HAL_Driver/stm32f4xx_hal_i2c.o
                0x08003a4c                HAL_I2C_Init
 .text.I2C_Flush_DR
                0x08003cd4       0x2a ./Drivers/STM32F4xx_HAL_Driver/stm32f4xx_hal_i2c.o
 *fill*         0x08003cfe        0x2 
 .text.HAL_I2C_Master_Transmit
                0x08003d00      0x1fc ./Drivers/STM32F4xx_HAL_Driver/stm32f4xx_hal_i2c.o
                0x08003d00                HAL_I2C_Master_Transmit
 .text.HAL_I2C_Master_Receive
                0x08003efc      0x464 ./Drivers/STM32F4xx_HAL_Driver/stm32f4xx_hal_i2c.o
                0x08003efc                HAL_I2C_Master_Receive
 .text.HAL_I2C_Slave_Transmit_IT
                0x08004360       0xe0 ./Drivers/STM32F4xx_HAL_Driver/stm32f4xx_hal_i2c.o
                0x08004360                HAL_I2C_Slave_Transmit_IT
 .text.HAL_I2C_Slave_Receive_IT
                0x08004440       0xe0 ./Drivers/STM32F4xx_HAL_Driver/stm32f4xx_hal_i2c.o
                0x08004440                HAL_I2C_Slave_Receive_IT
 .text.HAL_I2C_EnableListen_IT
                0x08004520       0x6c ./Drivers/STM32F4xx_HAL_Driver/stm32f4xx_hal_i2c.o
                0x08004520                HAL_I2C_EnableListen_IT
 .text.HAL_I2C_EV_IRQHandler
                0x0800458c      0x2a6 ./Drivers/STM32F4xx_HAL_Driver/stm32f4xx_hal_i2c.o
                0x0800458c                HAL_I2C_EV_IRQHandler
 .text.HAL_I2C_ER_IRQHandler
                0x08004832      0x13e ./Drivers/STM32F4xx_HAL_Driver/stm32f4xx_hal_i2c.o
                0x08004832                HAL_I2C_ER_IRQHandler
 .text.HAL_I2C_MasterTxCpltCallback
                0x08004970       0x14 ./Drivers/STM32F4xx_HAL_Driver/stm32f4xx_hal_i2c.o
                0x08004970                HAL_I2C_MasterTxCpltCallback
 .text.HAL_I2C_MasterRxCpltCallback
                0x08004984       0x14 ./Drivers/STM32F4xx_HAL_Driver/stm32f4xx_hal_i2c.o
                0x08004984                HAL_I2C_MasterRxCpltCallback
 .text.HAL_I2C_SlaveTxCpltCallback
                0x08004998       0x14 ./Drivers/STM32F4xx_HAL_Driver/stm32f4xx_hal_i2c.o
                0x08004998                HAL_I2C_SlaveTxCpltCallback
 .text.HAL_I2C_ListenCpltCallback
                0x080049ac       0x14 ./Drivers/STM32F4xx_HAL_Driver/stm32f4xx_hal_i2c.o
                0x080049ac                HAL_I2C_ListenCpltCallback
 .text.HAL_I2C_MemTxCpltCallback
                0x080049c0       0x14 ./Drivers/STM32F4xx_HAL_Driver/stm32f4xx_hal_i2c.o
                0x080049c0                HAL_I2C_MemTxCpltCallback
 .text.HAL_I2C_MemRxCpltCallback
                0x080049d4       0x14 ./Drivers/STM32F4xx_HAL_Driver/stm32f4xx_hal_i2c.o
                0x080049d4                HAL_I2C_MemRxCpltCallback
 .text.HAL_I2C_AbortCpltCallback
                0x080049e8       0x14 ./Drivers/STM32F4xx_HAL_Driver/stm32f4xx_hal_i2c.o
                0x080049e8                HAL_I2C_AbortCpltCallback
 .text.I2C_MasterTransmit_TXE
                0x080049fc      0x138 ./Drivers/STM32F4xx_HAL_Driver/stm32f4xx_hal_i2c.o
 .text.I2C_MasterTransmit_BTF
                0x08004b34       0xec ./Drivers/STM32F4xx_HAL_Driver/stm32f4xx_hal_i2c.o
 .text.I2C_MemoryTransmit_TXE_BTF
                0x08004c20      0x130 ./Drivers/STM32F4xx_HAL_Driver/stm32f4xx_hal_i2c.o
 .text.I2C_MasterReceive_RXNE
                0x08004d50      0x190 ./Drivers/STM32F4xx_HAL_Driver/stm32f4xx_hal_i2c.o
 .text.I2C_MasterReceive_BTF
                0x08004ee0      0x1ea ./Drivers/STM32F4xx_HAL_Driver/stm32f4xx_hal_i2c.o
 .text.I2C_Master_SB
                0x080050ca      0x10c ./Drivers/STM32F4xx_HAL_Driver/stm32f4xx_hal_i2c.o
 .text.I2C_Master_ADD10
                0x080051d6       0x54 ./Drivers/STM32F4xx_HAL_Driver/stm32f4xx_hal_i2c.o
 .text.I2C_Master_ADDR
                0x0800522a      0x322 ./Drivers/STM32F4xx_HAL_Driver/stm32f4xx_hal_i2c.o
 .text.I2C_SlaveTransmit_TXE
                0x0800554c       0x7a ./Drivers/STM32F4xx_HAL_Driver/stm32f4xx_hal_i2c.o
 .text.I2C_SlaveTransmit_BTF
                0x080055c6       0x42 ./Drivers/STM32F4xx_HAL_Driver/stm32f4xx_hal_i2c.o
 .text.I2C_SlaveReceive_RXNE
                0x08005608       0x7c ./Drivers/STM32F4xx_HAL_Driver/stm32f4xx_hal_i2c.o
 .text.I2C_SlaveReceive_BTF
                0x08005684       0x44 ./Drivers/STM32F4xx_HAL_Driver/stm32f4xx_hal_i2c.o
 .text.I2C_Slave_ADDR
                0x080056c8       0x90 ./Drivers/STM32F4xx_HAL_Driver/stm32f4xx_hal_i2c.o
 .text.I2C_Slave_STOPF
                0x08005758      0x260 ./Drivers/STM32F4xx_HAL_Driver/stm32f4xx_hal_i2c.o
 .text.I2C_Slave_AF
                0x080059b8       0xe8 ./Drivers/STM32F4xx_HAL_Driver/stm32f4xx_hal_i2c.o
 .text.I2C_ITError
                0x08005aa0      0x264 ./Drivers/STM32F4xx_HAL_Driver/stm32f4xx_hal_i2c.o
 .text.I2C_MasterRequestWrite
                0x08005d04      0x104 ./Drivers/STM32F4xx_HAL_Driver/stm32f4xx_hal_i2c.o
 .text.I2C_MasterRequestRead
                0x08005e08      0x19c ./Drivers/STM32F4xx_HAL_Driver/stm32f4xx_hal_i2c.o
 .text.I2C_DMAAbort
                0x08005fa4      0x150 ./Drivers/STM32F4xx_HAL_Driver/stm32f4xx_hal_i2c.o
 .text.I2C_WaitOnFlagUntilTimeout
                0x080060f4       0xf4 ./Drivers/STM32F4xx_HAL_Driver/stm32f4xx_hal_i2c.o
 .text.I2C_WaitOnMasterAddressFlagUntilTimeout
                0x080061e8      0x140 ./Drivers/STM32F4xx_HAL_Driver/stm32f4xx_hal_i2c.o
 .text.I2C_WaitOnTXEFlagUntilTimeout
                0x08006328       0x90 ./Drivers/STM32F4xx_HAL_Driver/stm32f4xx_hal_i2c.o
 .text.I2C_WaitOnBTFFlagUntilTimeout
                0x080063b8       0x90 ./Drivers/STM32F4xx_HAL_Driver/stm32f4xx_hal_i2c.o
 .text.I2C_WaitOnSTOPRequestThroughIT
                0x08006448       0x64 ./Drivers/STM32F4xx_HAL_Driver/stm32f4xx_hal_i2c.o
 .text.I2C_WaitOnRXNEFlagUntilTimeout
                0x080064ac       0xba ./Drivers/STM32F4xx_HAL_Driver/stm32f4xx_hal_i2c.o
 .text.I2C_IsAcknowledgeFailed
                0x08006566       0x5e ./Drivers/STM32F4xx_HAL_Driver/stm32f4xx_hal_i2c.o
 .text.I2C_ConvertOtherXferOptions
                0x080065c4       0x36 ./Drivers/STM32F4xx_HAL_Driver/stm32f4xx_hal_i2c.o
 .text.HAL_PCD_Init
                0x080065fa      0x21e ./Drivers/STM32F4xx_HAL_Driver/stm32f4xx_hal_pcd.o
                0x080065fa                HAL_PCD_Init
 .text.HAL_PCD_Start
                0x08006818       0x6a ./Drivers/STM32F4xx_HAL_Driver/stm32f4xx_hal_pcd.o
                0x08006818                HAL_PCD_Start
 .text.HAL_PCD_IRQHandler
                0x08006882      0x942 ./Drivers/STM32F4xx_HAL_Driver/stm32f4xx_hal_pcd.o
                0x08006882                HAL_PCD_IRQHandler
 .text.HAL_PCD_SetAddress
                0x080071c4       0x48 ./Drivers/STM32F4xx_HAL_Driver/stm32f4xx_hal_pcd.o
                0x080071c4                HAL_PCD_SetAddress
 .text.HAL_PCD_EP_Open
                0x0800720c       0xd4 ./Drivers/STM32F4xx_HAL_Driver/stm32f4xx_hal_pcd.o
                0x0800720c                HAL_PCD_EP_Open
 .text.HAL_PCD_EP_Close
                0x080072e0       0x94 ./Drivers/STM32F4xx_HAL_Driver/stm32f4xx_hal_pcd.o
                0x080072e0                HAL_PCD_EP_Close
 .text.HAL_PCD_EP_Receive
                0x08007374       0x76 ./Drivers/STM32F4xx_HAL_Driver/stm32f4xx_hal_pcd.o
                0x08007374                HAL_PCD_EP_Receive
 .text.HAL_PCD_EP_GetRxCount
                0x080073ea       0x30 ./Drivers/STM32F4xx_HAL_Driver/stm32f4xx_hal_pcd.o
                0x080073ea                HAL_PCD_EP_GetRxCount
 .text.HAL_PCD_EP_Transmit
                0x0800741a       0x74 ./Drivers/STM32F4xx_HAL_Driver/stm32f4xx_hal_pcd.o
                0x0800741a                HAL_PCD_EP_Transmit
 .text.HAL_PCD_EP_SetStall
                0x0800748e       0xc6 ./Drivers/STM32F4xx_HAL_Driver/stm32f4xx_hal_pcd.o
                0x0800748e                HAL_PCD_EP_SetStall
 .text.HAL_PCD_EP_ClrStall
                0x08007554       0xac ./Drivers/STM32F4xx_HAL_Driver/stm32f4xx_hal_pcd.o
                0x08007554                HAL_PCD_EP_ClrStall
 .text.HAL_PCD_EP_Abort
                0x08007600       0x62 ./Drivers/STM32F4xx_HAL_Driver/stm32f4xx_hal_pcd.o
                0x08007600                HAL_PCD_EP_Abort
 .text.PCD_WriteEmptyTxFifo
                0x08007662      0x118 ./Drivers/STM32F4xx_HAL_Driver/stm32f4xx_hal_pcd.o
 *fill*         0x0800777a        0x2 
 .text.PCD_EP_OutXfrComplete_int
                0x0800777c      0x1d0 ./Drivers/STM32F4xx_HAL_Driver/stm32f4xx_hal_pcd.o
 .text.PCD_EP_OutSetupPacket_int
                0x0800794c       0x8c ./Drivers/STM32F4xx_HAL_Driver/stm32f4xx_hal_pcd.o
 .text.HAL_PCDEx_SetTxFiFo
                0x080079d8       0x8e ./Drivers/STM32F4xx_HAL_Driver/stm32f4xx_hal_pcd_ex.o
                0x080079d8                HAL_PCDEx_SetTxFiFo
 .text.HAL_PCDEx_SetRxFiFo
                0x08007a66       0x22 ./Drivers/STM32F4xx_HAL_Driver/stm32f4xx_hal_pcd_ex.o
                0x08007a66                HAL_PCDEx_SetRxFiFo
 .text.HAL_PCDEx_LPM_Callback
                0x08007a88       0x18 ./Drivers/STM32F4xx_HAL_Driver/stm32f4xx_hal_pcd_ex.o
                0x08007a88                HAL_PCDEx_LPM_Callback
 .text.HAL_RCC_OscConfig
                0x08007aa0      0x4f0 ./Drivers/STM32F4xx_HAL_Driver/stm32f4xx_hal_rcc.o
                0x08007aa0                HAL_RCC_OscConfig
 .text.HAL_RCC_ClockConfig
                0x08007f90      0x1cc ./Drivers/STM32F4xx_HAL_Driver/stm32f4xx_hal_rcc.o
                0x08007f90                HAL_RCC_ClockConfig
 .text.HAL_RCC_GetSysClockFreq
                0x0800815c      0x20c ./Drivers/STM32F4xx_HAL_Driver/stm32f4xx_hal_rcc.o
                0x0800815c                HAL_RCC_GetSysClockFreq
 .text.HAL_RCC_GetHCLKFreq
                0x08008368       0x18 ./Drivers/STM32F4xx_HAL_Driver/stm32f4xx_hal_rcc.o
                0x08008368                HAL_RCC_GetHCLKFreq
 .text.HAL_RCC_GetPCLK1Freq
                0x08008380       0x28 ./Drivers/STM32F4xx_HAL_Driver/stm32f4xx_hal_rcc.o
                0x08008380                HAL_RCC_GetPCLK1Freq
 .text.HAL_RCC_GetPCLK2Freq
                0x080083a8       0x28 ./Drivers/STM32F4xx_HAL_Driver/stm32f4xx_hal_rcc.o
                0x080083a8                HAL_RCC_GetPCLK2Freq
 .text.HAL_TIM_PWM_Init
                0x080083d0       0x9e ./Drivers/STM32F4xx_HAL_Driver/stm32f4xx_hal_tim.o
                0x080083d0                HAL_TIM_PWM_Init
 *fill*         0x0800846e        0x2 
 .text.HAL_TIM_PWM_Start
                0x08008470      0x190 ./Drivers/STM32F4xx_HAL_Driver/stm32f4xx_hal_tim.o
                0x08008470                HAL_TIM_PWM_Start
 .text.HAL_TIM_PWM_ConfigChannel
                0x08008600      0x184 ./Drivers/STM32F4xx_HAL_Driver/stm32f4xx_hal_tim.o
                0x08008600                HAL_TIM_PWM_ConfigChannel
 .text.TIM_Base_SetConfig
                0x08008784      0x158 ./Drivers/STM32F4xx_HAL_Driver/stm32f4xx_hal_tim.o
                0x08008784                TIM_Base_SetConfig
 .text.TIM_OC1_SetConfig
                0x080088dc       0xe0 ./Drivers/STM32F4xx_HAL_Driver/stm32f4xx_hal_tim.o
 .text.TIM_OC2_SetConfig
                0x080089bc       0xec ./Drivers/STM32F4xx_HAL_Driver/stm32f4xx_hal_tim.o
                0x080089bc                TIM_OC2_SetConfig
 .text.TIM_OC3_SetConfig
                0x08008aa8       0xe8 ./Drivers/STM32F4xx_HAL_Driver/stm32f4xx_hal_tim.o
 .text.TIM_OC4_SetConfig
                0x08008b90       0xac ./Drivers/STM32F4xx_HAL_Driver/stm32f4xx_hal_tim.o
 .text.TIM_CCxChannelCmd
                0x08008c3c       0x4a ./Drivers/STM32F4xx_HAL_Driver/stm32f4xx_hal_tim.o
                0x08008c3c                TIM_CCxChannelCmd
 *fill*         0x08008c86        0x2 
 .text.HAL_TIMEx_MasterConfigSynchronization
                0x08008c88       0xf8 ./Drivers/STM32F4xx_HAL_Driver/stm32f4xx_hal_tim_ex.o
                0x08008c88                HAL_TIMEx_MasterConfigSynchronization
 .text.HAL_UART_Init
                0x08008d80       0xa0 ./Drivers/STM32F4xx_HAL_Driver/stm32f4xx_hal_uart.o
                0x08008d80                HAL_UART_Init
 .text.HAL_UART_Transmit
                0x08008e20      0x116 ./Drivers/STM32F4xx_HAL_Driver/stm32f4xx_hal_uart.o
                0x08008e20                HAL_UART_Transmit
 .text.UART_WaitOnFlagUntilTimeout
                0x08008f36       0xb2 ./Drivers/STM32F4xx_HAL_Driver/stm32f4xx_hal_uart.o
 .text.UART_EndRxTransfer
                0x08008fe8       0xc6 ./Drivers/STM32F4xx_HAL_Driver/stm32f4xx_hal_uart.o
 *fill*         0x080090ae        0x2 
 .text.UART_SetConfig
                0x080090b0      0x4e8 ./Drivers/STM32F4xx_HAL_Driver/stm32f4xx_hal_uart.o
 .text.USB_CoreInit
                0x08009598       0xc8 ./Drivers/STM32F4xx_HAL_Driver/stm32f4xx_ll_usb.o
                0x08009598                USB_CoreInit
 .text.USB_SetTurnaroundTime
                0x08009660      0x144 ./Drivers/STM32F4xx_HAL_Driver/stm32f4xx_ll_usb.o
                0x08009660                USB_SetTurnaroundTime
 .text.USB_EnableGlobalInt
                0x080097a4       0x22 ./Drivers/STM32F4xx_HAL_Driver/stm32f4xx_ll_usb.o
                0x080097a4                USB_EnableGlobalInt
 .text.USB_DisableGlobalInt
                0x080097c6       0x22 ./Drivers/STM32F4xx_HAL_Driver/stm32f4xx_ll_usb.o
                0x080097c6                USB_DisableGlobalInt
 .text.USB_SetCurrentMode
                0x080097e8       0x98 ./Drivers/STM32F4xx_HAL_Driver/stm32f4xx_ll_usb.o
                0x080097e8                USB_SetCurrentMode
 .text.USB_DevInit
                0x08009880      0x2c8 ./Drivers/STM32F4xx_HAL_Driver/stm32f4xx_ll_usb.o
                0x08009880                USB_DevInit
 .text.USB_FlushTxFifo
                0x08009b48       0x64 ./Drivers/STM32F4xx_HAL_Driver/stm32f4xx_ll_usb.o
                0x08009b48                USB_FlushTxFifo
 .text.USB_FlushRxFifo
                0x08009bac       0x5c ./Drivers/STM32F4xx_HAL_Driver/stm32f4xx_ll_usb.o
                0x08009bac                USB_FlushRxFifo
 .text.USB_SetDevSpeed
                0x08009c08       0x32 ./Drivers/STM32F4xx_HAL_Driver/stm32f4xx_ll_usb.o
                0x08009c08                USB_SetDevSpeed
 .text.USB_GetDevSpeed
                0x08009c3a       0x4a ./Drivers/STM32F4xx_HAL_Driver/stm32f4xx_ll_usb.o
                0x08009c3a                USB_GetDevSpeed
 .text.USB_ActivateEndpoint
                0x08009c84      0x10e ./Drivers/STM32F4xx_HAL_Driver/stm32f4xx_ll_usb.o
                0x08009c84                USB_ActivateEndpoint
 *fill*         0x08009d92        0x2 
 .text.USB_DeactivateEndpoint
                0x08009d94      0x1b8 ./Drivers/STM32F4xx_HAL_Driver/stm32f4xx_ll_usb.o
                0x08009d94                USB_DeactivateEndpoint
 .text.USB_EPStartXfer
                0x08009f4c      0x53c ./Drivers/STM32F4xx_HAL_Driver/stm32f4xx_ll_usb.o
                0x08009f4c                USB_EPStartXfer
 .text.USB_EPStopXfer
                0x0800a488      0x154 ./Drivers/STM32F4xx_HAL_Driver/stm32f4xx_ll_usb.o
                0x0800a488                USB_EPStopXfer
 .text.USB_WritePacket
                0x0800a5dc       0x7c ./Drivers/STM32F4xx_HAL_Driver/stm32f4xx_ll_usb.o
                0x0800a5dc                USB_WritePacket
 .text.USB_ReadPacket
                0x0800a658       0xb0 ./Drivers/STM32F4xx_HAL_Driver/stm32f4xx_ll_usb.o
                0x0800a658                USB_ReadPacket
 .text.USB_EPSetStall
                0x0800a708       0xdc ./Drivers/STM32F4xx_HAL_Driver/stm32f4xx_ll_usb.o
                0x0800a708                USB_EPSetStall
 .text.USB_EPClearStall
                0x0800a7e4       0xcc ./Drivers/STM32F4xx_HAL_Driver/stm32f4xx_ll_usb.o
                0x0800a7e4                USB_EPClearStall
 .text.USB_SetDevAddress
                0x0800a8b0       0x4c ./Drivers/STM32F4xx_HAL_Driver/stm32f4xx_ll_usb.o
                0x0800a8b0                USB_SetDevAddress
 .text.USB_DevConnect
                0x0800a8fc       0x42 ./Drivers/STM32F4xx_HAL_Driver/stm32f4xx_ll_usb.o
                0x0800a8fc                USB_DevConnect
 .text.USB_DevDisconnect
                0x0800a93e       0x42 ./Drivers/STM32F4xx_HAL_Driver/stm32f4xx_ll_usb.o
                0x0800a93e                USB_DevDisconnect
 .text.USB_ReadInterrupts
                0x0800a980       0x26 ./Drivers/STM32F4xx_HAL_Driver/stm32f4xx_ll_usb.o
                0x0800a980                USB_ReadInterrupts
 .text.USB_ReadDevAllOutEpInterrupt
                0x0800a9a6       0x34 ./Drivers/STM32F4xx_HAL_Driver/stm32f4xx_ll_usb.o
                0x0800a9a6                USB_ReadDevAllOutEpInterrupt
 .text.USB_ReadDevAllInEpInterrupt
                0x0800a9da       0x34 ./Drivers/STM32F4xx_HAL_Driver/stm32f4xx_ll_usb.o
                0x0800a9da                USB_ReadDevAllInEpInterrupt
 .text.USB_ReadDevOutEPInterrupt
                0x0800aa0e       0x3c ./Drivers/STM32F4xx_HAL_Driver/stm32f4xx_ll_usb.o
                0x0800aa0e                USB_ReadDevOutEPInterrupt
 .text.USB_ReadDevInEPInterrupt
                0x0800aa4a       0x5c ./Drivers/STM32F4xx_HAL_Driver/stm32f4xx_ll_usb.o
                0x0800aa4a                USB_ReadDevInEPInterrupt
 .text.USB_GetMode
                0x0800aaa6       0x1c ./Drivers/STM32F4xx_HAL_Driver/stm32f4xx_ll_usb.o
                0x0800aaa6                USB_GetMode
 .text.USB_ActivateSetup
                0x0800aac2       0x46 ./Drivers/STM32F4xx_HAL_Driver/stm32f4xx_ll_usb.o
                0x0800aac2                USB_ActivateSetup
 .text.USB_EP0_OutStart
                0x0800ab08       0xbc ./Drivers/STM32F4xx_HAL_Driver/stm32f4xx_ll_usb.o
                0x0800ab08                USB_EP0_OutStart
 .text.USB_CoreReset
                0x0800abc4       0x62 ./Drivers/STM32F4xx_HAL_Driver/stm32f4xx_ll_usb.o
 *fill*         0x0800ac26        0x2 
 .text.USBD_CDC_Init
                0x0800ac28      0x1f0 ./Middlewares/USB_Device_Library/usbd_cdc.o
 .text.USBD_CDC_DeInit
                0x0800ae18      0x104 ./Middlewares/USB_Device_Library/usbd_cdc.o
 .text.USBD_CDC_Setup
                0x0800af1c      0x1b8 ./Middlewares/USB_Device_Library/usbd_cdc.o
 .text.USBD_CDC_DataIn
                0x0800b0d4       0xfe ./Middlewares/USB_Device_Library/usbd_cdc.o
 .text.USBD_CDC_DataOut
                0x0800b1d2       0x70 ./Middlewares/USB_Device_Library/usbd_cdc.o
 .text.USBD_CDC_EP0_RxReady
                0x0800b242       0x74 ./Middlewares/USB_Device_Library/usbd_cdc.o
 *fill*         0x0800b2b6        0x2 
 .text.USBD_CDC_GetFSCfgDesc
                0x0800b2b8       0x70 ./Middlewares/USB_Device_Library/usbd_cdc.o
 .text.USBD_CDC_GetHSCfgDesc
                0x0800b328       0x70 ./Middlewares/USB_Device_Library/usbd_cdc.o
 .text.USBD_CDC_GetOtherSpeedCfgDesc
                0x0800b398       0x70 ./Middlewares/USB_Device_Library/usbd_cdc.o
 .text.USBD_CDC_GetDeviceQualifierDescriptor
                0x0800b408       0x20 ./Middlewares/USB_Device_Library/usbd_cdc.o
                0x0800b408                USBD_CDC_GetDeviceQualifierDescriptor
 .text.USBD_CDC_RegisterInterface
                0x0800b428       0x34 ./Middlewares/USB_Device_Library/usbd_cdc.o
                0x0800b428                USBD_CDC_RegisterInterface
 .text.USBD_CDC_SetTxBuffer
                0x0800b45c       0x44 ./Middlewares/USB_Device_Library/usbd_cdc.o
                0x0800b45c                USBD_CDC_SetTxBuffer
 .text.USBD_CDC_SetRxBuffer
                0x0800b4a0       0x3a ./Middlewares/USB_Device_Library/usbd_cdc.o
                0x0800b4a0                USBD_CDC_SetRxBuffer
 *fill*         0x0800b4da        0x2 
 .text.USBD_CDC_ReceivePacket
                0x0800b4dc       0x6c ./Middlewares/USB_Device_Library/usbd_cdc.o
                0x0800b4dc                USBD_CDC_ReceivePacket
 .text.USBD_Init
                0x0800b548       0x60 ./Middlewares/USB_Device_Library/usbd_core.o
                0x0800b548                USBD_Init
 .text.USBD_RegisterClass
                0x0800b5a8       0x6c ./Middlewares/USB_Device_Library/usbd_core.o
                0x0800b5a8                USBD_RegisterClass
 .text.USBD_Start
                0x0800b614       0x18 ./Middlewares/USB_Device_Library/usbd_core.o
                0x0800b614                USBD_Start
 .text.USBD_RunTestMode
                0x0800b62c       0x16 ./Middlewares/USB_Device_Library/usbd_core.o
                0x0800b62c                USBD_RunTestMode
 .text.USBD_SetClassConfig
                0x0800b642       0x38 ./Middlewares/USB_Device_Library/usbd_core.o
                0x0800b642                USBD_SetClassConfig
 .text.USBD_ClrClassConfig
                0x0800b67a       0x34 ./Middlewares/USB_Device_Library/usbd_core.o
                0x0800b67a                USBD_ClrClassConfig
 .text.USBD_LL_SetupStage
                0x0800b6ae       0xaa ./Middlewares/USB_Device_Library/usbd_core.o
                0x0800b6ae                USBD_LL_SetupStage
 .text.USBD_LL_DataOutStage
                0x0800b758      0x166 ./Middlewares/USB_Device_Library/usbd_core.o
                0x0800b758                USBD_LL_DataOutStage
 .text.USBD_LL_DataInStage
                0x0800b8be      0x164 ./Middlewares/USB_Device_Library/usbd_core.o
                0x0800b8be                USBD_LL_DataInStage
 .text.USBD_LL_Reset
                0x0800ba22       0xa4 ./Middlewares/USB_Device_Library/usbd_core.o
                0x0800ba22                USBD_LL_Reset
 .text.USBD_LL_SetSpeed
                0x0800bac6       0x20 ./Middlewares/USB_Device_Library/usbd_core.o
                0x0800bac6                USBD_LL_SetSpeed
 .text.USBD_LL_Suspend
                0x0800bae6       0x38 ./Middlewares/USB_Device_Library/usbd_core.o
                0x0800bae6                USBD_LL_Suspend
 .text.USBD_LL_Resume
                0x0800bb1e       0x30 ./Middlewares/USB_Device_Library/usbd_core.o
                0x0800bb1e                USBD_LL_Resume
 .text.USBD_LL_SOF
                0x0800bb4e       0x40 ./Middlewares/USB_Device_Library/usbd_core.o
                0x0800bb4e                USBD_LL_SOF
 .text.USBD_LL_IsoINIncomplete
                0x0800bb8e       0x64 ./Middlewares/USB_Device_Library/usbd_core.o
                0x0800bb8e                USBD_LL_IsoINIncomplete
 .text.USBD_LL_IsoOUTIncomplete
                0x0800bbf2       0x64 ./Middlewares/USB_Device_Library/usbd_core.o
                0x0800bbf2                USBD_LL_IsoOUTIncomplete
 .text.USBD_LL_DevConnected
                0x0800bc56       0x16 ./Middlewares/USB_Device_Library/usbd_core.o
                0x0800bc56                USBD_LL_DevConnected
 .text.USBD_LL_DevDisconnected
                0x0800bc6c       0x46 ./Middlewares/USB_Device_Library/usbd_core.o
                0x0800bc6c                USBD_LL_DevDisconnected
 .text.USBD_CoreFindIF
                0x0800bcb2       0x1a ./Middlewares/USB_Device_Library/usbd_core.o
                0x0800bcb2                USBD_CoreFindIF
 .text.USBD_CoreFindEP
                0x0800bccc       0x1a ./Middlewares/USB_Device_Library/usbd_core.o
                0x0800bccc                USBD_CoreFindEP
 .text.USBD_GetEpDesc
                0x0800bce6       0x70 ./Middlewares/USB_Device_Library/usbd_core.o
                0x0800bce6                USBD_GetEpDesc
 .text.USBD_GetNextDesc
                0x0800bd56       0x38 ./Middlewares/USB_Device_Library/usbd_core.o
                0x0800bd56                USBD_GetNextDesc
 .text.SWAPBYTE
                0x0800bd8e       0x3c ./Middlewares/USB_Device_Library/usbd_ctlreq.o
 *fill*         0x0800bdca        0x2 
 .text.USBD_StdDevReq
                0x0800bdcc       0xe4 ./Middlewares/USB_Device_Library/usbd_ctlreq.o
                0x0800bdcc                USBD_StdDevReq
 .text.USBD_StdItfReq
                0x0800beb0       0xd8 ./Middlewares/USB_Device_Library/usbd_ctlreq.o
                0x0800beb0                USBD_StdItfReq
 .text.USBD_StdEPReq
                0x0800bf88      0x33a ./Middlewares/USB_Device_Library/usbd_ctlreq.o
                0x0800bf88                USBD_StdEPReq
 *fill*         0x0800c2c2        0x2 
 .text.USBD_GetDescriptor
                0x0800c2c4      0x2d4 ./Middlewares/USB_Device_Library/usbd_ctlreq.o
 .text.USBD_SetAddress
                0x0800c598       0x88 ./Middlewares/USB_Device_Library/usbd_ctlreq.o
 .text.USBD_SetConfig
                0x0800c620      0x154 ./Middlewares/USB_Device_Library/usbd_ctlreq.o
 .text.USBD_GetConfig
                0x0800c774       0x6c ./Middlewares/USB_Device_Library/usbd_ctlreq.o
 .text.USBD_GetStatus
                0x0800c7e0       0x68 ./Middlewares/USB_Device_Library/usbd_ctlreq.o
 .text.USBD_SetFeature
                0x0800c848       0x52 ./Middlewares/USB_Device_Library/usbd_ctlreq.o
 .text.USBD_ClrFeature
                0x0800c89a       0x44 ./Middlewares/USB_Device_Library/usbd_ctlreq.o
 .text.USBD_ParseSetupRequest
                0x0800c8de       0x74 ./Middlewares/USB_Device_Library/usbd_ctlreq.o
                0x0800c8de                USBD_ParseSetupRequest
 .text.USBD_CtlError
                0x0800c952       0x22 ./Middlewares/USB_Device_Library/usbd_ctlreq.o
                0x0800c952                USBD_CtlError
 .text.USBD_GetString
                0x0800c974       0xa4 ./Middlewares/USB_Device_Library/usbd_ctlreq.o
                0x0800c974                USBD_GetString
 .text.USBD_GetLen
                0x0800ca18       0x34 ./Middlewares/USB_Device_Library/usbd_ctlreq.o
 .text.USBD_CtlSendData
                0x0800ca4c       0x36 ./Middlewares/USB_Device_Library/usbd_ioreq.o
                0x0800ca4c                USBD_CtlSendData
 .text.USBD_CtlContinueSendData
                0x0800ca82       0x22 ./Middlewares/USB_Device_Library/usbd_ioreq.o
                0x0800ca82                USBD_CtlContinueSendData
 .text.USBD_CtlPrepareRx
                0x0800caa4       0x3a ./Middlewares/USB_Device_Library/usbd_ioreq.o
                0x0800caa4                USBD_CtlPrepareRx
 .text.USBD_CtlContinueRx
                0x0800cade       0x22 ./Middlewares/USB_Device_Library/usbd_ioreq.o
                0x0800cade                USBD_CtlContinueRx
 .text.USBD_CtlSendStatus
                0x0800cb00       0x26 ./Middlewares/USB_Device_Library/usbd_ioreq.o
                0x0800cb00                USBD_CtlSendStatus
 .text.USBD_CtlReceiveStatus
                0x0800cb26       0x26 ./Middlewares/USB_Device_Library/usbd_ioreq.o
                0x0800cb26                USBD_CtlReceiveStatus
 .text.MX_USB_DEVICE_Init
                0x0800cb4c       0x60 ./USB_DEVICE/App/usb_device.o
                0x0800cb4c                MX_USB_DEVICE_Init
 .text.CDC_Init_FS
                0x0800cbac       0x28 ./USB_DEVICE/App/usbd_cdc_if.o
 .text.CDC_DeInit_FS
                0x0800cbd4       0x10 ./USB_DEVICE/App/usbd_cdc_if.o
 .text.CDC_Control_FS
                0x0800cbe4       0xbc ./USB_DEVICE/App/usbd_cdc_if.o
 .text.CDC_Receive_FS
                0x0800cca0       0x28 ./USB_DEVICE/App/usbd_cdc_if.o
 .text.CDC_TransmitCplt_FS
                0x0800ccc8       0x22 ./USB_DEVICE/App/usbd_cdc_if.o
 *fill*         0x0800ccea        0x2 
 .text.USBD_FS_DeviceDescriptor
                0x0800ccec       0x24 ./USB_DEVICE/App/usbd_desc.o
                0x0800ccec                USBD_FS_DeviceDescriptor
 .text.USBD_FS_LangIDStrDescriptor
                0x0800cd10       0x24 ./USB_DEVICE/App/usbd_desc.o
                0x0800cd10                USBD_FS_LangIDStrDescriptor
 .text.USBD_FS_ProductStrDescriptor
                0x0800cd34       0x3c ./USB_DEVICE/App/usbd_desc.o
                0x0800cd34                USBD_FS_ProductStrDescriptor
 .text.USBD_FS_ManufacturerStrDescriptor
                0x0800cd70       0x28 ./USB_DEVICE/App/usbd_desc.o
                0x0800cd70                USBD_FS_ManufacturerStrDescriptor
 .text.USBD_FS_SerialStrDescriptor
                0x0800cd98       0x24 ./USB_DEVICE/App/usbd_desc.o
                0x0800cd98                USBD_FS_SerialStrDescriptor
 .text.USBD_FS_ConfigStrDescriptor
                0x0800cdbc       0x3c ./USB_DEVICE/App/usbd_desc.o
                0x0800cdbc                USBD_FS_ConfigStrDescriptor
 .text.USBD_FS_InterfaceStrDescriptor
                0x0800cdf8       0x3c ./USB_DEVICE/App/usbd_desc.o
                0x0800cdf8                USBD_FS_InterfaceStrDescriptor
 .text.Get_SerialNum
                0x0800ce34       0x58 ./USB_DEVICE/App/usbd_desc.o
 .text.IntToUnicode
                0x0800ce8c       0x7e ./USB_DEVICE/App/usbd_desc.o
 *fill*         0x0800cf0a        0x2 
 .text.HAL_PCD_MspInit
                0x0800cf0c       0xa8 ./USB_DEVICE/Target/usbd_conf.o
                0x0800cf0c                HAL_PCD_MspInit
 .text.HAL_PCD_SetupStageCallback
                0x0800cfb4       0x24 ./USB_DEVICE/Target/usbd_conf.o
                0x0800cfb4                HAL_PCD_SetupStageCallback
 .text.HAL_PCD_DataOutStageCallback
                0x0800cfd8       0x36 ./USB_DEVICE/Target/usbd_conf.o
                0x0800cfd8                HAL_PCD_DataOutStageCallback
 .text.HAL_PCD_DataInStageCallback
                0x0800d00e       0x34 ./USB_DEVICE/Target/usbd_conf.o
                0x0800d00e                HAL_PCD_DataInStageCallback
 .text.HAL_PCD_SOFCallback
                0x0800d042       0x1c ./USB_DEVICE/Target/usbd_conf.o
                0x0800d042                HAL_PCD_SOFCallback
 .text.HAL_PCD_ResetCallback
                0x0800d05e       0x50 ./USB_DEVICE/Target/usbd_conf.o
                0x0800d05e                HAL_PCD_ResetCallback
 *fill*         0x0800d0ae        0x2 
 .text.HAL_PCD_SuspendCallback
                0x0800d0b0       0x4c ./USB_DEVICE/Target/usbd_conf.o
                0x0800d0b0                HAL_PCD_SuspendCallback
 .text.HAL_PCD_ResumeCallback
                0x0800d0fc       0x1c ./USB_DEVICE/Target/usbd_conf.o
                0x0800d0fc                HAL_PCD_ResumeCallback
 .text.HAL_PCD_ISOOUTIncompleteCallback
                0x0800d118       0x24 ./USB_DEVICE/Target/usbd_conf.o
                0x0800d118                HAL_PCD_ISOOUTIncompleteCallback
 .text.HAL_PCD_ISOINIncompleteCallback
                0x0800d13c       0x24 ./USB_DEVICE/Target/usbd_conf.o
                0x0800d13c                HAL_PCD_ISOINIncompleteCallback
 .text.HAL_PCD_ConnectCallback
                0x0800d160       0x1c ./USB_DEVICE/Target/usbd_conf.o
                0x0800d160                HAL_PCD_ConnectCallback
 .text.HAL_PCD_DisconnectCallback
                0x0800d17c       0x1c ./USB_DEVICE/Target/usbd_conf.o
                0x0800d17c                HAL_PCD_DisconnectCallback
 .text.USBD_LL_Init
                0x0800d198       0x98 ./USB_DEVICE/Target/usbd_conf.o
                0x0800d198                USBD_LL_Init
 .text.USBD_LL_Start
                0x0800d230       0x36 ./USB_DEVICE/Target/usbd_conf.o
                0x0800d230                USBD_LL_Start
 .text.USBD_LL_OpenEP
                0x0800d266       0x4c ./USB_DEVICE/Target/usbd_conf.o
                0x0800d266                USBD_LL_OpenEP
 .text.USBD_LL_CloseEP
                0x0800d2b2       0x3e ./USB_DEVICE/Target/usbd_conf.o
                0x0800d2b2                USBD_LL_CloseEP
 .text.USBD_LL_StallEP
                0x0800d2f0       0x3e ./USB_DEVICE/Target/usbd_conf.o
                0x0800d2f0                USBD_LL_StallEP
 .text.USBD_LL_ClearStallEP
                0x0800d32e       0x3e ./USB_DEVICE/Target/usbd_conf.o
                0x0800d32e                USBD_LL_ClearStallEP
 .text.USBD_LL_IsStallEP
                0x0800d36c       0x58 ./USB_DEVICE/Target/usbd_conf.o
                0x0800d36c                USBD_LL_IsStallEP
 .text.USBD_LL_SetUSBAddress
                0x0800d3c4       0x3e ./USB_DEVICE/Target/usbd_conf.o
                0x0800d3c4                USBD_LL_SetUSBAddress
 .text.USBD_LL_Transmit
                0x0800d402       0x42 ./USB_DEVICE/Target/usbd_conf.o
                0x0800d402                USBD_LL_Transmit
 .text.USBD_LL_PrepareReceive
                0x0800d444       0x42 ./USB_DEVICE/Target/usbd_conf.o
                0x0800d444                USBD_LL_PrepareReceive
 .text.USBD_LL_GetRxDataSize
                0x0800d486       0x26 ./USB_DEVICE/Target/usbd_conf.o
                0x0800d486                USBD_LL_GetRxDataSize
 .text.USBD_static_malloc
                0x0800d4ac       0x1c ./USB_DEVICE/Target/usbd_conf.o
                0x0800d4ac                USBD_static_malloc
 .text.USBD_static_free
                0x0800d4c8       0x14 ./USB_DEVICE/Target/usbd_conf.o
                0x0800d4c8                USBD_static_free
 .text.USBD_Get_USB_Status
                0x0800d4dc       0x58 ./USB_DEVICE/Target/usbd_conf.o
                0x0800d4dc                USBD_Get_USB_Status
 .text.__cvt    0x0800d534       0xca /Applications/STM32CubeIDE.app/Contents/Eclipse/plugins/com.st.stm32cube.ide.mcu.externaltools.gnu-tools-for-stm32.12.3.rel1.macos64_1.0.200.202406191456/tools/bin/../lib/gcc/arm-none-eabi/12.3.1/../../../../arm-none-eabi/lib/thumb/v7e-m+fp/hard/libc_nano.a(libc_a-nano-vfprintf_float.o)
                0x0800d534                __cvt
 .text.__exponent
                0x0800d5fe       0x74 /Applications/STM32CubeIDE.app/Contents/Eclipse/plugins/com.st.stm32cube.ide.mcu.externaltools.gnu-tools-for-stm32.12.3.rel1.macos64_1.0.200.202406191456/tools/bin/../lib/gcc/arm-none-eabi/12.3.1/../../../../arm-none-eabi/lib/thumb/v7e-m+fp/hard/libc_nano.a(libc_a-nano-vfprintf_float.o)
                0x0800d5fe                __exponent
 *fill*         0x0800d672        0x2 
 .text._printf_float
                0x0800d674      0x454 /Applications/STM32CubeIDE.app/Contents/Eclipse/plugins/com.st.stm32cube.ide.mcu.externaltools.gnu-tools-for-stm32.12.3.rel1.macos64_1.0.200.202406191456/tools/bin/../lib/gcc/arm-none-eabi/12.3.1/../../../../arm-none-eabi/lib/thumb/v7e-m+fp/hard/libc_nano.a(libc_a-nano-vfprintf_float.o)
                0x0800d674                _printf_float
 .text._printf_common
                0x0800dac8       0xda /Applications/STM32CubeIDE.app/Contents/Eclipse/plugins/com.st.stm32cube.ide.mcu.externaltools.gnu-tools-for-stm32.12.3.rel1.macos64_1.0.200.202406191456/tools/bin/../lib/gcc/arm-none-eabi/12.3.1/../../../../arm-none-eabi/lib/thumb/v7e-m+fp/hard/libc_nano.a(libc_a-nano-vfprintf_i.o)
                0x0800dac8                _printf_common
 *fill*         0x0800dba2        0x2 
 .text._printf_i
                0x0800dba4      0x240 /Applications/STM32CubeIDE.app/Contents/Eclipse/plugins/com.st.stm32cube.ide.mcu.externaltools.gnu-tools-for-stm32.12.3.rel1.macos64_1.0.200.202406191456/tools/bin/../lib/gcc/arm-none-eabi/12.3.1/../../../../arm-none-eabi/lib/thumb/v7e-m+fp/hard/libc_nano.a(libc_a-nano-vfprintf_i.o)
                0x0800dba4                _printf_i
 .text.sprintf  0x0800dde4       0x40 /Applications/STM32CubeIDE.app/Contents/Eclipse/plugins/com.st.stm32cube.ide.mcu.externaltools.gnu-tools-for-stm32.12.3.rel1.macos64_1.0.200.202406191456/tools/bin/../lib/gcc/arm-none-eabi/12.3.1/../../../../arm-none-eabi/lib/thumb/v7e-m+fp/hard/libc_nano.a(libc_a-sprintf.o)
                0x0800dde4                sprintf
                0x0800dde4                siprintf
 .text.std      0x0800de24       0x6c /Applications/STM32CubeIDE.app/Contents/Eclipse/plugins/com.st.stm32cube.ide.mcu.externaltools.gnu-tools-for-stm32.12.3.rel1.macos64_1.0.200.202406191456/tools/bin/../lib/gcc/arm-none-eabi/12.3.1/../../../../arm-none-eabi/lib/thumb/v7e-m+fp/hard/libc_nano.a(libc_a-findfp.o)
 .text.stdio_exit_handler
                0x0800de90       0x18 /Applications/STM32CubeIDE.app/Contents/Eclipse/plugins/com.st.stm32cube.ide.mcu.externaltools.gnu-tools-for-stm32.12.3.rel1.macos64_1.0.200.202406191456/tools/bin/../lib/gcc/arm-none-eabi/12.3.1/../../../../arm-none-eabi/lib/thumb/v7e-m+fp/hard/libc_nano.a(libc_a-findfp.o)
 .text.cleanup_stdio
                0x0800dea8       0x40 /Applications/STM32CubeIDE.app/Contents/Eclipse/plugins/com.st.stm32cube.ide.mcu.externaltools.gnu-tools-for-stm32.12.3.rel1.macos64_1.0.200.202406191456/tools/bin/../lib/gcc/arm-none-eabi/12.3.1/../../../../arm-none-eabi/lib/thumb/v7e-m+fp/hard/libc_nano.a(libc_a-findfp.o)
 .text.global_stdio_init.part.0
                0x0800dee8       0x3c /Applications/STM32CubeIDE.app/Contents/Eclipse/plugins/com.st.stm32cube.ide.mcu.externaltools.gnu-tools-for-stm32.12.3.rel1.macos64_1.0.200.202406191456/tools/bin/../lib/gcc/arm-none-eabi/12.3.1/../../../../arm-none-eabi/lib/thumb/v7e-m+fp/hard/libc_nano.a(libc_a-findfp.o)
 .text.__sfp_lock_acquire
                0x0800df24        0xc /Applications/STM32CubeIDE.app/Contents/Eclipse/plugins/com.st.stm32cube.ide.mcu.externaltools.gnu-tools-for-stm32.12.3.rel1.macos64_1.0.200.202406191456/tools/bin/../lib/gcc/arm-none-eabi/12.3.1/../../../../arm-none-eabi/lib/thumb/v7e-m+fp/hard/libc_nano.a(libc_a-findfp.o)
                0x0800df24                __sfp_lock_acquire
 .text.__sfp_lock_release
                0x0800df30        0xc /Applications/STM32CubeIDE.app/Contents/Eclipse/plugins/com.st.stm32cube.ide.mcu.externaltools.gnu-tools-for-stm32.12.3.rel1.macos64_1.0.200.202406191456/tools/bin/../lib/gcc/arm-none-eabi/12.3.1/../../../../arm-none-eabi/lib/thumb/v7e-m+fp/hard/libc_nano.a(libc_a-findfp.o)
                0x0800df30                __sfp_lock_release
 .text.__sinit  0x0800df3c       0x30 /Applications/STM32CubeIDE.app/Contents/Eclipse/plugins/com.st.stm32cube.ide.mcu.externaltools.gnu-tools-for-stm32.12.3.rel1.macos64_1.0.200.202406191456/tools/bin/../lib/gcc/arm-none-eabi/12.3.1/../../../../arm-none-eabi/lib/thumb/v7e-m+fp/hard/libc_nano.a(libc_a-findfp.o)
                0x0800df3c                __sinit
 .text._fwalk_sglue
                0x0800df6c       0x3c /Applications/STM32CubeIDE.app/Contents/Eclipse/plugins/com.st.stm32cube.ide.mcu.externaltools.gnu-tools-for-stm32.12.3.rel1.macos64_1.0.200.202406191456/tools/bin/../lib/gcc/arm-none-eabi/12.3.1/../../../../arm-none-eabi/lib/thumb/v7e-m+fp/hard/libc_nano.a(libc_a-fwalk.o)
                0x0800df6c                _fwalk_sglue
 .text.printf   0x0800dfa8       0x24 /Applications/STM32CubeIDE.app/Contents/Eclipse/plugins/com.st.stm32cube.ide.mcu.externaltools.gnu-tools-for-stm32.12.3.rel1.macos64_1.0.200.202406191456/tools/bin/../lib/gcc/arm-none-eabi/12.3.1/../../../../arm-none-eabi/lib/thumb/v7e-m+fp/hard/libc_nano.a(libc_a-printf.o)
                0x0800dfa8                printf
                0x0800dfa8                iprintf
 .text.memset   0x0800dfcc       0x10 /Applications/STM32CubeIDE.app/Contents/Eclipse/plugins/com.st.stm32cube.ide.mcu.externaltools.gnu-tools-for-stm32.12.3.rel1.macos64_1.0.200.202406191456/tools/bin/../lib/gcc/arm-none-eabi/12.3.1/../../../../arm-none-eabi/lib/thumb/v7e-m+fp/hard/libc_nano.a(libc_a-memset.o)
                0x0800dfcc                memset
 .text._localeconv_r
                0x0800dfdc        0x8 /Applications/STM32CubeIDE.app/Contents/Eclipse/plugins/com.st.stm32cube.ide.mcu.externaltools.gnu-tools-for-stm32.12.3.rel1.macos64_1.0.200.202406191456/tools/bin/../lib/gcc/arm-none-eabi/12.3.1/../../../../arm-none-eabi/lib/thumb/v7e-m+fp/hard/libc_nano.a(libc_a-localeconv.o)
                0x0800dfdc                _localeconv_r
 .text.__errno  0x0800dfe4        0xc /Applications/STM32CubeIDE.app/Contents/Eclipse/plugins/com.st.stm32cube.ide.mcu.externaltools.gnu-tools-for-stm32.12.3.rel1.macos64_1.0.200.202406191456/tools/bin/../lib/gcc/arm-none-eabi/12.3.1/../../../../arm-none-eabi/lib/thumb/v7e-m+fp/hard/libc_nano.a(libc_a-errno.o)
                0x0800dfe4                __errno
 .text.__libc_init_array
                0x0800dff0       0x48 /Applications/STM32CubeIDE.app/Contents/Eclipse/plugins/com.st.stm32cube.ide.mcu.externaltools.gnu-tools-for-stm32.12.3.rel1.macos64_1.0.200.202406191456/tools/bin/../lib/gcc/arm-none-eabi/12.3.1/../../../../arm-none-eabi/lib/thumb/v7e-m+fp/hard/libc_nano.a(libc_a-init.o)
                0x0800dff0                __libc_init_array
 .text.__retarget_lock_init_recursive
                0x0800e038        0x2 /Applications/STM32CubeIDE.app/Contents/Eclipse/plugins/com.st.stm32cube.ide.mcu.externaltools.gnu-tools-for-stm32.12.3.rel1.macos64_1.0.200.202406191456/tools/bin/../lib/gcc/arm-none-eabi/12.3.1/../../../../arm-none-eabi/lib/thumb/v7e-m+fp/hard/libc_nano.a(libc_a-lock.o)
                0x0800e038                __retarget_lock_init_recursive
 .text.__retarget_lock_acquire_recursive
                0x0800e03a        0x2 /Applications/STM32CubeIDE.app/Contents/Eclipse/plugins/com.st.stm32cube.ide.mcu.externaltools.gnu-tools-for-stm32.12.3.rel1.macos64_1.0.200.202406191456/tools/bin/../lib/gcc/arm-none-eabi/12.3.1/../../../../arm-none-eabi/lib/thumb/v7e-m+fp/hard/libc_nano.a(libc_a-lock.o)
                0x0800e03a                __retarget_lock_acquire_recursive
 .text.__retarget_lock_release_recursive
                0x0800e03c        0x2 /Applications/STM32CubeIDE.app/Contents/Eclipse/plugins/com.st.stm32cube.ide.mcu.externaltools.gnu-tools-for-stm32.12.3.rel1.macos64_1.0.200.202406191456/tools/bin/../lib/gcc/arm-none-eabi/12.3.1/../../../../arm-none-eabi/lib/thumb/v7e-m+fp/hard/libc_nano.a(libc_a-lock.o)
                0x0800e03c                __retarget_lock_release_recursive
 .text.quorem   0x0800e03e      0x110 /Applications/STM32CubeIDE.app/Contents/Eclipse/plugins/com.st.stm32cube.ide.mcu.externaltools.gnu-tools-for-stm32.12.3.rel1.macos64_1.0.200.202406191456/tools/bin/../lib/gcc/arm-none-eabi/12.3.1/../../../../arm-none-eabi/lib/thumb/v7e-m+fp/hard/libc_nano.a(libc_a-dtoa.o)
 *fill*         0x0800e14e        0x2 
 .text._dtoa_r  0x0800e150      0xb88 /Applications/STM32CubeIDE.app/Contents/Eclipse/plugins/com.st.stm32cube.ide.mcu.externaltools.gnu-tools-for-stm32.12.3.rel1.macos64_1.0.200.202406191456/tools/bin/../lib/gcc/arm-none-eabi/12.3.1/../../../../arm-none-eabi/lib/thumb/v7e-m+fp/hard/libc_nano.a(libc_a-dtoa.o)
                0x0800e150                _dtoa_r
 .text.__ssputs_r
                0x0800ecd8       0xb6 /Applications/STM32CubeIDE.app/Contents/Eclipse/plugins/com.st.stm32cube.ide.mcu.externaltools.gnu-tools-for-stm32.12.3.rel1.macos64_1.0.200.202406191456/tools/bin/../lib/gcc/arm-none-eabi/12.3.1/../../../../arm-none-eabi/lib/thumb/v7e-m+fp/hard/libc_nano.a(libc_a-nano-svfprintf.o)
                0x0800ecd8                __ssputs_r
 *fill*         0x0800ed8e        0x2 
 .text._svfprintf_r
                0x0800ed90      0x1f8 /Applications/STM32CubeIDE.app/Contents/Eclipse/plugins/com.st.stm32cube.ide.mcu.externaltools.gnu-tools-for-stm32.12.3.rel1.macos64_1.0.200.202406191456/tools/bin/../lib/gcc/arm-none-eabi/12.3.1/../../../../arm-none-eabi/lib/thumb/v7e-m+fp/hard/libc_nano.a(libc_a-nano-svfprintf.o)
                0x0800ed90                _svfprintf_r
                0x0800ed90                _svfiprintf_r
 .text.__sfputc_r
                0x0800ef88       0x2e /Applications/STM32CubeIDE.app/Contents/Eclipse/plugins/com.st.stm32cube.ide.mcu.externaltools.gnu-tools-for-stm32.12.3.rel1.macos64_1.0.200.202406191456/tools/bin/../lib/gcc/arm-none-eabi/12.3.1/../../../../arm-none-eabi/lib/thumb/v7e-m+fp/hard/libc_nano.a(libc_a-nano-vfprintf.o)
 .text.__sfputs_r
                0x0800efb6       0x24 /Applications/STM32CubeIDE.app/Contents/Eclipse/plugins/com.st.stm32cube.ide.mcu.externaltools.gnu-tools-for-stm32.12.3.rel1.macos64_1.0.200.202406191456/tools/bin/../lib/gcc/arm-none-eabi/12.3.1/../../../../arm-none-eabi/lib/thumb/v7e-m+fp/hard/libc_nano.a(libc_a-nano-vfprintf.o)
                0x0800efb6                __sfputs_r
 *fill*         0x0800efda        0x2 
 .text._vfprintf_r
                0x0800efdc      0x230 /Applications/STM32CubeIDE.app/Contents/Eclipse/plugins/com.st.stm32cube.ide.mcu.externaltools.gnu-tools-for-stm32.12.3.rel1.macos64_1.0.200.202406191456/tools/bin/../lib/gcc/arm-none-eabi/12.3.1/../../../../arm-none-eabi/lib/thumb/v7e-m+fp/hard/libc_nano.a(libc_a-nano-vfprintf.o)
                0x0800efdc                _vfiprintf_r
                0x0800efdc                _vfprintf_r
 .text.malloc   0x0800f20c       0x10 /Applications/STM32CubeIDE.app/Contents/Eclipse/plugins/com.st.stm32cube.ide.mcu.externaltools.gnu-tools-for-stm32.12.3.rel1.macos64_1.0.200.202406191456/tools/bin/../lib/gcc/arm-none-eabi/12.3.1/../../../../arm-none-eabi/lib/thumb/v7e-m+fp/hard/libc_nano.a(libc_a-malloc.o)
                0x0800f20c                malloc
 .text.sbrk_aligned
                0x0800f21c       0x44 /Applications/STM32CubeIDE.app/Contents/Eclipse/plugins/com.st.stm32cube.ide.mcu.externaltools.gnu-tools-for-stm32.12.3.rel1.macos64_1.0.200.202406191456/tools/bin/../lib/gcc/arm-none-eabi/12.3.1/../../../../arm-none-eabi/lib/thumb/v7e-m+fp/hard/libc_nano.a(libc_a-mallocr.o)
 .text._malloc_r
                0x0800f260      0x100 /Applications/STM32CubeIDE.app/Contents/Eclipse/plugins/com.st.stm32cube.ide.mcu.externaltools.gnu-tools-for-stm32.12.3.rel1.macos64_1.0.200.202406191456/tools/bin/../lib/gcc/arm-none-eabi/12.3.1/../../../../arm-none-eabi/lib/thumb/v7e-m+fp/hard/libc_nano.a(libc_a-mallocr.o)
                0x0800f260                _malloc_r
 .text.__sflush_r
                0x0800f360      0x108 /Applications/STM32CubeIDE.app/Contents/Eclipse/plugins/com.st.stm32cube.ide.mcu.externaltools.gnu-tools-for-stm32.12.3.rel1.macos64_1.0.200.202406191456/tools/bin/../lib/gcc/arm-none-eabi/12.3.1/../../../../arm-none-eabi/lib/thumb/v7e-m+fp/hard/libc_nano.a(libc_a-fflush.o)
                0x0800f360                __sflush_r
 .text._fflush_r
                0x0800f468       0x50 /Applications/STM32CubeIDE.app/Contents/Eclipse/plugins/com.st.stm32cube.ide.mcu.externaltools.gnu-tools-for-stm32.12.3.rel1.macos64_1.0.200.202406191456/tools/bin/../lib/gcc/arm-none-eabi/12.3.1/../../../../arm-none-eabi/lib/thumb/v7e-m+fp/hard/libc_nano.a(libc_a-fflush.o)
                0x0800f468                _fflush_r
 .text.__malloc_lock
                0x0800f4b8        0xc /Applications/STM32CubeIDE.app/Contents/Eclipse/plugins/com.st.stm32cube.ide.mcu.externaltools.gnu-tools-for-stm32.12.3.rel1.macos64_1.0.200.202406191456/tools/bin/../lib/gcc/arm-none-eabi/12.3.1/../../../../arm-none-eabi/lib/thumb/v7e-m+fp/hard/libc_nano.a(libc_a-mlock.o)
                0x0800f4b8                __malloc_lock
 .text.__malloc_unlock
                0x0800f4c4        0xc /Applications/STM32CubeIDE.app/Contents/Eclipse/plugins/com.st.stm32cube.ide.mcu.externaltools.gnu-tools-for-stm32.12.3.rel1.macos64_1.0.200.202406191456/tools/bin/../lib/gcc/arm-none-eabi/12.3.1/../../../../arm-none-eabi/lib/thumb/v7e-m+fp/hard/libc_nano.a(libc_a-mlock.o)
                0x0800f4c4                __malloc_unlock
 .text._Balloc  0x0800f4d0       0x80 /Applications/STM32CubeIDE.app/Contents/Eclipse/plugins/com.st.stm32cube.ide.mcu.externaltools.gnu-tools-for-stm32.12.3.rel1.macos64_1.0.200.202406191456/tools/bin/../lib/gcc/arm-none-eabi/12.3.1/../../../../arm-none-eabi/lib/thumb/v7e-m+fp/hard/libc_nano.a(libc_a-mprec.o)
                0x0800f4d0                _Balloc
 .text._Bfree   0x0800f550       0x44 /Applications/STM32CubeIDE.app/Contents/Eclipse/plugins/com.st.stm32cube.ide.mcu.externaltools.gnu-tools-for-stm32.12.3.rel1.macos64_1.0.200.202406191456/tools/bin/../lib/gcc/arm-none-eabi/12.3.1/../../../../arm-none-eabi/lib/thumb/v7e-m+fp/hard/libc_nano.a(libc_a-mprec.o)
                0x0800f550                _Bfree
 .text.__multadd
                0x0800f594       0x8c /Applications/STM32CubeIDE.app/Contents/Eclipse/plugins/com.st.stm32cube.ide.mcu.externaltools.gnu-tools-for-stm32.12.3.rel1.macos64_1.0.200.202406191456/tools/bin/../lib/gcc/arm-none-eabi/12.3.1/../../../../arm-none-eabi/lib/thumb/v7e-m+fp/hard/libc_nano.a(libc_a-mprec.o)
                0x0800f594                __multadd
 .text.__hi0bits
                0x0800f620       0x3e /Applications/STM32CubeIDE.app/Contents/Eclipse/plugins/com.st.stm32cube.ide.mcu.externaltools.gnu-tools-for-stm32.12.3.rel1.macos64_1.0.200.202406191456/tools/bin/../lib/gcc/arm-none-eabi/12.3.1/../../../../arm-none-eabi/lib/thumb/v7e-m+fp/hard/libc_nano.a(libc_a-mprec.o)
                0x0800f620                __hi0bits
 .text.__lo0bits
                0x0800f65e       0x5a /Applications/STM32CubeIDE.app/Contents/Eclipse/plugins/com.st.stm32cube.ide.mcu.externaltools.gnu-tools-for-stm32.12.3.rel1.macos64_1.0.200.202406191456/tools/bin/../lib/gcc/arm-none-eabi/12.3.1/../../../../arm-none-eabi/lib/thumb/v7e-m+fp/hard/libc_nano.a(libc_a-mprec.o)
                0x0800f65e                __lo0bits
 .text.__i2b    0x0800f6b8       0x2c /Applications/STM32CubeIDE.app/Contents/Eclipse/plugins/com.st.stm32cube.ide.mcu.externaltools.gnu-tools-for-stm32.12.3.rel1.macos64_1.0.200.202406191456/tools/bin/../lib/gcc/arm-none-eabi/12.3.1/../../../../arm-none-eabi/lib/thumb/v7e-m+fp/hard/libc_nano.a(libc_a-mprec.o)
                0x0800f6b8                __i2b
 .text.__multiply
                0x0800f6e4      0x154 /Applications/STM32CubeIDE.app/Contents/Eclipse/plugins/com.st.stm32cube.ide.mcu.externaltools.gnu-tools-for-stm32.12.3.rel1.macos64_1.0.200.202406191456/tools/bin/../lib/gcc/arm-none-eabi/12.3.1/../../../../arm-none-eabi/lib/thumb/v7e-m+fp/hard/libc_nano.a(libc_a-mprec.o)
                0x0800f6e4                __multiply
 .text.__pow5mult
                0x0800f838       0xb4 /Applications/STM32CubeIDE.app/Contents/Eclipse/plugins/com.st.stm32cube.ide.mcu.externaltools.gnu-tools-for-stm32.12.3.rel1.macos64_1.0.200.202406191456/tools/bin/../lib/gcc/arm-none-eabi/12.3.1/../../../../arm-none-eabi/lib/thumb/v7e-m+fp/hard/libc_nano.a(libc_a-mprec.o)
                0x0800f838                __pow5mult
 .text.__lshift
                0x0800f8ec       0xd8 /Applications/STM32CubeIDE.app/Contents/Eclipse/plugins/com.st.stm32cube.ide.mcu.externaltools.gnu-tools-for-stm32.12.3.rel1.macos64_1.0.200.202406191456/tools/bin/../lib/gcc/arm-none-eabi/12.3.1/../../../../arm-none-eabi/lib/thumb/v7e-m+fp/hard/libc_nano.a(libc_a-mprec.o)
                0x0800f8ec                __lshift
 .text.__mcmp   0x0800f9c4       0x36 /Applications/STM32CubeIDE.app/Contents/Eclipse/plugins/com.st.stm32cube.ide.mcu.externaltools.gnu-tools-for-stm32.12.3.rel1.macos64_1.0.200.202406191456/tools/bin/../lib/gcc/arm-none-eabi/12.3.1/../../../../arm-none-eabi/lib/thumb/v7e-m+fp/hard/libc_nano.a(libc_a-mprec.o)
                0x0800f9c4                __mcmp
 *fill*         0x0800f9fa        0x2 
 .text.__mdiff  0x0800f9fc      0x128 /Applications/STM32CubeIDE.app/Contents/Eclipse/plugins/com.st.stm32cube.ide.mcu.externaltools.gnu-tools-for-stm32.12.3.rel1.macos64_1.0.200.202406191456/tools/bin/../lib/gcc/arm-none-eabi/12.3.1/../../../../arm-none-eabi/lib/thumb/v7e-m+fp/hard/libc_nano.a(libc_a-mprec.o)
                0x0800f9fc                __mdiff
 .text.__d2b    0x0800fb24       0xb0 /Applications/STM32CubeIDE.app/Contents/Eclipse/plugins/com.st.stm32cube.ide.mcu.externaltools.gnu-tools-for-stm32.12.3.rel1.macos64_1.0.200.202406191456/tools/bin/../lib/gcc/arm-none-eabi/12.3.1/../../../../arm-none-eabi/lib/thumb/v7e-m+fp/hard/libc_nano.a(libc_a-mprec.o)
                0x0800fb24                __d2b
 .text.__sread  0x0800fbd4       0x22 /Applications/STM32CubeIDE.app/Contents/Eclipse/plugins/com.st.stm32cube.ide.mcu.externaltools.gnu-tools-for-stm32.12.3.rel1.macos64_1.0.200.202406191456/tools/bin/../lib/gcc/arm-none-eabi/12.3.1/../../../../arm-none-eabi/lib/thumb/v7e-m+fp/hard/libc_nano.a(libc_a-stdio.o)
                0x0800fbd4                __sread
 .text.__swrite
                0x0800fbf6       0x38 /Applications/STM32CubeIDE.app/Contents/Eclipse/plugins/com.st.stm32cube.ide.mcu.externaltools.gnu-tools-for-stm32.12.3.rel1.macos64_1.0.200.202406191456/tools/bin/../lib/gcc/arm-none-eabi/12.3.1/../../../../arm-none-eabi/lib/thumb/v7e-m+fp/hard/libc_nano.a(libc_a-stdio.o)
                0x0800fbf6                __swrite
 .text.__sseek  0x0800fc2e       0x24 /Applications/STM32CubeIDE.app/Contents/Eclipse/plugins/com.st.stm32cube.ide.mcu.externaltools.gnu-tools-for-stm32.12.3.rel1.macos64_1.0.200.202406191456/tools/bin/../lib/gcc/arm-none-eabi/12.3.1/../../../../arm-none-eabi/lib/thumb/v7e-m+fp/hard/libc_nano.a(libc_a-stdio.o)
                0x0800fc2e                __sseek
 .text.__sclose
                0x0800fc52        0x8 /Applications/STM32CubeIDE.app/Contents/Eclipse/plugins/com.st.stm32cube.ide.mcu.externaltools.gnu-tools-for-stm32.12.3.rel1.macos64_1.0.200.202406191456/tools/bin/../lib/gcc/arm-none-eabi/12.3.1/../../../../arm-none-eabi/lib/thumb/v7e-m+fp/hard/libc_nano.a(libc_a-stdio.o)
                0x0800fc52                __sclose
 .text._realloc_r
                0x0800fc5a       0x5c /Applications/STM32CubeIDE.app/Contents/Eclipse/plugins/com.st.stm32cube.ide.mcu.externaltools.gnu-tools-for-stm32.12.3.rel1.macos64_1.0.200.202406191456/tools/bin/../lib/gcc/arm-none-eabi/12.3.1/../../../../arm-none-eabi/lib/thumb/v7e-m+fp/hard/libc_nano.a(libc_a-reallocr.o)
                0x0800fc5a                _realloc_r
 .text.__swbuf_r
                0x0800fcb6       0x7c /Applications/STM32CubeIDE.app/Contents/Eclipse/plugins/com.st.stm32cube.ide.mcu.externaltools.gnu-tools-for-stm32.12.3.rel1.macos64_1.0.200.202406191456/tools/bin/../lib/gcc/arm-none-eabi/12.3.1/../../../../arm-none-eabi/lib/thumb/v7e-m+fp/hard/libc_nano.a(libc_a-wbuf.o)
                0x0800fcb6                __swbuf_r
 *fill*         0x0800fd32        0x2 
 .text.__swsetup_r
                0x0800fd34       0xac /Applications/STM32CubeIDE.app/Contents/Eclipse/plugins/com.st.stm32cube.ide.mcu.externaltools.gnu-tools-for-stm32.12.3.rel1.macos64_1.0.200.202406191456/tools/bin/../lib/gcc/arm-none-eabi/12.3.1/../../../../arm-none-eabi/lib/thumb/v7e-m+fp/hard/libc_nano.a(libc_a-wsetup.o)
                0x0800fd34                __swsetup_r
 .text.__swhatbuf_r
                0x0800fde0       0x4c /Applications/STM32CubeIDE.app/Contents/Eclipse/plugins/com.st.stm32cube.ide.mcu.externaltools.gnu-tools-for-stm32.12.3.rel1.macos64_1.0.200.202406191456/tools/bin/../lib/gcc/arm-none-eabi/12.3.1/../../../../arm-none-eabi/lib/thumb/v7e-m+fp/hard/libc_nano.a(libc_a-makebuf.o)
                0x0800fde0                __swhatbuf_r
 .text.__smakebuf_r
                0x0800fe2c       0x78 /Applications/STM32CubeIDE.app/Contents/Eclipse/plugins/com.st.stm32cube.ide.mcu.externaltools.gnu-tools-for-stm32.12.3.rel1.macos64_1.0.200.202406191456/tools/bin/../lib/gcc/arm-none-eabi/12.3.1/../../../../arm-none-eabi/lib/thumb/v7e-m+fp/hard/libc_nano.a(libc_a-makebuf.o)
                0x0800fe2c                __smakebuf_r
 .text.memmove  0x0800fea4       0x34 /Applications/STM32CubeIDE.app/Contents/Eclipse/plugins/com.st.stm32cube.ide.mcu.externaltools.gnu-tools-for-stm32.12.3.rel1.macos64_1.0.200.202406191456/tools/bin/../lib/gcc/arm-none-eabi/12.3.1/../../../../arm-none-eabi/lib/thumb/v7e-m+fp/hard/libc_nano.a(libc_a-memmove.o)
                0x0800fea4                memmove
 .text._close_r
                0x0800fed8       0x20 /Applications/STM32CubeIDE.app/Contents/Eclipse/plugins/com.st.stm32cube.ide.mcu.externaltools.gnu-tools-for-stm32.12.3.rel1.macos64_1.0.200.202406191456/tools/bin/../lib/gcc/arm-none-eabi/12.3.1/../../../../arm-none-eabi/lib/thumb/v7e-m+fp/hard/libc_nano.a(libc_a-closer.o)
                0x0800fed8                _close_r
 .text._fstat_r
                0x0800fef8       0x24 /Applications/STM32CubeIDE.app/Contents/Eclipse/plugins/com.st.stm32cube.ide.mcu.externaltools.gnu-tools-for-stm32.12.3.rel1.macos64_1.0.200.202406191456/tools/bin/../lib/gcc/arm-none-eabi/12.3.1/../../../../arm-none-eabi/lib/thumb/v7e-m+fp/hard/libc_nano.a(libc_a-fstatr.o)
                0x0800fef8                _fstat_r
 .text._isatty_r
                0x0800ff1c       0x20 /Applications/STM32CubeIDE.app/Contents/Eclipse/plugins/com.st.stm32cube.ide.mcu.externaltools.gnu-tools-for-stm32.12.3.rel1.macos64_1.0.200.202406191456/tools/bin/../lib/gcc/arm-none-eabi/12.3.1/../../../../arm-none-eabi/lib/thumb/v7e-m+fp/hard/libc_nano.a(libc_a-isattyr.o)
                0x0800ff1c                _isatty_r
 .text._lseek_r
                0x0800ff3c       0x24 /Applications/STM32CubeIDE.app/Contents/Eclipse/plugins/com.st.stm32cube.ide.mcu.externaltools.gnu-tools-for-stm32.12.3.rel1.macos64_1.0.200.202406191456/tools/bin/../lib/gcc/arm-none-eabi/12.3.1/../../../../arm-none-eabi/lib/thumb/v7e-m+fp/hard/libc_nano.a(libc_a-lseekr.o)
                0x0800ff3c                _lseek_r
 .text._read_r  0x0800ff60       0x24 /Applications/STM32CubeIDE.app/Contents/Eclipse/plugins/com.st.stm32cube.ide.mcu.externaltools.gnu-tools-for-stm32.12.3.rel1.macos64_1.0.200.202406191456/tools/bin/../lib/gcc/arm-none-eabi/12.3.1/../../../../arm-none-eabi/lib/thumb/v7e-m+fp/hard/libc_nano.a(libc_a-readr.o)
                0x0800ff60                _read_r
 .text._sbrk_r  0x0800ff84       0x20 /Applications/STM32CubeIDE.app/Contents/Eclipse/plugins/com.st.stm32cube.ide.mcu.externaltools.gnu-tools-for-stm32.12.3.rel1.macos64_1.0.200.202406191456/tools/bin/../lib/gcc/arm-none-eabi/12.3.1/../../../../arm-none-eabi/lib/thumb/v7e-m+fp/hard/libc_nano.a(libc_a-sbrkr.o)
                0x0800ff84                _sbrk_r
 .text._write_r
                0x0800ffa4       0x24 /Applications/STM32CubeIDE.app/Contents/Eclipse/plugins/com.st.stm32cube.ide.mcu.externaltools.gnu-tools-for-stm32.12.3.rel1.macos64_1.0.200.202406191456/tools/bin/../lib/gcc/arm-none-eabi/12.3.1/../../../../arm-none-eabi/lib/thumb/v7e-m+fp/hard/libc_nano.a(libc_a-writer.o)
                0x0800ffa4                _write_r
 .text.memcpy   0x0800ffc8       0x1c /Applications/STM32CubeIDE.app/Contents/Eclipse/plugins/com.st.stm32cube.ide.mcu.externaltools.gnu-tools-for-stm32.12.3.rel1.macos64_1.0.200.202406191456/tools/bin/../lib/gcc/arm-none-eabi/12.3.1/../../../../arm-none-eabi/lib/thumb/v7e-m+fp/hard/libc_nano.a(libc_a-memcpy-stub.o)
                0x0800ffc8                memcpy
 .text.__assert_func
                0x0800ffe4       0x3c /Applications/STM32CubeIDE.app/Contents/Eclipse/plugins/com.st.stm32cube.ide.mcu.externaltools.gnu-tools-for-stm32.12.3.rel1.macos64_1.0.200.202406191456/tools/bin/../lib/gcc/arm-none-eabi/12.3.1/../../../../arm-none-eabi/lib/thumb/v7e-m+fp/hard/libc_nano.a(libc_a-assert.o)
                0x0800ffe4                __assert_func
 .text._calloc_r
                0x08010020       0x28 /Applications/STM32CubeIDE.app/Contents/Eclipse/plugins/com.st.stm32cube.ide.mcu.externaltools.gnu-tools-for-stm32.12.3.rel1.macos64_1.0.200.202406191456/tools/bin/../lib/gcc/arm-none-eabi/12.3.1/../../../../arm-none-eabi/lib/thumb/v7e-m+fp/hard/libc_nano.a(libc_a-callocr.o)
                0x08010020                _calloc_r
 .text._free_r  0x08010048       0x94 /Applications/STM32CubeIDE.app/Contents/Eclipse/plugins/com.st.stm32cube.ide.mcu.externaltools.gnu-tools-for-stm32.12.3.rel1.macos64_1.0.200.202406191456/tools/bin/../lib/gcc/arm-none-eabi/12.3.1/../../../../arm-none-eabi/lib/thumb/v7e-m+fp/hard/libc_nano.a(libc_a-freer.o)
                0x08010048                _free_r
 .text.__ascii_mbtowc
                0x080100dc       0x24 /Applications/STM32CubeIDE.app/Contents/Eclipse/plugins/com.st.stm32cube.ide.mcu.externaltools.gnu-tools-for-stm32.12.3.rel1.macos64_1.0.200.202406191456/tools/bin/../lib/gcc/arm-none-eabi/12.3.1/../../../../arm-none-eabi/lib/thumb/v7e-m+fp/hard/libc_nano.a(libc_a-mbtowc_r.o)
                0x080100dc                __ascii_mbtowc
 .text._malloc_usable_size_r
                0x08010100       0x10 /Applications/STM32CubeIDE.app/Contents/Eclipse/plugins/com.st.stm32cube.ide.mcu.externaltools.gnu-tools-for-stm32.12.3.rel1.macos64_1.0.200.202406191456/tools/bin/../lib/gcc/arm-none-eabi/12.3.1/../../../../arm-none-eabi/lib/thumb/v7e-m+fp/hard/libc_nano.a(libc_a-msizer.o)
                0x08010100                _malloc_usable_size_r
 .text.fprintf  0x08010110       0x24 /Applications/STM32CubeIDE.app/Contents/Eclipse/plugins/com.st.stm32cube.ide.mcu.externaltools.gnu-tools-for-stm32.12.3.rel1.macos64_1.0.200.202406191456/tools/bin/../lib/gcc/arm-none-eabi/12.3.1/../../../../arm-none-eabi/lib/thumb/v7e-m+fp/hard/libc_nano.a(libc_a-fprintf.o)
                0x08010110                fprintf
                0x08010110                fiprintf
 .text.__ascii_wctomb
                0x08010134       0x1a /Applications/STM32CubeIDE.app/Contents/Eclipse/plugins/com.st.stm32cube.ide.mcu.externaltools.gnu-tools-for-stm32.12.3.rel1.macos64_1.0.200.202406191456/tools/bin/../lib/gcc/arm-none-eabi/12.3.1/../../../../arm-none-eabi/lib/thumb/v7e-m+fp/hard/libc_nano.a(libc_a-wctomb_r.o)
                0x08010134                __ascii_wctomb
 .text.abort    0x0801014e        0xe /Applications/STM32CubeIDE.app/Contents/Eclipse/plugins/com.st.stm32cube.ide.mcu.externaltools.gnu-tools-for-stm32.12.3.rel1.macos64_1.0.200.202406191456/tools/bin/../lib/gcc/arm-none-eabi/12.3.1/../../../../arm-none-eabi/lib/thumb/v7e-m+fp/hard/libc_nano.a(libc_a-abort.o)
                0x0801014e                abort
 .text._raise_r
                0x0801015c       0x50 /Applications/STM32CubeIDE.app/Contents/Eclipse/plugins/com.st.stm32cube.ide.mcu.externaltools.gnu-tools-for-stm32.12.3.rel1.macos64_1.0.200.202406191456/tools/bin/../lib/gcc/arm-none-eabi/12.3.1/../../../../arm-none-eabi/lib/thumb/v7e-m+fp/hard/libc_nano.a(libc_a-signal.o)
                0x0801015c                _raise_r
 .text.raise    0x080101ac       0x10 /Applications/STM32CubeIDE.app/Contents/Eclipse/plugins/com.st.stm32cube.ide.mcu.externaltools.gnu-tools-for-stm32.12.3.rel1.macos64_1.0.200.202406191456/tools/bin/../lib/gcc/arm-none-eabi/12.3.1/../../../../arm-none-eabi/lib/thumb/v7e-m+fp/hard/libc_nano.a(libc_a-signal.o)
                0x080101ac                raise
 .text._kill_r  0x080101bc       0x24 /Applications/STM32CubeIDE.app/Contents/Eclipse/plugins/com.st.stm32cube.ide.mcu.externaltools.gnu-tools-for-stm32.12.3.rel1.macos64_1.0.200.202406191456/tools/bin/../lib/gcc/arm-none-eabi/12.3.1/../../../../arm-none-eabi/lib/thumb/v7e-m+fp/hard/libc_nano.a(libc_a-signalr.o)
                0x080101bc                _kill_r
 .text._getpid_r
                0x080101e0        0x4 /Applications/STM32CubeIDE.app/Contents/Eclipse/plugins/com.st.stm32cube.ide.mcu.externaltools.gnu-tools-for-stm32.12.3.rel1.macos64_1.0.200.202406191456/tools/bin/../lib/gcc/arm-none-eabi/12.3.1/../../../../arm-none-eabi/lib/thumb/v7e-m+fp/hard/libc_nano.a(libc_a-signalr.o)
                0x080101e0                _getpid_r
 *(.glue_7)
 .glue_7        0x080101e4        0x0 linker stubs
 *(.glue_7t)
 .glue_7t       0x080101e4        0x0 linker stubs
 *(.eh_frame)
 .eh_frame      0x080101e4        0x0 /Applications/STM32CubeIDE.app/Contents/Eclipse/plugins/com.st.stm32cube.ide.mcu.externaltools.gnu-tools-for-stm32.12.3.rel1.macos64_1.0.200.202406191456/tools/bin/../lib/gcc/arm-none-eabi/12.3.1/thumb/v7e-m+fp/hard/crtbegin.o
 *(.init)
 .init          0x080101e4        0x4 /Applications/STM32CubeIDE.app/Contents/Eclipse/plugins/com.st.stm32cube.ide.mcu.externaltools.gnu-tools-for-stm32.12.3.rel1.macos64_1.0.200.202406191456/tools/bin/../lib/gcc/arm-none-eabi/12.3.1/thumb/v7e-m+fp/hard/crti.o
                0x080101e4                _init
 .init          0x080101e8        0x8 /Applications/STM32CubeIDE.app/Contents/Eclipse/plugins/com.st.stm32cube.ide.mcu.externaltools.gnu-tools-for-stm32.12.3.rel1.macos64_1.0.200.202406191456/tools/bin/../lib/gcc/arm-none-eabi/12.3.1/thumb/v7e-m+fp/hard/crtn.o
 *(.fini)
 .fini          0x080101f0        0x4 /Applications/STM32CubeIDE.app/Contents/Eclipse/plugins/com.st.stm32cube.ide.mcu.externaltools.gnu-tools-for-stm32.12.3.rel1.macos64_1.0.200.202406191456/tools/bin/../lib/gcc/arm-none-eabi/12.3.1/thumb/v7e-m+fp/hard/crti.o
                0x080101f0                _fini
 .fini          0x080101f4        0x8 /Applications/STM32CubeIDE.app/Contents/Eclipse/plugins/com.st.stm32cube.ide.mcu.externaltools.gnu-tools-for-stm32.12.3.rel1.macos64_1.0.200.202406191456/tools/bin/../lib/gcc/arm-none-eabi/12.3.1/thumb/v7e-m+fp/hard/crtn.o
                0x080101fc                        . = ALIGN (0x4)
                0x080101fc                        _etext = .

.vfp11_veneer   0x080101fc        0x0
 .vfp11_veneer  0x080101fc        0x0 linker stubs

.v4_bx          0x080101fc        0x0
 .v4_bx         0x080101fc        0x0 linker stubs

.iplt           0x080101fc        0x0
 .iplt          0x080101fc        0x0 /Applications/STM32CubeIDE.app/Contents/Eclipse/plugins/com.st.stm32cube.ide.mcu.externaltools.gnu-tools-for-stm32.12.3.rel1.macos64_1.0.200.202406191456/tools/bin/../lib/gcc/arm-none-eabi/12.3.1/thumb/v7e-m+fp/hard/crtbegin.o

.rodata         0x08010200      0x4b0
                0x08010200                        . = ALIGN (0x4)
 *(.rodata)
 .rodata        0x08010200       0xd6 ./Core/Src/main.o
 *fill*         0x080102d6        0x2 
 .rodata        0x080102d8       0x46 ./USB_DEVICE/App/usbd_desc.o
 *(.rodata*)
 *fill*         0x0801031e        0x2 
 .rodata.AHBPrescTable
                0x08010320       0x10 ./Core/Src/system_stm32f4xx.o
                0x08010320                AHBPrescTable
 .rodata.APBPrescTable
                0x08010330        0x8 ./Core/Src/system_stm32f4xx.o
                0x08010330                APBPrescTable
 .rodata.flagBitshiftOffset.0
                0x08010338        0x8 ./Drivers/STM32F4xx_HAL_Driver/stm32f4xx_hal_dma.o
 .rodata._printf_float.str1.1