Archive member included to satisfy reference by file (symbol)

/Applications/STM32CubeIDE.app/Contents/Eclipse/plugins/com.st.stm32cube.ide.mcu.externaltools.gnu-tools-for-stm32.12.3.rel1.macos64_1.0.200.202406191456/tools/bin/../lib/gcc/arm-none-eabi/12.3.1/../../../../arm-none-eabi/lib/thumb/v7e-m+fp/hard/libc_nano.a(libc_a-exit.o)
                              /Applications/STM32CubeIDE.app/Contents/Eclipse/plugins/com.st.stm32cube.ide.mcu.externaltools.gnu-tools-for-stm32.12.3.rel1.macos64_1.0.200.202406191456/tools/bin/../lib/gcc/arm-none-eabi/12.3.1/../../../../arm-none-eabi/lib/thumb/v7e-m+fp/hard/crt0.o (exit)
/Applications/STM32CubeIDE.app/Contents/Eclipse/plugins/com.st.stm32cube.ide.mcu.externaltools.gnu-tools-for-stm32.12.3.rel1.macos64_1.0.200.202406191456/tools/bin/../lib/gcc/arm-none-eabi/12.3.1/../../../../arm-none-eabi/lib/thumb/v7e-m+fp/hard/libc_nano.a(libc_a-findfp.o)
                              /Applications/STM32CubeIDE.app/Contents/Eclipse/plugins/com.st.stm32cube.ide.mcu.externaltools.gnu-tools-for-stm32.12.3.rel1.macos64_1.0.200.202406191456/tools/bin/../lib/gcc/arm-none-eabi/12.3.1/../../../../arm-none-eabi/lib/thumb/v7e-m+fp/hard/libc_nano.a(libc_a-exit.o) (__stdio_exit_handler)
/Applications/STM32CubeIDE.app/Contents/Eclipse/plugins/com.st.stm32cube.ide.mcu.externaltools.gnu-tools-for-stm32.12.3.rel1.macos64_1.0.200.202406191456/tools/bin/../lib/gcc/arm-none-eabi/12.3.1/../../../../arm-none-eabi/lib/thumb/v7e-m+fp/hard/libc_nano.a(libc_a-fwalk.o)
                              /Applications/STM32CubeIDE.app/Contents/Eclipse/plugins/com.st.stm32cube.ide.mcu.externaltools.gnu-tools-for-stm32.12.3.rel1.macos64_1.0.200.202406191456/tools/bin/../lib/gcc/arm-none-eabi/12.3.1/../../../../arm-none-eabi/lib/thumb/v7e-m+fp/hard/libc_nano.a(libc_a-findfp.o) (_fwalk_sglue)
/Applications/STM32CubeIDE.app/Contents/Eclipse/plugins/com.st.stm32cube.ide.mcu.externaltools.gnu-tools-for-stm32.12.3.rel1.macos64_1.0.200.202406191456/tools/bin/../lib/gcc/arm-none-eabi/12.3.1/../../../../arm-none-eabi/lib/thumb/v7e-m+fp/hard/libc_nano.a(libc_a-memset.o)
                              /Applications/STM32CubeIDE.app/Contents/Eclipse/plugins/com.st.stm32cube.ide.mcu.externaltools.gnu-tools-for-stm32.12.3.rel1.macos64_1.0.200.202406191456/tools/bin/../lib/gcc/arm-none-eabi/12.3.1/../../../../arm-none-eabi/lib/thumb/v7e-m+fp/hard/crt0.o (memset)
/Applications/STM32CubeIDE.app/Contents/Eclipse/plugins/com.st.stm32cube.ide.mcu.externaltools.gnu-tools-for-stm32.12.3.rel1.macos64_1.0.200.202406191456/tools/bin/../lib/gcc/arm-none-eabi/12.3.1/../../../../arm-none-eabi/lib/thumb/v7e-m+fp/hard/libc_nano.a(libc_a-impure.o)
                              /Applications/STM32CubeIDE.app/Contents/Eclipse/plugins/com.st.stm32cube.ide.mcu.externaltools.gnu-tools-for-stm32.12.3.rel1.macos64_1.0.200.202406191456/tools/bin/../lib/gcc/arm-none-eabi/12.3.1/../../../../arm-none-eabi/lib/thumb/v7e-m+fp/hard/libc_nano.a(libc_a-findfp.o) (_impure_data)
/Applications/STM32CubeIDE.app/Contents/Eclipse/plugins/com.st.stm32cube.ide.mcu.externaltools.gnu-tools-for-stm32.12.3.rel1.macos64_1.0.200.202406191456/tools/bin/../lib/gcc/arm-none-eabi/12.3.1/../../../../arm-none-eabi/lib/thumb/v7e-m+fp/hard/libc_nano.a(libc_a-errno.o)
                              ./Core/Src/syscalls.o (__errno)
/Applications/STM32CubeIDE.app/Contents/Eclipse/plugins/com.st.stm32cube.ide.mcu.externaltools.gnu-tools-for-stm32.12.3.rel1.macos64_1.0.200.202406191456/tools/bin/../lib/gcc/arm-none-eabi/12.3.1/../../../../arm-none-eabi/lib/thumb/v7e-m+fp/hard/libc_nano.a(libc_a-init.o)
                              /Applications/STM32CubeIDE.app/Contents/Eclipse/plugins/com.st.stm32cube.ide.mcu.externaltools.gnu-tools-for-stm32.12.3.rel1.macos64_1.0.200.202406191456/tools/bin/../lib/gcc/arm-none-eabi/12.3.1/../../../../arm-none-eabi/lib/thumb/v7e-m+fp/hard/crt0.o (__libc_init_array)
/Applications/STM32CubeIDE.app/Contents/Eclipse/plugins/com.st.stm32cube.ide.mcu.externaltools.gnu-tools-for-stm32.12.3.rel1.macos64_1.0.200.202406191456/tools/bin/../lib/gcc/arm-none-eabi/12.3.1/../../../../arm-none-eabi/lib/thumb/v7e-m+fp/hard/libc_nano.a(libc_a-lock.o)
                              /Applications/STM32CubeIDE.app/Contents/Eclipse/plugins/com.st.stm32cube.ide.mcu.externaltools.gnu-tools-for-stm32.12.3.rel1.macos64_1.0.200.202406191456/tools/bin/../lib/gcc/arm-none-eabi/12.3.1/../../../../arm-none-eabi/lib/thumb/v7e-m+fp/hard/libc_nano.a(libc_a-findfp.o) (__retarget_lock_init_recursive)
/Applications/STM32CubeIDE.app/Contents/Eclipse/plugins/com.st.stm32cube.ide.mcu.externaltools.gnu-tools-for-stm32.12.3.rel1.macos64_1.0.200.202406191456/tools/bin/../lib/gcc/arm-none-eabi/12.3.1/../../../../arm-none-eabi/lib/thumb/v7e-m+fp/hard/libc_nano.a(libc_a-mallocr.o)
[...]
Memory Configuration

Name             Origin             Length             Attributes
CCMRAM           0x10000000         0x00010000         xrw
RAM              0x20000000         0x00020000         xrw
FLASH            0x08000000         0x00100000         xr
*default*        0x00000000         0xffffffff

Linker script and memory map

LOAD /Applications/STM32CubeIDE.app/Contents/Eclipse/plugins/com.st.stm32cube.ide.mcu.externaltools.gnu-tools-for-stm32.12.3.rel1.macos64_1.0.200.202406191456/tools/bin/../lib/gcc/arm-none-eabi/12.3.1/thumb/v7e-m+fp/hard/crti.o
LOAD /Applications/STM32CubeIDE.app/Contents/Eclipse/plugins/com.st.stm32cube.ide.mcu.externaltools.gnu-tools-for-stm32.12.3.rel1.macos64_1.0.200.202406191456/tools/bin/../lib/gcc/arm-none-eabi/12.3.1/thumb/v7e-m+fp/hard/crtbegin.o
LOAD /Applications/STM32CubeIDE.app/Contents/Eclipse/plugins/com.st.stm32cube.ide.mcu.externaltools.gnu-tools-for-stm32.12.3.rel1.macos64_1.0.200.202406191456/tools/bin/../lib/gcc/arm-none-eabi/12.3.1/../../../../arm-none-eabi/lib/thumb/v7e-m+fp/hard/crt0.o
LOAD ./Core/Src/main.o
LOAD ./Core/Src/stm32f4xx_hal_msp.o
LOAD ./Core/Src/stm32f4xx_it.o
LOAD ./Core/Src/syscalls.o
LOAD ./Core/Src/sysmem.o
LOAD ./Core/Src/system_stm32f4xx.o
LOAD ./Core/Startup/startup_stm32f405rgtx.o
LOAD ./Drivers/STM32F4xx_HAL_Driver/stm32f4xx_hal.o
LOAD ./Drivers/STM32F4xx_HAL_Driver/stm32f4xx_hal_adc.o
LOAD ./Drivers/STM32F4xx_HAL_Driver/stm32f4xx_hal_adc_ex.o
LOAD ./Drivers/STM32F4xx_HAL_Driver/stm32f4xx_hal_cortex.o
LOAD ./Drivers/STM32F4xx_HAL_Driver/stm32f4xx_hal_dma.o
LOAD ./Drivers/STM32F4xx_HAL_Driver/stm32f4xx_hal_dma_ex.o
LOAD ./Drivers/STM32F4xx_HAL_Driver/stm32f4xx_hal_exti.o
LOAD ./Drivers/STM32F4xx_HAL_Driver/stm32f4xx_hal_flash.o
LOAD ./Drivers/STM32F4xx_HAL_Driver/stm32f4xx_hal_flash_ex.o
LOAD ./Drivers/STM32F4xx_HAL_Driver/stm32f4xx_hal_flash_ramfunc.o
LOAD ./Drivers/STM32F4xx_HAL_Driver/stm32f4xx_hal_gpio.o
LOAD ./Drivers/STM32F4xx_HAL_Driver/stm32f4xx_hal_i2c.o
LOAD ./Drivers/STM32F4xx_HAL_Driver/stm32f4xx_hal_i2c_ex.o
LOAD ./Drivers/STM32F4xx_HAL_Driver/stm32f4xx_hal_pcd.o
LOAD ./Drivers/STM32F4xx_HAL_Driver/stm32f4xx_hal_pcd_ex.o
LOAD ./Drivers/STM32F4xx_HAL_Driver/stm32f4xx_hal_pwr.o
LOAD ./Drivers/STM32F4xx_HAL_Driver/stm32f4xx_hal_pwr_ex.o
LOAD ./Drivers/STM32F4xx_HAL_Driver/stm32f4xx_hal_rcc.o
LOAD ./Drivers/STM32F4xx_HAL_Driver/stm32f4xx_hal_rcc_ex.o
LOAD ./Drivers/STM32F4xx_HAL_Driver/stm32f4xx_hal_tim.o
LOAD ./Drivers/STM32F4xx_HAL_Driver/stm32f4xx_hal_tim_ex.o
LOAD ./Drivers/STM32F4xx_HAL_Driver/stm32f4xx_hal_uart.o
LOAD ./Drivers/STM32F4xx_HAL_Driver/stm32f4xx_ll_adc.o
LOAD ./Drivers/STM32F4xx_HAL_Driver/stm32f4xx_ll_usb.o
LOAD ./Middlewares/USB_Device_Library/usbd_cdc.o
LOAD ./Middlewares/USB_Device_Library/usbd_core.o
LOAD ./Middlewares/USB_Device_Library/usbd_ctlreq.o
LOAD ./Middlewares/USB_Device_Library/usbd_ioreq.o
LOAD ./USB_DEVICE/App/usb_device.o
LOAD ./USB_DEVICE/App/usbd_cdc_if.o
LOAD ./USB_DEVICE/App/usbd_desc.o
LOAD ./USB_DEVICE/Target/usbd_conf.o
START GROUP
LOAD /Applications/STM32CubeIDE.app/Contents/Eclipse/plugins/com.st.stm32cube.ide.mcu.externaltools.gnu-tools-for-stm32.12.3.rel1.macos64_1.0.200.202406191456/tools/bin/../lib/gcc/arm-none-eabi/12.3.1/../../../../arm-none-eabi/lib/thumb/v7e-m+fp/hard/libc_nano.a
LOAD /Applications/STM32CubeIDE.app/Contents/Eclipse/plugins/com.st.stm32cube.ide.mcu.externaltools.gnu-tools-for-stm32.12.3.rel1.macos64_1.0.200.202406191456/tools/bin/../lib/gcc/arm-none-eabi/12.3.1/../../../../arm-none-eabi/lib/thumb/v7e-m+fp/hard/libm.a
END GROUP
START GROUP
LOAD /Applications/STM32CubeIDE.app/Contents/Eclipse/plugins/com.st.stm32cube.ide.mcu.externaltools.gnu-tools-for-stm32.12.3.rel1.macos64_1.0.200.202406191456/tools/bin/../lib/gcc/arm-none-eabi/12.3.1/thumb/v7e-m+fp/hard/libgcc.a
LOAD /Applications/STM32CubeIDE.app/Contents/Eclipse/plugins/com.st.stm32cube.ide.mcu.externaltools.gnu-tools-for-stm32.12.3.rel1.macos64_1.0.200.202406191456/tools/bin/../lib/gcc/arm-none-eabi/12.3.1/../../../../arm-none-eabi/lib/thumb/v7e-m+fp/hard/libc_nano.a
END GROUP
START GROUP
LOAD /Applications/STM32CubeIDE.app/Contents/Eclipse/plugins/com.st.stm32cube.ide.mcu.externaltools.gnu-tools-for-stm32.12.3.rel1.macos64_1.0.200.202406191456/tools/bin/../lib/gcc/arm-none-eabi/12.3.1/thumb/v7e-m+fp/hard/libgcc.a
LOAD /Applications/STM32CubeIDE.app/Contents/Eclipse/plugins/com.st.stm32cube.ide.mcu.externaltools.gnu-tools-for-stm32.12.3.rel1.macos64_1.0.200.202406191456/tools/bin/../lib/gcc/arm-none-eabi/12.3.1/../../../../arm-none-eabi/lib/thumb/v7e-m+fp/hard/libc_nano.a
LOAD /Applications/STM32CubeIDE.app/Contents/Eclipse/plugins/com.st.stm32cube.ide.mcu.externaltools.gnu-tools-for-stm32.12.3.rel1.macos64_1.0.200.202406191456/tools/bin/../lib/gcc/arm-none-eabi/12.3.1/../../../../arm-none-eabi/lib/thumb/v7e-m+fp/hard/libnosys.a
END GROUP
START GROUP
LOAD /Applications/STM32CubeIDE.app/Contents/Eclipse/plugins/com.st.stm32cube.ide.mcu.externaltools.gnu-tools-for-stm32.12.3.rel1.macos64_1.0.200.202406191456/tools/bin/../lib/gcc/arm-none-eabi/12.3.1/thumb/v7e-m+fp/hard/libgcc.a
LOAD /Applications/STM32CubeIDE.app/Contents/Eclipse/plugins/com.st.stm32cube.ide.mcu.externaltools.gnu-tools-for-stm32.12.3.rel1.macos64_1.0.200.202406191456/tools/bin/../lib/gcc/arm-none-eabi/12.3.1/../../../../arm-none-eabi/lib/thumb/v7e-m+fp/hard/libc_nano.a
LOAD /Applications/STM32CubeIDE.app/Contents/Eclipse/plugins/com.st.stm32cube.ide.mcu.externaltools.gnu-tools-for-stm32.12.3.rel1.macos64_1.0.200.202406191456/tools/bin/../lib/gcc/arm-none-eabi/12.3.1/../../../../arm-none-eabi/lib/thumb/v7e-m+fp/hard/libnosys.a
END GROUP
LOAD /Applications/STM32CubeIDE.app/Contents/Eclipse/plugins/com.st.stm32cube.ide.mcu.externaltools.gnu-tools-for-stm32.12.3.rel1.macos64_1.0.200.202406191456/tools/bin/../lib/gcc/arm-none-eabi/12.3.1/thumb/v7e-m+fp/hard/crtend.o
LOAD /Applications/STM32CubeIDE.app/Contents/Eclipse/plugins/com.st.stm32cube.ide.mcu.externaltools.gnu-tools-for-stm32.12.3.rel1.macos64_1.0.200.202406191456/tools/bin/../lib/gcc/arm-none-eabi/12.3.1/thumb/v7e-m+fp/hard/crtn.o
                0x20020000                        _estack = (ORIGIN (RAM) + LENGTH (RAM))
                0x00000200                        _Min_Heap_Size = 0x200
                0x00000400                        _Min_Stack_Size = 0x400

.isr_vector     0x08000000      0x188
                0x08000000                        . = ALIGN (0x4)
 *(.isr_vector)
 .isr_vector    0x08000000      0x188 ./Core/Startup/startup_stm32f405rgtx.o
                0x08000000                g_pfnVectors
                0x08000188                        . = ALIGN (0x4)

.text           0x08000188     0x8a1c
                0x08000188                        . = ALIGN (0x4)
 *(.text)
 .text          0x08000188       0x40 /Applications/STM32CubeIDE.app/Contents/Eclipse/plugins/com.st.stm32cube.ide.mcu.externaltools.gnu-tools-for-stm32.12.3.rel1.macos64_1.0.200.202406191456/tools/bin/../lib/gcc/arm-none-eabi/12.3.1/thumb/v7e-m+fp/hard/crtbegin.o
 .text          0x080001c8       0x30 /Applications/STM32CubeIDE.app/Contents/Eclipse/plugins/com.st.stm32cube.ide.mcu.externaltools.gnu-tools-for-stm32.12.3.rel1.macos64_1.0.200.202406191456/tools/bin/../lib/gcc/arm-none-eabi/12.3.1/thumb/v7e-m+fp/hard/libgcc.a(_aeabi_uldivmod.o)
                0x080001c8                __aeabi_uldivmod
 .text          0x080001f8      0x2bc /Applications/STM32CubeIDE.app/Contents/Eclipse/plugins/com.st.stm32cube.ide.mcu.externaltools.gnu-tools-for-stm32.12.3.rel1.macos64_1.0.200.202406191456/tools/bin/../lib/gcc/arm-none-eabi/12.3.1/thumb/v7e-m+fp/hard/libgcc.a(_udivmoddi4.o)
                0x080001f8                __udivmoddi4
 .text          0x080004b4        0x4 /Applications/STM32CubeIDE.app/Contents/Eclipse/plugins/com.st.stm32cube.ide.mcu.externaltools.gnu-tools-for-stm32.12.3.rel1.macos64_1.0.200.202406191456/tools/bin/../lib/gcc/arm-none-eabi/12.3.1/thumb/v7e-m+fp/hard/libgcc.a(_dvmd_tls.o)
                0x080004b4                __aeabi_ldiv0
                0x080004b4                __aeabi_idiv0
 *(.text*)
 .text.main     0x080004b8       0x3c ./Core/Src/main.o
                0x080004b8                main
 .text.SystemClock_Config
                0x080004f4       0xd4 ./Core/Src/main.o
                0x080004f4                SystemClock_Config
 .text.MX_ADC1_Init
                0x080005c8       0xa4 ./Core/Src/main.o
 .text.MX_ADC2_Init
                0x0800066c       0xa4 ./Core/Src/main.o
 .text.MX_ADC3_Init
                0x08000710       0xa4 ./Core/Src/main.o
 .text.MX_I2C1_Init
                0x080007b4       0x5c ./Core/Src/main.o
 .text.MX_I2C3_Init
                0x08000810       0x5c ./Core/Src/main.o
 .text.MX_TIM2_Init
                0x0800086c       0xb4 ./Core/Src/main.o
 .text.MX_TIM4_Init
                0x08000920       0xb4 ./Core/Src/main.o
 .text.MX_TIM5_Init
                0x080009d4       0xb4 ./Core/Src/main.o
 .text.MX_UART4_Init
                0x08000a88       0x54 ./Core/Src/main.o
 .text.MX_GPIO_Init
                0x08000adc       0xdc ./Core/Src/main.o
 .text.Error_Handler
                0x08000bb8        0xc ./Core/Src/main.o
                0x08000bb8                Error_Handler
 .text.HAL_MspInit
                0x08000bc4       0x50 ./Core/Src/stm32f4xx_hal_msp.o
                0x08000bc4                HAL_MspInit
 .text.HAL_ADC_MspInit
                0x08000c14      0x1ec ./Core/Src/stm32f4xx_hal_msp.o
                0x08000c14                HAL_ADC_MspInit
 .text.HAL_I2C_MspInit
                0x08000e00      0x140 ./Core/Src/stm32f4xx_hal_msp.o
                0x08000e00                HAL_I2C_MspInit
 .text.HAL_TIM_PWM_MspInit
                0x08000f40       0x98 ./Core/Src/stm32f4xx_hal_msp.o
                0x08000f40                HAL_TIM_PWM_MspInit
 .text.HAL_TIM_MspPostInit
                0x08000fd8      0x10c ./Core/Src/stm32f4xx_hal_msp.o
                0x08000fd8                HAL_TIM_MspPostInit
 .text.HAL_UART_MspInit
                0x080010e4       0x90 ./Core/Src/stm32f4xx_hal_msp.o
                0x080010e4                HAL_UART_MspInit
 .text.NMI_Handler
                0x08001174        0x8 ./Core/Src/stm32f4xx_it.o
                0x08001174                NMI_Handler
 .text.HardFault_Handler
                0x0800117c        0x8 ./Core/Src/stm32f4xx_it.o
                0x0800117c                HardFault_Handler
 .text.MemManage_Handler
                0x08001184        0x8 ./Core/Src/stm32f4xx_it.o
                0x08001184                MemManage_Handler
 .text.BusFault_Handler
                0x0800118c        0x8 ./Core/Src/stm32f4xx_it.o
                0x0800118c                BusFault_Handler
 .text.UsageFault_Handler
                0x08001194        0x8 ./Core/Src/stm32f4xx_it.o
                0x08001194                UsageFault_Handler
 .text.SVC_Handler
                0x0800119c        0xe ./Core/Src/stm32f4xx_it.o
                0x0800119c                SVC_Handler
 .text.DebugMon_Handler
                0x080011aa        0xe ./Core/Src/stm32f4xx_it.o
                0x080011aa                DebugMon_Handler
 .text.PendSV_Handler
                0x080011b8        0xe ./Core/Src/stm32f4xx_it.o
                0x080011b8                PendSV_Handler
 .text.SysTick_Handler
                0x080011c6        0xc ./Core/Src/stm32f4xx_it.o
                0x080011c6                SysTick_Handler
 *fill*         0x080011d2        0x2 
 .text.OTG_FS_IRQHandler
                0x080011d4       0x14 ./Core/Src/stm32f4xx_it.o
                0x080011d4                OTG_FS_IRQHandler
 .text.SystemInit
                0x080011e8       0x24 ./Core/Src/system_stm32f4xx.o
                0x080011e8                SystemInit
 .text.Reset_Handler
                0x0800120c       0x50 ./Core/Startup/startup_stm32f405rgtx.o
                0x0800120c                Reset_Handler
 .text.Default_Handler
                0x0800125c        0x2 ./Core/Startup/startup_stm32f405rgtx.o
                0x0800125c                DMA1_Stream3_IRQHandler
                0x0800125c                HASH_RNG_IRQHandler
                0x0800125c                EXTI2_IRQHandler
                0x0800125c                TIM8_CC_IRQHandler
                0x0800125c                TIM1_CC_IRQHandler
                0x0800125c                DMA2_Stream5_IRQHandler
                0x0800125c                DMA1_Stream5_IRQHandler
                0x0800125c                PVD_IRQHandler
                0x0800125c                SDIO_IRQHandler
                0x0800125c                TAMP_STAMP_IRQHandler
                0x0800125c                CAN2_RX1_IRQHandler
                0x0800125c                EXTI3_IRQHandler
                0x0800125c                TIM8_TRG_COM_TIM14_IRQHandler
                0x0800125c                TIM1_UP_TIM10_IRQHandler
                0x0800125c                TIM8_UP_TIM13_IRQHandler
                0x0800125c                I2C3_ER_IRQHandler
                0x0800125c                EXTI0_IRQHandler
                0x0800125c                I2C2_EV_IRQHandler
                0x0800125c                DMA1_Stream2_IRQHandler
                0x0800125c                CAN1_RX0_IRQHandler
                0x0800125c                FPU_IRQHandler
                0x0800125c                OTG_HS_WKUP_IRQHandler
                0x0800125c                CAN2_SCE_IRQHandler
                0x0800125c                DMA2_Stream2_IRQHandler
                0x0800125c                SPI1_IRQHandler
                0x0800125c                TIM6_DAC_IRQHandler
                0x0800125c                TIM1_BRK_TIM9_IRQHandler
                0x0800125c                CAN2_RX0_IRQHandler
                0x0800125c                DMA2_Stream3_IRQHandler
                0x0800125c                USART6_IRQHandler
                0x0800125c                USART3_IRQHandler
                0x0800125c                CAN1_RX1_IRQHandler
                0x0800125c                UART5_IRQHandler
                0x0800125c                DMA2_Stream0_IRQHandler
                0x0800125c                TIM4_IRQHandler
                0x0800125c                I2C1_EV_IRQHandler
                0x0800125c                DMA1_Stream6_IRQHandler
                0x0800125c                DMA1_Stream1_IRQHandler
                0x0800125c                UART4_IRQHandler
                0x0800125c                TIM3_IRQHandler
                0x0800125c                RCC_IRQHandler
                0x0800125c                TIM8_BRK_TIM12_IRQHandler
                0x0800125c                Default_Handler
                0x0800125c                EXTI15_10_IRQHandler
                0x0800125c                ADC_IRQHandler
                0x0800125c                DMA1_Stream7_IRQHandler
                0x0800125c                TIM7_IRQHandler
                0x0800125c                CAN2_TX_IRQHandler
                0x0800125c                TIM5_IRQHandler
                0x0800125c                DMA2_Stream7_IRQHandler
                0x0800125c                I2C3_EV_IRQHandler
                0x0800125c                EXTI9_5_IRQHandler
                0x0800125c                RTC_WKUP_IRQHandler
                0x0800125c                SPI2_IRQHandler
                0x0800125c                OTG_HS_EP1_IN_IRQHandler
                0x0800125c                DMA1_Stream0_IRQHandler
                0x0800125c                CAN1_TX_IRQHandler
                0x0800125c                EXTI4_IRQHandler
                0x0800125c                FSMC_IRQHandler
                0x0800125c                OTG_HS_EP1_OUT_IRQHandler
                0x0800125c                WWDG_IRQHandler
                0x0800125c                TIM2_IRQHandler
                0x0800125c                OTG_FS_WKUP_IRQHandler
                0x0800125c                TIM1_TRG_COM_TIM11_IRQHandler
                0x0800125c                OTG_HS_IRQHandler
                0x0800125c                EXTI1_IRQHandler
                0x0800125c                USART2_IRQHandler
                0x0800125c                I2C2_ER_IRQHandler
                0x0800125c                DMA2_Stream1_IRQHandler
                0x0800125c                CAN1_SCE_IRQHandler
                0x0800125c                FLASH_IRQHandler
                0x0800125c                DMA2_Stream4_IRQHandler
                0x0800125c                USART1_IRQHandler
                0x0800125c                SPI3_IRQHandler
                0x0800125c                DMA1_Stream4_IRQHandler
                0x0800125c                I2C1_ER_IRQHandler
                0x0800125c                DMA2_Stream6_IRQHandler
                0x0800125c                RTC_Alarm_IRQHandler
 *fill*         0x0800125e        0x2 
 .text.HAL_Init
                0x08001260       0x44 ./Drivers/STM32F4xx_HAL_Driver/stm32f4xx_hal.o
                0x08001260                HAL_Init
 .text.HAL_InitTick
                0x080012a4       0x60 ./Drivers/STM32F4xx_HAL_Driver/stm32f4xx_hal.o
                0x080012a4                HAL_InitTick
 .text.HAL_IncTick
                0x08001304       0x28 ./Drivers/STM32F4xx_HAL_Driver/stm32f4xx_hal.o
                0x08001304                HAL_IncTick
 .text.HAL_GetTick
                0x0800132c       0x18 ./Drivers/STM32F4xx_HAL_Driver/stm32f4xx_hal.o
                0x0800132c                HAL_GetTick
 .text.HAL_Delay
                0x08001344       0x48 ./Drivers/STM32F4xx_HAL_Driver/stm32f4xx_hal.o
                0x08001344                HAL_Delay
 .text.HAL_ADC_Init
                0x0800138c       0x86 ./Drivers/STM32F4xx_HAL_Driver/stm32f4xx_hal_adc.o
                0x0800138c                HAL_ADC_Init
 *fill*         0x08001412        0x2 
 .text.HAL_ADC_ConfigChannel
                0x08001414      0x244 ./Drivers/STM32F4xx_HAL_Driver/stm32f4xx_hal_adc.o
                0x08001414                HAL_ADC_ConfigChannel
 .text.ADC_Init
                0x08001658      0x1f8 ./Drivers/STM32F4xx_HAL_Driver/stm32f4xx_hal_adc.o
 .text.__NVIC_SetPriorityGrouping
                0x08001850       0x48 ./Drivers/STM32F4xx_HAL_Driver/stm32f4xx_hal_cortex.o
 .text.__NVIC_GetPriorityGrouping
                0x08001898       0x1c ./Drivers/STM32F4xx_HAL_Driver/stm32f4xx_hal_cortex.o
 .text.__NVIC_EnableIRQ
                0x080018b4       0x3c ./Drivers/STM32F4xx_HAL_Driver/stm32f4xx_hal_cortex.o
 .text.__NVIC_SetPriority
                0x080018f0       0x54 ./Drivers/STM32F4xx_HAL_Driver/stm32f4xx_hal_cortex.o
 .text.NVIC_EncodePriority
                0x08001944       0x66 ./Drivers/STM32F4xx_HAL_Driver/stm32f4xx_hal_cortex.o
 *fill*         0x080019aa        0x2 
 .text.SysTick_Config
                0x080019ac       0x44 ./Drivers/STM32F4xx_HAL_Driver/stm32f4xx_hal_cortex.o
 .text.HAL_NVIC_SetPriorityGrouping
                0x080019f0       0x16 ./Drivers/STM32F4xx_HAL_Driver/stm32f4xx_hal_cortex.o
                0x080019f0                HAL_NVIC_SetPriorityGrouping
 .text.HAL_NVIC_SetPriority
                0x08001a06       0x38 ./Drivers/STM32F4xx_HAL_Driver/stm32f4xx_hal_cortex.o
                0x08001a06                HAL_NVIC_SetPriority
 .text.HAL_NVIC_EnableIRQ
                0x08001a3e       0x1c ./Drivers/STM32F4xx_HAL_Driver/stm32f4xx_hal_cortex.o
                0x08001a3e                HAL_NVIC_EnableIRQ
 .text.HAL_SYSTICK_Config
                0x08001a5a       0x18 ./Drivers/STM32F4xx_HAL_Driver/stm32f4xx_hal_cortex.o
                0x08001a5a                HAL_SYSTICK_Config
 *fill*         0x08001a72        0x2 
 .text.HAL_GPIO_Init
                0x08001a74      0x338 ./Drivers/STM32F4xx_HAL_Driver/stm32f4xx_hal_gpio.o
                0x08001a74                HAL_GPIO_Init
 .text.HAL_GPIO_WritePin
                0x08001dac       0x32 ./Drivers/STM32F4xx_HAL_Driver/stm32f4xx_hal_gpio.o
                0x08001dac                HAL_GPIO_WritePin
 *fill*         0x08001dde        0x2 
 .text.HAL_I2C_Init
                0x08001de0      0x288 ./Drivers/STM32F4xx_HAL_Driver/stm32f4xx_hal_i2c.o
                0x08001de0                HAL_I2C_Init
 .text.HAL_PCD_Init
                0x08002068      0x21e ./Drivers/STM32F4xx_HAL_Driver/stm32f4xx_hal_pcd.o
                0x08002068                HAL_PCD_Init
 .text.HAL_PCD_Start
                0x08002286       0x6a ./Drivers/STM32F4xx_HAL_Driver/stm32f4xx_hal_pcd.o
                0x08002286                HAL_PCD_Start
 .text.HAL_PCD_IRQHandler
                0x080022f0      0x942 ./Drivers/STM32F4xx_HAL_Driver/stm32f4xx_hal_pcd.o
                0x080022f0                HAL_PCD_IRQHandler
 .text.HAL_PCD_SetAddress
                0x08002c32       0x48 ./Drivers/STM32F4xx_HAL_Driver/stm32f4xx_hal_pcd.o
                0x08002c32                HAL_PCD_SetAddress
 .text.HAL_PCD_EP_Open
                0x08002c7a       0xd4 ./Drivers/STM32F4xx_HAL_Driver/stm32f4xx_hal_pcd.o
                0x08002c7a                HAL_PCD_EP_Open
 .text.HAL_PCD_EP_Close
                0x08002d4e       0x94 ./Drivers/STM32F4xx_HAL_Driver/stm32f4xx_hal_pcd.o
                0x08002d4e                HAL_PCD_EP_Close
 .text.HAL_PCD_EP_Receive
                0x08002de2       0x76 ./Drivers/STM32F4xx_HAL_Driver/stm32f4xx_hal_pcd.o
                0x08002de2                HAL_PCD_EP_Receive
 .text.HAL_PCD_EP_GetRxCount
                0x08002e58       0x30 ./Drivers/STM32F4xx_HAL_Driver/stm32f4xx_hal_pcd.o
                0x08002e58                HAL_PCD_EP_GetRxCount
 .text.HAL_PCD_EP_Transmit
                0x08002e88       0x74 ./Drivers/STM32F4xx_HAL_Driver/stm32f4xx_hal_pcd.o
                0x08002e88                HAL_PCD_EP_Transmit
 .text.HAL_PCD_EP_SetStall
                0x08002efc       0xc6 ./Drivers/STM32F4xx_HAL_Driver/stm32f4xx_hal_pcd.o
                0x08002efc                HAL_PCD_EP_SetStall
 .text.HAL_PCD_EP_ClrStall
                0x08002fc2       0xac ./Drivers/STM32F4xx_HAL_Driver/stm32f4xx_hal_pcd.o
                0x08002fc2                HAL_PCD_EP_ClrStall
 .text.HAL_PCD_EP_Abort
                0x0800306e       0x62 ./Drivers/STM32F4xx_HAL_Driver/stm32f4xx_hal_pcd.o
                0x0800306e                HAL_PCD_EP_Abort
 .text.PCD_WriteEmptyTxFifo
                0x080030d0      0x118 ./Drivers/STM32F4xx_HAL_Driver/stm32f4xx_hal_pcd.o
 .text.PCD_EP_OutXfrComplete_int
                0x080031e8      0x1d0 ./Drivers/STM32F4xx_HAL_Driver/stm32f4xx_hal_pcd.o
 .text.PCD_EP_OutSetupPacket_int
                0x080033b8       0x8c ./Drivers/STM32F4xx_HAL_Driver/stm32f4xx_hal_pcd.o
 .text.HAL_PCDEx_SetTxFiFo
                0x08003444       0x8e ./Drivers/STM32F4xx_HAL_Driver/stm32f4xx_hal_pcd_ex.o
                0x08003444                HAL_PCDEx_SetTxFiFo
 .text.HAL_PCDEx_SetRxFiFo
                0x080034d2       0x22 ./Drivers/STM32F4xx_HAL_Driver/stm32f4xx_hal_pcd_ex.o
                0x080034d2                HAL_PCDEx_SetRxFiFo
 .text.HAL_PCDEx_LPM_Callback
                0x080034f4       0x18 ./Drivers/STM32F4xx_HAL_Driver/stm32f4xx_hal_pcd_ex.o
                0x080034f4                HAL_PCDEx_LPM_Callback
 .text.HAL_RCC_OscConfig
                0x0800350c      0x4f0 ./Drivers/STM32F4xx_HAL_Driver/stm32f4xx_hal_rcc.o
                0x0800350c                HAL_RCC_OscConfig
 .text.HAL_RCC_ClockConfig
                0x080039fc      0x1cc ./Drivers/STM32F4xx_HAL_Driver/stm32f4xx_hal_rcc.o
                0x080039fc                HAL_RCC_ClockConfig
 .text.HAL_RCC_GetSysClockFreq
                0x08003bc8      0x20c ./Drivers/STM32F4xx_HAL_Driver/stm32f4xx_hal_rcc.o
                0x08003bc8                HAL_RCC_GetSysClockFreq
 .text.HAL_RCC_GetHCLKFreq
                0x08003dd4       0x18 ./Drivers/STM32F4xx_HAL_Driver/stm32f4xx_hal_rcc.o
                0x08003dd4                HAL_RCC_GetHCLKFreq
 .text.HAL_RCC_GetPCLK1Freq
                0x08003dec       0x28 ./Drivers/STM32F4xx_HAL_Driver/stm32f4xx_hal_rcc.o
                0x08003dec                HAL_RCC_GetPCLK1Freq
 .text.HAL_RCC_GetPCLK2Freq
                0x08003e14       0x28 ./Drivers/STM32F4xx_HAL_Driver/stm32f4xx_hal_rcc.o
                0x08003e14                HAL_RCC_GetPCLK2Freq
 .text.HAL_TIM_PWM_Init
                0x08003e3c       0x9e ./Drivers/STM32F4xx_HAL_Driver/stm32f4xx_hal_tim.o
                0x08003e3c                HAL_TIM_PWM_Init
 *fill*         0x08003eda        0x2 
 .text.HAL_TIM_PWM_ConfigChannel
                0x08003edc      0x184 ./Drivers/STM32F4xx_HAL_Driver/stm32f4xx_hal_tim.o
                0x08003edc                HAL_TIM_PWM_ConfigChannel
 .text.TIM_Base_SetConfig
                0x08004060      0x158 ./Drivers/STM32F4xx_HAL_Driver/stm32f4xx_hal_tim.o
                0x08004060                TIM_Base_SetConfig
 .text.TIM_OC1_SetConfig
                0x080041b8       0xe0 ./Drivers/STM32F4xx_HAL_Driver/stm32f4xx_hal_tim.o
 .text.TIM_OC2_SetConfig
                0x08004298       0xec ./Drivers/STM32F4xx_HAL_Driver/stm32f4xx_hal_tim.o
                0x08004298                TIM_OC2_SetConfig
 .text.TIM_OC3_SetConfig
                0x08004384       0xe8 ./Drivers/STM32F4xx_HAL_Driver/stm32f4xx_hal_tim.o
 .text.TIM_OC4_SetConfig
                0x0800446c       0xac ./Drivers/STM32F4xx_HAL_Driver/stm32f4xx_hal_tim.o
 .text.HAL_TIMEx_MasterConfigSynchronization
                0x08004518       0xf8 ./Drivers/STM32F4xx_HAL_Driver/stm32f4xx_hal_tim_ex.o
                0x08004518                HAL_TIMEx_MasterConfigSynchronization
 .text.HAL_UART_Init
                0x08004610       0xa0 ./Drivers/STM32F4xx_HAL_Driver/stm32f4xx_hal_uart.o
                0x08004610                HAL_UART_Init
 .text.UART_SetConfig
                0x080046b0      0x4e8 ./Drivers/STM32F4xx_HAL_Driver/stm32f4xx_hal_uart.o
 .text.USB_CoreInit
                0x08004b98       0xc8 ./Drivers/STM32F4xx_HAL_Driver/stm32f4xx_ll_usb.o
                0x08004b98                USB_CoreInit
 .text.USB_SetTurnaroundTime
                0x08004c60      0x144 ./Drivers/STM32F4xx_HAL_Driver/stm32f4xx_ll_usb.o
                0x08004c60                USB_SetTurnaroundTime
 .text.USB_EnableGlobalInt
                0x08004da4       0x22 ./Drivers/STM32F4xx_HAL_Driver/stm32f4xx_ll_usb.o
                0x08004da4                USB_EnableGlobalInt
 .text.USB_DisableGlobalInt
                0x08004dc6       0x22 ./Drivers/STM32F4xx_HAL_Driver/stm32f4xx_ll_usb.o
                0x08004dc6                USB_DisableGlobalInt
 .text.USB_SetCurrentMode
                0x08004de8       0x98 ./Drivers/STM32F4xx_HAL_Driver/stm32f4xx_ll_usb.o
                0x08004de8                USB_SetCurrentMode
 .text.USB_DevInit
                0x08004e80      0x2c8 ./Drivers/STM32F4xx_HAL_Driver/stm32f4xx_ll_usb.o
                0x08004e80                USB_DevInit
 .text.USB_FlushTxFifo
                0x08005148       0x64 ./Drivers/STM32F4xx_HAL_Driver/stm32f4xx_ll_usb.o
                0x08005148                USB_FlushTxFifo
 .text.USB_FlushRxFifo
                0x080051ac       0x5c ./Drivers/STM32F4xx_HAL_Driver/stm32f4xx_ll_usb.o
                0x080051ac                USB_FlushRxFifo
 .text.USB_SetDevSpeed
                0x08005208       0x32 ./Drivers/STM32F4xx_HAL_Driver/stm32f4xx_ll_usb.o
                0x08005208                USB_SetDevSpeed
 .text.USB_GetDevSpeed
                0x0800523a       0x4a ./Drivers/STM32F4xx_HAL_Driver/stm32f4xx_ll_usb.o
                0x0800523a                USB_GetDevSpeed
 .text.USB_ActivateEndpoint
                0x08005284      0x10e ./Drivers/STM32F4xx_HAL_Driver/stm32f4xx_ll_usb.o
                0x08005284                USB_ActivateEndpoint
 *fill*         0x08005392        0x2 
 .text.USB_DeactivateEndpoint
                0x08005394      0x1b8 ./Drivers/STM32F4xx_HAL_Driver/stm32f4xx_ll_usb.o
                0x08005394                USB_DeactivateEndpoint
 .text.USB_EPStartXfer
                0x0800554c      0x53c ./Drivers/STM32F4xx_HAL_Driver/stm32f4xx_ll_usb.o
                0x0800554c                USB_EPStartXfer
 .text.USB_EPStopXfer
                0x08005a88      0x154 ./Drivers/STM32F4xx_HAL_Driver/stm32f4xx_ll_usb.o
                0x08005a88                USB_EPStopXfer
 .text.USB_WritePacket
                0x08005bdc       0x7c ./Drivers/STM32F4xx_HAL_Driver/stm32f4xx_ll_usb.o
                0x08005bdc                USB_WritePacket
 .text.USB_ReadPacket
                0x08005c58       0xb0 ./Drivers/STM32F4xx_HAL_Driver/stm32f4xx_ll_usb.o
                0x08005c58                USB_ReadPacket
 .text.USB_EPSetStall
                0x08005d08       0xdc ./Drivers/STM32F4xx_HAL_Driver/stm32f4xx_ll_usb.o
                0x08005d08                USB_EPSetStall
 .text.USB_EPClearStall
                0x08005de4       0xcc ./Drivers/STM32F4xx_HAL_Driver/stm32f4xx_ll_usb.o
                0x08005de4                USB_EPClearStall
 .text.USB_SetDevAddress
                0x08005eb0       0x4c ./Drivers/STM32F4xx_HAL_Driver/stm32f4xx_ll_usb.o
                0x08005eb0                USB_SetDevAddress
 .text.USB_DevConnect
                0x08005efc       0x42 ./Drivers/STM32F4xx_HAL_Driver/stm32f4xx_ll_usb.o
                0x08005efc                USB_DevConnect
 .text.USB_DevDisconnect
                0x08005f3e       0x42 ./Drivers/STM32F4xx_HAL_Driver/stm32f4xx_ll_usb.o
                0x08005f3e                USB_DevDisconnect
 .text.USB_ReadInterrupts
                0x08005f80       0x26 ./Drivers/STM32F4xx_HAL_Driver/stm32f4xx_ll_usb.o
                0x08005f80                USB_ReadInterrupts
 .text.USB_ReadDevAllOutEpInterrupt
                0x08005fa6       0x34 ./Drivers/STM32F4xx_HAL_Driver/stm32f4xx_ll_usb.o
                0x08005fa6                USB_ReadDevAllOutEpInterrupt
 .text.USB_ReadDevAllInEpInterrupt
                0x08005fda       0x34 ./Drivers/STM32F4xx_HAL_Driver/stm32f4xx_ll_usb.o
                0x08005fda                USB_ReadDevAllInEpInterrupt
 .text.USB_ReadDevOutEPInterrupt
                0x0800600e       0x3c ./Drivers/STM32F4xx_HAL_Driver/stm32f4xx_ll_usb.o
                0x0800600e                USB_ReadDevOutEPInterrupt
 .text.USB_ReadDevInEPInterrupt
                0x0800604a       0x5c ./Drivers/STM32F4xx_HAL_Driver/stm32f4xx_ll_usb.o
                0x0800604a                USB_ReadDevInEPInterrupt
 .text.USB_GetMode
                0x080060a6       0x1c ./Drivers/STM32F4xx_HAL_Driver/stm32f4xx_ll_usb.o
                0x080060a6                USB_GetMode
 .text.USB_ActivateSetup
                0x080060c2       0x46 ./Drivers/STM32F4xx_HAL_Driver/stm32f4xx_ll_usb.o
                0x080060c2                USB_ActivateSetup
 .text.USB_EP0_OutStart
                0x08006108       0xbc ./Drivers/STM32F4xx_HAL_Driver/stm32f4xx_ll_usb.o
                0x08006108                USB_EP0_OutStart
 .text.USB_CoreReset
                0x080061c4       0x62 ./Drivers/STM32F4xx_HAL_Driver/stm32f4xx_ll_usb.o
 *fill*         0x08006226        0x2 
 .text.USBD_CDC_Init
                0x08006228      0x1f0 ./Middlewares/USB_Device_Library/usbd_cdc.o
 .text.USBD_CDC_DeInit
                0x08006418      0x104 ./Middlewares/USB_Device_Library/usbd_cdc.o
 .text.USBD_CDC_Setup
                0x0800651c      0x1b8 ./Middlewares/USB_Device_Library/usbd_cdc.o
 .text.USBD_CDC_DataIn
                0x080066d4       0xfe ./Middlewares/USB_Device_Library/usbd_cdc.o
 .text.USBD_CDC_DataOut
                0x080067d2       0x70 ./Middlewares/USB_Device_Library/usbd_cdc.o
 .text.USBD_CDC_EP0_RxReady
                0x08006842       0x74 ./Middlewares/USB_Device_Library/usbd_cdc.o
 *fill*         0x080068b6        0x2 
 .text.USBD_CDC_GetFSCfgDesc
                0x080068b8       0x70 ./Middlewares/USB_Device_Library/usbd_cdc.o
 .text.USBD_CDC_GetHSCfgDesc
                0x08006928       0x70 ./Middlewares/USB_Device_Library/usbd_cdc.o
 .text.USBD_CDC_GetOtherSpeedCfgDesc
                0x08006998       0x70 ./Middlewares/USB_Device_Library/usbd_cdc.o
 .text.USBD_CDC_GetDeviceQualifierDescriptor
                0x08006a08       0x20 ./Middlewares/USB_Device_Library/usbd_cdc.o
                0x08006a08                USBD_CDC_GetDeviceQualifierDescriptor
 .text.USBD_CDC_RegisterInterface
                0x08006a28       0x34 ./Middlewares/USB_Device_Library/usbd_cdc.o
                0x08006a28                USBD_CDC_RegisterInterface
 .text.USBD_CDC_SetTxBuffer
                0x08006a5c       0x44 ./Middlewares/USB_Device_Library/usbd_cdc.o
                0x08006a5c                USBD_CDC_SetTxBuffer
 .text.USBD_CDC_SetRxBuffer
                0x08006aa0       0x3a ./Middlewares/USB_Device_Library/usbd_cdc.o
                0x08006aa0                USBD_CDC_SetRxBuffer
 *fill*         0x08006ada        0x2 
 .text.USBD_CDC_ReceivePacket
                0x08006adc       0x6c ./Middlewares/USB_Device_Library/usbd_cdc.o
                0x08006adc                USBD_CDC_ReceivePacket
 .text.USBD_Init
                0x08006b48       0x60 ./Middlewares/USB_Device_Library/usbd_core.o
                0x08006b48                USBD_Init
 .text.USBD_RegisterClass
                0x08006ba8       0x6c ./Middlewares/USB_Device_Library/usbd_core.o
                0x08006ba8                USBD_RegisterClass
 .text.USBD_Start
                0x08006c14       0x18 ./Middlewares/USB_Device_Library/usbd_core.o
                0x08006c14                USBD_Start
 .text.USBD_RunTestMode
                0x08006c2c       0x16 ./Middlewares/USB_Device_Library/usbd_core.o
                0x08006c2c                USBD_RunTestMode
 .text.USBD_SetClassConfig
                0x08006c42       0x38 ./Middlewares/USB_Device_Library/usbd_core.o
                0x08006c42                USBD_SetClassConfig
 .text.USBD_ClrClassConfig
                0x08006c7a       0x34 ./Middlewares/USB_Device_Library/usbd_core.o
                0x08006c7a                USBD_ClrClassConfig
 .text.USBD_LL_SetupStage
                0x08006cae       0xaa ./Middlewares/USB_Device_Library/usbd_core.o
                0x08006cae                USBD_LL_SetupStage
 .text.USBD_LL_DataOutStage
                0x08006d58      0x166 ./Middlewares/USB_Device_Library/usbd_core.o
                0x08006d58                USBD_LL_DataOutStage
 .text.USBD_LL_DataInStage
                0x08006ebe      0x164 ./Middlewares/USB_Device_Library/usbd_core.o
                0x08006ebe                USBD_LL_DataInStage
 .text.USBD_LL_Reset
                0x08007022       0xa4 ./Middlewares/USB_Device_Library/usbd_core.o
                0x08007022                USBD_LL_Reset
 .text.USBD_LL_SetSpeed
                0x080070c6       0x20 ./Middlewares/USB_Device_Library/usbd_core.o
                0x080070c6                USBD_LL_SetSpeed
 .text.USBD_LL_Suspend
                0x080070e6       0x38 ./Middlewares/USB_Device_Library/usbd_core.o
                0x080070e6                USBD_LL_Suspend
 .text.USBD_LL_Resume
                0x0800711e       0x30 ./Middlewares/USB_Device_Library/usbd_core.o
                0x0800711e                USBD_LL_Resume
 .text.USBD_LL_SOF
                0x0800714e       0x40 ./Middlewares/USB_Device_Library/usbd_core.o
                0x0800714e                USBD_LL_SOF
 .text.USBD_LL_IsoINIncomplete
                0x0800718e       0x64 ./Middlewares/USB_Device_Library/usbd_core.o
                0x0800718e                USBD_LL_IsoINIncomplete
 .text.USBD_LL_IsoOUTIncomplete
                0x080071f2       0x64 ./Middlewares/USB_Device_Library/usbd_core.o
                0x080071f2                USBD_LL_IsoOUTIncomplete
 .text.USBD_LL_DevConnected
                0x08007256       0x16 ./Middlewares/USB_Device_Library/usbd_core.o
                0x08007256                USBD_LL_DevConnected
 .text.USBD_LL_DevDisconnected
                0x0800726c       0x46 ./Middlewares/USB_Device_Library/usbd_core.o
                0x0800726c                USBD_LL_DevDisconnected
 .text.USBD_CoreFindIF
                0x080072b2       0x1a ./Middlewares/USB_Device_Library/usbd_core.o
                0x080072b2                USBD_CoreFindIF
 .text.USBD_CoreFindEP
                0x080072cc       0x1a ./Middlewares/USB_Device_Library/usbd_core.o
                0x080072cc                USBD_CoreFindEP
 .text.USBD_GetEpDesc
                0x080072e6       0x70 ./Middlewares/USB_Device_Library/usbd_core.o
                0x080072e6                USBD_GetEpDesc
 .text.USBD_GetNextDesc
                0x08007356       0x38 ./Middlewares/USB_Device_Library/usbd_core.o
                0x08007356                USBD_GetNextDesc
 .text.SWAPBYTE
                0x0800738e       0x3c ./Middlewares/USB_Device_Library/usbd_ctlreq.o
 *fill*         0x080073ca        0x2 
 .text.USBD_StdDevReq
                0x080073cc       0xe4 ./Middlewares/USB_Device_Library/usbd_ctlreq.o
                0x080073cc                USBD_StdDevReq
 .text.USBD_StdItfReq
                0x080074b0       0xd8 ./Middlewares/USB_Device_Library/usbd_ctlreq.o
                0x080074b0                USBD_StdItfReq
 .text.USBD_StdEPReq
                0x08007588      0x33a ./Middlewares/USB_Device_Library/usbd_ctlreq.o
                0x08007588                USBD_StdEPReq
 *fill*         0x080078c2        0x2 
 .text.USBD_GetDescriptor
                0x080078c4      0x2d4 ./Middlewares/USB_Device_Library/usbd_ctlreq.o
 .text.USBD_SetAddress
                0x08007b98       0x88 ./Middlewares/USB_Device_Library/usbd_ctlreq.o
 .text.USBD_SetConfig
                0x08007c20      0x154 ./Middlewares/USB_Device_Library/usbd_ctlreq.o
 .text.USBD_GetConfig
                0x08007d74       0x6c ./Middlewares/USB_Device_Library/usbd_ctlreq.o
 .text.USBD_GetStatus
                0x08007de0       0x68 ./Middlewares/USB_Device_Library/usbd_ctlreq.o
 .text.USBD_SetFeature
                0x08007e48       0x52 ./Middlewares/USB_Device_Library/usbd_ctlreq.o
 .text.USBD_ClrFeature
                0x08007e9a       0x44 ./Middlewares/USB_Device_Library/usbd_ctlreq.o
 .text.USBD_ParseSetupRequest
                0x08007ede       0x74 ./Middlewares/USB_Device_Library/usbd_ctlreq.o
                0x08007ede                USBD_ParseSetupRequest
 .text.USBD_CtlError
                0x08007f52       0x22 ./Middlewares/USB_Device_Library/usbd_ctlreq.o
                0x08007f52                USBD_CtlError
 .text.USBD_GetString
                0x08007f74       0xa4 ./Middlewares/USB_Device_Library/usbd_ctlreq.o
                0x08007f74                USBD_GetString
 .text.USBD_GetLen
                0x08008018       0x34 ./Middlewares/USB_Device_Library/usbd_ctlreq.o
 .text.USBD_CtlSendData
                0x0800804c       0x36 ./Middlewares/USB_Device_Library/usbd_ioreq.o
                0x0800804c                USBD_CtlSendData
 .text.USBD_CtlContinueSendData
                0x08008082       0x22 ./Middlewares/USB_Device_Library/usbd_ioreq.o
                0x08008082                USBD_CtlContinueSendData
 .text.USBD_CtlPrepareRx
                0x080080a4       0x3a ./Middlewares/USB_Device_Library/usbd_ioreq.o
                0x080080a4                USBD_CtlPrepareRx
 .text.USBD_CtlContinueRx
                0x080080de       0x22 ./Middlewares/USB_Device_Library/usbd_ioreq.o
                0x080080de                USBD_CtlContinueRx
 .text.USBD_CtlSendStatus
                0x08008100       0x26 ./Middlewares/USB_Device_Library/usbd_ioreq.o
                0x08008100                USBD_CtlSendStatus
 .text.USBD_CtlReceiveStatus
                0x08008126       0x26 ./Middlewares/USB_Device_Library/usbd_ioreq.o
                0x08008126                USBD_CtlReceiveStatus
 .text.MX_USB_DEVICE_Init
                0x0800814c       0x60 ./USB_DEVICE/App/usb_device.o
                0x0800814c                MX_USB_DEVICE_Init
 .text.CDC_Init_FS
                0x080081ac       0x28 ./USB_DEVICE/App/usbd_cdc_if.o
 .text.CDC_DeInit_FS
                0x080081d4       0x10 ./USB_DEVICE/App/usbd_cdc_if.o
 .text.CDC_Control_FS
                0x080081e4       0xbc ./USB_DEVICE/App/usbd_cdc_if.o
 .text.CDC_Receive_FS
                0x080082a0       0x28 ./USB_DEVICE/App/usbd_cdc_if.o
 .text.CDC_TransmitCplt_FS
                0x080082c8       0x22 ./USB_DEVICE/App/usbd_cdc_if.o
 *fill*         0x080082ea        0x2 
 .text.USBD_FS_DeviceDescriptor
                0x080082ec       0x24 ./USB_DEVICE/App/usbd_desc.o
                0x080082ec                USBD_FS_DeviceDescriptor
 .text.USBD_FS_LangIDStrDescriptor
                0x08008310       0x24 ./USB_DEVICE/App/usbd_desc.o
                0x08008310                USBD_FS_LangIDStrDescriptor
 .text.USBD_FS_ProductStrDescriptor
                0x08008334       0x3c ./USB_DEVICE/App/usbd_desc.o
                0x08008334                USBD_FS_ProductStrDescriptor
 .text.USBD_FS_ManufacturerStrDescriptor
                0x08008370       0x28 ./USB_DEVICE/App/usbd_desc.o
                0x08008370                USBD_FS_ManufacturerStrDescriptor
 .text.USBD_FS_SerialStrDescriptor
                0x08008398       0x24 ./USB_DEVICE/App/usbd_desc.o
                0x08008398                USBD_FS_SerialStrDescriptor
 .text.USBD_FS_ConfigStrDescriptor
                0x080083bc       0x3c ./USB_DEVICE/App/usbd_desc.o
                0x080083bc                USBD_FS_ConfigStrDescriptor
 .text.USBD_FS_InterfaceStrDescriptor
                0x080083f8       0x3c ./USB_DEVICE/App/usbd_desc.o
                0x080083f8                USBD_FS_InterfaceStrDescriptor
 .text.Get_SerialNum
                0x08008434       0x58 ./USB_DEVICE/App/usbd_desc.o
 .text.IntToUnicode
                0x0800848c       0x7e ./USB_DEVICE/App/usbd_desc.o
 *fill*         0x0800850a        0x2 
 .text.HAL_PCD_MspInit
                0x0800850c       0xa8 ./USB_DEVICE/Target/usbd_conf.o
                0x0800850c                HAL_PCD_MspInit
 .text.HAL_PCD_SetupStageCallback
                0x080085b4       0x24 ./USB_DEVICE/Target/usbd_conf.o
                0x080085b4                HAL_PCD_SetupStageCallback
 .text.HAL_PCD_DataOutStageCallback
                0x080085d8       0x36 ./USB_DEVICE/Target/usbd_conf.o
                0x080085d8                HAL_PCD_DataOutStageCallback
 .text.HAL_PCD_DataInStageCallback
                0x0800860e       0x34 ./USB_DEVICE/Target/usbd_conf.o
                0x0800860e                HAL_PCD_DataInStageCallback
 .text.HAL_PCD_SOFCallback
                0x08008642       0x1c ./USB_DEVICE/Target/usbd_conf.o
                0x08008642                HAL_PCD_SOFCallback
 .text.HAL_PCD_ResetCallback
                0x0800865e       0x50 ./USB_DEVICE/Target/usbd_conf.o
                0x0800865e                HAL_PCD_ResetCallback
 *fill*         0x080086ae        0x2 
 .text.HAL_PCD_SuspendCallback
                0x080086b0       0x4c ./USB_DEVICE/Target/usbd_conf.o
                0x080086b0                HAL_PCD_SuspendCallback
 .text.HAL_PCD_ResumeCallback
                0x080086fc       0x1c ./USB_DEVICE/Target/usbd_conf.o
                0x080086fc                HAL_PCD_ResumeCallback
 .text.HAL_PCD_ISOOUTIncompleteCallback
                0x08008718       0x24 ./USB_DEVICE/Target/usbd_conf.o
                0x08008718                HAL_PCD_ISOOUTIncompleteCallback
 .text.HAL_PCD_ISOINIncompleteCallback
                0x0800873c       0x24 ./USB_DEVICE/Target/usbd_conf.o
                0x0800873c                HAL_PCD_ISOINIncompleteCallback
 .text.HAL_PCD_ConnectCallback
                0x08008760       0x1c ./USB_DEVICE/Target/usbd_conf.o
                0x08008760                HAL_PCD_ConnectCallback
 .text.HAL_PCD_DisconnectCallback
                0x0800877c       0x1c ./USB_DEVICE/Target/usbd_conf.o
                0x0800877c                HAL_PCD_DisconnectCallback
 .text.USBD_LL_Init
                0x08008798       0x98 ./USB_DEVICE/Target/usbd_conf.o
                0x08008798                USBD_LL_Init
 .text.USBD_LL_Start
                0x08008830       0x36 ./USB_DEVICE/Target/usbd_conf.o
                0x08008830                USBD_LL_Start
 .text.USBD_LL_OpenEP
                0x08008866       0x4c ./USB_DEVICE/Target/usbd_conf.o
                0x08008866                USBD_LL_OpenEP
 .text.USBD_LL_CloseEP
                0x080088b2       0x3e ./USB_DEVICE/Target/usbd_conf.o
                0x080088b2                USBD_LL_CloseEP
 .text.USBD_LL_StallEP
                0x080088f0       0x3e ./USB_DEVICE/Target/usbd_conf.o
                0x080088f0                USBD_LL_StallEP
 .text.USBD_LL_ClearStallEP
                0x0800892e       0x3e ./USB_DEVICE/Target/usbd_conf.o
                0x0800892e                USBD_LL_ClearStallEP
 .text.USBD_LL_IsStallEP
                0x0800896c       0x58 ./USB_DEVICE/Target/usbd_conf.o
                0x0800896c                USBD_LL_IsStallEP
 .text.USBD_LL_SetUSBAddress
                0x080089c4       0x3e ./USB_DEVICE/Target/usbd_conf.o
                0x080089c4                USBD_LL_SetUSBAddress
 .text.USBD_LL_Transmit
                0x08008a02       0x42 ./USB_DEVICE/Target/usbd_conf.o
                0x08008a02                USBD_LL_Transmit
 .text.USBD_LL_PrepareReceive
                0x08008a44       0x42 ./USB_DEVICE/Target/usbd_conf.o
                0x08008a44                USBD_LL_PrepareReceive
 .text.USBD_LL_GetRxDataSize
                0x08008a86       0x26 ./USB_DEVICE/Target/usbd_conf.o
                0x08008a86                USBD_LL_GetRxDataSize
 .text.USBD_static_malloc
                0x08008aac       0x1c ./USB_DEVICE/Target/usbd_conf.o
                0x08008aac                USBD_static_malloc
 .text.USBD_static_free
                0x08008ac8       0x14 ./USB_DEVICE/Target/usbd_conf.o
                0x08008ac8                USBD_static_free
 .text.USBD_Get_USB_Status
                0x08008adc       0x58 ./USB_DEVICE/Target/usbd_conf.o
                0x08008adc                USBD_Get_USB_Status
 .text.memset   0x08008b34       0x10 /Applications/STM32CubeIDE.app/Contents/Eclipse/plugins/com.st.stm32cube.ide.mcu.externaltools.gnu-tools-for-stm32.12.3.rel1.macos64_1.0.200.202406191456/tools/bin/../lib/gcc/arm-none-eabi/12.3.1/../../../../arm-none-eabi/lib/thumb/v7e-m+fp/hard/libc_nano.a(libc_a-memset.o)
                0x08008b34                memset
 .text.__libc_init_array
                0x08008b44       0x48 /Applications/STM32CubeIDE.app/Contents/Eclipse/plugins/com.st.stm32cube.ide.mcu.externaltools.gnu-tools-for-stm32.12.3.rel1.macos64_1.0.200.202406191456/tools/bin/../lib/gcc/arm-none-eabi/12.3.1/../../../../arm-none-eabi/lib/thumb/v7e-m+fp/hard/libc_nano.a(libc_a-init.o)
                0x08008b44                __libc_init_array
 *(.glue_7)
 .glue_7        0x08008b8c        0x0 linker stubs
 *(.glue_7t)
 .glue_7t       0x08008b8c        0x0 linker stubs
 *(.eh_frame)
 .eh_frame      0x08008b8c        0x0 /Applications/STM32CubeIDE.app/Contents/Eclipse/plugins/com.st.stm32cube.ide.mcu.externaltools.gnu-tools-for-stm32.12.3.rel1.macos64_1.0.200.202406191456/tools/bin/../lib/gcc/arm-none-eabi/12.3.1/thumb/v7e-m+fp/hard/crtbegin.o
 *(.init)
 .init          0x08008b8c        0x4 /Applications/STM32CubeIDE.app/Contents/Eclipse/plugins/com.st.stm32cube.ide.mcu.externaltools.gnu-tools-for-stm32.12.3.rel1.macos64_1.0.200.202406191456/tools/bin/../lib/gcc/arm-none-eabi/12.3.1/thumb/v7e-m+fp/hard/crti.o
                0x08008b8c                _init
 .init          0x08008b90        0x8 /Applications/STM32CubeIDE.app/Contents/Eclipse/plugins/com.st.stm32cube.ide.mcu.externaltools.gnu-tools-for-stm32.12.3.rel1.macos64_1.0.200.202406191456/tools/bin/../lib/gcc/arm-none-eabi/12.3.1/thumb/v7e-m+fp/hard/crtn.o
 *(.fini)
 .fini          0x08008b98        0x4 /Applications/STM32CubeIDE.app/Contents/Eclipse/plugins/com.st.stm32cube.ide.mcu.externaltools.gnu-tools-for-stm32.12.3.rel1.macos64_1.0.200.202406191456/tools/bin/../lib/gcc/arm-none-eabi/12.3.1/thumb/v7e-m+fp/hard/crti.o
                0x08008b98                _fini
 .fini          0x08008b9c        0x8 /Applications/STM32CubeIDE.app/Contents/Eclipse/plugins/com.st.stm32cube.ide.mcu.externaltools.gnu-tools-for-stm32.12.3.rel1.macos64_1.0.200.202406191456/tools/bin/../lib/gcc/arm-none-eabi/12.3.1/thumb/v7e-m+fp/hard/crtn.o
                0x08008ba4                        . = ALIGN (0x4)
                0x08008ba4                        _etext = .

.vfp11_veneer   0x08008ba4        0x0
 .vfp11_veneer  0x08008ba4        0x0 linker stubs

.v4_bx          0x08008ba4        0x0
 .v4_bx         0x08008ba4        0x0 linker stubs

.iplt           0x08008ba4        0x0
 .iplt          0x08008ba4        0x0 /Applications/STM32CubeIDE.app/Contents/Eclipse/plugins/com.st.stm32cube.ide.mcu.externaltools.gnu-tools-for-stm32.12.3.rel1.macos64_1.0.200.202406191456/tools/bin/../lib/gcc/arm-none-eabi/12.3.1/thumb/v7e-m+fp/hard/crtbegin.o

.rodata         0x08008ba4       0x60
                0x08008ba4                        . = ALIGN (0x4)
 *(.rodata)
 .rodata        0x08008ba4       0x46 ./USB_DEVICE/App/usbd_desc.o
 *(.rodata*)
 *fill*         0x08008bea        0x2 
 .rodata.AHBPrescTable
                0x08008bec       0x10 ./Core/Src/system_stm32f4xx.o
                0x08008bec                AHBPrescTable
 .rodata.APBPrescTable
                0x08008bfc        0x8 ./Core/Src/system_stm32f4xx.o
                0x08008bfc                APBPrescTable
                0x08008c04                        . = ALIGN (0x4)

.ARM.extab      0x08008c04        0x0
                0x08008c04                        . = ALIGN (0x4)
 *(.ARM.extab* .gnu.linkonce.armextab.*)
                0x08008c04                        . = ALIGN (0x4)

.ARM            0x08008c04        0x8
                0x08008c04                        . = ALIGN (0x4)
                0x08008c04                        __exidx_start = .
 *(.ARM.exidx*)
 .ARM.exidx     0x08008c04        0x8 /Applications/STM32CubeIDE.app/Contents/Eclipse/plugins/com.st.stm32cube.ide.mcu.externaltools.gnu-tools-for-stm32.12.3.rel1.macos64_1.0.200.202406191456/tools/bin/../lib/gcc/arm-none-eabi/12.3.1/thumb/v7e-m+fp/hard/libgcc.a(_udivmoddi4.o)
                0x08008c0c                        __exidx_end = .
                0x08008c0c                        . = ALIGN (0x4)

.preinit_array  0x08008c0c        0x0
                0x08008c0c                        . = ALIGN (0x4)
                0x08008c0c                        PROVIDE (__preinit_array_start = .)
 *(.preinit_array*)
                0x08008c0c                        PROVIDE (__preinit_array_end = .)
                0x08008c0c                        . = ALIGN (0x4)

.init_array     0x08008c0c        0x4
                0x08008c0c                        . = ALIGN (0x4)
                0x08008c0c                        PROVIDE (__init_array_start = .)
 *(SORT_BY_NAME(.init_array.*))
 *(.init_array*)
 .init_array    0x08008c0c        0x4 /Applications/STM32CubeIDE.app/Contents/Eclipse/plugins/com.st.stm32cube.ide.mcu.externaltools.gnu-tools-for-stm32.12.3.rel1.macos64_1.0.200.202406191456/tools/bin/../lib/gcc/arm-none-eabi/12.3.1/thumb/v7e-m+fp/hard/crtbegin.o
                0x08008c10                        PROVIDE (__init_array_end = .)
                0x08008c10                        . = ALIGN (0x4)

.fini_array     0x08008c10        0x4
                0x08008c10                        . = ALIGN (0x4)
                [!provide]                        PROVIDE (__fini_array_start = .)
 *(SORT_BY_NAME(.fini_array.*))
 *(.fini_array*)
 .fini_array    0x08008c10        0x4 /Applications/STM32CubeIDE.app/Contents/Eclipse/plugins/com.st.stm32cube.ide.mcu.externaltools.gnu-tools-for-stm32.12.3.rel1.macos64_1.0.200.202406191456/tools/bin/../lib/gcc/arm-none-eabi/12.3.1/thumb/v7e-m+fp/hard/crtbegin.o
                [!provide]                        PROVIDE (__fini_array_end = .)
                0x08008c14                        . = ALIGN (0x4)
                0x08008c14                        _sidata = LOADADDR (.data)

.rel.dyn        0x08008c14        0x0
 .rel.iplt      0x08008c14        0x0 /Applications/STM32CubeIDE.app/Contents/Eclipse/plugins/com.st.stm32cube.ide.mcu.externaltools.gnu-tools-for-stm32.12.3.rel1.macos64_1.0.200.202406191456/tools/bin/../lib/gcc/arm-none-eabi/12.3.1/thumb/v7e-m+fp/hard/crtbegin.o

.data           0x20000000       0xfc load address 0x08008c14
                0x20000000                        . = ALIGN (0x4)
                0x20000000                        _sdata = .
 *(.data)
 *(.data*)
 .data.SystemCoreClock
                0x20000000        0x4 ./Core/Src/system_stm32f4xx.o
                0x20000000                SystemCoreClock
 .data.uwTickPrio
                0x20000004        0x4 ./Drivers/STM32F4xx_HAL_Driver/stm32f4xx_hal.o
                0x20000004                uwTickPrio
 .data.uwTickFreq
                0x20000008        0x1 ./Drivers/STM32F4xx_HAL_Driver/stm32f4xx_hal.o
                0x20000008                uwTickFreq
 *fill*         0x20000009        0x3 
 .data.USBD_CDC_DeviceQualifierDesc
                0x2000000c        0xa ./Middlewares/USB_Device_Library/usbd_cdc.o
 *fill*         0x20000016        0x2 
 .data.USBD_CDC
                0x20000018       0x38 ./Middlewares/USB_Device_Library/usbd_cdc.o
                0x20000018                USBD_CDC
 .data.USBD_CDC_CfgDesc
                0x20000050       0x43 ./Middlewares/USB_Device_Library/usbd_cdc.o
 .data.CDCInEpAdd
                0x20000093        0x1 ./Middlewares/USB_Device_Library/usbd_cdc.o
 .data.CDCOutEpAdd
                0x20000094        0x1 ./Middlewares/USB_Device_Library/usbd_cdc.o
 .data.CDCCmdEpAdd
                0x20000095        0x1 ./Middlewares/USB_Device_Library/usbd_cdc.o
 *fill*         0x20000096        0x2 
 .data.USBD_Interface_fops_FS
                0x20000098       0x14 ./USB_DEVICE/App/usbd_cdc_if.o
                0x20000098                USBD_Interface_fops_FS
 .data.FS_Desc  0x200000ac       0x1c ./USB_DEVICE/App/usbd_desc.o
                0x200000ac                FS_Desc
 .data.USBD_FS_DeviceDesc
                0x200000c8       0x12 ./USB_DEVICE/App/usbd_desc.o
                0x200000c8                USBD_FS_DeviceDesc
 *fill*         0x200000da        0x2 
 .data.USBD_LangIDDesc
                0x200000dc        0x4 ./USB_DEVICE/App/usbd_desc.o
                0x200000dc                USBD_LangIDDesc
 .data.USBD_StringSerial
                0x200000e0       0x1a ./USB_DEVICE/App/usbd_desc.o
                0x200000e0                USBD_StringSerial
 *(.RamFunc)
 *(.RamFunc*)
                0x200000fc                        . = ALIGN (0x4)
 *fill*         0x200000fa        0x2 
                0x200000fc                        _edata = .
                0x08008d10                        _siccmram = LOADADDR (.ccmram)

.igot.plt       0x200000fc        0x0 load address 0x08008d10
 .igot.plt      0x200000fc        0x0 /Applications/STM32CubeIDE.app/Contents/Eclipse/plugins/com.st.stm32cube.ide.mcu.externaltools.gnu-tools-for-stm32.12.3.rel1.macos64_1.0.200.202406191456/tools/bin/../lib/gcc/arm-none-eabi/12.3.1/thumb/v7e-m+fp/hard/crtbegin.o

.ccmram         0x10000000        0x0 load address 0x08008d10
                0x10000000                        . = ALIGN (0x4)
                0x10000000                        _sccmram = .
 *(.ccmram)
 *(.ccmram*)
                0x10000000                        . = ALIGN (0x4)
                0x10000000                        _eccmram = .
                0x10000000                        . = ALIGN (0x4)

.bss            0x200000fc     0x1ea4
                0x200000fc                        _sbss = .
                0x200000fc                        __bss_start__ = _sbss
 *(.bss)
 .bss           0x200000fc       0x1c /Applications/STM32CubeIDE.app/Contents/Eclipse/plugins/com.st.stm32cube.ide.mcu.externaltools.gnu-tools-for-stm32.12.3.rel1.macos64_1.0.200.202406191456/tools/bin/../lib/gcc/arm-none-eabi/12.3.1/thumb/v7e-m+fp/hard/crtbegin.o
 *(.bss*)
 .bss.hadc1     0x20000118       0x48 ./Core/Src/main.o
                0x20000118                hadc1
 .bss.hadc2     0x20000160       0x48 ./Core/Src/main.o
                0x20000160                hadc2
 .bss.hadc3     0x200001a8       0x48 ./Core/Src/main.o
                0x200001a8                hadc3
 .bss.hi2c1     0x200001f0       0x54 ./Core/Src/main.o
                0x200001f0                hi2c1
 .bss.hi2c3     0x20000244       0x54 ./Core/Src/main.o
                0x20000244                hi2c3
 .bss.htim2     0x20000298       0x48 ./Core/Src/main.o
                0x20000298                htim2
 .bss.htim4     0x200002e0       0x48 ./Core/Src/main.o
                0x200002e0                htim4
 .bss.htim5     0x20000328       0x48 ./Core/Src/main.o
                0x20000328                htim5
 .bss.huart4    0x20000370       0x48 ./Core/Src/main.o
                0x20000370                huart4
 .bss.uwTick    0x200003b8        0x4 ./Drivers/STM32F4xx_HAL_Driver/stm32f4xx_hal.o
                0x200003b8                uwTick
 .bss.cfgidx.0  0x200003bc        0x1 ./Middlewares/USB_Device_Library/usbd_ctlreq.o
 *fill*         0x200003bd        0x3 
 .bss.hUsbDeviceFS
                0x200003c0      0x2dc ./USB_DEVICE/App/usb_device.o
                0x200003c0                hUsbDeviceFS
 .bss.UserRxBufferFS
                0x2000069c      0x800 ./USB_DEVICE/App/usbd_cdc_if.o
                0x2000069c                UserRxBufferFS
 .bss.UserTxBufferFS
                0x20000e9c      0x800 ./USB_DEVICE/App/usbd_cdc_if.o
                0x20000e9c                UserTxBufferFS
 .bss.USBD_StrDesc
                0x2000169c      0x200 ./USB_DEVICE/App/usbd_desc.o
                0x2000169c                USBD_StrDesc
 .bss.hpcd_USB_OTG_FS
                0x2000189c      0x4e4 ./USB_DEVICE/Target/usbd_conf.o
                0x2000189c                hpcd_USB_OTG_FS
 .bss.mem.0     0x20001d80      0x220 ./USB_DEVICE/Target/usbd_conf.o
 *(COMMON)
                0x20001fa0                        . = ALIGN (0x4)
                0x20001fa0                        _ebss = .
                0x20001fa0                        __bss_end__ = _ebss

._user_heap_stack
                0x20001fa0      0x600
                0x20001fa0                        . = ALIGN (0x8)
                [!provide]                        PROVIDE (end = .)
                0x20001fa0                        PROVIDE (_end = .)
                0x200021a0                        . = (. + _Min_Heap_Size)
 *fill*         0x20001fa0      0x200 
                0x200025a0                        . = (. + _Min_Stack_Size)
 *fill*         0x200021a0      0x400 
                0x200025a0                        . = ALIGN (0x8)

/DISCARD/
 libc.a(*)
 libm.a(*)
 libgcc.a(*)

.ARM.attributes
                0x00000000       0x30
 *(.ARM.attributes)
 .ARM.attributes
                0x00000000       0x22 /Applications/STM32CubeIDE.app/Contents/Eclipse/plugins/com.st.stm32cube.ide.mcu.externaltools.gnu-tools-for-stm32.12.3.rel1.macos64_1.0.200.202406191456/tools/bin/../lib/gcc/arm-none-eabi/12.3.1/thumb/v7e-m+fp/hard/crti.o
 .ARM.attributes
                0x00000022       0x34 /Applications/STM32CubeIDE.app/Contents/Eclipse/plugins/com.st.stm32cube.ide.mcu.externaltools.gnu-tools-for-stm32.12.3.rel1.macos64_1.0.200.202406191456/tools/bin/../lib/gcc/arm-none-eabi/12.3.1/thumb/v7e-m+fp/hard/crtbegin.o
 .ARM.attributes
                0x00000056       0x34 ./Core/Src/main.o
 .ARM.attributes
                0x0000008a       0x34 ./Core/Src/stm32f4xx_hal_msp.o
 .ARM.attributes
                0x000000be       0x34 ./Core/Src/stm32f4xx_it.o
 .ARM.attributes
                0x000000f2       0x34 ./Core/Src/system_stm32f4xx.o
 .ARM.attributes
                0x00000126       0x21 ./Core/Startup/startup_stm32f405rgtx.o
 .ARM.attributes
                0x00000147       0x34 ./Drivers/STM32F4xx_HAL_Driver/stm32f4xx_hal.o
 .ARM.attributes
                0x0000017b       0x34 ./Drivers/STM32F4xx_HAL_Driver/stm32f4xx_hal_adc.o
 .ARM.attributes
                0x000001af       0x34 ./Drivers/STM32F4xx_HAL_Driver/stm32f4xx_hal_cortex.o
 .ARM.attributes
                0x000001e3       0x34 ./Drivers/STM32F4xx_HAL_Driver/stm32f4xx_hal_gpio.o
 .ARM.attributes
                0x00000217       0x34 ./Drivers/STM32F4xx_HAL_Driver/stm32f4xx_hal_i2c.o
 .ARM.attributes
                0x0000024b       0x34 ./Drivers/STM32F4xx_HAL_Driver/stm32f4xx_hal_pcd.o
 .ARM.attributes
                0x0000027f       0x34 ./Drivers/STM32F4xx_HAL_Driver/stm32f4xx_hal_pcd_ex.o
 .ARM.attributes
                0x000002b3       0x34 ./Drivers/STM32F4xx_HAL_Driver/stm32f4xx_hal_rcc.o
 .ARM.attributes
                0x000002e7       0x34 ./Drivers/STM32F4xx_HAL_Driver/stm32f4xx_hal_tim.o
 .ARM.attributes
                0x0000031b       0x34 ./Drivers/STM32F4xx_HAL_Driver/stm32f4xx_hal_tim_ex.o
 .ARM.attributes
                0x0000034f       0x34 ./Drivers/STM32F4xx_HAL_Driver/stm32f4xx_hal_uart.o
 .ARM.attributes
                0x00000383       0x34 ./Drivers/STM32F4xx_HAL_Driver/stm32f4xx_ll_usb.o
 .ARM.attributes
                0x000003b7       0x34 ./Middlewares/USB_Device_Library/usbd_cdc.o
 .ARM.attributes
                0x000003eb       0x34 ./Middlewares/USB_Device_Library/usbd_core.o
 .ARM.attributes
                0x0000041f       0x34 ./Middlewares/USB_Device_Library/usbd_ctlreq.o
 .ARM.attributes
                0x00000453       0x34 ./Middlewares/USB_Device_Library/usbd_ioreq.o
 .ARM.attributes
                0x00000487       0x34 ./USB_DEVICE/App/usb_device.o
 .ARM.attributes
                0x000004bb       0x34 ./USB_DEVICE/App/usbd_cdc_if.o
 .ARM.attributes
                0x000004ef       0x34 ./USB_DEVICE/App/usbd_desc.o
 .ARM.attributes
                0x00000523       0x34 ./USB_DEVICE/Target/usbd_conf.o
 .ARM.attributes
                0x00000557       0x34 /Applications/STM32CubeIDE.app/Contents/Eclipse/plugins/com.st.stm32cube.ide.mcu.externaltools.gnu-tools-for-stm32.12.3.rel1.macos64_1.0.200.202406191456/tools/bin/../lib/gcc/arm-none-eabi/12.3.1/../../../../arm-none-eabi/lib/thumb/v7e-m+fp/hard/libc_nano.a(libc_a-memset.o)
 .ARM.attributes
                0x0000058b       0x34 /Applications/STM32CubeIDE.app/Contents/Eclipse/plugins/com.st.stm32cube.ide.mcu.externaltools.gnu-tools-for-stm32.12.3.rel1.macos64_1.0.200.202406191456/tools/bin/../lib/gcc/arm-none-eabi/12.3.1/../../../../arm-none-eabi/lib/thumb/v7e-m+fp/hard/libc_nano.a(libc_a-init.o)
 .ARM.attributes
                0x000005bf       0x22 /Applications/STM32CubeIDE.app/Contents/Eclipse/plugins/com.st.stm32cube.ide.mcu.externaltools.gnu-tools-for-stm32.12.3.rel1.macos64_1.0.200.202406191456/tools/bin/../lib/gcc/arm-none-eabi/12.3.1/thumb/v7e-m+fp/hard/libgcc.a(_aeabi_uldivmod.o)
 .ARM.attributes
                0x000005e1       0x34 /Applications/STM32CubeIDE.app/Contents/Eclipse/plugins/com.st.stm32cube.ide.mcu.externaltools.gnu-tools-for-stm32.12.3.rel1.macos64_1.0.200.202406191456/tools/bin/../lib/gcc/arm-none-eabi/12.3.1/thumb/v7e-m+fp/hard/libgcc.a(_udivmoddi4.o)
 .ARM.attributes
                0x00000615       0x22 /Applications/STM32CubeIDE.app/Contents/Eclipse/plugins/com.st.stm32cube.ide.mcu.externaltools.gnu-tools-for-stm32.12.3.rel1.macos64_1.0.200.202406191456/tools/bin/../lib/gcc/arm-none-eabi/12.3.1/thumb/v7e-m+fp/hard/libgcc.a(_dvmd_tls.o)
 .ARM.attributes
                0x00000637       0x22 /Applications/STM32CubeIDE.app/Contents/Eclipse/plugins/com.st.stm32cube.ide.mcu.externaltools.gnu-tools-for-stm32.12.3.rel1.macos64_1.0.200.202406191456/tools/bin/../lib/gcc/arm-none-eabi/12.3.1/thumb/v7e-m+fp/hard/crtn.o
OUTPUT(STM32F405_EPS.elf elf32-littlearm)
LOAD linker stubs
LOAD /Applications/STM32CubeIDE.app/Contents/Eclipse/plugins/com.st.stm32cube.ide.mcu.externaltools.gnu-tools-for-stm32.12.3.rel1.macos64_1.0.200.202406191456/tools/bin/../lib/gcc/arm-none-eabi/12.3.1/../../../../arm-none-eabi/lib/thumb/v7e-m+fp/hard/libc.a
LOAD /Applications/STM32CubeIDE.app/Contents/Eclipse/plugins/com.st.stm32cube.ide.mcu.externaltools.gnu-tools-for-stm32.12.3.rel1.macos64_1.0.200.202406191456/tools/bin/../lib/gcc/arm-none-eabi/12.3.1/../../../../arm-none-eabi/lib/thumb/v7e-m+fp/hard/libm.a
LOAD /Applications/STM32CubeIDE.app/Contents/Eclipse/plugins/com.st.stm32cube.ide.mcu.externaltools.gnu-tools-for-stm32.12.3.rel1.macos64_1.0.200.202406191456/tools/bin/../lib/gcc/arm-none-eabi/12.3.1/thumb/v7e-m+fp/hard/libgcc.a

.debug_info     0x00000000    0x195c0
 .debug_info    0x00000000     0x1768 ./Core/Src/main.o
 .debug_info    0x00001768     0x14b0 ./Core/Src/stm32f4xx_hal_msp.o
 .debug_info    0x00002c18      0x627 ./Core/Src/stm32f4xx_it.o
 .debug_info    0x0000323f      0x512 ./Core/Src/system_stm32f4xx.o
 .debug_info    0x00003751       0x30 ./Core/Startup/startup_stm32f405rgtx.o
 .debug_info    0x00003781      0x932 ./Drivers/STM32F4xx_HAL_Driver/stm32f4xx_hal.o
 .debug_info    0x000040b3      0xcd4 ./Drivers/STM32F4xx_HAL_Driver/stm32f4xx_hal_adc.o
 .debug_info    0x00004d87      0xd7a ./Drivers/STM32F4xx_HAL_Driver/stm32f4xx_hal_cortex.o
 .debug_info    0x00005b01      0x6c3 ./Drivers/STM32F4xx_HAL_Driver/stm32f4xx_hal_gpio.o
 .debug_info    0x000061c4     0x2415 ./Drivers/STM32F4xx_HAL_Driver/stm32f4xx_hal_i2c.o
 .debug_info    0x000085d9     0x156f ./Drivers/STM32F4xx_HAL_Driver/stm32f4xx_hal_pcd.o
 .debug_info    0x00009b48      0x6ea ./Drivers/STM32F4xx_HAL_Driver/stm32f4xx_hal_pcd_ex.o
 .debug_info    0x0000a232      0x8af ./Drivers/STM32F4xx_HAL_Driver/stm32f4xx_hal_rcc.o
 .debug_info    0x0000aae1     0x299d ./Drivers/STM32F4xx_HAL_Driver/stm32f4xx_hal_tim.o
 .debug_info    0x0000d47e     0x14db ./Drivers/STM32F4xx_HAL_Driver/stm32f4xx_hal_tim_ex.o
 .debug_info    0x0000e959     0x2f4f ./Drivers/STM32F4xx_HAL_Driver/stm32f4xx_hal_uart.o
 .debug_info    0x000118a8     0x1993 ./Drivers/STM32F4xx_HAL_Driver/stm32f4xx_ll_usb.o
 .debug_info    0x0001323b     0x12a3 ./Middlewares/USB_Device_Library/usbd_cdc.o
 .debug_info    0x000144de      0xe05 ./Middlewares/USB_Device_Library/usbd_core.o
 .debug_info    0x000152e3      0xade ./Middlewares/USB_Device_Library/usbd_ctlreq.o
 .debug_info    0x00015dc1      0x755 ./Middlewares/USB_Device_Library/usbd_ioreq.o
 .debug_info    0x00016516      0x701 ./USB_DEVICE/App/usb_device.o
 .debug_info    0x00016c17      0x8fa ./USB_DEVICE/App/usbd_cdc_if.o
 .debug_info    0x00017511      0x458 ./USB_DEVICE/App/usbd_desc.o
 .debug_info    0x00017969     0x1c57 ./USB_DEVICE/Target/usbd_conf.o

.debug_abbrev   0x00000000     0x384f
 .debug_abbrev  0x00000000      0x29d ./Core/Src/main.o
 .debug_abbrev  0x0000029d      0x21d ./Core/Src/stm32f4xx_hal_msp.o
 .debug_abbrev  0x000004ba      0x1a4 ./Core/Src/stm32f4xx_it.o
 .debug_abbrev  0x0000065e      0x11a ./Core/Src/system_stm32f4xx.o
 .debug_abbrev  0x00000778       0x24 ./Core/Startup/startup_stm32f405rgtx.o
 .debug_abbrev  0x0000079c      0x214 ./Drivers/STM32F4xx_HAL_Driver/stm32f4xx_hal.o
 .debug_abbrev  0x000009b0      0x252 ./Drivers/STM32F4xx_HAL_Driver/stm32f4xx_hal_adc.o
 .debug_abbrev  0x00000c02      0x31d ./Drivers/STM32F4xx_HAL_Driver/stm32f4xx_hal_cortex.o
 .debug_abbrev  0x00000f1f      0x1d4 ./Drivers/STM32F4xx_HAL_Driver/stm32f4xx_hal_gpio.o
 .debug_abbrev  0x000010f3      0x2ad ./Drivers/STM32F4xx_HAL_Driver/stm32f4xx_hal_i2c.o
 .debug_abbrev  0x000013a0      0x2b9 ./Drivers/STM32F4xx_HAL_Driver/stm32f4xx_hal_pcd.o
 .debug_abbrev  0x00001659      0x1da ./Drivers/STM32F4xx_HAL_Driver/stm32f4xx_hal_pcd_ex.o
 .debug_abbrev  0x00001833      0x2b7 ./Drivers/STM32F4xx_HAL_Driver/stm32f4xx_hal_rcc.o
 .debug_abbrev  0x00001aea      0x278 ./Drivers/STM32F4xx_HAL_Driver/stm32f4xx_hal_tim.o
 .debug_abbrev  0x00001d62      0x283 ./Drivers/STM32F4xx_HAL_Driver/stm32f4xx_hal_tim_ex.o
 .debug_abbrev  0x00001fe5      0x30e ./Drivers/STM32F4xx_HAL_Driver/stm32f4xx_hal_uart.o
 .debug_abbrev  0x000022f3      0x2b3 ./Drivers/STM32F4xx_HAL_Driver/stm32f4xx_ll_usb.o
 .debug_abbrev  0x000025a6      0x2d2 ./Middlewares/USB_Device_Library/usbd_cdc.o
 .debug_abbrev  0x00002878      0x27c ./Middlewares/USB_Device_Library/usbd_core.o
 .debug_abbrev  0x00002af4      0x26f ./Middlewares/USB_Device_Library/usbd_ctlreq.o
 .debug_abbrev  0x00002d63      0x19a ./Middlewares/USB_Device_Library/usbd_ioreq.o
 .debug_abbrev  0x00002efd      0x195 ./USB_DEVICE/App/usb_device.o
 .debug_abbrev  0x00003092      0x29d ./USB_DEVICE/App/usbd_cdc_if.o
 .debug_abbrev  0x0000332f      0x1e1 ./USB_DEVICE/App/usbd_desc.o
 .debug_abbrev  0x00003510      0x33f ./USB_DEVICE/Target/usbd_conf.o

.debug_aranges  0x00000000     0x16b0
 .debug_aranges
                0x00000000       0x80 ./Core/Src/main.o
 .debug_aranges
                0x00000080       0x68 ./Core/Src/stm32f4xx_hal_msp.o
 .debug_aranges
                0x000000e8       0x68 ./Core/Src/stm32f4xx_it.o
 .debug_aranges
                0x00000150       0x28 ./Core/Src/system_stm32f4xx.o
 .debug_aranges
                0x00000178       0x28 ./Core/Startup/startup_stm32f405rgtx.o
 .debug_aranges
                0x000001a0       0xf0 ./Drivers/STM32F4xx_HAL_Driver/stm32f4xx_hal.o
 .debug_aranges
                0x00000290       0xe8 ./Drivers/STM32F4xx_HAL_Driver/stm32f4xx_hal_adc.o
 .debug_aranges
                0x00000378      0x130 ./Drivers/STM32F4xx_HAL_Driver/stm32f4xx_hal_cortex.o
 .debug_aranges
                0x000004a8       0x58 ./Drivers/STM32F4xx_HAL_Driver/stm32f4xx_hal_gpio.o
 .debug_aranges
                0x00000500      0x2a8 ./Drivers/STM32F4xx_HAL_Driver/stm32f4xx_hal_i2c.o
 .debug_aranges
                0x000007a8      0x148 ./Drivers/STM32F4xx_HAL_Driver/stm32f4xx_hal_pcd.o
 .debug_aranges
                0x000008f0       0x38 ./Drivers/STM32F4xx_HAL_Driver/stm32f4xx_hal_pcd_ex.o
 .debug_aranges
                0x00000928       0x88 ./Drivers/STM32F4xx_HAL_Driver/stm32f4xx_hal_rcc.o
 .debug_aranges
                0x000009b0      0x3d0 ./Drivers/STM32F4xx_HAL_Driver/stm32f4xx_hal_tim.o
 .debug_aranges
                0x00000d80      0x168 ./Drivers/STM32F4xx_HAL_Driver/stm32f4xx_hal_tim_ex.o
 .debug_aranges
                0x00000ee8      0x208 ./Drivers/STM32F4xx_HAL_Driver/stm32f4xx_hal_uart.o
 .debug_aranges
                0x000010f0      0x1a0 ./Drivers/STM32F4xx_HAL_Driver/stm32f4xx_ll_usb.o
 .debug_aranges
                0x00001290       0x90 ./Middlewares/USB_Device_Library/usbd_cdc.o
 .debug_aranges
                0x00001320       0xd8 ./Middlewares/USB_Device_Library/usbd_core.o
 .debug_aranges
                0x000013f8       0x90 ./Middlewares/USB_Device_Library/usbd_ctlreq.o
 .debug_aranges
                0x00001488       0x50 ./Middlewares/USB_Device_Library/usbd_ioreq.o
 .debug_aranges
                0x000014d8       0x20 ./USB_DEVICE/App/usb_device.o
 .debug_aranges
                0x000014f8       0x48 ./USB_DEVICE/App/usbd_cdc_if.o
 .debug_aranges
                0x00001540       0x60 ./USB_DEVICE/App/usbd_desc.o
 .debug_aranges
                0x000015a0      0x110 ./USB_DEVICE/Target/usbd_conf.o

.debug_rnglists
                0x00000000     0x11b8
 .debug_rnglists
                0x00000000       0x63 ./Core/Src/main.o
 .debug_rnglists
                0x00000063       0x4f ./Core/Src/stm32f4xx_hal_msp.o
 .debug_rnglists
                0x000000b2       0x49 ./Core/Src/stm32f4xx_it.o
 .debug_rnglists
                0x000000fb       0x1a ./Core/Src/system_stm32f4xx.o
 .debug_rnglists
                0x00000115       0x19 ./Core/Startup/startup_stm32f405rgtx.o
 .debug_rnglists
                0x0000012e       0xaf ./Drivers/STM32F4xx_HAL_Driver/stm32f4xx_hal.o
 .debug_rnglists
                0x000001dd       0xb5 ./Drivers/STM32F4xx_HAL_Driver/stm32f4xx_hal_adc.o
 .debug_rnglists
                0x00000292       0xe0 ./Drivers/STM32F4xx_HAL_Driver/stm32f4xx_hal_cortex.o
 .debug_rnglists
                0x00000372       0x3f ./Drivers/STM32F4xx_HAL_Driver/stm32f4xx_hal_gpio.o
 .debug_rnglists
                0x000003b1      0x23c ./Drivers/STM32F4xx_HAL_Driver/stm32f4xx_hal_i2c.o
 .debug_rnglists
                0x000005ed       0xfa ./Drivers/STM32F4xx_HAL_Driver/stm32f4xx_hal_pcd.o
 .debug_rnglists
                0x000006e7       0x26 ./Drivers/STM32F4xx_HAL_Driver/stm32f4xx_hal_pcd_ex.o
 .debug_rnglists
                0x0000070d       0x66 ./Drivers/STM32F4xx_HAL_Driver/stm32f4xx_hal_rcc.o
 .debug_rnglists
                0x00000773      0x31a ./Drivers/STM32F4xx_HAL_Driver/stm32f4xx_hal_tim.o
 .debug_rnglists
                0x00000a8d      0x125 ./Drivers/STM32F4xx_HAL_Driver/stm32f4xx_hal_tim_ex.o
 .debug_rnglists
                0x00000bb2      0x1bc ./Drivers/STM32F4xx_HAL_Driver/stm32f4xx_hal_uart.o
 .debug_rnglists
                0x00000d6e      0x147 ./Drivers/STM32F4xx_HAL_Driver/stm32f4xx_ll_usb.o
 .debug_rnglists
                0x00000eb5       0x6c ./Middlewares/USB_Device_Library/usbd_cdc.o
 .debug_rnglists
                0x00000f21       0xa1 ./Middlewares/USB_Device_Library/usbd_core.o
 .debug_rnglists
                0x00000fc2       0x6e ./Middlewares/USB_Device_Library/usbd_ctlreq.o
 .debug_rnglists
                0x00001030       0x37 ./Middlewares/USB_Device_Library/usbd_ioreq.o
 .debug_rnglists
                0x00001067       0x13 ./USB_DEVICE/App/usb_device.o
 .debug_rnglists
                0x0000107a       0x32 ./USB_DEVICE/App/usbd_cdc_if.o
 .debug_rnglists
                0x000010ac       0x43 ./USB_DEVICE/App/usbd_desc.o
 .debug_rnglists
                0x000010ef       0xc9 ./USB_DEVICE/Target/usbd_conf.o

.debug_macro    0x00000000    0x23ec0
 .debug_macro   0x00000000      0x3a7 ./Core/Src/main.o
 .debug_macro   0x000003a7      0xab4 ./Core/Src/main.o
 .debug_macro   0x00000e5b      0x2ad ./Core/Src/main.o
 .debug_macro   0x00001108       0x2e ./Core/Src/main.o
 .debug_macro   0x00001136       0x2f ./Core/Src/main.o
 .debug_macro   0x00001165       0x22 ./Core/Src/main.o
 .debug_macro   0x00001187       0x8e ./Core/Src/main.o
 .debug_macro   0x00001215       0x51 ./Core/Src/main.o
 .debug_macro   0x00001266      0x103 ./Core/Src/main.o
 .debug_macro   0x00001369       0x6a ./Core/Src/main.o
 .debug_macro   0x000013d3      0x1df ./Core/Src/main.o
 .debug_macro   0x000015b2       0x1c ./Core/Src/main.o
 .debug_macro   0x000015ce       0x22 ./Core/Src/main.o
 .debug_macro   0x000015f0       0xfb ./Core/Src/main.o
 .debug_macro   0x000016eb     0x1011 ./Core/Src/main.o
 .debug_macro   0x000026fc      0x11f ./Core/Src/main.o
 .debug_macro   0x0000281b    0x1426d ./Core/Src/main.o
 .debug_macro   0x00016a88       0x6d ./Core/Src/main.o
 .debug_macro   0x00016af5     0x369a ./Core/Src/main.o
 .debug_macro   0x0001a18f      0x189 ./Core/Src/main.o
 .debug_macro   0x0001a318       0x5c ./Core/Src/main.o
 .debug_macro   0x0001a374      0x8bc ./Core/Src/main.o
 .debug_macro   0x0001ac30      0x9e9 ./Core/Src/main.o
 .debug_macro   0x0001b619      0x115 ./Core/Src/main.o
 .debug_macro   0x0001b72e      0x130 ./Core/Src/main.o
 .debug_macro   0x0001b85e       0xa5 ./Core/Src/main.o
 .debug_macro   0x0001b903      0x174 ./Core/Src/main.o
 .debug_macro   0x0001ba77      0x287 ./Core/Src/main.o
 .debug_macro   0x0001bcfe       0x5f ./Core/Src/main.o
 .debug_macro   0x0001bd5d      0x236 ./Core/Src/main.o
 .debug_macro   0x0001bf93      0xb5b ./Core/Src/main.o
 .debug_macro   0x0001caee      0x38b ./Core/Src/main.o
 .debug_macro   0x0001ce79      0x176 ./Core/Src/main.o
 .debug_macro   0x0001cfef       0xf9 ./Core/Src/main.o
 .debug_macro   0x0001d0e8      0x12c ./Core/Src/main.o
 .debug_macro   0x0001d214      0x21e ./Core/Src/main.o
 .debug_macro   0x0001d432       0x2e ./Core/Src/main.o
 .debug_macro   0x0001d460      0x1b5 ./Core/Src/main.o
 .debug_macro   0x0001d615       0xd6 ./Core/Src/main.o
 .debug_macro   0x0001d6eb      0x127 ./Core/Src/main.o
 .debug_macro   0x0001d812       0x7e ./Core/Src/main.o
 .debug_macro   0x0001d890       0x89 ./Core/Src/main.o
 .debug_macro   0x0001d919      0x8ed ./Core/Src/main.o
 .debug_macro   0x0001e206       0x4d ./Core/Src/main.o
 .debug_macro   0x0001e253      0x2aa ./Core/Src/main.o
 .debug_macro   0x0001e4fd      0x293 ./Core/Src/main.o
 .debug_macro   0x0001e790       0xba ./Core/Src/main.o
 .debug_macro   0x0001e84a      0x12d ./Core/Src/main.o
 .debug_macro   0x0001e977      0x190 ./Core/Src/main.o
 .debug_macro   0x0001eb07       0x61 ./Core/Src/main.o
 .debug_macro   0x0001eb68       0x2a ./Core/Src/main.o
 .debug_macro   0x0001eb92       0x43 ./Core/Src/main.o
 .debug_macro   0x0001ebd5       0x34 ./Core/Src/main.o
 .debug_macro   0x0001ec09       0x16 ./Core/Src/main.o
 .debug_macro   0x0001ec1f       0x35 ./Core/Src/main.o
 .debug_macro   0x0001ec54      0x369 ./Core/Src/main.o
 .debug_macro   0x0001efbd       0x10 ./Core/Src/main.o
 .debug_macro   0x0001efcd       0x16 ./Core/Src/main.o
 .debug_macro   0x0001efe3       0x43 ./Core/Src/main.o
 .debug_macro   0x0001f026       0x34 ./Core/Src/main.o
 .debug_macro   0x0001f05a       0x10 ./Core/Src/main.o
 .debug_macro   0x0001f06a       0x58 ./Core/Src/main.o
 .debug_macro   0x0001f0c2       0x8e ./Core/Src/main.o
 .debug_macro   0x0001f150       0x1c ./Core/Src/main.o
 .debug_macro   0x0001f16c      0x177 ./Core/Src/main.o
 .debug_macro   0x0001f2e3       0x16 ./Core/Src/main.o
 .debug_macro   0x0001f2f9       0x16 ./Core/Src/main.o
 .debug_macro   0x0001f30f      0x146 ./Core/Src/main.o
 .debug_macro   0x0001f455       0x16 ./Core/Src/main.o
 .debug_macro   0x0001f46b       0x16 ./Core/Src/main.o
 .debug_macro   0x0001f481       0x29 ./Core/Src/main.o
 .debug_macro   0x0001f4aa       0x16 ./Core/Src/main.o
 .debug_macro   0x0001f4c0       0x20 ./Core/Src/main.o
 .debug_macro   0x0001f4e0       0x65 ./Core/Src/main.o
 .debug_macro   0x0001f545      0x20f ./Core/Src/main.o
 .debug_macro   0x0001f754      0x243 ./Core/Src/stm32f4xx_hal_msp.o
 .debug_macro   0x0001f997      0x24d ./Core/Src/stm32f4xx_it.o
 .debug_macro   0x0001fbe4      0x234 ./Core/Src/system_stm32f4xx.o
 .debug_macro   0x0001fe18      0x294 ./Drivers/STM32F4xx_HAL_Driver/stm32f4xx_hal.o
 .debug_macro   0x000200ac      0x235 ./Drivers/STM32F4xx_HAL_Driver/stm32f4xx_hal_adc.o
 .debug_macro   0x000202e1      0x234 ./Drivers/STM32F4xx_HAL_Driver/stm32f4xx_hal_cortex.o
 .debug_macro   0x00020515      0x23a ./Drivers/STM32F4xx_HAL_Driver/stm32f4xx_hal_gpio.o
 .debug_macro   0x0002074f      0x282 ./Drivers/STM32F4xx_HAL_Driver/stm32f4xx_hal_i2c.o
 .debug_macro   0x000209d1      0x240 ./Drivers/STM32F4xx_HAL_Driver/stm32f4xx_hal_pcd.o
 .debug_macro   0x00020c11      0x234 ./Drivers/STM32F4xx_HAL_Driver/stm32f4xx_hal_pcd_ex.o
 .debug_macro   0x00020e45      0x258 ./Drivers/STM32F4xx_HAL_Driver/stm32f4xx_hal_rcc.o
 .debug_macro   0x0002109d      0x235 ./Drivers/STM32F4xx_HAL_Driver/stm32f4xx_hal_tim.o
 .debug_macro   0x000212d2      0x234 ./Drivers/STM32F4xx_HAL_Driver/stm32f4xx_hal_tim_ex.o
 .debug_macro   0x00021506      0x235 ./Drivers/STM32F4xx_HAL_Driver/stm32f4xx_hal_uart.o
 .debug_macro   0x0002173b      0x234 ./Drivers/STM32F4xx_HAL_Driver/stm32f4xx_ll_usb.o
 .debug_macro   0x0002196f      0x3d2 ./Middlewares/USB_Device_Library/usbd_cdc.o
 .debug_macro   0x00021d41       0x9e ./Middlewares/USB_Device_Library/usbd_cdc.o
 .debug_macro   0x00021ddf      0x10b ./Middlewares/USB_Device_Library/usbd_cdc.o
 .debug_macro   0x00021eea       0x56 ./Middlewares/USB_Device_Library/usbd_cdc.o
 .debug_macro   0x00021f40       0x95 ./Middlewares/USB_Device_Library/usbd_cdc.o
 .debug_macro   0x00021fd5      0x3b9 ./Middlewares/USB_Device_Library/usbd_core.o
 .debug_macro   0x0002238e      0x215 ./Middlewares/USB_Device_Library/usbd_core.o
 .debug_macro   0x000225a3      0x3c3 ./Middlewares/USB_Device_Library/usbd_ctlreq.o
 .debug_macro   0x00022966      0x3bf ./Middlewares/USB_Device_Library/usbd_ioreq.o
 .debug_macro   0x00022d25      0x3f2 ./USB_DEVICE/App/usb_device.o
 .debug_macro   0x00023117      0x196 ./USB_DEVICE/App/usb_device.o
 .debug_macro   0x000232ad       0x22 ./USB_DEVICE/App/usb_device.o
 .debug_macro   0x000232cf       0x16 ./USB_DEVICE/App/usb_device.o
 .debug_macro   0x000232e5      0x3dd ./USB_DEVICE/App/usbd_cdc_if.o
 .debug_macro   0x000236c2       0x10 ./USB_DEVICE/App/usbd_cdc_if.o
 .debug_macro   0x000236d2      0x3fc ./USB_DEVICE/App/usbd_desc.o
 .debug_macro   0x00023ace       0x1c ./USB_DEVICE/App/usbd_desc.o
 .debug_macro   0x00023aea      0x3d6 ./USB_DEVICE/Target/usbd_conf.o

.debug_line     0x00000000    0x1e76a
 .debug_line    0x00000000      0xe60 ./Core/Src/main.o
 .debug_line    0x00000e60      0xb0f ./Core/Src/stm32f4xx_hal_msp.o
 .debug_line    0x0000196f      0x959 ./Core/Src/stm32f4xx_it.o
 .debug_line    0x000022c8      0x903 ./Core/Src/system_stm32f4xx.o
 .debug_line    0x00002bcb       0x7a ./Core/Startup/startup_stm32f405rgtx.o
 .debug_line    0x00002c45      0xba3 ./Drivers/STM32F4xx_HAL_Driver/stm32f4xx_hal.o
 .debug_line    0x000037e8     0x142b ./Drivers/STM32F4xx_HAL_Driver/stm32f4xx_hal_adc.o
 .debug_line    0x00004c13      0xe95 ./Drivers/STM32F4xx_HAL_Driver/stm32f4xx_hal_cortex.o
 .debug_line    0x00005aa8      0xd2f ./Drivers/STM32F4xx_HAL_Driver/stm32f4xx_hal_gpio.o
 .debug_line    0x000067d7     0x3ce9 ./Drivers/STM32F4xx_HAL_Driver/stm32f4xx_hal_i2c.o
 .debug_line    0x0000a4c0     0x168c ./Drivers/STM32F4xx_HAL_Driver/stm32f4xx_hal_pcd.o
 .debug_line    0x0000bb4c      0x980 ./Drivers/STM32F4xx_HAL_Driver/stm32f4xx_hal_pcd_ex.o
 .debug_line    0x0000c4cc      0xf2e ./Drivers/STM32F4xx_HAL_Driver/stm32f4xx_hal_rcc.o
 .debug_line    0x0000d3fa     0x3947 ./Drivers/STM32F4xx_HAL_Driver/stm32f4xx_hal_tim.o
 .debug_line    0x00010d41     0x1b99 ./Drivers/STM32F4xx_HAL_Driver/stm32f4xx_hal_tim_ex.o
 .debug_line    0x000128da     0x2a75 ./Drivers/STM32F4xx_HAL_Driver/stm32f4xx_hal_uart.o
 .debug_line    0x0001534f     0x1f7e ./Drivers/STM32F4xx_HAL_Driver/stm32f4xx_ll_usb.o
 .debug_line    0x000172cd     0x10ad ./Middlewares/USB_Device_Library/usbd_cdc.o
 .debug_line    0x0001837a     0x10f0 ./Middlewares/USB_Device_Library/usbd_core.o
 .debug_line    0x0001946a     0x1300 ./Middlewares/USB_Device_Library/usbd_ctlreq.o
 .debug_line    0x0001a76a      0xc0a ./Middlewares/USB_Device_Library/usbd_ioreq.o
 .debug_line    0x0001b374      0xbc6 ./USB_DEVICE/App/usb_device.o
 .debug_line    0x0001bf3a      0xc29 ./USB_DEVICE/App/usbd_cdc_if.o
 .debug_line    0x0001cb63      0xc58 ./USB_DEVICE/App/usbd_desc.o
 .debug_line    0x0001d7bb      0xfaf ./USB_DEVICE/Target/usbd_conf.o

.debug_str      0x00000000    0xd3ad4
 .debug_str     0x00000000    0xcd7a3 ./Core/Src/main.o
                              0xcdbbf (size before relaxing)
 .debug_str     0x000cd7a3       0xec ./Core/Src/stm32f4xx_hal_msp.o
                              0xc95d3 (size before relaxing)
 .debug_str     0x000cd88f      0x460 ./Core/Src/stm32f4xx_it.o
                              0xc8d07 (size before relaxing)
 .debug_str     0x000cdcef       0xdb ./Core/Src/system_stm32f4xx.o
                              0xc838b (size before relaxing)
 .debug_str     0x000cddca       0x44 ./Core/Startup/startup_stm32f405rgtx.o
                                 0x83 (size before relaxing)
 .debug_str     0x000cde0e      0xb13 ./Drivers/STM32F4xx_HAL_Driver/stm32f4xx_hal.o
                              0xc8f25 (size before relaxing)
 .debug_str     0x000ce921      0x2f2 ./Drivers/STM32F4xx_HAL_Driver/stm32f4xx_hal_adc.o
                              0xc89af (size before relaxing)
 .debug_str     0x000cec13      0x3c9 ./Drivers/STM32F4xx_HAL_Driver/stm32f4xx_hal_cortex.o
                              0xc8ca1 (size before relaxing)
 .debug_str     0x000cefdc      0x158 ./Drivers/STM32F4xx_HAL_Driver/stm32f4xx_hal_gpio.o
                              0xc853d (size before relaxing)
 .debug_str     0x000cf134      0xb5c ./Drivers/STM32F4xx_HAL_Driver/stm32f4xx_hal_i2c.o
                              0xc93e0 (size before relaxing)
 .debug_str     0x000cfc90      0x868 ./Drivers/STM32F4xx_HAL_Driver/stm32f4xx_hal_pcd.o
                              0xc8ea0 (size before relaxing)
 .debug_str     0x000d04f8      0x14c ./Drivers/STM32F4xx_HAL_Driver/stm32f4xx_hal_pcd_ex.o
                              0xc8790 (size before relaxing)
 .debug_str     0x000d0644      0x236 ./Drivers/STM32F4xx_HAL_Driver/stm32f4xx_hal_rcc.o
                              0xc87f6 (size before relaxing)
 .debug_str     0x000d087a      0xe1a ./Drivers/STM32F4xx_HAL_Driver/stm32f4xx_hal_tim.o
                              0xc974c (size before relaxing)
 .debug_str     0x000d1694      0x4ca ./Drivers/STM32F4xx_HAL_Driver/stm32f4xx_hal_tim_ex.o
                              0xc8f58 (size before relaxing)
 .debug_str     0x000d1b5e      0x63a ./Drivers/STM32F4xx_HAL_Driver/stm32f4xx_hal_uart.o
                              0xc8dd7 (size before relaxing)
 .debug_str     0x000d2198      0x4e7 ./Drivers/STM32F4xx_HAL_Driver/stm32f4xx_ll_usb.o
                              0xc8d7b (size before relaxing)
 .debug_str     0x000d267f      0xa55 ./Middlewares/USB_Device_Library/usbd_cdc.o
                              0xcda06 (size before relaxing)
 .debug_str     0x000d30d4      0x393 ./Middlewares/USB_Device_Library/usbd_core.o
                              0xcd35f (size before relaxing)
 .debug_str     0x000d3467      0x170 ./Middlewares/USB_Device_Library/usbd_ctlreq.o
                              0xcd18a (size before relaxing)
 .debug_str     0x000d35d7       0x88 ./Middlewares/USB_Device_Library/usbd_ioreq.o
                              0xcd05f (size before relaxing)
 .debug_str     0x000d365f      0x105 ./USB_DEVICE/App/usb_device.o
                              0xcd3db (size before relaxing)
 .debug_str     0x000d3764       0x9a ./USB_DEVICE/App/usbd_cdc_if.o
                              0xcd41b (size before relaxing)
 .debug_str     0x000d37fe      0x26e ./USB_DEVICE/App/usbd_desc.o
                              0xccf28 (size before relaxing)
 .debug_str     0x000d3a6c       0x68 ./USB_DEVICE/Target/usbd_conf.o
                              0xce1fc (size before relaxing)

.comment        0x00000000       0x43
 .comment       0x00000000       0x43 ./Core/Src/main.o
                                 0x44 (size before relaxing)
 .comment       0x00000043       0x44 ./Core/Src/stm32f4xx_hal_msp.o
 .comment       0x00000043       0x44 ./Core/Src/stm32f4xx_it.o
 .comment       0x00000043       0x44 ./Core/Src/system_stm32f4xx.o
 .comment       0x00000043       0x44 ./Drivers/STM32F4xx_HAL_Driver/stm32f4xx_hal.o
 .comment       0x00000043       0x44 ./Drivers/STM32F4xx_HAL_Driver/stm32f4xx_hal_adc.o
 .comment       0x00000043       0x44 ./Drivers/STM32F4xx_HAL_Driver/stm32f4xx_hal_cortex.o
 .comment       0x00000043       0x44 ./Drivers/STM32F4xx_HAL_Driver/stm32f4xx_hal_gpio.o
 .comment       0x00000043       0x44 ./Drivers/STM32F4xx_HAL_Driver/stm32f4xx_hal_i2c.o
 .comment       0x00000043       0x44 ./Drivers/STM32F4xx_HAL_Driver/stm32f4xx_hal_pcd.o
 .comment       0x00000043       0x44 ./Drivers/STM32F4xx_HAL_Driver/stm32f4xx_hal_pcd_ex.o
 .comment       0x00000043       0x44 ./Drivers/STM32F4xx_HAL_Driver/stm32f4xx_hal_rcc.o
 .comment       0x00000043       0x44 ./Drivers/STM32F4xx_HAL_Driver/stm32f4xx_hal_tim.o
 .comment       0x00000043       0x44 ./Drivers/STM32F4xx_HAL_Driver/stm32f4xx_hal_tim_ex.o
 .comment       0x00000043       0x44 ./Drivers/STM32F4xx_HAL_Driver/stm32f4xx_hal_uart.o
 .comment       0x00000043       0x44 ./Drivers/STM32F4xx_HAL_Driver/stm32f4xx_ll_usb.o
 .comment       0x00000043       0x44 ./Middlewares/USB_Device_Library/usbd_cdc.o
 .comment       0x00000043       0x44 ./Middlewares/USB_Device_Library/usbd_core.o
 .comment       0x00000043       0x44 ./Middlewares/USB_Device_Library/usbd_ctlreq.o
 .comment       0x00000043       0x44 ./Middlewares/USB_Device_Library/usbd_ioreq.o
 .comment       0x00000043       0x44 ./USB_DEVICE/App/usb_device.o
 .comment       0x00000043       0x44 ./USB_DEVICE/App/usbd_cdc_if.o
 .comment       0x00000043       0x44 ./USB_DEVICE/App/usbd_desc.o
 .comment       0x00000043       0x44 ./USB_DEVICE/Target/usbd_conf.o

.debug_frame    0x00000000     0x6110
 .debug_frame   0x00000000      0x1b8 ./Core/Src/main.o
 .debug_frame   0x000001b8      0x184 ./Core/Src/stm32f4xx_hal_msp.o
 .debug_frame   0x0000033c      0x120 ./Core/Src/stm32f4xx_it.o
 .debug_frame   0x0000045c       0x58 ./Core/Src/system_stm32f4xx.o
 .debug_frame   0x000004b4      0x374 ./Drivers/STM32F4xx_HAL_Driver/stm32f4xx_hal.o
 .debug_frame   0x00000828      0x3fc ./Drivers/STM32F4xx_HAL_Driver/stm32f4xx_hal_adc.o
 .debug_frame   0x00000c24      0x508 ./Drivers/STM32F4xx_HAL_Driver/stm32f4xx_hal_cortex.o
 .debug_frame   0x0000112c      0x14c ./Drivers/STM32F4xx_HAL_Driver/stm32f4xx_hal_gpio.o
 .debug_frame   0x00001278      0xc84 ./Drivers/STM32F4xx_HAL_Driver/stm32f4xx_hal_i2c.o
 .debug_frame   0x00001efc      0x5b8 ./Drivers/STM32F4xx_HAL_Driver/stm32f4xx_hal_pcd.o
 .debug_frame   0x000024b4       0xb0 ./Drivers/STM32F4xx_HAL_Driver/stm32f4xx_hal_pcd_ex.o
 .debug_frame   0x00002564      0x1f4 ./Drivers/STM32F4xx_HAL_Driver/stm32f4xx_hal_rcc.o
 .debug_frame   0x00002758     0x11c0 ./Drivers/STM32F4xx_HAL_Driver/stm32f4xx_hal_tim.o
 .debug_frame   0x00003918      0x638 ./Drivers/STM32F4xx_HAL_Driver/stm32f4xx_hal_tim_ex.o
 .debug_frame   0x00003f50      0x954 ./Drivers/STM32F4xx_HAL_Driver/stm32f4xx_hal_uart.o
 .debug_frame   0x000048a4      0x7c0 ./Drivers/STM32F4xx_HAL_Driver/stm32f4xx_ll_usb.o
 .debug_frame   0x00005064      0x23c ./Middlewares/USB_Device_Library/usbd_cdc.o
 .debug_frame   0x000052a0      0x390 ./Middlewares/USB_Device_Library/usbd_core.o
 .debug_frame   0x00005630      0x23c ./Middlewares/USB_Device_Library/usbd_ctlreq.o
 .debug_frame   0x0000586c      0x10c ./Middlewares/USB_Device_Library/usbd_ioreq.o
 .debug_frame   0x00005978       0x2c ./USB_DEVICE/App/usb_device.o
 .debug_frame   0x000059a4       0xe4 ./USB_DEVICE/App/usbd_cdc_if.o
 .debug_frame   0x00005a88      0x160 ./USB_DEVICE/App/usbd_desc.o
 .debug_frame   0x00005be8      0x47c ./USB_DEVICE/Target/usbd_conf.o
 .debug_frame   0x00006064       0x20 /Applications/STM32CubeIDE.app/Contents/Eclipse/plugins/com.st.stm32cube.ide.mcu.externaltools.gnu-tools-for-stm32.12.3.rel1.macos64_1.0.200.202406191456/tools/bin/../lib/gcc/arm-none-eabi/12.3.1/../../../../arm-none-eabi/lib/thumb/v7e-m+fp/hard/libc_nano.a(libc_a-memset.o)
 .debug_frame   0x00006084       0x2c /Applications/STM32CubeIDE.app/Contents/Eclipse/plugins/com.st.stm32cube.ide.mcu.externaltools.gnu-tools-for-stm32.12.3.rel1.macos64_1.0.200.202406191456/tools/bin/../lib/gcc/arm-none-eabi/12.3.1/../../../../arm-none-eabi/lib/thumb/v7e-m+fp/hard/libc_nano.a(libc_a-init.o)
 .debug_frame   0x000060b0       0x2c /Applications/STM32CubeIDE.app/Contents/Eclipse/plugins/com.st.stm32cube.ide.mcu.externaltools.gnu-tools-for-stm32.12.3.rel1.macos64_1.0.200.202406191456/tools/bin/../lib/gcc/arm-none-eabi/12.3.1/thumb/v7e-m+fp/hard/libgcc.a(_aeabi_uldivmod.o)
 .debug_frame   0x000060dc       0x34 /Applications/STM32CubeIDE.app/Contents/Eclipse/plugins/com.st.stm32cube.ide.mcu.externaltools.gnu-tools-for-stm32.12.3.rel1.macos64_1.0.200.202406191456/tools/bin/../lib/gcc/arm-none-eabi/12.3.1/thumb/v7e-m+fp/hard/libgcc.a(_udivmoddi4.o)

.debug_line_str
                0x00000000       0x67
 .debug_line_str
                0x00000000       0x67 ./Core/Startup/startup_stm32f405rgtx.o
