09:27:11 **** Incremental Build of configuration Debug for project STM32F405_EPS ****
make -j7 all 
arm-none-eabi-gcc "../Core/Src/main.c" -mcpu=cortex-m4 -std=gnu11 -g3 -DDEBUG -DUSE_HAL_DRIVER -DSTM32F405xx -c -I../USB_DEVICE/App -I../USB_DEVICE/Target -I../Core/Inc -I/Users/apple/STM32Cube/Repository/STM32Cube_FW_F4_V1.28.1/Drivers/STM32F4xx_HAL_Driver/Inc -I/Users/apple/STM32Cube/Repository/STM32Cube_FW_F4_V1.28.1/Drivers/STM32F4xx_HAL_Driver/Inc/Legacy -I/Users/apple/STM32Cube/Repository/STM32Cube_FW_F4_V1.28.1/Middlewares/ST/STM32_USB_Device_Library/Core/Inc -I/Users/apple/STM32Cube/Repository/STM32Cube_FW_F4_V1.28.1/Middlewares/ST/STM32_USB_Device_Library/Class/CDC/Inc -I/Users/apple/STM32Cube/Repository/STM32Cube_FW_F4_V1.28.1/Drivers/CMSIS/Device/ST/STM32F4xx/Include -I/Users/apple/STM32Cube/Repository/STM32Cube_FW_F4_V1.28.1/Drivers/CMSIS/Include -O0 -ffunction-sections -fdata-sections -Wall -fstack-usage -fcyclomatic-complexity -MMD -MP -MF"Core/Src/main.d" -MT"Core/Src/main.o" --specs=nano.specs -mfpu=fpv4-sp-d16 -mfloat-abi=hard -mthumb -o "Core/Src/main.o"
../Core/Src/main.c: In function 'main':
../Core/Src/main.c:381:13: warning: implicit declaration of function 'print'; did you mean 'printf'? [-Wimplicit-function-declaration]
  381 |             print("hola mundo");
      |             ^~~~~
      |             printf
arm-none-eabi-gcc -o "STM32F405_EPS.elf" @"objects.list"   -mcpu=cortex-m4 -T"/Users/apple/STM32CubeIDE/workspace_1.16.1/STM32F405_EPS/STM32F405RGTX_FLASH.ld" --specs=nosys.specs -Wl,-Map="STM32F405_EPS.map" -Wl,--gc-sections -static --specs=nano.specs -mfpu=fpv4-sp-d16 -mfloat-abi=hard -mthumb -u _printf_float -Wl,--start-group -lc -lm -Wl,--end-group
/Applications/STM32CubeIDE.app/Contents/Eclipse/plugins/com.st.stm32cube.ide.mcu.externaltools.gnu-tools-for-stm32.12.3.rel1.macos64_1.0.200.202406191456/tools/bin/../lib/gcc/arm-none-eabi/12.3.1/../../../../arm-none-eabi/bin/ld: ./Core/Src/main.o: in function `main':
/Users/apple/STM32CubeIDE/workspace_1.16.1/STM32F405_EPS/Debug/../Core/Src/main.c:381: undefined reference to `print'
collect2: error: ld returned 1 exit status
make: *** [makefile:73: STM32F405_EPS.elf] Error 1
"make -j7 all" terminated with exit code 2. Build might be incomplete.
09:27:22 **** Incremental Build of configuration Debug for project BLUEPILL_CHINA_128k ****
make -j7 all 
arm-none-eabi-size  BLUEPILL_CHINA_128k.elf 
   text	   data	    bss	    dec	    hex	filename
  35308	    472	   2112	  37892	   9404	BLUEPILL_CHINA_128k.elf
Finished building: default.size.stdout
 
09:27:23 **** Incremental Build of configuration Debug for project STM32F405_EPS ****
make -j7 all 
arm-none-eabi-gcc "../Core/Src/main.c" -mcpu=cortex-m4 -std=gnu11 -g3 -DDEBUG -DUSE_HAL_DRIVER -DSTM32F405xx -c -I../USB_DEVICE/App -I../USB_DEVICE/Target -I../Core/Inc -I/Users/apple/STM32Cube/Repository/STM32Cube_FW_F4_V1.28.1/Drivers/STM32F4xx_HAL_Driver/Inc -I/Users/apple/STM32Cube/Repository/STM32Cube_FW_F4_V1.28.1/Drivers/STM32F4xx_HAL_Driver/Inc/Legacy -I/Users/apple/STM32Cube/Repository/STM32Cube_FW_F4_V1.28.1/Middlewares/ST/STM32_USB_Device_Library/Core/Inc -I/Users/apple/STM32Cube/Repository/STM32Cube_FW_F4_V1.28.1/Middlewares/ST/STM32_USB_Device_Library/Class/CDC/Inc -I/Users/apple/STM32Cube/Repository/STM32Cube_FW_F4_V1.28.1/Drivers/CMSIS/Device/ST/STM32F4xx/Include -I/Users/apple/STM32Cube/Repository/STM32Cube_FW_F4_V1.28.1/Drivers/CMSIS/Include -O0 -ffunction-sections -fdata-sections -Wall -fstack-usage -fcyclomatic-complexity -MMD -MP -MF"Core/Src/main.d" -MT"Core/Src/main.o" --specs=nano.specs -mfpu=fpv4-sp-d16 -mfloat-abi=hard -mthumb -o "Core/Src/main.o"
arm-none-eabi-gcc -o "STM32F405_EPS.elf" @"objects.list"   -mcpu=cortex-m4 -T"/Users/apple/STM32CubeIDE/workspace_1.16.1/STM32F405_EPS/STM32F405RGTX_FLASH.ld" --specs=nosys.specs -Wl,-Map="STM32F405_EPS.map" -Wl,--gc-sections -static --specs=nano.specs -mfpu=fpv4-sp-d16 -mfloat-abi=hard -mthumb -u _printf_float -Wl,--start-group -lc -lm -Wl,--end-group
Finished building target: STM32F405_EPS.elf
 
arm-none-eabi-size  STM32F405_EPS.elf 
arm-none-eabi-objdump -h -S STM32F405_EPS.elf  > "STM32F405_EPS.list"
arm-none-eabi-objcopy  -O ihex STM32F405_EPS.elf  "STM32F405_EPS.hex"
arm-none-eabi-objcopy  -O binary STM32F405_EPS.elf  "STM32F405_EPS.bin"
   text	   data	    bss	    dec	    hex	filename
  67252	    720	   9952	  77924	  13064	STM32F405_EPS.elf
Finished building: default.size.stdout
 
Finished building: STM32F405_EPS.hex
Finished building: STM32F405_EPS.bin
 
 
Finished building: STM32F405_EPS.list
 
